==============================================================================
任务三 图分类 —— ZINC_GIN_pool-sum_sample_L3_lr0.01
时间：2026-09-15 20:10:46
==============================================================================
数据集=ZINC  模型=GIN  池化=SumPooling（求和池化）（sum）
层数=3  隐藏维度=128  dropout=0.5
学习率=0.01  权重衰减=0.0005  轮数=5
训练方式=分批次训练  批次大小设置=64  随机种子=42

------------------------------------------------------------------------------
第 1 步：加载数据
------------------------------------------------------------------------------
  数据加载用时 2.26s
  节点特征维度=21  输出维度=1  任务类型=regression
  训练集 2000 张图 / 验证集 1000 / 测试集 1000
  训练批次大小=64  每个 epoch 有 32 个 batch

------------------------------------------------------------------------------
第 2 步：搭建模型
------------------------------------------------------------------------------
  GIN + SumPooling（求和池化）
  可训练参数量 = 94,724
  模型结构：
GraphClassifier(
  (convs): ModuleList(
    (0): GINConv(nn=Sequential(
      (0): Linear(in_features=21, out_features=128, bias=True)
      (1): ReLU()
      (2): Linear(in_features=128, out_features=128, bias=True)
    ))
    (1-2): 2 x GINConv(nn=Sequential(
      (0): Linear(in_features=128, out_features=128, bias=True)
      (1): ReLU()
      (2): Linear(in_features=128, out_features=128, bias=True)
    ))
  )
  (norms): ModuleList(
    (0-2): 3 x BatchNorm1d(128, eps=1e-05, momentum=0.1, affine=True, track_running_stats=True)
  )
  (pool_norm): BatchNorm1d(128, eps=1e-05, momentum=0.1, affine=True, track_running_stats=True)
  (classifier): Sequential(
    (0): Linear(in_features=128, out_features=64, bias=True)
    (1): ReLU()
    (2): Dropout(p=0.5, inplace=False)
    (3): Linear(in_features=64, out_features=1, bias=True)
  )
)

------------------------------------------------------------------------------
第 3 步：开始训练
------------------------------------------------------------------------------
    轮次        训练损失        训练指标        验证损失       验证MAE        耗时
     1      1.1431           -      1.2102      1.2102     0.74s
     2      0.9929           -      1.0682      1.0682     0.43s
     3      0.9514           -      1.1693      1.1693     0.47s
     4      0.9423           -      0.9529      0.9529     0.45s
     5      0.9015           -      0.8133      0.8133     0.45s

------------------------------------------------------------------------------
第 4 步：用验证集上最好的模型测测试集
------------------------------------------------------------------------------
  最好的一轮（第 5 轮）：验证集MAE = 0.8133
  训练集MAE = 0.8255   （和验证集差很多就说明过拟合了）
  测试集损失 = 0.7905
  测试集MAE = 0.7905   <<< 这是最终成绩
  测试耗时 0.12s

------------------------------------------------------------------------------
时间统计
------------------------------------------------------------------------------
  纯训练总耗时      = 2.54s（不含评估，共 5 轮）
  平均每轮训练耗时  = 0.45s
  每个 epoch 的 batch 数 = 32
  整个脚本总耗时    = 3.13s

结果已追加到：D:\PHD\博一\入学任务\任务三_图分类\results\results.jsonl
逐轮历史已保存：D:\PHD\博一\入学任务\任务三_图分类\results\history\ZINC_GIN_pool-sum_sample_L3_lr0.01.json
==============================================================================
