==============================================================================
任务三 图分类 —— MUTAG_GIN_pool-sum_full_L3_lr0.01
时间：2026-09-15 20:11:01
==============================================================================
数据集=MUTAG  模型=GIN  池化=SumPooling（求和池化）（sum）
层数=3  隐藏维度=128  dropout=0.5
学习率=0.01  权重衰减=0.0005  轮数=40
训练方式=全图训练  批次大小设置=32  随机种子=42

------------------------------------------------------------------------------
第 1 步：加载数据
------------------------------------------------------------------------------
  数据加载用时 0.18s
  节点特征维度=7  输出维度=2  任务类型=classification
  训练集 152 张图 / 验证集 18 / 测试集 18
  训练批次大小=152（=全部训练图，全图训练）  每个 epoch 有 1 个 batch
  【注意】全图训练一个 epoch 只更新 1 次参数，所以把轮数放大到 160 轮，和分批训练公平对比

------------------------------------------------------------------------------
第 2 步：搭建模型
------------------------------------------------------------------------------
  GIN + SumPooling（求和池化）
  可训练参数量 = 92,997
  模型结构：
GraphClassifier(
  (convs): ModuleList(
    (0): GINConv(nn=Sequential(
      (0): Linear(in_features=7, out_features=128, bias=True)
      (1): ReLU()
      (2): Linear(in_features=128, out_features=128, bias=True)
    ))
    (1-2): 2 x GINConv(nn=Sequential(
      (0): Linear(in_features=128, out_features=128, bias=True)
      (1): ReLU()
      (2): Linear(in_features=128, out_features=128, bias=True)
    ))
  )
  (norms): ModuleList(
    (0-2): 3 x BatchNorm1d(128, eps=1e-05, momentum=0.1, affine=True, track_running_stats=True)
  )
  (pool_norm): BatchNorm1d(128, eps=1e-05, momentum=0.1, affine=True, track_running_stats=True)
  (classifier): Sequential(
    (0): Linear(in_features=128, out_features=64, bias=True)
    (1): ReLU()
    (2): Dropout(p=0.5, inplace=False)
    (3): Linear(in_features=64, out_features=2, bias=True)
  )
)

------------------------------------------------------------------------------
第 3 步：开始训练
------------------------------------------------------------------------------
    轮次        训练损失        训练指标        验证损失       验证准确率        耗时
     1      0.7139           -      0.4498      0.6667     0.28s
     2      0.5757           -      1.5939      0.6667     0.02s
     3      0.4892           -      4.2705      0.6667     0.02s
     4      0.4292           -      9.0139      0.6667     0.02s
     5      0.4297           -     14.2340      0.6667     0.02s
     6      0.4090           -     19.2784      0.6667     0.02s
     7      0.4082           -     22.5386      0.6667     0.02s
     8      0.4163           -     24.5825      0.6667     0.02s
     9      0.4062           -     24.5567      0.6667     0.02s
    10      0.3749           -     24.5296      0.6667     0.02s
    11      0.3671           -     24.0868      0.6667     0.02s
    12      0.3782           -     23.0175      0.6667     0.02s
    13      0.3907           -     21.3330      0.6667     0.02s
    14      0.3802           -     19.8382      0.6667     0.02s
    15      0.3604           -     18.1500      0.6667     0.02s
    16      0.3559           -     16.4556      0.6667     0.01s
    17      0.3525           -     14.6986      0.6667     0.01s
    18      0.3332           -     13.1190      0.6667     0.02s
    19      0.3631           -     11.4443      0.6667     0.02s
    20      0.3445           -     10.2205      0.7222     0.02s
    21      0.3290           -      8.9371      0.7222     0.02s
    22      0.3475           -      7.7064      0.7222     0.02s
    23      0.3326           -      6.4359      0.7222     0.02s
    24      0.3212           -      5.5406      0.7222     0.01s
    25      0.3437           -      4.4579      0.7222     0.02s
    26      0.3455           -      3.3550      0.7778     0.02s
    27      0.3449           -      2.8862      0.7778     0.02s
    28      0.3874           -      2.5462      0.8333     0.02s
    29      0.3231           -      2.0679      0.8889     0.02s
    30      0.3314           -      1.4958      0.8889     0.02s
    31      0.3279           -      0.9287      0.8889     0.02s
    32      0.2793           -      0.4824      0.8889     0.02s
    33      0.3257           -      0.2605      0.8889     0.02s
    34      0.3657           -      0.2639      0.8889     0.02s
    35      0.3097           -      0.4104      0.8333     0.02s
    36      0.3655           -      0.5991      0.8333     0.02s
    37      0.3170           -      0.9497      0.8333     0.02s
    38      0.2825           -      1.0949      0.8333     0.02s
    39      0.3672           -      1.2299      0.8333     0.02s
    40      0.3402           -      1.1514      0.8333     0.02s
    41      0.3349           -      1.0045      0.8333     0.02s
    42      0.3611           -      0.6543      0.8333     0.02s
    43      0.3358           -      0.3871      0.8333     0.02s
    44      0.3413           -      0.2176      0.9444     0.02s
    45      0.3385           -      0.2264      0.8889     0.02s
    46      0.2919           -      0.2317      0.8889     0.02s
    47      0.2967           -      0.3823      0.7222     0.02s
    48      0.2976           -      0.4912      0.6667     0.02s
    49      0.3470           -      0.3222      0.8889     0.02s
    50      0.3415           -      0.1762      0.9444     0.02s
    51      0.3042           -      0.1630      0.9444     0.02s
    52      0.2768           -      0.1586      1.0000     0.02s
    53      0.3636           -      0.1602      1.0000     0.02s
    54      0.3613           -      0.1651      0.9444     0.02s
    55      0.3012           -      0.1724      0.9444     0.02s
    56      0.3437           -      0.1766      0.9444     0.02s
    57      0.3425           -      0.1879      0.9444     0.02s
    58      0.3036           -      0.2064      0.9444     0.02s
    59      0.2981           -      0.2478      0.9444     0.02s
    60      0.3042           -      0.3028      0.9444     0.02s
    61      0.2994           -      0.3360      0.8333     0.02s
    62      0.3242           -      0.2492      0.9444     0.02s
    63      0.3095           -      0.2129      0.9444     0.02s
    64      0.2892           -      0.1841      0.9444     0.02s
    65      0.2709           -      0.1716      0.9444     0.02s
    66      0.2818           -      0.1623      1.0000     0.02s
    67      0.3043           -      0.1570      1.0000     0.02s
    68      0.2906           -      0.1556      0.9444     0.02s
    69      0.3559           -      0.1665      0.9444     0.02s
    70      0.2561           -      0.2171      0.9444     0.02s
    71      0.3512           -      0.3601      0.7222     0.02s
    72      0.3173           -      0.5471      0.6667     0.02s
    73      0.2556           -      0.5279      0.6667     0.02s
    74      0.2943           -      0.3661      0.7778     0.02s
    75      0.2939           -      0.2334      0.9444     0.01s
    76      0.2931           -      0.1952      0.9444     0.01s
    77      0.2597           -      0.1792      0.9444     0.01s
    78      0.2373           -      0.1819      1.0000     0.01s
    79      0.2764           -      0.1537      1.0000     0.01s
    80      0.2723           -      0.1547      1.0000     0.02s
    81      0.2952           -      0.1633      1.0000     0.01s
    82      0.2537           -      0.1701      1.0000     0.02s
    83      0.2886           -      0.1818      1.0000     0.02s
    84      0.2993           -      0.2221      0.9444     0.02s
    85      0.2475           -      0.2890      0.9444     0.02s
    86      0.2487           -      0.2407      0.9444     0.02s
    87      0.2675           -      0.1652      1.0000     0.02s
    88      0.2641           -      0.1257      1.0000     0.02s
    89      0.2705           -      0.1332      1.0000     0.01s
    90      0.2402           -      0.1414      0.9444     0.02s
    91      0.3355           -      0.1347      1.0000     0.02s
    92      0.2386           -      0.1268      1.0000     0.02s
    93      0.2877           -      0.1371      1.0000     0.01s
    94      0.2938           -      0.1434      1.0000     0.02s
    95      0.2882           -      0.1435      1.0000     0.02s
    96      0.2598           -      0.1491      1.0000     0.02s
    97      0.2817           -      0.2120      0.9444     0.02s
    98      0.3164           -      0.2462      0.9444     0.02s
    99      0.2557           -      0.2748      0.9444     0.02s
   100      0.2754           -      0.2357      0.9444     0.02s
   101      0.2894           -      0.1666      1.0000     0.02s
   102      0.2730           -      0.1472      1.0000     0.02s

  验证集连续 50 轮没有提升，提前停止训练。

------------------------------------------------------------------------------
第 4 步：用验证集上最好的模型测测试集
------------------------------------------------------------------------------
  最好的一轮（第 52 轮）：验证集准确率 = 1.0000
  训练集准确率 = 0.8553   （和验证集差很多就说明过拟合了）
  测试集损失 = 0.3466
  测试集准确率 = 0.8333   <<< 这是最终成绩
  测试耗时 0.00s

------------------------------------------------------------------------------
时间统计
------------------------------------------------------------------------------
  纯训练总耗时      = 1.92s（不含评估，共 102 轮）
  平均每轮训练耗时  = 0.02s
  每个 epoch 的 batch 数 = 1
  整个脚本总耗时    = 2.58s

结果已追加到：D:\PHD\博一\入学任务\任务三_图分类\results\results.jsonl
逐轮历史已保存：D:\PHD\博一\入学任务\任务三_图分类\results\history\MUTAG_GIN_pool-sum_full_L3_lr0.01.json
==============================================================================
