==============================================================================
任务三 图分类 —— MUTAG_GCN_pool-avg_sample_L3_lr0.01
时间：2026-09-15 20:10:33
==============================================================================
数据集=MUTAG  模型=GCN  池化=AvgPooling（平均池化）（avg）
层数=3  隐藏维度=128  dropout=0.5
学习率=0.01  权重衰减=0.0005  轮数=30
训练方式=分批次训练  批次大小设置=32  随机种子=42

------------------------------------------------------------------------------
第 1 步：加载数据
------------------------------------------------------------------------------
  数据加载用时 0.17s
  节点特征维度=7  输出维度=2  任务类型=classification
  训练集 152 张图 / 验证集 18 / 测试集 18
  训练批次大小=32  每个 epoch 有 5 个 batch

------------------------------------------------------------------------------
第 2 步：搭建模型
------------------------------------------------------------------------------
  GCN + AvgPooling（平均池化）
  可训练参数量 = 43,458
  模型结构：
GraphClassifier(
  (convs): ModuleList(
    (0): GCNConv(7, 128)
    (1-2): 2 x GCNConv(128, 128)
  )
  (norms): ModuleList(
    (0-2): 3 x BatchNorm1d(128, eps=1e-05, momentum=0.1, affine=True, track_running_stats=True)
  )
  (pool_norm): BatchNorm1d(128, eps=1e-05, momentum=0.1, affine=True, track_running_stats=True)
  (classifier): Sequential(
    (0): Linear(in_features=128, out_features=64, bias=True)
    (1): ReLU()
    (2): Dropout(p=0.5, inplace=False)
    (3): Linear(in_features=64, out_features=2, bias=True)
  )
)

------------------------------------------------------------------------------
第 3 步：开始训练
------------------------------------------------------------------------------
    轮次        训练损失        训练指标        验证损失       验证准确率        耗时
     1      0.7315           -      0.6567      0.6667     0.45s
     2      0.6127           -      0.6435      0.6667     0.07s
     3      0.5977           -      0.6150      0.6667     0.07s
     4      0.6141           -      0.6142      0.6667     0.07s
     5      0.5951           -      0.6123      0.6667     0.07s
     6      0.6752           -      0.5753      0.6667     0.08s
     7      0.5722           -      0.5570      0.6667     0.08s
     8      0.5294           -      0.5145      0.6667     0.07s
     9      0.5489           -      0.4994      0.6667     0.08s
    10      0.5150           -      0.5325      0.7778     0.07s
    11      0.5769           -      0.5797      0.7778     0.07s
    12      0.5154           -      0.5731      0.7778     0.09s
    13      0.5442           -      0.5366      0.7778     0.08s
    14      0.5540           -      0.4922      0.7778     0.07s
    15      0.5128           -      0.4413      0.7778     0.07s
    16      0.5436           -      0.4326      0.7778     0.08s
    17      0.5380           -      0.4421      0.7778     0.08s
    18      0.5163           -      0.4601      0.7778     0.07s
    19      0.5227           -      0.4772      0.7222     0.07s
    20      0.5614           -      0.4937      0.7222     0.07s
    21      0.5423           -      0.4695      0.7778     0.08s
    22      0.5470           -      0.4578      0.7778     0.07s
    23      0.5357           -      0.4697      0.7222     0.07s
    24      0.5080           -      0.4899      0.6667     0.07s
    25      0.5573           -      0.4577      0.7222     0.07s
    26      0.5047           -      0.4842      0.7222     0.09s
    27      0.4860           -      0.5108      0.7222     0.08s
    28      0.5067           -      0.5038      0.7222     0.08s
    29      0.5107           -      0.4813      0.7778     0.08s
    30      0.5168           -      0.4791      0.7778     0.08s

------------------------------------------------------------------------------
第 4 步：用验证集上最好的模型测测试集
------------------------------------------------------------------------------
  最好的一轮（第 10 轮）：验证集准确率 = 0.7778
  训练集准确率 = 0.7303   （和验证集差很多就说明过拟合了）
  测试集损失 = 0.5749
  测试集准确率 = 0.7222   <<< 这是最终成绩
  测试耗时 0.01s

------------------------------------------------------------------------------
时间统计
------------------------------------------------------------------------------
  纯训练总耗时      = 2.63s（不含评估，共 30 轮）
  平均每轮训练耗时  = 0.08s
  每个 epoch 的 batch 数 = 5
  整个脚本总耗时    = 2.93s

结果已追加到：D:\PHD\博一\入学任务\任务三_图分类\results\results.jsonl
逐轮历史已保存：D:\PHD\博一\入学任务\任务三_图分类\results\history\MUTAG_GCN_pool-avg_sample_L3_lr0.01.json
==============================================================================
