==============================================================================
任务三 图分类 —— ZINC_GAT_pool-avg_sample_L3_lr0.01
时间：2026-09-15 20:29:01
==============================================================================
数据集=ZINC  模型=GAT  池化=AvgPooling（平均池化）（avg）
层数=3  隐藏维度=128  dropout=0.5
学习率=0.01  权重衰减=0.0005  轮数=100
训练方式=分批次训练  批次大小设置=64  随机种子=42

------------------------------------------------------------------------------
第 1 步：加载数据
------------------------------------------------------------------------------
  数据加载用时 1.63s
  节点特征维度=21  输出维度=1  任务类型=regression
  训练集 5000 张图 / 验证集 1000 / 测试集 1000
  训练批次大小=64  每个 epoch 有 79 个 batch

------------------------------------------------------------------------------
第 2 步：搭建模型
------------------------------------------------------------------------------
  GAT + AvgPooling（平均池化）
  可训练参数量 = 45,953
  模型结构：
GraphClassifier(
  (convs): ModuleList(
    (0): GATConv(21, 16, heads=8)
    (1-2): 2 x GATConv(128, 16, heads=8)
  )
  (norms): ModuleList(
    (0-2): 3 x BatchNorm1d(128, eps=1e-05, momentum=0.1, affine=True, track_running_stats=True)
  )
  (pool_norm): BatchNorm1d(128, eps=1e-05, momentum=0.1, affine=True, track_running_stats=True)
  (classifier): Sequential(
    (0): Linear(in_features=128, out_features=64, bias=True)
    (1): ReLU()
    (2): Dropout(p=0.5, inplace=False)
    (3): Linear(in_features=64, out_features=1, bias=True)
  )
)

------------------------------------------------------------------------------
第 3 步：开始训练
------------------------------------------------------------------------------
    轮次        训练损失        训练指标        验证损失       验证MAE        耗时
     1      1.2215           -      0.8238      0.8238    12.99s
     2      1.0470           -      0.9044      0.9044    12.35s
     3      1.0051           -      0.7725      0.7725     8.66s
     4      0.9804           -      0.8708      0.8708    10.49s
     5      0.9790           -      0.9046      0.9046     8.13s
     6      0.9681           -      0.7841      0.7841    10.29s
     7      0.9605           -      0.8772      0.8772     8.50s
     8      0.9504           -      0.8675      0.8675     9.56s
     9      0.9205           -      0.8301      0.8301     9.63s
    10      0.9201           -      0.7430      0.7430    10.56s
    11      0.9220           -      0.8432      0.8432    11.51s
    12      0.9208           -      0.8334      0.8334    10.48s
    13      0.9148           -      0.7954      0.7954    10.67s
    14      0.9312           -      0.8923      0.8923     9.16s
    15      0.9269           -      0.8142      0.8142     8.87s
    16      0.9192           -      0.8684      0.8684     9.84s
    17      0.9143           -      0.9768      0.9768    12.44s
    18      0.9037           -      0.8900      0.8900     9.48s
    19      0.9079           -      0.8270      0.8270     9.86s
    20      0.9191           -      0.7962      0.7962     9.12s
    21      0.9209           -      0.8219      0.8219     8.70s
    22      0.9075           -      0.7287      0.7287     9.29s
    23      0.9045           -      0.6966      0.6966    10.57s
    24      0.9274           -      0.7783      0.7783     9.14s
    25      0.8930           -      0.7778      0.7778    10.39s
    26      0.9057           -      0.8373      0.8373    11.63s
    27      0.9215           -      0.7293      0.7293     8.91s
    28      0.9181           -      0.8429      0.8429    10.71s
    29      0.9162           -      0.7377      0.7377    10.58s
    30      0.9249           -      0.7987      0.7987    10.45s
    31      0.9268           -      0.9912      0.9912     9.91s
    32      0.9109           -      0.7998      0.7998    12.22s
    33      0.9070           -      0.8052      0.8052    10.52s
    34      0.8977           -      0.7479      0.7479    11.60s
    35      0.9097           -      0.9612      0.9612    11.22s
    36      0.9314           -      0.7473      0.7473    10.81s
    37      0.9072           -      0.9197      0.9197    11.50s
    38      0.9124           -      0.8702      0.8702    10.75s
    39      0.9144           -      0.7462      0.7462    10.64s
    40      0.9250           -      0.9462      0.9462    12.54s
    41      0.9397           -      0.8041      0.8041    11.47s
    42      0.9373           -      0.9013      0.9013    10.81s
    43      0.9183           -      0.7354      0.7354     9.35s
    44      0.9197           -      0.8720      0.8720    15.05s
    45      0.9159           -      0.8384      0.8384    14.20s
    46      0.9280           -      0.7905      0.7905    13.12s
    47      0.9224           -      0.7553      0.7553    14.38s
    48      0.9110           -      0.8576      0.8576    17.39s
    49      0.9030           -      0.8097      0.8097    14.69s
    50      0.9023           -      0.8816      0.8816    12.27s
    51      0.9290           -      0.8124      0.8124    12.81s
    52      0.9363           -      0.7403      0.7403    11.78s
    53      0.9083           -      0.8502      0.8502    14.61s
    54      0.9107           -      0.8721      0.8721    14.01s
    55      0.9240           -      0.7635      0.7635    11.12s
    56      0.9283           -      0.8946      0.8946    13.35s
    57      0.9093           -      0.8100      0.8100    15.25s
    58      0.9020           -      0.8974      0.8974    13.18s
    59      0.9049           -      0.8048      0.8048    12.04s
    60      0.9195           -      0.7736      0.7736     7.23s
    61      0.9069           -      0.9621      0.9621    12.15s
    62      0.9136           -      0.8226      0.8226    11.20s
    63      0.9255           -      0.9638      0.9638    10.77s
    64      0.9388           -      0.8472      0.8472    11.14s
    65      0.9129           -      0.8667      0.8667    14.35s
    66      0.9304           -      0.9654      0.9654     1.96s
    67      0.9338           -      0.9620      0.9620     1.91s
    68      0.9292           -      0.8206      0.8206     1.61s
    69      0.9048           -      0.9312      0.9312     1.61s
    70      0.9190           -      0.7605      0.7605     1.54s
    71      0.9063           -      0.7989      0.7989     1.52s
    72      0.9098           -      0.7996      0.7996     1.53s
    73      0.9199           -      0.8250      0.8250     1.49s

  验证集连续 50 轮没有提升，提前停止训练。

------------------------------------------------------------------------------
第 4 步：用验证集上最好的模型测测试集
------------------------------------------------------------------------------
  最好的一轮（第 23 轮）：验证集MAE = 0.6966
  训练集MAE = 0.7468   （和验证集差很多就说明过拟合了）
  测试集损失 = 0.6919
  测试集MAE = 0.6919   <<< 这是最终成绩
  测试耗时 0.18s

------------------------------------------------------------------------------
时间统计
------------------------------------------------------------------------------
  纯训练总耗时      = 12m25.6s（不含评估，共 73 轮）
  平均每轮训练耗时  = 10.17s
  每个 epoch 的 batch 数 = 79
  整个脚本总耗时    = 13m42.2s

结果已追加到：D:\PHD\博一\入学任务\任务三_图分类\results\results.jsonl
逐轮历史已保存：D:\PHD\博一\入学任务\任务三_图分类\results\history\ZINC_GAT_pool-avg_sample_L3_lr0.01.json
==============================================================================
