==============================================================================
任务三 图分类 —— PROTEINS_GCN_pool-avg_sample_L3_lr0.01_diag_norm2
时间：2026-09-15 20:57:33
==============================================================================
数据集=PROTEINS  模型=GCN  池化=AvgPooling（平均池化）（avg）
层数=3  隐藏维度=128  dropout=0.5
学习率=0.01  权重衰减=0.0005  轮数=80
训练方式=分批次训练  批次大小设置=32  随机种子=42

------------------------------------------------------------------------------
第 1 步：加载数据
------------------------------------------------------------------------------
  数据加载用时 0.33s
  节点特征维度=4  输出维度=2  任务类型=classification
  训练集 891 张图 / 验证集 111 / 测试集 111
  训练批次大小=32  每个 epoch 有 28 个 batch

------------------------------------------------------------------------------
第 2 步：搭建模型
------------------------------------------------------------------------------
  GCN + AvgPooling（平均池化）
  可训练参数量 = 43,074
  模型结构：
GraphClassifier(
  (convs): ModuleList(
    (0): GCNConv(4, 128)
    (1-2): 2 x GCNConv(128, 128)
  )
  (norms): ModuleList(
    (0-2): 3 x BatchNorm1d(128, eps=1e-05, momentum=0.1, affine=True, track_running_stats=True)
  )
  (pool_norm): BatchNorm1d(128, eps=1e-05, momentum=0.1, affine=True, track_running_stats=True)
  (classifier): Sequential(
    (0): Linear(in_features=128, out_features=64, bias=True)
    (1): ReLU()
    (2): Dropout(p=0.5, inplace=False)
    (3): Linear(in_features=64, out_features=2, bias=True)
  )
)

------------------------------------------------------------------------------
第 3 步：开始训练
------------------------------------------------------------------------------
    轮次        训练损失        训练指标        验证损失       验证准确率        耗时
     1      0.7221           -      0.6632      0.6036     0.79s
     2      0.6494           -      0.6411      0.6757     0.48s
     3      0.6575           -      0.6850      0.5946     0.47s
     4      0.6348           -      0.6169      0.6847     0.46s
     5      0.6212           -      0.5916      0.7027     0.47s
     6      0.6129           -      0.5983      0.6937     0.46s
     7      0.6020           -      0.6147      0.6306     0.47s
     8      0.6004           -      0.6618      0.6036     0.47s
     9      0.6231           -      0.6346      0.5946     0.44s
    10      0.6010           -      0.6290      0.6396     0.48s
    11      0.5996           -      0.6258      0.6486     0.47s
    12      0.5961           -      0.6639      0.6577     0.49s
    13      0.6136           -      0.5992      0.6757     0.47s
    14      0.5939           -      0.6741      0.6396     0.50s
    15      0.5905           -      0.6436      0.6126     0.49s
    16      0.5687           -      0.6728      0.5856     0.49s
    17      0.5818           -      0.6385      0.6036     0.50s
    18      0.5804           -      0.6076      0.6396     0.49s
    19      0.5940           -      0.6079      0.6486     0.48s
    20      0.5876           -      0.6724      0.6036     0.46s
    21      0.5808           -      0.6575      0.6216     0.47s
    22      0.5774           -      0.6897      0.6036     0.50s
    23      0.5894           -      0.6379      0.6306     0.47s
    24      0.5694           -      0.6482      0.6306     0.49s
    25      0.5719           -      0.6378      0.6757     0.46s
    26      0.5706           -      0.6301      0.6396     0.49s
    27      0.6065           -      0.6074      0.6757     0.49s
    28      0.5791           -      0.6082      0.7207     0.47s
    29      0.5793           -      0.6423      0.6577     0.48s
    30      0.5782           -      0.6361      0.6126     0.52s
    31      0.5574           -      0.6691      0.5946     0.49s
    32      0.5878           -      0.5976      0.6937     0.49s
    33      0.5889           -      0.6115      0.6577     0.47s
    34      0.5800           -      0.6888      0.6126     0.46s
    35      0.5762           -      0.6292      0.6937     0.47s
    36      0.5537           -      0.6412      0.6306     0.48s
    37      0.5728           -      0.6201      0.6577     0.50s
    38      0.5762           -      0.6372      0.6667     0.50s
    39      0.5604           -      0.6934      0.6577     0.47s
    40      0.5662           -      0.6284      0.6486     0.47s
    41      0.5738           -      0.6523      0.6036     0.51s
    42      0.5690           -      0.6302      0.7117     0.46s
    43      0.5582           -      0.6536      0.6306     0.47s
    44      0.5782           -      0.6399      0.6126     0.46s
    45      0.5611           -      0.6981      0.6126     0.46s
    46      0.5683           -      0.6103      0.6306     0.50s
    47      0.5802           -      0.7268      0.5946     0.45s
    48      0.5786           -      0.6251      0.6486     0.47s
    49      0.5890           -      0.6063      0.7027     0.47s
    50      0.5707           -      0.6413      0.6937     0.46s
    51      0.5655           -      0.6745      0.6306     0.50s
    52      0.5811           -      0.6696      0.5946     0.47s
    53      0.5720           -      0.6574      0.6486     0.47s
    54      0.5650           -      0.6700      0.6036     0.47s
    55      0.5658           -      0.6049      0.6847     0.47s
    56      0.5687           -      0.7051      0.6036     0.55s
    57      0.5474           -      0.7362      0.6036     0.56s
    58      0.5709           -      0.7148      0.5946     0.50s
    59      0.5732           -      0.6551      0.6126     0.48s
    60      0.5777           -      0.6188      0.6847     0.50s
    61      0.5617           -      0.6066      0.6306     0.50s
    62      0.5694           -      0.6605      0.6396     0.45s
    63      0.5847           -      0.6483      0.6036     0.60s
    64      0.5505           -      0.6759      0.6036     0.42s
    65      0.5734           -      0.7108      0.5946     0.41s
    66      0.5620           -      0.6313      0.6216     0.44s
    67      0.5471           -      0.6541      0.6036     0.41s
    68      0.5704           -      0.6341      0.6036     0.40s
    69      0.5568           -      0.6857      0.6216     0.48s
    70      0.5515           -      0.6549      0.6216     0.44s
    71      0.5806           -      0.6347      0.6306     0.43s
    72      0.5659           -      0.6541      0.6036     0.43s
    73      0.5690           -      0.6513      0.6126     0.47s
    74      0.5717           -      0.6609      0.6396     0.44s
    75      0.5543           -      0.6438      0.6577     0.43s
    76      0.5761           -      0.6285      0.6486     0.52s
    77      0.5746           -      0.6771      0.6847     0.48s
    78      0.5533           -      0.6494      0.6396     0.49s

  验证集连续 50 轮没有提升，提前停止训练。

------------------------------------------------------------------------------
第 4 步：用验证集上最好的模型测测试集
------------------------------------------------------------------------------
  最好的一轮（第 28 轮）：验证集准确率 = 0.7207
  训练集准确率 = 0.7003   （和验证集差很多就说明过拟合了）
  测试集损失 = 0.6160
  测试集准确率 = 0.6667   <<< 这是最终成绩
  测试耗时 0.05s

------------------------------------------------------------------------------
时间统计
------------------------------------------------------------------------------
  纯训练总耗时      = 37.36s（不含评估，共 78 轮）
  平均每轮训练耗时  = 0.47s
  每个 epoch 的 batch 数 = 28
  整个脚本总耗时    = 41.06s

结果已追加到：D:\PHD\博一\入学任务\任务三_图分类\results\results.jsonl
逐轮历史已保存：D:\PHD\博一\入学任务\任务三_图分类\results\history\PROTEINS_GCN_pool-avg_sample_L3_lr0.01_diag_norm2.json
==============================================================================
==============================================================================
任务三 图分类 —— PROTEINS_GCN_pool-avg_sample_L3_lr0.01_diag_norm2
时间：2026-09-15 20:58:22
==============================================================================
数据集=PROTEINS  模型=GCN  池化=AvgPooling（平均池化）（avg）
层数=3  隐藏维度=128  dropout=0.5
学习率=0.01  权重衰减=0.0005  轮数=80
训练方式=分批次训练  批次大小设置=32  随机种子=42

------------------------------------------------------------------------------
第 1 步：加载数据
------------------------------------------------------------------------------
  数据加载用时 0.34s
  节点特征维度=4  输出维度=2  任务类型=classification
  训练集 891 张图 / 验证集 111 / 测试集 111
  训练批次大小=32  每个 epoch 有 28 个 batch

------------------------------------------------------------------------------
第 2 步：搭建模型
------------------------------------------------------------------------------
  GCN + AvgPooling（平均池化）
  可训练参数量 = 43,074
  模型结构：
GraphClassifier(
  (convs): ModuleList(
    (0): GCNConv(4, 128)
    (1-2): 2 x GCNConv(128, 128)
  )
  (norms): ModuleList(
    (0-2): 3 x BatchNorm1d(128, eps=1e-05, momentum=0.1, affine=True, track_running_stats=True)
  )
  (pool_norm): LayerNorm((128,), eps=1e-05, elementwise_affine=True)
  (classifier): Sequential(
    (0): Linear(in_features=128, out_features=64, bias=True)
    (1): ReLU()
    (2): Dropout(p=0.5, inplace=False)
    (3): Linear(in_features=64, out_features=2, bias=True)
  )
)

------------------------------------------------------------------------------
第 3 步：开始训练
------------------------------------------------------------------------------
    轮次        训练损失        训练指标        验证损失       验证准确率        耗时
     1      0.6984           -      0.6423      0.5856     0.77s
     2      0.6394           -      0.6522      0.6667     0.48s
     3      0.6299           -      0.6469      0.6036     0.47s
     4      0.6490           -      0.6140      0.6126     0.46s
     5      0.6378           -      0.5760      0.6847     0.47s
     6      0.6071           -      0.6433      0.6847     0.47s
     7      0.6240           -      0.6244      0.6847     0.42s
     8      0.6124           -      0.6310      0.5946     0.42s
     9      0.6298           -      0.6630      0.6126     0.40s
    10      0.6150           -      0.5982      0.6757     0.43s
    11      0.6401           -      0.5987      0.7027     0.40s
    12      0.6268           -      0.6544      0.6757     0.41s
    13      0.6239           -      0.6211      0.6486     0.40s
    14      0.6241           -      0.6181      0.7207     0.42s
    15      0.6056           -      0.6394      0.5946     0.44s
    16      0.6064           -      0.6968      0.6126     0.45s
    17      0.6151           -      0.6665      0.6126     0.44s
    18      0.6133           -      0.6670      0.6306     0.44s
    19      0.6303           -      0.6245      0.6126     0.46s
    20      0.6091           -      0.6262      0.6937     0.42s
    21      0.6041           -      0.6226      0.6126     0.45s
    22      0.6228           -      0.6194      0.6036     0.45s
    23      0.6005           -      0.6070      0.6757     0.46s
    24      0.6337           -      0.6260      0.6126     0.47s
    25      0.5992           -      0.6105      0.6396     0.50s
    26      0.5951           -      0.6241      0.6757     0.48s
    27      0.6151           -      0.6127      0.6486     0.41s
    28      0.6110           -      0.5985      0.6937     0.41s
    29      0.5970           -      0.6311      0.7117     0.40s
    30      0.5899           -      0.6159      0.6306     0.42s
    31      0.6078           -      0.6291      0.6667     0.43s
    32      0.6128           -      0.5947      0.6937     0.41s
    33      0.6192           -      0.6188      0.6486     0.44s
    34      0.5917           -      0.5928      0.7117     0.42s
    35      0.6183           -      0.6511      0.6667     0.44s
    36      0.6108           -      0.5996      0.6667     0.44s
    37      0.6062           -      0.5860      0.7027     0.46s
    38      0.6024           -      0.6251      0.6667     0.46s
    39      0.6021           -      0.5774      0.7207     0.44s
    40      0.6070           -      0.6232      0.6577     0.45s
    41      0.5947           -      0.6470      0.6216     0.55s
    42      0.5998           -      0.6348      0.6126     0.63s
    43      0.5993           -      0.5904      0.6396     0.66s
    44      0.5852           -      0.5946      0.6847     0.62s
    45      0.5893           -      0.6171      0.6577     0.62s
    46      0.5957           -      0.5725      0.6937     0.59s
    47      0.5909           -      0.6003      0.7027     0.54s
    48      0.5901           -      0.6179      0.7027     0.52s
    49      0.6100           -      0.5944      0.7117     0.58s
    50      0.5929           -      0.6274      0.6577     0.58s
    51      0.6011           -      0.5840      0.6937     0.58s
    52      0.5949           -      0.5812      0.6847     0.67s
    53      0.5783           -      0.5968      0.7117     0.62s
    54      0.5849           -      0.6026      0.7117     0.63s
    55      0.6046           -      0.5907      0.7297     0.55s
    56      0.6036           -      0.5734      0.7297     0.41s
    57      0.5772           -      0.6186      0.6937     0.39s
    58      0.5964           -      0.6339      0.6667     0.42s
    59      0.5999           -      0.5605      0.7297     0.42s
    60      0.5881           -      0.5869      0.6937     0.38s
    61      0.5904           -      0.5875      0.7117     0.37s
    62      0.5858           -      0.6027      0.6937     0.37s
    63      0.5925           -      0.6165      0.7207     0.40s
    64      0.5951           -      0.6469      0.7027     0.44s
    65      0.5889           -      0.5851      0.7117     0.41s
    66      0.5724           -      0.5971      0.7027     0.47s
    67      0.5993           -      0.5732      0.7387     0.43s
    68      0.6014           -      0.6611      0.7027     0.46s
    69      0.5781           -      0.5651      0.7207     0.48s
    70      0.5851           -      0.6032      0.6937     0.67s
    71      0.5718           -      0.6391      0.6847     0.68s
    72      0.5785           -      0.5869      0.7207     0.69s
    73      0.5811           -      0.5479      0.7568     0.67s
    74      0.5827           -      0.6153      0.7027     0.66s
    75      0.5950           -      0.5855      0.6667     0.64s
    76      0.5759           -      0.5709      0.7387     0.65s
    77      0.5788           -      0.5961      0.6216     0.67s
    78      0.5639           -      0.5652      0.7117     0.76s
    79      0.6017           -      0.5985      0.6216     0.68s
    80      0.5651           -      0.5545      0.7117     0.68s

------------------------------------------------------------------------------
第 4 步：用验证集上最好的模型测测试集
------------------------------------------------------------------------------
  最好的一轮（第 73 轮）：验证集准确率 = 0.7568
  训练集准确率 = 0.7464   （和验证集差很多就说明过拟合了）
  测试集损失 = 0.5885
  测试集准确率 = 0.6937   <<< 这是最终成绩
  测试耗时 0.08s

------------------------------------------------------------------------------
时间统计
------------------------------------------------------------------------------
  纯训练总耗时      = 40.18s（不含评估，共 80 轮）
  平均每轮训练耗时  = 0.50s
  每个 epoch 的 batch 数 = 28
  整个脚本总耗时    = 44.40s

结果已追加到：D:\PHD\博一\入学任务\任务三_图分类\results\results.jsonl
逐轮历史已保存：D:\PHD\博一\入学任务\任务三_图分类\results\history\PROTEINS_GCN_pool-avg_sample_L3_lr0.01_diag_norm2.json
==============================================================================
