==============================================================================
任务三 图分类 —— IMDB-BINARY_GAT_pool-max_sample_L3_lr0.01
时间：2026-09-15 20:57:34
==============================================================================
数据集=IMDB-BINARY  模型=GAT  池化=MaxPooling（最大池化）（max）
层数=3  隐藏维度=128  dropout=0.5
学习率=0.01  权重衰减=0.0005  轮数=150
训练方式=分批次训练  批次大小设置=32  随机种子=42

------------------------------------------------------------------------------
第 1 步：加载数据
------------------------------------------------------------------------------
  数据加载用时 0.40s
  节点特征维度=101  输出维度=2  任务类型=classification
  训练集 800 张图 / 验证集 100 / 测试集 100
  训练批次大小=32  每个 epoch 有 25 个 batch

------------------------------------------------------------------------------
第 2 步：搭建模型
------------------------------------------------------------------------------
  GAT + MaxPooling（最大池化）
  可训练参数量 = 56,258
  模型结构：
GraphClassifier(
  (convs): ModuleList(
    (0): GATConv(101, 16, heads=8)
    (1-2): 2 x GATConv(128, 16, heads=8)
  )
  (norms): ModuleList(
    (0-2): 3 x BatchNorm1d(128, eps=1e-05, momentum=0.1, affine=True, track_running_stats=True)
  )
  (pool_norm): BatchNorm1d(128, eps=1e-05, momentum=0.1, affine=True, track_running_stats=True)
  (classifier): Sequential(
    (0): Linear(in_features=128, out_features=64, bias=True)
    (1): ReLU()
    (2): Dropout(p=0.5, inplace=False)
    (3): Linear(in_features=64, out_features=2, bias=True)
  )
)

------------------------------------------------------------------------------
第 3 步：开始训练
------------------------------------------------------------------------------
    轮次        训练损失        训练指标        验证损失       验证准确率        耗时
     1      0.7017           -      0.7028      0.5000     3.54s
     2      0.6554           -      0.6985      0.5000     0.53s
     3      0.6218           -      0.6981      0.5000     0.51s
     4      0.6103           -      0.6957      0.5200     0.51s
     5      0.5740           -      0.6939      0.5300     0.52s
     6      0.5714           -      0.6885      0.5200     0.54s
     7      0.5835           -      0.6957      0.5000     0.52s
     8      0.5581           -      0.6946      0.5000     0.54s
     9      0.5569           -      0.6954      0.5000     0.53s
    10      0.5683           -      0.6980      0.5000     0.51s
    11      0.5524           -      0.6963      0.5000     0.52s
    12      0.5748           -      0.6969      0.5000     0.49s
    13      0.5578           -      0.6957      0.5000     0.53s
    14      0.5528           -      0.6877      0.5000     0.51s
    15      0.5517           -      0.6919      0.5000     0.51s
    16      0.5569           -      0.6882      0.5400     0.51s
    17      0.5271           -      0.6925      0.5200     0.53s
    18      0.5424           -      0.6970      0.5000     0.52s
    19      0.5927           -      0.6967      0.5000     0.50s
    20      0.5732           -      0.6849      0.5500     0.52s
    21      0.5314           -      0.6838      0.5700     0.53s
    22      0.5451           -      0.6782      0.6200     0.52s
    23      0.5406           -      0.6816      0.5800     0.52s
    24      0.5386           -      0.6848      0.5300     0.51s
    25      0.5249           -      0.6809      0.5700     0.52s
    26      0.5477           -      0.6730      0.6000     0.51s
    27      0.5290           -      0.6762      0.6600     0.54s
    28      0.5190           -      0.6802      0.5600     0.54s
    29      0.5250           -      0.6758      0.6300     0.50s
    30      0.5187           -      0.6720      0.6500     0.50s
    31      0.5148           -      0.6708      0.6100     0.54s
    32      0.5272           -      0.6760      0.6200     0.49s
    33      0.5157           -      0.6636      0.5800     0.50s
    34      0.5190           -      0.6839      0.6200     0.50s
    35      0.5122           -      0.6780      0.5800     0.50s
    36      0.5125           -      0.6854      0.5200     0.51s
    37      0.5249           -      0.6830      0.5700     0.49s
    38      0.5146           -      0.6796      0.5800     0.51s
    39      0.4965           -      0.6872      0.6200     0.50s
    40      0.5110           -      0.6865      0.6500     0.51s
    41      0.5252           -      0.6839      0.5700     0.52s
    42      0.5438           -      0.6838      0.5200     0.51s
    43      0.5040           -      0.6838      0.6800     0.51s
    44      0.4930           -      0.6783      0.6100     0.52s
    45      0.4877           -      0.6873      0.5300     0.51s
    46      0.4734           -      0.6728      0.6300     0.64s
    47      0.5082           -      0.6832      0.5200     0.57s
    48      0.5005           -      0.6761      0.7000     0.52s
    49      0.5171           -      0.6796      0.5900     0.53s
    50      0.4966           -      0.6787      0.5100     0.53s
    51      0.4960           -      0.6833      0.5100     0.50s
    52      0.5036           -      0.6674      0.5700     0.63s
    53      0.4929           -      0.6783      0.5100     0.47s
    54      0.5060           -      0.6789      0.5100     0.46s
    55      0.5167           -      0.6700      0.5800     0.49s
    56      0.5095           -      0.6531      0.6400     0.46s
    57      0.4925           -      0.6641      0.5500     0.50s
    58      0.5100           -      0.6786      0.5100     0.51s
    59      0.4915           -      0.6865      0.5000     0.49s
    60      0.5306           -      0.6811      0.5300     0.48s
    61      0.4750           -      0.6832      0.5000     0.52s
    62      0.5051           -      0.6874      0.5000     0.49s
    63      0.4823           -      0.6840      0.5000     0.50s
    64      0.4900           -      0.6677      0.6100     0.53s
    65      0.4865           -      0.6808      0.5000     0.48s
    66      0.4868           -      0.6612      0.5500     0.52s
    67      0.4537           -      0.6688      0.5000     0.53s
    68      0.4753           -      0.6505      0.6100     0.52s
    69      0.4824           -      0.6707      0.5100     0.43s
    70      0.4984           -      0.6672      0.5500     0.43s
    71      0.4689           -      0.6848      0.5000     0.45s
    72      0.4880           -      0.6597      0.6300     0.46s
    73      0.5136           -      0.6641      0.7400     0.43s
    74      0.4689           -      0.6451      0.6000     0.44s
    75      0.4886           -      0.6458      0.6600     0.61s
    76      0.4784           -      0.6545      0.5500     0.57s
    77      0.5019           -      0.6802      0.5100     0.53s
    78      0.4848           -      0.6826      0.5100     0.52s
    79      0.4990           -      0.6792      0.4900     0.50s
    80      0.5115           -      0.6650      0.5900     0.53s
    81      0.4777           -      0.6749      0.4900     0.48s
    82      0.4901           -      0.6676      0.5100     0.49s
    83      0.4852           -      0.6730      0.5000     0.49s
    84      0.4914           -      0.6798      0.5000     0.47s
    85      0.4780           -      0.6733      0.5100     0.48s
    86      0.4827           -      0.6670      0.6200     0.51s
    87      0.4999           -      0.6569      0.6200     0.47s
    88      0.4455           -      0.6628      0.5400     0.44s
    89      0.5210           -      0.6710      0.5500     0.45s
    90      0.4781           -      0.6704      0.5000     0.46s
    91      0.4742           -      0.6754      0.5200     0.45s
    92      0.4941           -      0.6225      0.7100     0.44s
    93      0.4885           -      0.6544      0.6400     0.46s
    94      0.4654           -      0.6537      0.6500     0.49s
    95      0.5066           -      0.6561      0.6000     0.51s
    96      0.4629           -      0.6494      0.5900     0.49s
    97      0.4693           -      0.6607      0.6000     0.50s
    98      0.4848           -      0.6570      0.7300     0.50s
    99      0.4724           -      0.6522      0.5900     0.47s
   100      0.4992           -      0.6608      0.5600     0.48s
   101      0.4916           -      0.6592      0.7000     0.48s
   102      0.4533           -      0.6634      0.5700     0.48s
   103      0.4758           -      0.6676      0.5100     0.51s
   104      0.4735           -      0.6768      0.5300     0.50s
   105      0.4886           -      0.6695      0.5500     0.49s
   106      0.4727           -      0.6731      0.5200     0.45s
   107      0.4734           -      0.6786      0.5000     0.46s
   108      0.4656           -      0.6712      0.5000     0.46s
   109      0.4631           -      0.6818      0.4900     0.47s
   110      0.5178           -      0.6862      0.5000     0.46s
   111      0.4723           -      0.6893      0.5000     0.47s
   112      0.4594           -      0.6824      0.5100     0.48s
   113      0.4836           -      0.6567      0.5100     0.50s
   114      0.4700           -      0.6620      0.5000     0.48s
   115      0.4711           -      0.6636      0.5400     0.52s
   116      0.5109           -      0.6566      0.6100     0.50s
   117      0.4847           -      0.6454      0.5500     0.49s
   118      0.4788           -      0.6513      0.5400     0.51s
   119      0.4631           -      0.6604      0.5000     0.55s
   120      0.4677           -      0.6675      0.5000     0.57s
   121      0.4654           -      0.6721      0.5100     0.58s
   122      0.4855           -      0.6805      0.5000     0.54s
   123      0.4666           -      0.7183      0.5000     0.53s

  验证集连续 50 轮没有提升，提前停止训练。

------------------------------------------------------------------------------
第 4 步：用验证集上最好的模型测测试集
------------------------------------------------------------------------------
  最好的一轮（第 73 轮）：验证集准确率 = 0.7400
  训练集准确率 = 0.7025   （和验证集差很多就说明过拟合了）
  测试集损失 = 0.6658
  测试集准确率 = 0.7300   <<< 这是最终成绩
  测试耗时 0.05s

------------------------------------------------------------------------------
时间统计
------------------------------------------------------------------------------
  纯训练总耗时      = 1m5.0s（不含评估，共 123 轮）
  平均每轮训练耗时  = 0.50s
  每个 epoch 的 batch 数 = 25
  整个脚本总耗时    = 1m10.6s

结果已追加到：D:\PHD\博一\入学任务\任务三_图分类\results\results.jsonl
逐轮历史已保存：D:\PHD\博一\入学任务\任务三_图分类\results\history\IMDB-BINARY_GAT_pool-max_sample_L3_lr0.01.json
==============================================================================
