==============================================================================
任务三 图分类 —— PROTEINS_GCN_pool-max_sample_L3_lr0.01
时间：2026-09-15 20:48:35
==============================================================================
数据集=PROTEINS  模型=GCN  池化=MaxPooling（最大池化）（max）
层数=3  隐藏维度=128  dropout=0.5
学习率=0.01  权重衰减=0.0005  轮数=150
训练方式=分批次训练  批次大小设置=32  随机种子=42

------------------------------------------------------------------------------
第 1 步：加载数据
------------------------------------------------------------------------------
  数据加载用时 0.35s
  节点特征维度=4  输出维度=2  任务类型=classification
  训练集 891 张图 / 验证集 111 / 测试集 111
  训练批次大小=32  每个 epoch 有 28 个 batch

------------------------------------------------------------------------------
第 2 步：搭建模型
------------------------------------------------------------------------------
  GCN + MaxPooling（最大池化）
  可训练参数量 = 43,074
  模型结构：
GraphClassifier(
  (convs): ModuleList(
    (0): GCNConv(4, 128)
    (1-2): 2 x GCNConv(128, 128)
  )
  (norms): ModuleList(
    (0-2): 3 x BatchNorm1d(128, eps=1e-05, momentum=0.1, affine=True, track_running_stats=True)
  )
  (pool_norm): BatchNorm1d(128, eps=1e-05, momentum=0.1, affine=True, track_running_stats=True)
  (classifier): Sequential(
    (0): Linear(in_features=128, out_features=64, bias=True)
    (1): ReLU()
    (2): Dropout(p=0.5, inplace=False)
    (3): Linear(in_features=64, out_features=2, bias=True)
  )
)

------------------------------------------------------------------------------
第 3 步：开始训练
------------------------------------------------------------------------------
    轮次        训练损失        训练指标        验证损失       验证准确率        耗时
     1      0.6932           -      0.7011      0.4054     0.88s
     2      0.6249           -      0.7411      0.4054     0.48s
     3      0.5923           -      0.7654      0.4054     0.46s
     4      0.6192           -      0.7759      0.4054     0.48s
     5      0.5889           -      0.8079      0.4054     0.45s
     6      0.5911           -      0.8199      0.4054     0.46s
     7      0.5832           -      0.8662      0.4054     0.46s
     8      0.5942           -      0.8496      0.4054     0.49s
     9      0.5848           -      0.8892      0.4054     0.47s
    10      0.5897           -      0.8652      0.4054     0.50s
    11      0.6047           -      0.9144      0.4054     0.45s
    12      0.5793           -      0.9671      0.4054     0.48s
    13      0.5784           -      1.0036      0.4054     0.45s
    14      0.5807           -      1.1722      0.4054     0.44s
    15      0.5808           -      1.0620      0.4054     0.50s
    16      0.6101           -      1.0774      0.4054     0.53s
    17      0.5941           -      1.0115      0.4054     0.50s
    18      0.5686           -      1.2749      0.4054     0.49s
    19      0.5999           -      1.0012      0.4054     0.43s
    20      0.6011           -      1.0286      0.4054     0.42s
    21      0.5856           -      1.0151      0.4054     0.41s
    22      0.5800           -      0.9885      0.4054     0.42s
    23      0.5656           -      1.1899      0.4054     0.42s
    24      0.5796           -      1.1338      0.4054     0.44s
    25      0.5738           -      1.0579      0.4054     0.42s
    26      0.5970           -      1.1932      0.4054     0.45s
    27      0.5777           -      1.2947      0.4054     0.44s
    28      0.5701           -      1.2344      0.4054     0.45s
    29      0.5722           -      1.2639      0.4054     0.45s
    30      0.5825           -      0.9874      0.4054     0.46s
    31      0.5715           -      1.3575      0.4054     0.44s
    32      0.5734           -      1.1809      0.4054     0.48s
    33      0.5843           -      1.1638      0.4054     0.48s
    34      0.5710           -      1.1804      0.4054     0.48s
    35      0.5715           -      1.2765      0.4054     0.48s
    36      0.5664           -      1.5484      0.4054     0.49s
    37      0.5808           -      1.0024      0.4054     0.48s
    38      0.5635           -      1.3870      0.4054     0.48s
    39      0.5620           -      1.7691      0.4054     0.52s
    40      0.5750           -      1.5750      0.4054     0.50s
    41      0.5517           -      1.2494      0.4054     0.51s
    42      0.5599           -      1.2686      0.4054     0.49s
    43      0.5627           -      1.1945      0.4054     0.55s
    44      0.5696           -      1.2908      0.4054     0.51s
    45      0.5354           -      1.0483      0.4054     0.52s
    46      0.5617           -      1.4398      0.4054     0.51s
    47      0.5706           -      1.3586      0.4054     0.53s
    48      0.5660           -      1.2494      0.4054     0.45s
    49      0.5598           -      1.4025      0.4054     0.45s
    50      0.5549           -      1.3758      0.4054     0.46s
    51      0.5771           -      1.2132      0.4054     0.50s

  验证集连续 50 轮没有提升，提前停止训练。

------------------------------------------------------------------------------
第 4 步：用验证集上最好的模型测测试集
------------------------------------------------------------------------------
  最好的一轮（第 1 轮）：验证集准确率 = 0.4054
  训练集准确率 = 0.4040   （和验证集差很多就说明过拟合了）
  测试集损失 = 0.6988
  测试集准确率 = 0.4054   <<< 这是最终成绩
  测试耗时 0.03s

------------------------------------------------------------------------------
时间统计
------------------------------------------------------------------------------
  纯训练总耗时      = 24.47s（不含评估，共 51 轮）
  平均每轮训练耗时  = 0.47s
  每个 epoch 的 batch 数 = 28
  整个脚本总耗时    = 26.81s

结果已追加到：D:\PHD\博一\入学任务\任务三_图分类\results\results.jsonl
逐轮历史已保存：D:\PHD\博一\入学任务\任务三_图分类\results\history\PROTEINS_GCN_pool-max_sample_L3_lr0.01.json
==============================================================================
