==============================================================================
任务三 图分类 —— IMDB-BINARY_GIN_pool-avg_sample_L3_lr0.01
时间：2026-09-15 20:24:43
==============================================================================
数据集=IMDB-BINARY  模型=GIN  池化=AvgPooling（平均池化）（avg）
层数=3  隐藏维度=128  dropout=0.5
学习率=0.01  权重衰减=0.0005  轮数=150
训练方式=分批次训练  批次大小设置=32  随机种子=42

------------------------------------------------------------------------------
第 1 步：加载数据
------------------------------------------------------------------------------
  数据加载用时 0.39s
  节点特征维度=101  输出维度=2  任务类型=classification
  训练集 800 张图 / 验证集 100 / 测试集 100
  训练批次大小=32  每个 epoch 有 25 个 batch

------------------------------------------------------------------------------
第 2 步：搭建模型
------------------------------------------------------------------------------
  GIN + AvgPooling（平均池化）
  可训练参数量 = 105,029
  模型结构：
GraphClassifier(
  (convs): ModuleList(
    (0): GINConv(nn=Sequential(
      (0): Linear(in_features=101, out_features=128, bias=True)
      (1): ReLU()
      (2): Linear(in_features=128, out_features=128, bias=True)
    ))
    (1-2): 2 x GINConv(nn=Sequential(
      (0): Linear(in_features=128, out_features=128, bias=True)
      (1): ReLU()
      (2): Linear(in_features=128, out_features=128, bias=True)
    ))
  )
  (norms): ModuleList(
    (0-2): 3 x BatchNorm1d(128, eps=1e-05, momentum=0.1, affine=True, track_running_stats=True)
  )
  (pool_norm): BatchNorm1d(128, eps=1e-05, momentum=0.1, affine=True, track_running_stats=True)
  (classifier): Sequential(
    (0): Linear(in_features=128, out_features=64, bias=True)
    (1): ReLU()
    (2): Dropout(p=0.5, inplace=False)
    (3): Linear(in_features=64, out_features=2, bias=True)
  )
)

------------------------------------------------------------------------------
第 3 步：开始训练
------------------------------------------------------------------------------
    轮次        训练损失        训练指标        验证损失       验证准确率        耗时
     1      0.7192           -      0.6467      0.5500     0.78s
     2      0.6480           -      0.5784      0.5700     0.50s
     3      0.5933           -      0.5478      0.6800     0.49s
     4      0.5753           -      0.4720      0.7800     0.50s
     5      0.5826           -      0.5563      0.6700     0.48s
     6      0.5588           -      0.5158      0.6600     0.39s
     7      0.5618           -      0.5457      0.6900     0.39s
     8      0.5532           -      0.5145      0.7000     0.36s
     9      0.5563           -      0.5415      0.6500     0.35s
    10      0.5634           -      0.5104      0.7100     0.35s
    11      0.5607           -      0.5095      0.7500     0.36s
    12      0.5318           -      0.4967      0.7800     0.35s
    13      0.5531           -      0.5676      0.7300     0.35s
    14      0.5668           -      0.5097      0.7900     0.35s
    15      0.5553           -      0.4965      0.7300     0.35s
    16      0.5317           -      0.5050      0.7200     0.35s
    17      0.5058           -      0.4975      0.7500     0.31s
    18      0.5517           -      0.4834      0.7500     0.32s
    19      0.5532           -      0.5204      0.6500     0.38s
    20      0.5436           -      0.5568      0.6900     0.35s
    21      0.5662           -      0.5054      0.7200     0.34s
    22      0.5790           -      0.5121      0.7000     0.34s
    23      0.5368           -      0.4908      0.7300     0.33s
    24      0.5210           -      0.4859      0.7700     0.34s
    25      0.5414           -      0.4890      0.7700     0.33s
    26      0.5255           -      0.4836      0.7500     0.33s
    27      0.5440           -      0.5096      0.6600     0.37s
    28      0.5254           -      0.4947      0.7600     0.34s
    29      0.5412           -      0.5003      0.7300     0.34s
    30      0.5282           -      0.5046      0.7600     0.34s
    31      0.5059           -      0.5088      0.7200     0.33s
    32      0.5078           -      0.4698      0.7200     0.34s
    33      0.5379           -      0.4986      0.7300     0.33s
    34      0.5263           -      0.5072      0.7000     0.35s
    35      0.5037           -      0.5037      0.7100     0.33s
    36      0.5179           -      0.4871      0.7700     0.34s
    37      0.5037           -      0.4981      0.7600     0.35s
    38      0.4754           -      0.4747      0.7200     0.33s
    39      0.5203           -      0.5132      0.7200     0.33s
    40      0.5327           -      0.5389      0.6800     0.34s
    41      0.5117           -      0.5711      0.7200     0.33s
    42      0.5097           -      0.5134      0.7500     0.33s
    43      0.4690           -      0.4861      0.7600     0.34s
    44      0.5117           -      0.4976      0.7500     0.33s
    45      0.4795           -      0.4641      0.7100     0.33s
    46      0.5024           -      0.5346      0.7000     0.34s
    47      0.5006           -      0.5180      0.7000     0.33s
    48      0.5028           -      0.5349      0.7100     0.36s
    49      0.4998           -      0.4578      0.8000     0.34s
    50      0.5045           -      0.4838      0.7400     0.33s
    51      0.4962           -      0.4499      0.8000     0.33s
    52      0.5160           -      0.4767      0.7500     0.33s
    53      0.5137           -      0.5920      0.6400     0.33s
    54      0.5063           -      0.4709      0.7100     0.33s
    55      0.4752           -      0.4851      0.7400     0.33s
    56      0.5224           -      0.5181      0.7000     0.33s
    57      0.4913           -      0.5019      0.6700     0.33s
    58      0.5109           -      0.4938      0.7200     0.37s
    59      0.4991           -      0.4845      0.7000     0.33s
    60      0.5065           -      0.5110      0.7500     0.35s
    61      0.4884           -      0.4930      0.7300     0.33s
    62      0.4726           -      0.5828      0.7200     0.34s
    63      0.4933           -      0.5081      0.7200     0.34s
    64      0.4865           -      0.4782      0.7300     0.33s
    65      0.4991           -      0.4990      0.7400     0.32s
    66      0.5118           -      0.4709      0.6900     0.29s
    67      0.5088           -      0.4757      0.7600     0.33s
    68      0.4900           -      0.5094      0.6900     0.33s
    69      0.4920           -      0.4619      0.7300     0.36s
    70      0.4745           -      0.4776      0.7600     0.33s
    71      0.5208           -      0.4984      0.7100     0.34s
    72      0.5049           -      0.4756      0.7800     0.33s
    73      0.4889           -      0.4843      0.7600     0.33s
    74      0.4675           -      0.6566      0.6200     0.34s
    75      0.4956           -      0.4822      0.7300     0.33s
    76      0.4734           -      0.4876      0.7200     0.33s
    77      0.4983           -      0.4861      0.7000     0.33s
    78      0.5125           -      0.4796      0.7200     0.35s
    79      0.4811           -      0.4849      0.7000     0.36s
    80      0.5004           -      0.4859      0.7200     0.33s
    81      0.4886           -      0.5529      0.6900     0.33s
    82      0.4838           -      0.5102      0.7300     0.34s
    83      0.5613           -      0.5105      0.7300     0.33s
    84      0.5327           -      0.4870      0.7300     0.33s
    85      0.5357           -      0.5111      0.6800     0.34s
    86      0.4860           -      0.4859      0.7100     0.33s
    87      0.5178           -      0.4716      0.7100     0.33s
    88      0.4945           -      0.4839      0.7600     0.34s
    89      0.5097           -      0.4712      0.7500     0.36s
    90      0.4595           -      0.4732      0.7300     0.34s
    91      0.5060           -      0.4725      0.7400     0.33s
    92      0.4822           -      0.5420      0.6600     0.34s
    93      0.5048           -      0.4948      0.8000     0.34s
    94      0.4777           -      0.4892      0.7900     0.33s
    95      0.4414           -      0.4742      0.7400     0.33s
    96      0.5140           -      0.4730      0.7300     0.33s
    97      0.4711           -      0.4725      0.7300     0.33s
    98      0.5166           -      0.4867      0.7500     0.34s
    99      0.4986           -      0.4764      0.7600     0.33s

  验证集连续 50 轮没有提升，提前停止训练。

------------------------------------------------------------------------------
第 4 步：用验证集上最好的模型测测试集
------------------------------------------------------------------------------
  最好的一轮（第 49 轮）：验证集准确率 = 0.8000
  训练集准确率 = 0.7475   （和验证集差很多就说明过拟合了）
  测试集损失 = 0.4468
  测试集准确率 = 0.8000   <<< 这是最终成绩
  测试耗时 0.05s

------------------------------------------------------------------------------
时间统计
------------------------------------------------------------------------------
  纯训练总耗时      = 34.62s（不含评估，共 99 轮）
  平均每轮训练耗时  = 0.35s
  每个 epoch 的 batch 数 = 25
  整个脚本总耗时    = 37.92s

结果已追加到：D:\PHD\博一\入学任务\任务三_图分类\results\results.jsonl
逐轮历史已保存：D:\PHD\博一\入学任务\任务三_图分类\results\history\IMDB-BINARY_GIN_pool-avg_sample_L3_lr0.01.json
==============================================================================
