==============================================================================
任务三 图分类 —— PROTEINS_GAT_pool-max_sample_L3_lr0.01
时间：2026-09-15 20:49:39
==============================================================================
数据集=PROTEINS  模型=GAT  池化=MaxPooling（最大池化）（max）
层数=3  隐藏维度=128  dropout=0.5
学习率=0.01  权重衰减=0.0005  轮数=150
训练方式=分批次训练  批次大小设置=32  随机种子=42

------------------------------------------------------------------------------
第 1 步：加载数据
------------------------------------------------------------------------------
  数据加载用时 0.34s
  节点特征维度=4  输出维度=2  任务类型=classification
  训练集 891 张图 / 验证集 111 / 测试集 111
  训练批次大小=32  每个 epoch 有 28 个 batch

------------------------------------------------------------------------------
第 2 步：搭建模型
------------------------------------------------------------------------------
  GAT + MaxPooling（最大池化）
  可训练参数量 = 43,842
  模型结构：
GraphClassifier(
  (convs): ModuleList(
    (0): GATConv(4, 16, heads=8)
    (1-2): 2 x GATConv(128, 16, heads=8)
  )
  (norms): ModuleList(
    (0-2): 3 x BatchNorm1d(128, eps=1e-05, momentum=0.1, affine=True, track_running_stats=True)
  )
  (pool_norm): BatchNorm1d(128, eps=1e-05, momentum=0.1, affine=True, track_running_stats=True)
  (classifier): Sequential(
    (0): Linear(in_features=128, out_features=64, bias=True)
    (1): ReLU()
    (2): Dropout(p=0.5, inplace=False)
    (3): Linear(in_features=64, out_features=2, bias=True)
  )
)

------------------------------------------------------------------------------
第 3 步：开始训练
------------------------------------------------------------------------------
    轮次        训练损失        训练指标        验证损失       验证准确率        耗时
     1      0.7159           -      0.6927      0.5946     3.86s
     2      0.6562           -      0.7027      0.4054     0.70s
     3      0.6574           -      0.7199      0.4054     0.63s
     4      0.6398           -      0.7570      0.4054     0.65s
     5      0.6387           -      0.7706      0.4054     0.64s
     6      0.6341           -      0.8501      0.4054     0.64s
     7      0.6270           -      0.8753      0.4054     0.68s
     8      0.6138           -      0.8807      0.4054     0.64s
     9      0.6073           -      1.0820      0.4054     0.68s
    10      0.6321           -      1.0191      0.4054     0.66s
    11      0.6194           -      1.0415      0.4054     0.64s
    12      0.6063           -      1.0820      0.4054     0.62s
    13      0.6217           -      1.1073      0.4054     0.65s
    14      0.6038           -      1.0924      0.4054     0.64s
    15      0.6151           -      1.0849      0.4054     0.65s
    16      0.5836           -      1.3056      0.4054     0.68s
    17      0.6046           -      1.2234      0.4054     0.60s
    18      0.6054           -      1.2097      0.4054     0.60s
    19      0.6053           -      1.3087      0.4054     0.57s
    20      0.5935           -      1.2630      0.4054     0.54s
    21      0.5980           -      1.2892      0.4054     0.52s
    22      0.5922           -      1.1532      0.4054     0.52s
    23      0.6037           -      1.2316      0.4054     0.55s
    24      0.5924           -      1.3375      0.4054     0.57s
    25      0.5968           -      1.1984      0.4054     0.57s
    26      0.5754           -      1.3740      0.4054     0.56s
    27      0.5869           -      1.1681      0.4054     0.56s
    28      0.5973           -      1.2993      0.4054     0.54s
    29      0.5939           -      1.1926      0.4054     0.53s
    30      0.5918           -      1.2120      0.4054     0.53s
    31      0.5962           -      1.2191      0.4054     0.61s
    32      0.5938           -      1.0999      0.4054     0.54s
    33      0.6074           -      1.1374      0.4054     0.56s
    34      0.5775           -      1.3725      0.4054     0.58s
    35      0.5873           -      1.3664      0.4054     0.58s
    36      0.5925           -      1.4097      0.4054     0.60s
    37      0.5863           -      1.3614      0.4054     0.63s
    38      0.6025           -      1.4445      0.4054     0.61s
    39      0.5978           -      1.2440      0.4054     0.61s
    40      0.6147           -      1.2102      0.4054     0.61s
    41      0.5853           -      1.1305      0.4054     0.56s
    42      0.5912           -      1.1891      0.4054     0.57s
    43      0.6005           -      1.1986      0.4054     0.58s
    44      0.5844           -      1.3713      0.4054     0.64s
    45      0.5909           -      1.2946      0.4054     0.62s
    46      0.5886           -      1.2222      0.4054     0.57s
    47      0.6032           -      1.2181      0.4054     0.74s
    48      0.5803           -      1.2164      0.4054     0.64s
    49      0.5758           -      1.1453      0.4054     0.59s
    50      0.5680           -      1.1379      0.4054     0.71s
    51      0.5810           -      1.2975      0.4054     0.64s

  验证集连续 50 轮没有提升，提前停止训练。

------------------------------------------------------------------------------
第 4 步：用验证集上最好的模型测测试集
------------------------------------------------------------------------------
  最好的一轮（第 1 轮）：验证集准确率 = 0.5946
  训练集准确率 = 0.5960   （和验证集差很多就说明过拟合了）
  测试集损失 = 0.6928
  测试集准确率 = 0.5946   <<< 这是最终成绩
  测试耗时 0.04s

------------------------------------------------------------------------------
时间统计
------------------------------------------------------------------------------
  纯训练总耗时      = 34.19s（不含评估，共 51 轮）
  平均每轮训练耗时  = 0.61s
  每个 epoch 的 batch 数 = 28
  整个脚本总耗时    = 37.07s

结果已追加到：D:\PHD\博一\入学任务\任务三_图分类\results\results.jsonl
逐轮历史已保存：D:\PHD\博一\入学任务\任务三_图分类\results\history\PROTEINS_GAT_pool-max_sample_L3_lr0.01.json
==============================================================================
