==============================================================================
任务三 图分类 —— MUTAG_GCN_pool-avg_sample_L3_lr0.01
时间：2026-09-15 20:12:06
==============================================================================
数据集=MUTAG  模型=GCN  池化=AvgPooling（平均池化）（avg）
层数=3  隐藏维度=128  dropout=0.5
学习率=0.01  权重衰减=0.0005  轮数=150
训练方式=分批次训练  批次大小设置=32  随机种子=42

------------------------------------------------------------------------------
第 1 步：加载数据
------------------------------------------------------------------------------
  数据加载用时 0.16s
  节点特征维度=7  输出维度=2  任务类型=classification
  训练集 152 张图 / 验证集 18 / 测试集 18
  训练批次大小=32  每个 epoch 有 5 个 batch

------------------------------------------------------------------------------
第 2 步：搭建模型
------------------------------------------------------------------------------
  GCN + AvgPooling（平均池化）
  可训练参数量 = 43,458
  模型结构：
GraphClassifier(
  (convs): ModuleList(
    (0): GCNConv(7, 128)
    (1-2): 2 x GCNConv(128, 128)
  )
  (norms): ModuleList(
    (0-2): 3 x BatchNorm1d(128, eps=1e-05, momentum=0.1, affine=True, track_running_stats=True)
  )
  (pool_norm): BatchNorm1d(128, eps=1e-05, momentum=0.1, affine=True, track_running_stats=True)
  (classifier): Sequential(
    (0): Linear(in_features=128, out_features=64, bias=True)
    (1): ReLU()
    (2): Dropout(p=0.5, inplace=False)
    (3): Linear(in_features=64, out_features=2, bias=True)
  )
)

------------------------------------------------------------------------------
第 3 步：开始训练
------------------------------------------------------------------------------
    轮次        训练损失        训练指标        验证损失       验证准确率        耗时
     1      0.7315           -      0.6560      0.6667     0.45s
     2      0.6127           -      0.6431      0.6667     0.08s
     3      0.5977           -      0.6154      0.6667     0.07s
     4      0.6141           -      0.6142      0.6667     0.07s
     5      0.5951           -      0.6123      0.6667     0.07s
     6      0.6752           -      0.5749      0.6667     0.08s
     7      0.5722           -      0.5580      0.6667     0.07s
     8      0.5294           -      0.5137      0.6667     0.07s
     9      0.5489           -      0.4997      0.6667     0.07s
    10      0.5150           -      0.5326      0.7778     0.08s
    11      0.5769           -      0.5795      0.7778     0.07s
    12      0.5154           -      0.5733      0.7778     0.07s
    13      0.5433           -      0.5284      0.7778     0.07s
    14      0.5527           -      0.4893      0.7778     0.07s
    15      0.5139           -      0.4427      0.7778     0.08s
    16      0.5418           -      0.4357      0.7778     0.07s
    17      0.5343           -      0.4455      0.7778     0.07s
    18      0.5259           -      0.4685      0.7778     0.07s
    19      0.5374           -      0.4932      0.7222     0.08s
    20      0.5598           -      0.5366      0.7222     0.07s
    21      0.5421           -      0.4846      0.7778     0.07s
    22      0.5521           -      0.4617      0.7778     0.07s
    23      0.5308           -      0.4620      0.7222     0.08s
    24      0.5035           -      0.4489      0.6667     0.07s
    25      0.5188           -      0.4516      0.7222     0.07s
    26      0.5076           -      0.4487      0.6667     0.07s
    27      0.5014           -      0.4822      0.6111     0.08s
    28      0.5063           -      0.4757      0.6111     0.07s
    29      0.5036           -      0.4710      0.7222     0.07s
    30      0.5061           -      0.4505      0.7222     0.07s
    31      0.5261           -      0.4620      0.7222     0.07s
    32      0.5328           -      0.6583      0.7778     0.07s
    33      0.5834           -      0.6739      0.8333     0.07s
    34      0.5457           -      0.5036      0.7222     0.07s
    35      0.5024           -      0.4531      0.6667     0.08s
    36      0.5893           -      0.4569      0.7778     0.07s
    37      0.5774           -      0.4444      0.7778     0.07s
    38      0.5324           -      0.4770      0.7778     0.07s
    39      0.5529           -      0.4766      0.7778     0.07s
    40      0.5109           -      0.4498      0.7778     0.08s
    41      0.5775           -      0.4547      0.7222     0.07s
    42      0.5562           -      0.4783      0.7778     0.07s
    43      0.5298           -      0.4553      0.8333     0.07s
    44      0.5262           -      0.4115      0.7222     0.08s
    45      0.5710           -      0.4374      0.7778     0.07s
    46      0.5604           -      0.4881      0.8333     0.07s
    47      0.5044           -      0.5085      0.7222     0.07s
    48      0.5555           -      0.5510      0.7778     0.07s
    49      0.5244           -      0.4809      0.6667     0.07s
    50      0.5325           -      0.4534      0.8333     0.07s
    51      0.5210           -      0.4839      0.7778     0.07s
    52      0.5342           -      0.4716      0.7778     0.07s
    53      0.5751           -      0.5087      0.6111     0.08s
    54      0.5092           -      0.4853      0.6667     0.07s
    55      0.5539           -      0.5117      0.7222     0.07s
    56      0.5198           -      0.5380      0.7222     0.07s
    57      0.5083           -      0.4871      0.6667     0.08s
    58      0.5768           -      0.5101      0.6111     0.07s
    59      0.4928           -      0.5078      0.6667     0.07s
    60      0.5401           -      0.5507      0.7778     0.07s
    61      0.5043           -      0.6781      0.7778     0.07s
    62      0.4876           -      0.5506      0.7778     0.07s
    63      0.5204           -      0.5087      0.7778     0.07s
    64      0.5810           -      0.4753      0.7222     0.06s
    65      0.5368           -      0.4750      0.7778     0.07s
    66      0.5557           -      0.5011      0.7778     0.08s
    67      0.5213           -      0.5067      0.7778     0.07s
    68      0.5470           -      0.4802      0.7778     0.07s
    69      0.5254           -      0.4692      0.7778     0.07s
    70      0.5009           -      0.4622      0.7778     0.08s
    71      0.4831           -      0.4608      0.7778     0.07s
    72      0.5309           -      0.4646      0.7222     0.07s
    73      0.5466           -      0.4974      0.6111     0.07s
    74      0.5618           -      0.5449      0.6111     0.08s
    75      0.5228           -      0.5602      0.7222     0.07s
    76      0.5302           -      0.4966      0.7222     0.07s
    77      0.4697           -      0.4662      0.6667     0.07s
    78      0.4785           -      0.4664      0.6667     0.07s
    79      0.5187           -      0.4920      0.7222     0.07s
    80      0.4954           -      0.4847      0.7222     0.07s
    81      0.5190           -      0.5096      0.7778     0.07s
    82      0.4974           -      0.4937      0.7778     0.07s
    83      0.5143           -      0.4836      0.7222     0.08s

  验证集连续 50 轮没有提升，提前停止训练。

------------------------------------------------------------------------------
第 4 步：用验证集上最好的模型测测试集
------------------------------------------------------------------------------
  最好的一轮（第 33 轮）：验证集准确率 = 0.8333
  训练集准确率 = 0.7303   （和验证集差很多就说明过拟合了）
  测试集损失 = 0.6276
  测试集准确率 = 0.6667   <<< 这是最终成绩
  测试耗时 0.01s

------------------------------------------------------------------------------
时间统计
------------------------------------------------------------------------------
  纯训练总耗时      = 6.30s（不含评估，共 83 轮）
  平均每轮训练耗时  = 0.07s
  每个 epoch 的 batch 数 = 5
  整个脚本总耗时    = 7.13s

结果已追加到：D:\PHD\博一\入学任务\任务三_图分类\results\results.jsonl
逐轮历史已保存：D:\PHD\博一\入学任务\任务三_图分类\results\history\MUTAG_GCN_pool-avg_sample_L3_lr0.01.json
==============================================================================
