==============================================================================
任务三 图分类 —— ENZYMES_GAT_pool-min_sample_L3_lr0.01
时间：2026-09-15 20:54:40
==============================================================================
数据集=ENZYMES  模型=GAT  池化=MinPooling（最小池化）（min）
层数=3  隐藏维度=128  dropout=0.5
学习率=0.01  权重衰减=0.0005  轮数=150
训练方式=分批次训练  批次大小设置=32  随机种子=42

------------------------------------------------------------------------------
第 1 步：加载数据
------------------------------------------------------------------------------
  数据加载用时 0.23s
  节点特征维度=21  输出维度=6  任务类型=classification
  训练集 480 张图 / 验证集 60 / 测试集 60
  训练批次大小=32  每个 epoch 有 15 个 batch

------------------------------------------------------------------------------
第 2 步：搭建模型
------------------------------------------------------------------------------
  GAT + MinPooling（最小池化）
  可训练参数量 = 46,278
  模型结构：
GraphClassifier(
  (convs): ModuleList(
    (0): GATConv(21, 16, heads=8)
    (1-2): 2 x GATConv(128, 16, heads=8)
  )
  (norms): ModuleList(
    (0-2): 3 x BatchNorm1d(128, eps=1e-05, momentum=0.1, affine=True, track_running_stats=True)
  )
  (pool_norm): BatchNorm1d(128, eps=1e-05, momentum=0.1, affine=True, track_running_stats=True)
  (classifier): Sequential(
    (0): Linear(in_features=128, out_features=64, bias=True)
    (1): ReLU()
    (2): Dropout(p=0.5, inplace=False)
    (3): Linear(in_features=64, out_features=6, bias=True)
  )
)

------------------------------------------------------------------------------
第 3 步：开始训练
------------------------------------------------------------------------------
    轮次        训练损失        训练指标        验证损失       验证准确率        耗时
     1      1.7958           -      1.7922      0.1667     3.10s
     2      1.7961           -      1.7881      0.1833     0.32s
     3      1.7920           -      1.8167      0.1667     0.32s
     4      1.7945           -      1.8935      0.1667     0.29s
     5      1.7943           -      1.7991      0.1667     0.31s
     6      1.7924           -      2.1505      0.1667     0.32s
     7      1.7918           -      2.2400      0.1667     0.29s
     8      1.7962           -      3.2313      0.1667     0.30s
     9      1.7939           -      4.5794      0.1667     0.31s
    10      1.7944           -      8.2067      0.1667     0.29s
    11      1.7925           -      8.8789      0.1667     0.28s
    12      1.7931           -      8.6455      0.1667     0.29s
    13      1.7936           -      3.6735      0.1500     0.32s
    14      1.7938           -      5.4505      0.1667     0.30s
    15      1.7925           -      5.1852      0.1667     0.29s
    16      1.7909           -      3.7275      0.1667     0.29s
    17      1.7932           -      3.9674      0.1667     0.32s
    18      1.7949           -      6.2436      0.1667     0.33s
    19      1.7931           -      6.9118      0.1667     0.33s
    20      1.7939           -      8.5810      0.1667     0.35s
    21      1.7958           -     10.0296      0.1667     0.31s
    22      1.7889           -      9.3690      0.1667     0.30s
    23      1.7955           -      6.8467      0.1667     0.30s
    24      1.7955           -      5.5246      0.1667     0.30s
    25      1.7941           -      4.8411      0.1667     0.36s
    26      1.7927           -      4.8545      0.1667     0.29s
    27      1.7911           -      8.5924      0.1667     0.34s
    28      1.7926           -      5.4397      0.1667     0.31s
    29      1.7928           -      8.1525      0.1667     0.31s
    30      1.7909           -     10.7455      0.1667     0.29s
    31      1.7937           -     10.0377      0.1667     0.29s
    32      1.7936           -      8.5288      0.1667     0.28s
    33      1.7943           -      7.8271      0.1667     0.32s
    34      1.7953           -      5.5264      0.1667     0.32s
    35      1.7935           -      3.7899      0.1667     0.31s
    36      1.7937           -      4.2237      0.1667     0.30s
    37      1.7950           -      6.2627      0.1667     0.29s
    38      1.7928           -      4.9557      0.1667     0.31s
    39      1.7914           -      3.1837      0.1667     0.29s
    40      1.7907           -      6.4628      0.1667     0.29s
    41      1.7945           -      7.2975      0.1667     0.28s
    42      1.7918           -      6.3601      0.1667     0.31s
    43      1.7943           -      6.6296      0.1667     0.32s
    44      1.7930           -      5.9367      0.1667     0.33s
    45      1.7918           -      5.5946      0.1667     0.28s
    46      1.7924           -      7.3727      0.1667     0.29s
    47      1.7927           -      7.7169      0.1667     0.29s
    48      1.7924           -      8.0158      0.1667     0.29s
    49      1.7921           -      5.8682      0.1667     0.29s
    50      1.7926           -      5.1906      0.1667     0.29s
    51      1.7917           -      5.0113      0.1667     0.29s
    52      1.7922           -      5.6618      0.1667     0.31s

  验证集连续 50 轮没有提升，提前停止训练。

------------------------------------------------------------------------------
第 4 步：用验证集上最好的模型测测试集
------------------------------------------------------------------------------
  最好的一轮（第 2 轮）：验证集准确率 = 0.1833
  训练集准确率 = 0.1938   （和验证集差很多就说明过拟合了）
  测试集损失 = 1.7865
  测试集准确率 = 0.1667   <<< 这是最终成绩
  测试耗时 0.02s

------------------------------------------------------------------------------
时间统计
------------------------------------------------------------------------------
  纯训练总耗时      = 18.64s（不含评估，共 52 轮）
  平均每轮训练耗时  = 0.30s
  每个 epoch 的 batch 数 = 15
  整个脚本总耗时    = 20.33s

结果已追加到：D:\PHD\博一\入学任务\任务三_图分类\results\results.jsonl
逐轮历史已保存：D:\PHD\博一\入学任务\任务三_图分类\results\history\ENZYMES_GAT_pool-min_sample_L3_lr0.01.json
==============================================================================
