==============================================================================
任务三 图分类 —— MUTAG_GraphSAGE_pool-max_sample_L3_lr0.01
时间：2026-09-15 20:47:49
==============================================================================
数据集=MUTAG  模型=GraphSAGE  池化=MaxPooling（最大池化）（max）
层数=3  隐藏维度=128  dropout=0.5
学习率=0.01  权重衰减=0.0005  轮数=150
训练方式=分批次训练  批次大小设置=32  随机种子=42

------------------------------------------------------------------------------
第 1 步：加载数据
------------------------------------------------------------------------------
  数据加载用时 0.20s
  节点特征维度=7  输出维度=2  任务类型=classification
  训练集 152 张图 / 验证集 18 / 测试集 18
  训练批次大小=32  每个 epoch 有 5 个 batch

------------------------------------------------------------------------------
第 2 步：搭建模型
------------------------------------------------------------------------------
  GraphSAGE + MaxPooling（最大池化）
  可训练参数量 = 77,122
  模型结构：
GraphClassifier(
  (convs): ModuleList(
    (0): SAGEConv(7, 128)
    (1-2): 2 x SAGEConv(128, 128)
  )
  (norms): ModuleList(
    (0-2): 3 x BatchNorm1d(128, eps=1e-05, momentum=0.1, affine=True, track_running_stats=True)
  )
  (pool_norm): BatchNorm1d(128, eps=1e-05, momentum=0.1, affine=True, track_running_stats=True)
  (classifier): Sequential(
    (0): Linear(in_features=128, out_features=64, bias=True)
    (1): ReLU()
    (2): Dropout(p=0.5, inplace=False)
    (3): Linear(in_features=64, out_features=2, bias=True)
  )
)

------------------------------------------------------------------------------
第 3 步：开始训练
------------------------------------------------------------------------------
    轮次        训练损失        训练指标        验证损失       验证准确率        耗时
     1      0.6879           -      0.6585      0.6667     0.38s
     2      0.6246           -      0.6687      0.6667     0.07s
     3      0.6472           -      0.6717      0.6667     0.06s
     4      0.6246           -      0.6713      0.6667     0.06s
     5      0.6088           -      0.6758      0.6667     0.06s
     6      0.5969           -      0.6783      0.6667     0.06s
     7      0.5582           -      0.6770      0.6667     0.06s
     8      0.5111           -      0.6829      0.6667     0.06s
     9      0.5562           -      0.6983      0.3333     0.06s
    10      0.5411           -      0.7116      0.3333     0.06s
    11      0.5746           -      0.7195      0.3333     0.06s
    12      0.5352           -      0.7277      0.3333     0.07s
    13      0.5516           -      0.7461      0.3333     0.06s
    14      0.5651           -      0.7384      0.3333     0.06s
    15      0.5265           -      0.7439      0.3333     0.06s
    16      0.5672           -      0.7615      0.3333     0.06s
    17      0.6092           -      0.7748      0.3333     0.07s
    18      0.5552           -      0.7660      0.3333     0.06s
    19      0.5908           -      0.7490      0.3333     0.06s
    20      0.5641           -      0.7640      0.3333     0.06s
    21      0.5669           -      0.7672      0.3333     0.06s
    22      0.5533           -      0.7614      0.3333     0.07s
    23      0.5648           -      0.7569      0.3333     0.06s
    24      0.5401           -      0.7701      0.3333     0.06s
    25      0.5499           -      0.7766      0.3333     0.06s
    26      0.5146           -      0.7712      0.3333     0.06s
    27      0.5903           -      0.7673      0.3333     0.07s
    28      0.5854           -      0.7406      0.3333     0.06s
    29      0.5831           -      0.7177      0.3333     0.06s
    30      0.5148           -      0.7308      0.3333     0.06s
    31      0.5555           -      0.7801      0.3333     0.06s
    32      0.4963           -      0.8079      0.3333     0.07s
    33      0.6160           -      0.8208      0.3333     0.06s
    34      0.4805           -      0.7919      0.3333     0.06s
    35      0.5900           -      0.7752      0.3333     0.06s
    36      0.5896           -      0.7784      0.3333     0.06s
    37      0.5533           -      0.7492      0.3333     0.06s
    38      0.5452           -      0.7487      0.3333     0.06s
    39      0.5575           -      0.7483      0.3333     0.06s
    40      0.5489           -      0.7475      0.3333     0.06s
    41      0.5541           -      0.7493      0.3333     0.06s
    42      0.5332           -      0.7594      0.3333     0.06s
    43      0.5386           -      0.7508      0.3333     0.07s
    44      0.5063           -      0.7455      0.3333     0.06s
    45      0.5344           -      0.7352      0.3333     0.06s
    46      0.5386           -      0.7404      0.3333     0.06s
    47      0.5454           -      0.7604      0.3333     0.06s
    48      0.5634           -      0.7548      0.3333     0.06s
    49      0.5666           -      0.7427      0.3333     0.06s
    50      0.5444           -      0.7360      0.3333     0.06s
    51      0.4785           -      0.7628      0.3333     0.06s

  验证集连续 50 轮没有提升，提前停止训练。

------------------------------------------------------------------------------
第 4 步：用验证集上最好的模型测测试集
------------------------------------------------------------------------------
  最好的一轮（第 1 轮）：验证集准确率 = 0.6667
  训练集准确率 = 0.6645   （和验证集差很多就说明过拟合了）
  测试集损失 = 0.6585
  测试集准确率 = 0.6667   <<< 这是最终成绩
  测试耗时 0.01s

------------------------------------------------------------------------------
时间统计
------------------------------------------------------------------------------
  纯训练总耗时      = 3.45s（不含评估，共 51 轮）
  平均每轮训练耗时  = 0.06s
  每个 epoch 的 batch 数 = 5
  整个脚本总耗时    = 3.82s

结果已追加到：D:\PHD\博一\入学任务\任务三_图分类\results\results.jsonl
逐轮历史已保存：D:\PHD\博一\入学任务\任务三_图分类\results\history\MUTAG_GraphSAGE_pool-max_sample_L3_lr0.01.json
==============================================================================
