==============================================================================
任务三 图分类 —— PROTEINS_GCN_pool-min_sample_L3_lr0.01
时间：2026-09-15 20:49:10
==============================================================================
数据集=PROTEINS  模型=GCN  池化=MinPooling（最小池化）（min）
层数=3  隐藏维度=128  dropout=0.5
学习率=0.01  权重衰减=0.0005  轮数=150
训练方式=分批次训练  批次大小设置=32  随机种子=42

------------------------------------------------------------------------------
第 1 步：加载数据
------------------------------------------------------------------------------
  数据加载用时 0.20s
  节点特征维度=4  输出维度=2  任务类型=classification
  训练集 891 张图 / 验证集 111 / 测试集 111
  训练批次大小=32  每个 epoch 有 28 个 batch

------------------------------------------------------------------------------
第 2 步：搭建模型
------------------------------------------------------------------------------
  GCN + MinPooling（最小池化）
  可训练参数量 = 43,074
  模型结构：
GraphClassifier(
  (convs): ModuleList(
    (0): GCNConv(4, 128)
    (1-2): 2 x GCNConv(128, 128)
  )
  (norms): ModuleList(
    (0-2): 3 x BatchNorm1d(128, eps=1e-05, momentum=0.1, affine=True, track_running_stats=True)
  )
  (pool_norm): BatchNorm1d(128, eps=1e-05, momentum=0.1, affine=True, track_running_stats=True)
  (classifier): Sequential(
    (0): Linear(in_features=128, out_features=64, bias=True)
    (1): ReLU()
    (2): Dropout(p=0.5, inplace=False)
    (3): Linear(in_features=64, out_features=2, bias=True)
  )
)

------------------------------------------------------------------------------
第 3 步：开始训练
------------------------------------------------------------------------------
    轮次        训练损失        训练指标        验证损失       验证准确率        耗时
     1      0.6778           -      0.6495      0.6937     0.74s
     2      0.6696           -      3.4873      0.4054     0.47s
     3      0.6725           -      4.9762      0.4054     0.41s
     4      0.6683           -     20.3500      0.4054     0.37s
     5      0.6692           -     41.8696      0.4054     0.41s
     6      0.6643           -     54.7092      0.4054     0.35s
     7      0.6681           -     66.1116      0.4054     0.42s
     8      0.6539           -     68.6054      0.4054     0.36s
     9      0.6599           -    115.2117      0.4054     0.34s
    10      0.6518           -    102.6909      0.4054     0.32s
    11      0.6573           -    149.4731      0.4054     0.32s
    12      0.6552           -    142.9522      0.4054     0.35s
    13      0.6539           -     76.5631      0.4054     0.32s
    14      0.6559           -     90.6607      0.4054     0.32s
    15      0.6583           -    113.3038      0.4054     0.34s
    16      0.6612           -     83.5629      0.4054     0.30s
    17      0.6476           -    114.3942      0.4054     0.33s
    18      0.6517           -    132.3154      0.4054     0.31s
    19      0.6660           -    104.0610      0.4054     0.32s
    20      0.6484           -    120.6722      0.4054     0.40s
    21      0.6529           -    141.2759      0.4054     0.41s
    22      0.6538           -    126.9926      0.4054     0.45s
    23      0.6538           -    145.5082      0.4054     0.41s
    24      0.6557           -    149.9162      0.4054     0.43s
    25      0.6559           -     96.5682      0.4054     0.38s
    26      0.6538           -    108.2963      0.4054     0.37s
    27      0.6589           -    114.9983      0.4054     0.36s
    28      0.6558           -    142.3147      0.4054     0.32s
    29      0.6699           -     85.7271      0.4054     0.34s
    30      0.6642           -     67.1937      0.4054     0.31s
    31      0.6620           -    105.3714      0.4054     0.35s
    32      0.6529           -     87.4886      0.4054     0.32s
    33      0.6687           -     89.6032      0.4054     0.30s
    34      0.6577           -     90.9528      0.4054     0.29s
    35      0.6508           -    102.0110      0.4054     0.30s
    36      0.6741           -     69.0021      0.4054     0.34s
    37      0.6555           -     85.1729      0.4054     0.33s
    38      0.6688           -     76.0725      0.4054     0.34s
    39      0.6601           -     75.0572      0.4054     0.31s
    40      0.6604           -     79.9749      0.4054     0.27s
    41      0.6612           -     82.3257      0.4054     0.37s
    42      0.6548           -     73.8728      0.4054     0.46s
    43      0.6658           -     76.4157      0.4054     0.47s
    44      0.6541           -     75.0455      0.4054     0.46s
    45      0.6511           -     81.9599      0.4054     0.44s
    46      0.6526           -     85.4580      0.4054     0.50s
    47      0.6559           -    100.0037      0.4054     0.47s
    48      0.6745           -    113.6589      0.4054     0.47s
    49      0.6570           -     83.0209      0.4054     0.47s
    50      0.6524           -    107.7583      0.4054     0.56s
    51      0.6542           -    135.9359      0.4054     0.58s

  验证集连续 50 轮没有提升，提前停止训练。

------------------------------------------------------------------------------
第 4 步：用验证集上最好的模型测测试集
------------------------------------------------------------------------------
  最好的一轮（第 1 轮）：验证集准确率 = 0.6937
  训练集准确率 = 0.7228   （和验证集差很多就说明过拟合了）
  测试集损失 = 0.6635
  测试集准确率 = 0.6216   <<< 这是最终成绩
  测试耗时 0.05s

------------------------------------------------------------------------------
时间统计
------------------------------------------------------------------------------
  纯训练总耗时      = 19.69s（不含评估，共 51 轮）
  平均每轮训练耗时  = 0.38s
  每个 epoch 的 batch 数 = 28
  整个脚本总耗时    = 21.48s

结果已追加到：D:\PHD\博一\入学任务\任务三_图分类\results\results.jsonl
逐轮历史已保存：D:\PHD\博一\入学任务\任务三_图分类\results\history\PROTEINS_GCN_pool-min_sample_L3_lr0.01.json
==============================================================================
