==============================================================================
任务三 图分类 —— MUTAG_GCN_pool-max_sample_L3_lr0.01
时间：2026-09-15 20:46:50
==============================================================================
数据集=MUTAG  模型=GCN  池化=MaxPooling（最大池化）（max）
层数=3  隐藏维度=128  dropout=0.5
学习率=0.01  权重衰减=0.0005  轮数=150
训练方式=分批次训练  批次大小设置=32  随机种子=42

------------------------------------------------------------------------------
第 1 步：加载数据
------------------------------------------------------------------------------
  数据加载用时 0.18s
  节点特征维度=7  输出维度=2  任务类型=classification
  训练集 152 张图 / 验证集 18 / 测试集 18
  训练批次大小=32  每个 epoch 有 5 个 batch

------------------------------------------------------------------------------
第 2 步：搭建模型
------------------------------------------------------------------------------
  GCN + MaxPooling（最大池化）
  可训练参数量 = 43,458
  模型结构：
GraphClassifier(
  (convs): ModuleList(
    (0): GCNConv(7, 128)
    (1-2): 2 x GCNConv(128, 128)
  )
  (norms): ModuleList(
    (0-2): 3 x BatchNorm1d(128, eps=1e-05, momentum=0.1, affine=True, track_running_stats=True)
  )
  (pool_norm): BatchNorm1d(128, eps=1e-05, momentum=0.1, affine=True, track_running_stats=True)
  (classifier): Sequential(
    (0): Linear(in_features=128, out_features=64, bias=True)
    (1): ReLU()
    (2): Dropout(p=0.5, inplace=False)
    (3): Linear(in_features=64, out_features=2, bias=True)
  )
)

------------------------------------------------------------------------------
第 3 步：开始训练
------------------------------------------------------------------------------
    轮次        训练损失        训练指标        验证损失       验证准确率        耗时
     1      0.6999           -      0.6966      0.3333     0.40s
     2      0.6599           -      0.7051      0.3333     0.08s
     3      0.6061           -      0.7015      0.3333     0.09s
     4      0.5719           -      0.7103      0.3333     0.08s
     5      0.6239           -      0.7235      0.3333     0.07s
     6      0.6387           -      0.7186      0.3333     0.08s
     7      0.5381           -      0.7090      0.3333     0.10s
     8      0.5440           -      0.7147      0.3333     0.08s
     9      0.5031           -      0.7261      0.3333     0.07s
    10      0.5088           -      0.7285      0.3333     0.08s
    11      0.5524           -      0.7282      0.3333     0.10s
    12      0.5034           -      0.7314      0.3333     0.10s
    13      0.5349           -      0.7374      0.3333     0.09s
    14      0.5624           -      0.7405      0.3333     0.09s
    15      0.5440           -      0.7422      0.3333     0.08s
    16      0.5120           -      0.7355      0.3333     0.08s
    17      0.4941           -      0.7428      0.3333     0.07s
    18      0.4865           -      0.7584      0.3333     0.07s
    19      0.6078           -      0.7642      0.3333     0.10s
    20      0.5706           -      0.7566      0.3333     0.08s
    21      0.5522           -      0.7506      0.3333     0.08s
    22      0.5490           -      0.7521      0.3333     0.09s
    23      0.5200           -      0.7573      0.3333     0.08s
    24      0.5241           -      0.7616      0.3333     0.08s
    25      0.5531           -      0.7645      0.3333     0.08s
    26      0.4860           -      0.7619      0.3333     0.09s
    27      0.5436           -      0.7620      0.3333     0.08s
    28      0.4868           -      0.7586      0.3333     0.08s
    29      0.5384           -      0.7633      0.3333     0.08s
    30      0.5075           -      0.7616      0.3333     0.12s
    31      0.4778           -      0.7567      0.3333     0.10s
    32      0.5081           -      0.7589      0.3333     0.09s
    33      0.5645           -      0.7636      0.3333     0.10s
    34      0.5034           -      0.7640      0.3333     0.09s
    35      0.5090           -      0.7728      0.3333     0.08s
    36      0.5374           -      0.7742      0.3333     0.08s
    37      0.5406           -      0.7748      0.3333     0.09s
    38      0.5142           -      0.7725      0.3333     0.08s
    39      0.5361           -      0.7692      0.3333     0.08s
    40      0.5147           -      0.7644      0.3333     0.08s
    41      0.5315           -      0.7615      0.3333     0.08s
    42      0.5637           -      0.7397      0.3333     0.08s
    43      0.5308           -      0.7561      0.3333     0.08s
    44      0.5230           -      0.7537      0.3333     0.07s
    45      0.5849           -      0.7587      0.3333     0.09s
    46      0.5262           -      0.7660      0.3333     0.08s
    47      0.5113           -      0.7658      0.3333     0.08s
    48      0.5260           -      0.7668      0.3333     0.12s
    49      0.5107           -      0.7644      0.3333     0.08s
    50      0.4954           -      0.7682      0.3333     0.08s
    51      0.5065           -      0.7726      0.3333     0.07s

  验证集连续 50 轮没有提升，提前停止训练。

------------------------------------------------------------------------------
第 4 步：用验证集上最好的模型测测试集
------------------------------------------------------------------------------
  最好的一轮（第 1 轮）：验证集准确率 = 0.3333
  训练集准确率 = 0.3355   （和验证集差很多就说明过拟合了）
  测试集损失 = 0.6966
  测试集准确率 = 0.3333   <<< 这是最终成绩
  测试耗时 0.01s

------------------------------------------------------------------------------
时间统计
------------------------------------------------------------------------------
  纯训练总耗时      = 4.62s（不含评估，共 51 轮）
  平均每轮训练耗时  = 0.08s
  每个 epoch 的 batch 数 = 5
  整个脚本总耗时    = 5.19s

结果已追加到：D:\PHD\博一\入学任务\任务三_图分类\results\results.jsonl
逐轮历史已保存：D:\PHD\博一\入学任务\任务三_图分类\results\history\MUTAG_GCN_pool-max_sample_L3_lr0.01.json
==============================================================================
