==============================================================================
任务三 图分类 —— ENZYMES_GCN_pool-min_sample_L3_lr0.01
时间：2026-09-15 20:53:48
==============================================================================
数据集=ENZYMES  模型=GCN  池化=MinPooling（最小池化）（min）
层数=3  隐藏维度=128  dropout=0.5
学习率=0.01  权重衰减=0.0005  轮数=150
训练方式=分批次训练  批次大小设置=32  随机种子=42

------------------------------------------------------------------------------
第 1 步：加载数据
------------------------------------------------------------------------------
  数据加载用时 0.21s
  节点特征维度=21  输出维度=6  任务类型=classification
  训练集 480 张图 / 验证集 60 / 测试集 60
  训练批次大小=32  每个 epoch 有 15 个 batch

------------------------------------------------------------------------------
第 2 步：搭建模型
------------------------------------------------------------------------------
  GCN + MinPooling（最小池化）
  可训练参数量 = 45,510
  模型结构：
GraphClassifier(
  (convs): ModuleList(
    (0): GCNConv(21, 128)
    (1-2): 2 x GCNConv(128, 128)
  )
  (norms): ModuleList(
    (0-2): 3 x BatchNorm1d(128, eps=1e-05, momentum=0.1, affine=True, track_running_stats=True)
  )
  (pool_norm): BatchNorm1d(128, eps=1e-05, momentum=0.1, affine=True, track_running_stats=True)
  (classifier): Sequential(
    (0): Linear(in_features=128, out_features=64, bias=True)
    (1): ReLU()
    (2): Dropout(p=0.5, inplace=False)
    (3): Linear(in_features=64, out_features=6, bias=True)
  )
)

------------------------------------------------------------------------------
第 3 步：开始训练
------------------------------------------------------------------------------
    轮次        训练损失        训练指标        验证损失       验证准确率        耗时
     1      1.7958           -      1.7832      0.1667     0.54s
     2      1.7938           -      1.7909      0.2167     0.26s
     3      1.7949           -      1.8204      0.1833     0.24s
     4      1.7902           -      1.8335      0.1667     0.23s
     5      1.7970           -      1.7972      0.1667     0.24s
     6      1.7871           -      2.0161      0.2000     0.23s
     7      1.7991           -      2.8521      0.1667     0.23s
     8      1.7936           -      3.4914      0.2000     0.24s
     9      1.7986           -      3.7634      0.1333     0.24s
    10      1.7936           -      3.0246      0.1667     0.24s
    11      1.7914           -      5.9604      0.1667     0.22s
    12      1.7941           -      7.0477      0.1667     0.24s
    13      1.7913           -      7.4751      0.1667     0.24s
    14      1.7852           -     11.7452      0.1667     0.22s
    15      1.7977           -      9.5725      0.1667     0.24s
    16      1.7934           -     17.1156      0.1667     0.24s
    17      1.7913           -      9.6887      0.1667     0.24s
    18      1.7919           -      4.2436      0.1667     0.23s
    19      1.7917           -      3.7790      0.1667     0.24s
    20      1.7972           -      8.9042      0.1667     0.23s
    21      1.7927           -      7.6664      0.1667     0.23s
    22      1.7966           -      4.1328      0.1500     0.24s
    23      1.7923           -      6.5373      0.1667     0.24s
    24      1.7908           -      7.3439      0.1667     0.23s
    25      1.7921           -     12.0605      0.1667     0.24s
    26      1.7879           -     15.9059      0.1667     0.24s
    27      1.7916           -      6.4620      0.1667     0.22s
    28      1.7928           -      3.8823      0.2333     0.24s
    29      1.7933           -      3.4836      0.1833     0.24s
    30      1.7926           -      3.9932      0.1667     0.24s
    31      1.7904           -     11.7453      0.1667     0.23s
    32      1.7911           -      9.1641      0.1667     0.24s
    33      1.7917           -     14.4101      0.1667     0.26s
    34      1.7894           -     12.0814      0.1667     0.24s
    35      1.7928           -     14.9983      0.1500     0.23s
    36      1.7918           -     15.9699      0.1667     0.22s
    37      1.7888           -     17.6927      0.1667     0.21s
    38      1.7898           -     10.5256      0.1667     0.22s
    39      1.7939           -     14.3348      0.1667     0.23s
    40      1.7937           -     25.7961      0.1667     0.21s
    41      1.7922           -     16.2217      0.1667     0.22s
    42      1.7951           -      7.2647      0.1667     0.22s
    43      1.7910           -      7.0922      0.1667     0.21s
    44      1.7902           -      6.6734      0.1667     0.21s
    45      1.7913           -     10.7466      0.1667     0.22s
    46      1.7924           -     13.8275      0.1667     0.22s
    47      1.7907           -     13.4945      0.1667     0.21s
    48      1.7890           -     10.2763      0.1667     0.23s
    49      1.7904           -     13.3834      0.1667     0.25s
    50      1.7916           -     15.7584      0.1667     0.27s
    51      1.7919           -     17.6115      0.1667     0.24s
    52      1.7890           -     12.8865      0.1667     0.22s
    53      1.7944           -      8.9143      0.1667     0.24s
    54      1.7922           -      7.6710      0.1667     0.23s
    55      1.7948           -      7.5989      0.1667     0.30s
    56      1.7897           -      9.9780      0.1667     0.24s
    57      1.7932           -      8.4798      0.1667     0.23s
    58      1.7903           -      6.5811      0.1667     0.23s
    59      1.7923           -      6.5865      0.1667     0.24s
    60      1.7920           -      8.8929      0.1667     0.24s
    61      1.7895           -     13.2672      0.1667     0.23s
    62      1.7887           -     21.4483      0.1667     0.24s
    63      1.7911           -     22.9410      0.1667     0.24s
    64      1.7953           -     17.4008      0.1667     0.23s
    65      1.7911           -     16.7740      0.1667     0.24s
    66      1.7892           -      9.5705      0.1667     0.26s
    67      1.7912           -     13.1091      0.1667     0.23s
    68      1.7920           -     17.1640      0.1667     0.24s
    69      1.7923           -     21.1134      0.1667     0.24s
    70      1.7931           -     48.5175      0.1833     0.22s
    71      1.7925           -     20.0572      0.1667     0.24s
    72      1.7927           -     13.0126      0.1667     0.23s
    73      1.7896           -     10.7459      0.1667     0.23s
    74      1.7912           -      7.6830      0.1667     0.24s
    75      1.7908           -     11.3051      0.1667     0.24s
    76      1.7907           -     11.8776      0.1667     0.23s
    77      1.7960           -     10.1783      0.1667     0.23s
    78      1.7912           -     15.5213      0.1667     0.23s

  验证集连续 50 轮没有提升，提前停止训练。

------------------------------------------------------------------------------
第 4 步：用验证集上最好的模型测测试集
------------------------------------------------------------------------------
  最好的一轮（第 28 轮）：验证集准确率 = 0.2333
  训练集准确率 = 0.2042   （和验证集差很多就说明过拟合了）
  测试集损失 = 4.4768
  测试集准确率 = 0.2000   <<< 这是最终成绩
  测试耗时 0.02s

------------------------------------------------------------------------------
时间统计
------------------------------------------------------------------------------
  纯训练总耗时      = 18.58s（不含评估，共 78 轮）
  平均每轮训练耗时  = 0.23s
  每个 epoch 的 batch 数 = 15
  整个脚本总耗时    = 20.18s

结果已追加到：D:\PHD\博一\入学任务\任务三_图分类\results\results.jsonl
逐轮历史已保存：D:\PHD\博一\入学任务\任务三_图分类\results\history\ENZYMES_GCN_pool-min_sample_L3_lr0.01.json
==============================================================================
