==============================================================================
任务三 图分类 —— ENZYMES_GIN_pool-avg_sample_L3_lr0.01
时间：2026-09-15 20:20:57
==============================================================================
数据集=ENZYMES  模型=GIN  池化=AvgPooling（平均池化）（avg）
层数=3  隐藏维度=128  dropout=0.5
学习率=0.01  权重衰减=0.0005  轮数=150
训练方式=分批次训练  批次大小设置=32  随机种子=42

------------------------------------------------------------------------------
第 1 步：加载数据
------------------------------------------------------------------------------
  数据加载用时 0.24s
  节点特征维度=21  输出维度=6  任务类型=classification
  训练集 480 张图 / 验证集 60 / 测试集 60
  训练批次大小=32  每个 epoch 有 15 个 batch

------------------------------------------------------------------------------
第 2 步：搭建模型
------------------------------------------------------------------------------
  GIN + AvgPooling（平均池化）
  可训练参数量 = 95,049
  模型结构：
GraphClassifier(
  (convs): ModuleList(
    (0): GINConv(nn=Sequential(
      (0): Linear(in_features=21, out_features=128, bias=True)
      (1): ReLU()
      (2): Linear(in_features=128, out_features=128, bias=True)
    ))
    (1-2): 2 x GINConv(nn=Sequential(
      (0): Linear(in_features=128, out_features=128, bias=True)
      (1): ReLU()
      (2): Linear(in_features=128, out_features=128, bias=True)
    ))
  )
  (norms): ModuleList(
    (0-2): 3 x BatchNorm1d(128, eps=1e-05, momentum=0.1, affine=True, track_running_stats=True)
  )
  (pool_norm): BatchNorm1d(128, eps=1e-05, momentum=0.1, affine=True, track_running_stats=True)
  (classifier): Sequential(
    (0): Linear(in_features=128, out_features=64, bias=True)
    (1): ReLU()
    (2): Dropout(p=0.5, inplace=False)
    (3): Linear(in_features=64, out_features=6, bias=True)
  )
)

------------------------------------------------------------------------------
第 3 步：开始训练
------------------------------------------------------------------------------
    轮次        训练损失        训练指标        验证损失       验证准确率        耗时
     1      1.8281           -      2.0470      0.1500     0.55s
     2      1.8096           -      1.7925      0.2000     0.24s
     3      1.7617           -      1.7785      0.2167     0.22s
     4      1.7601           -      1.7528      0.2000     0.23s
     5      1.7562           -      1.7520      0.2667     0.22s
     6      1.7542           -      1.7442      0.2333     0.21s
     7      1.7134           -      1.7470      0.2500     0.24s
     8      1.8020           -      1.7713      0.1833     0.23s
     9      1.7271           -      1.7298      0.2167     0.21s
    10      1.7677           -      1.7430      0.2167     0.22s
    11      1.7247           -      1.7512      0.2167     0.22s
    12      1.7565           -      1.7233      0.2333     0.21s
    13      1.7423           -      1.7886      0.2000     0.22s
    14      1.7749           -      1.7323      0.2667     0.23s
    15      1.7229           -      1.7342      0.2833     0.21s
    16      1.7165           -      1.7437      0.2667     0.23s
    17      1.7297           -      1.7614      0.2333     0.22s
    18      1.7419           -      1.7925      0.2000     0.21s
    19      1.7235           -      1.7432      0.2000     0.23s
    20      1.7216           -      1.7707      0.2167     0.23s
    21      1.7351           -      1.7690      0.2167     0.20s
    22      1.7209           -      1.7388      0.2833     0.22s
    23      1.7154           -      1.7349      0.2500     0.22s
    24      1.7193           -      1.7891      0.1833     0.21s
    25      1.7116           -      1.7211      0.3000     0.22s
    26      1.6973           -      1.7570      0.2333     0.22s
    27      1.7395           -      2.1447      0.2000     0.21s
    28      1.7307           -      1.7687      0.2667     0.22s
    29      1.6765           -      1.7668      0.2167     0.22s
    30      1.7395           -      1.7256      0.3000     0.21s
    31      1.7025           -      1.7933      0.2333     0.22s
    32      1.6898           -      2.1095      0.3000     0.22s
    33      1.6819           -      1.6750      0.3167     0.21s
    34      1.6968           -      1.7536      0.2667     0.27s
    35      1.6972           -      2.1644      0.1667     0.27s
    36      1.6893           -      1.7949      0.2500     0.22s
    37      1.6749           -      1.6415      0.3167     0.18s
    38      1.7161           -      1.9504      0.2667     0.22s
    39      1.6918           -      1.7642      0.2000     0.25s
    40      1.6830           -      1.7259      0.2333     0.25s
    41      1.6503           -      1.7846      0.2500     0.27s
    42      1.6887           -      1.7129      0.2333     0.25s
    43      1.6649           -      1.7326      0.2167     0.23s
    44      1.6944           -      1.8845      0.2333     0.25s
    45      1.6976           -      1.8889      0.3167     0.23s
    46      1.6862           -      1.7468      0.2500     0.25s
    47      1.6843           -      2.2778      0.2500     0.24s
    48      1.7034           -      1.8020      0.2333     0.21s
    49      1.6617           -      1.7460      0.2333     0.24s
    50      1.6617           -      6.8722      0.2000     0.24s
    51      1.6623           -      1.8358      0.2000     0.22s
    52      1.6583           -      1.7034      0.1833     0.23s
    53      1.6882           -      1.8586      0.2167     0.24s
    54      1.6446           -      3.9851      0.2167     0.22s
    55      1.7196           -      1.8332      0.1500     0.23s
    56      1.6989           -      1.7405      0.2833     0.24s
    57      1.6688           -      7.9507      0.2167     0.23s
    58      1.6523           -      1.6633      0.3333     0.24s
    59      1.6568           -      1.5922      0.2667     0.25s
    60      1.6218           -      7.2750      0.2167     0.23s
    61      1.6668           -      1.8083      0.1833     0.24s
    62      1.6696           -      1.6707      0.3000     0.23s
    63      1.6252           -      4.3789      0.2333     0.21s
    64      1.6442           -      1.6463      0.3333     0.23s
    65      1.6762           -      1.8202      0.1833     0.23s
    66      1.6838           -      1.7316      0.2333     0.21s
    67      1.6317           -      1.7131      0.2833     0.23s
    68      1.6328           -      1.6944      0.3500     0.24s
    69      1.6307           -      1.8221      0.2167     0.22s
    70      1.6568           -      1.6936      0.2833     0.24s
    71      1.6253           -      4.8810      0.2167     0.22s
    72      1.6569           -      1.6630      0.2167     0.20s
    73      1.6575           -      1.5339      0.3000     0.21s
    74      1.6051           -      1.7210      0.2667     0.21s
    75      1.6648           -      1.7917      0.1833     0.21s
    76      1.6762           -      1.7426      0.3833     0.22s
    77      1.5992           -      3.4834      0.2833     0.22s
    78      1.6413           -      1.6297      0.3333     0.21s
    79      1.6296           -      1.5413      0.3500     0.23s
    80      1.6469           -      1.7184      0.3167     0.23s
    81      1.6136           -      1.5189      0.3167     0.21s
    82      1.6371           -      1.7054      0.2333     0.23s
    83      1.6622           -      1.6550      0.3333     0.23s
    84      1.6267           -      1.7049      0.3333     0.22s
    85      1.6232           -      1.7720      0.2167     0.23s
    86      1.6419           -      1.8533      0.3500     0.24s
    87      1.5896           -      1.5290      0.3167     0.22s
    88      1.6116           -      1.8049      0.2000     0.23s
    89      1.6448           -      1.5658      0.3667     0.22s
    90      1.6118           -      1.6560      0.3333     0.21s
    91      1.6568           -      1.7931      0.2167     0.24s
    92      1.6183           -      1.9114      0.3333     0.23s
    93      1.6342           -      1.5890      0.3333     0.21s
    94      1.5955           -      1.5734      0.3667     0.24s
    95      1.5958           -      1.4983      0.3500     0.23s
    96      1.6499           -      1.6198      0.3667     0.21s
    97      1.6368           -      2.2979      0.2667     0.23s
    98      1.5982           -      1.8084      0.2500     0.24s
    99      1.6190           -      1.6299      0.3000     0.22s
   100      1.6033           -      1.5386      0.3833     0.23s
   101      1.6174           -      1.5773      0.3500     0.23s
   102      1.5900           -      1.7712      0.1833     0.19s
   103      1.6534           -      1.5581      0.3667     0.20s
   104      1.6504           -      1.5435      0.3167     0.18s
   105      1.6477           -      1.5260      0.3667     0.19s
   106      1.6201           -      1.7183      0.2833     0.19s
   107      1.6072           -      1.5733      0.3333     0.19s
   108      1.6134           -      1.7983      0.1833     0.20s
   109      1.6455           -      3.0771      0.2333     0.18s
   110      1.6476           -      1.6209      0.3667     0.19s
   111      1.6290           -      1.5160      0.4000     0.20s
   112      1.6158           -      1.7290      0.2667     0.20s
   113      1.6037           -      1.5206      0.3667     0.19s
   114      1.6194           -      1.8141      0.2167     0.20s
   115      1.6235           -      1.6737      0.3500     0.21s
   116      1.6099           -      1.7613      0.2500     0.19s
   117      1.6463           -      2.3526      0.3333     0.19s
   118      1.6068           -      1.5987      0.3000     0.18s
   119      1.6058           -      1.5369      0.4333     0.18s
   120      1.6082           -      1.4980      0.4167     0.18s
   121      1.6004           -      1.5364      0.4000     0.17s
   122      1.6261           -      1.5859      0.3833     0.19s
   123      1.5937           -      1.5412      0.3833     0.18s
   124      1.6307           -      1.5333      0.3833     0.18s
   125      1.6662           -      1.5172      0.3833     0.18s
   126      1.6186           -      1.7951      0.2667     0.18s
   127      1.6300           -      1.6647      0.3000     0.18s
   128      1.6333           -      1.4989      0.4167     0.18s
   129      1.6101           -      1.5397      0.4000     0.18s
   130      1.6253           -      1.5026      0.4000     0.18s
   131      1.6191           -      1.5788      0.3167     0.18s
   132      1.6119           -      1.5544      0.3833     0.18s
   133      1.6593           -      1.6374      0.3333     0.18s
   134      1.6374           -      1.5971      0.3333     0.18s
   135      1.6362           -      1.6581      0.3500     0.17s
   136      1.6188           -      2.4021      0.2667     0.18s
   137      1.6337           -      1.6364      0.3667     0.18s
   138      1.6306           -      1.6072      0.3333     0.18s
   139      1.5945           -      1.5484      0.3667     0.18s
   140      1.5852           -      1.6006      0.3500     0.17s
   141      1.6062           -      1.6444      0.3333     0.19s
   142      1.6192           -      2.2857      0.3667     0.17s
   143      1.6236           -      1.6359      0.3333     0.18s
   144      1.5919           -      1.5371      0.3833     0.19s
   145      1.5933           -      1.7239      0.2667     0.17s
   146      1.6242           -      1.7670      0.2667     0.18s
   147      1.6254           -      4.4348      0.2500     0.17s
   148      1.6681           -      1.7647      0.2167     0.18s
   149      1.6267           -      1.6244      0.3333     0.18s
   150      1.6318           -      1.6209      0.3333     0.18s

------------------------------------------------------------------------------
第 4 步：用验证集上最好的模型测测试集
------------------------------------------------------------------------------
  最好的一轮（第 119 轮）：验证集准确率 = 0.4333
  训练集准确率 = 0.3667   （和验证集差很多就说明过拟合了）
  测试集损失 = 1.6070
  测试集准确率 = 0.3167   <<< 这是最终成绩
  测试耗时 0.01s

------------------------------------------------------------------------------
时间统计
------------------------------------------------------------------------------
  纯训练总耗时      = 32.13s（不含评估，共 150 轮）
  平均每轮训练耗时  = 0.21s
  每个 epoch 的 batch 数 = 15
  整个脚本总耗时    = 34.63s

结果已追加到：D:\PHD\博一\入学任务\任务三_图分类\results\results.jsonl
逐轮历史已保存：D:\PHD\博一\入学任务\任务三_图分类\results\history\ENZYMES_GIN_pool-avg_sample_L3_lr0.01.json
==============================================================================
