==============================================================================
任务三 图分类 —— ENZYMES_GraphSAGE_pool-avg_sample_L3_lr0.01
时间：2026-09-15 20:20:18
==============================================================================
数据集=ENZYMES  模型=GraphSAGE  池化=AvgPooling（平均池化）（avg）
层数=3  隐藏维度=128  dropout=0.5
学习率=0.01  权重衰减=0.0005  轮数=150
训练方式=分批次训练  批次大小设置=32  随机种子=42

------------------------------------------------------------------------------
第 1 步：加载数据
------------------------------------------------------------------------------
  数据加载用时 0.25s
  节点特征维度=21  输出维度=6  任务类型=classification
  训练集 480 张图 / 验证集 60 / 测试集 60
  训练批次大小=32  每个 epoch 有 15 个 batch

------------------------------------------------------------------------------
第 2 步：搭建模型
------------------------------------------------------------------------------
  GraphSAGE + AvgPooling（平均池化）
  可训练参数量 = 80,966
  模型结构：
GraphClassifier(
  (convs): ModuleList(
    (0): SAGEConv(21, 128)
    (1-2): 2 x SAGEConv(128, 128)
  )
  (norms): ModuleList(
    (0-2): 3 x BatchNorm1d(128, eps=1e-05, momentum=0.1, affine=True, track_running_stats=True)
  )
  (pool_norm): BatchNorm1d(128, eps=1e-05, momentum=0.1, affine=True, track_running_stats=True)
  (classifier): Sequential(
    (0): Linear(in_features=128, out_features=64, bias=True)
    (1): ReLU()
    (2): Dropout(p=0.5, inplace=False)
    (3): Linear(in_features=64, out_features=6, bias=True)
  )
)

------------------------------------------------------------------------------
第 3 步：开始训练
------------------------------------------------------------------------------
    轮次        训练损失        训练指标        验证损失       验证准确率        耗时
     1      1.8285           -      1.9114      0.2500     0.54s
     2      1.8198           -      1.7723      0.2000     0.24s
     3      1.7568           -      1.7507      0.2500     0.22s
     4      1.7357           -      1.7414      0.2500     0.23s
     5      1.6960           -      1.6923      0.2500     0.26s
     6      1.7071           -      1.6859      0.3167     0.24s
     7      1.6811           -      1.7078      0.2500     0.23s
     8      1.7050           -      1.7223      0.2500     0.23s
     9      1.7066           -      1.7114      0.3333     0.22s
    10      1.6645           -      1.6215      0.3667     0.27s
    11      1.7109           -      1.7200      0.2833     0.25s
    12      1.6762           -      1.7043      0.3167     0.21s
    13      1.6665           -      1.7573      0.2167     0.22s
    14      1.6607           -      1.6632      0.2667     0.28s
    15      1.7267           -      1.6991      0.2667     0.21s
    16      1.6786           -      1.6868      0.2833     0.22s
    17      1.6807           -      1.6782      0.2500     0.23s
    18      1.6799           -      1.6362      0.3333     0.20s
    19      1.6775           -      1.6290      0.4000     0.19s
    20      1.6603           -      1.5741      0.2833     0.17s
    21      1.6796           -      1.6393      0.2833     0.20s
    22      1.6481           -      1.5550      0.4333     0.22s
    23      1.6338           -      1.8386      0.2667     0.20s
    24      1.6873           -      1.5760      0.3000     0.22s
    25      1.6444           -      1.5428      0.3667     0.20s
    26      1.6784           -      1.5674      0.3500     0.21s
    27      1.6238           -      1.5061      0.4500     0.22s
    28      1.6893           -      1.5772      0.3333     0.20s
    29      1.6409           -      1.5351      0.3833     0.22s
    30      1.6904           -      1.7312      0.3000     0.22s
    31      1.6490           -      1.7074      0.2667     0.21s
    32      1.6339           -      1.6311      0.4000     0.22s
    33      1.6255           -      1.6054      0.4333     0.21s
    34      1.6074           -      1.6308      0.3167     0.20s
    35      1.6718           -      1.4802      0.4167     0.21s
    36      1.6431           -      1.5533      0.4167     0.20s
    37      1.6172           -      1.7054      0.2667     0.21s
    38      1.6070           -      1.6245      0.3833     0.22s
    39      1.6693           -      1.6074      0.4167     0.20s
    40      1.6802           -      1.7917      0.2333     0.22s
    41      1.5959           -      1.6831      0.2833     0.22s
    42      1.6191           -      1.5166      0.5167     0.19s
    43      1.6507           -      2.6999      0.2333     0.21s
    44      1.6487           -      1.5680      0.4333     0.20s
    45      1.6160           -      1.8626      0.2667     0.21s
    46      1.6111           -      1.5675      0.3833     0.23s
    47      1.6098           -      1.9895      0.2667     0.20s
    48      1.5915           -      1.5941      0.2833     0.22s
    49      1.6607           -      1.6275      0.3000     0.22s
    50      1.6078           -      1.5798      0.4167     0.20s
    51      1.5711           -      1.4943      0.3833     0.21s
    52      1.6165           -      2.0689      0.2500     0.21s
    53      1.5891           -      1.5773      0.3500     0.20s
    54      1.5617           -      1.8270      0.2667     0.21s
    55      1.6205           -      1.6061      0.4167     0.20s
    56      1.5445           -      1.6994      0.3667     0.20s
    57      1.5918           -      1.7539      0.2333     0.21s
    58      1.5983           -      1.6321      0.3500     0.20s
    59      1.5901           -      1.5824      0.3833     0.33s
    60      1.5448           -      1.4792      0.4667     0.24s
    61      1.6052           -      1.5677      0.3500     0.23s
    62      1.5988           -      1.6064      0.2833     0.23s
    63      1.5695           -      1.4546      0.4333     0.25s
    64      1.5867           -      1.5352      0.3833     0.27s
    65      1.5478           -      1.5343      0.3833     0.27s
    66      1.5713           -      1.5485      0.3500     0.26s
    67      1.5500           -      1.7005      0.3667     0.23s
    68      1.5704           -      1.7240      0.2833     0.22s
    69      1.5572           -      1.5901      0.4500     0.23s
    70      1.5777           -      1.7464      0.3000     0.22s
    71      1.6307           -      1.7565      0.3833     0.22s
    72      1.6080           -      1.6873      0.3667     0.23s
    73      1.5785           -      1.5308      0.4500     0.23s
    74      1.5838           -      1.5774      0.3167     0.23s
    75      1.5582           -      1.8183      0.2667     0.25s
    76      1.5488           -      1.4776      0.4333     0.25s
    77      1.5444           -      1.5115      0.4000     0.27s
    78      1.5624           -      1.4908      0.4833     0.26s
    79      1.5073           -      1.5265      0.4000     0.22s
    80      1.5329           -      1.6422      0.3167     0.24s
    81      1.5314           -      1.7503      0.3167     0.23s
    82      1.5511           -      1.6922      0.3333     0.21s
    83      1.5912           -      1.4993      0.5667     0.18s
    84      1.5764           -      1.7347      0.3833     0.19s
    85      1.6028           -      1.5942      0.3500     0.22s
    86      1.5238           -      1.6185      0.4167     0.24s
    87      1.5330           -      1.5538      0.4167     0.21s
    88      1.5085           -      1.4673      0.4500     0.22s
    89      1.5262           -      1.4018      0.5000     0.22s
    90      1.5298           -      1.5602      0.3333     0.21s
    91      1.5356           -      1.6179      0.4000     0.23s
    92      1.6208           -      2.5455      0.2500     0.22s
    93      1.5377           -      1.6144      0.3333     0.21s
    94      1.5465           -      1.5953      0.4167     0.22s
    95      1.5115           -      1.4446      0.4167     0.22s
    96      1.4995           -      1.6489      0.4167     0.21s
    97      1.5692           -      1.7281      0.2833     0.23s
    98      1.5711           -      2.0923      0.2167     0.23s
    99      1.5692           -      1.7948      0.3000     0.22s
   100      1.5410           -      1.5655      0.3833     0.22s
   101      1.5564           -      1.5071      0.4167     0.21s
   102      1.5223           -      1.5243      0.3833     0.21s
   103      1.4981           -      1.4955      0.4333     0.23s
   104      1.5285           -      1.6925      0.3333     0.20s
   105      1.5293           -      1.4931      0.4000     0.21s
   106      1.5215           -      1.5061      0.4500     0.20s
   107      1.4870           -      1.6070      0.4333     0.19s
   108      1.5401           -      1.3635      0.4667     0.21s
   109      1.5360           -      1.5865      0.4167     0.19s
   110      1.5528           -      1.5329      0.3833     0.21s
   111      1.5711           -      1.6159      0.3667     0.21s
   112      1.5650           -      1.4428      0.5000     0.20s
   113      1.5388           -      1.5979      0.3500     0.21s
   114      1.4832           -      1.5386      0.3667     0.22s
   115      1.5351           -      1.3494      0.4833     0.20s
   116      1.5302           -      1.5146      0.3833     0.21s
   117      1.4923           -      1.4695      0.4667     0.21s
   118      1.4761           -      2.2338      0.2500     0.21s
   119      1.5412           -      1.7168      0.3500     0.42s
   120      1.5647           -      1.5855      0.3833     0.22s
   121      1.5486           -      1.5099      0.4333     0.23s
   122      1.4999           -      1.6170      0.2833     0.23s
   123      1.4601           -      1.6802      0.3667     0.22s
   124      1.5035           -      1.5261      0.4833     0.21s
   125      1.5012           -      1.5589      0.4000     0.21s
   126      1.5089           -      1.3655      0.4500     0.19s
   127      1.5173           -      1.5483      0.4167     0.21s
   128      1.4959           -      1.4262      0.4167     0.20s
   129      1.4997           -      1.4182      0.4667     0.19s
   130      1.5115           -      1.4698      0.4667     0.20s
   131      1.5289           -      1.3981      0.4500     0.20s
   132      1.4616           -      1.4271      0.4833     0.22s
   133      1.4981           -      1.4476      0.4333     0.21s

  验证集连续 50 轮没有提升，提前停止训练。

------------------------------------------------------------------------------
第 4 步：用验证集上最好的模型测测试集
------------------------------------------------------------------------------
  最好的一轮（第 83 轮）：验证集准确率 = 0.5667
  训练集准确率 = 0.4292   （和验证集差很多就说明过拟合了）
  测试集损失 = 1.4930
  测试集准确率 = 0.3500   <<< 这是最终成绩
  测试耗时 0.02s

------------------------------------------------------------------------------
时间统计
------------------------------------------------------------------------------
  纯训练总耗时      = 29.60s（不含评估，共 133 轮）
  平均每轮训练耗时  = 0.22s
  每个 epoch 的 batch 数 = 15
  整个脚本总耗时    = 32.14s

结果已追加到：D:\PHD\博一\入学任务\任务三_图分类\results\results.jsonl
逐轮历史已保存：D:\PHD\博一\入学任务\任务三_图分类\results\history\ENZYMES_GraphSAGE_pool-avg_sample_L3_lr0.01.json
==============================================================================
