==============================================================================
任务三 图分类 —— PROTEINS_GAT_pool-min_sample_L3_lr0.01
时间：2026-09-15 20:50:24
==============================================================================
数据集=PROTEINS  模型=GAT  池化=MinPooling（最小池化）（min）
层数=3  隐藏维度=128  dropout=0.5
学习率=0.01  权重衰减=0.0005  轮数=150
训练方式=分批次训练  批次大小设置=32  随机种子=42

------------------------------------------------------------------------------
第 1 步：加载数据
------------------------------------------------------------------------------
  数据加载用时 0.29s
  节点特征维度=4  输出维度=2  任务类型=classification
  训练集 891 张图 / 验证集 111 / 测试集 111
  训练批次大小=32  每个 epoch 有 28 个 batch

------------------------------------------------------------------------------
第 2 步：搭建模型
------------------------------------------------------------------------------
  GAT + MinPooling（最小池化）
  可训练参数量 = 43,842
  模型结构：
GraphClassifier(
  (convs): ModuleList(
    (0): GATConv(4, 16, heads=8)
    (1-2): 2 x GATConv(128, 16, heads=8)
  )
  (norms): ModuleList(
    (0-2): 3 x BatchNorm1d(128, eps=1e-05, momentum=0.1, affine=True, track_running_stats=True)
  )
  (pool_norm): BatchNorm1d(128, eps=1e-05, momentum=0.1, affine=True, track_running_stats=True)
  (classifier): Sequential(
    (0): Linear(in_features=128, out_features=64, bias=True)
    (1): ReLU()
    (2): Dropout(p=0.5, inplace=False)
    (3): Linear(in_features=64, out_features=2, bias=True)
  )
)

------------------------------------------------------------------------------
第 3 步：开始训练
------------------------------------------------------------------------------
    轮次        训练损失        训练指标        验证损失       验证准确率        耗时
     1      0.6766           -      0.6848      0.5946     3.89s
     2      0.6727           -      4.5444      0.4054     0.72s
     3      0.6709           -     11.2271      0.4054     0.69s
     4      0.6740           -     25.8967      0.4054     0.68s
     5      0.6766           -     28.0612      0.4054     0.69s
     6      0.6729           -     30.4497      0.4054     0.63s
     7      0.6642           -     60.6857      0.4054     0.66s
     8      0.6666           -     82.1958      0.4054     0.69s
     9      0.6605           -     71.0223      0.4054     0.62s
    10      0.6696           -     82.7834      0.4054     0.61s
    11      0.6720           -     67.6771      0.4054     0.62s
    12      0.6677           -     70.7171      0.4054     0.63s
    13      0.6568           -     85.2962      0.4054     0.60s
    14      0.6608           -    100.7258      0.4054     0.62s
    15      0.6589           -    116.7778      0.4054     0.59s
    16      0.6607           -    109.8918      0.4054     0.56s
    17      0.6590           -    129.4383      0.4054     0.57s
    18      0.6602           -    127.3598      0.4054     0.58s
    19      0.6597           -    148.0826      0.4054     0.59s
    20      0.6591           -    136.1027      0.4054     0.61s
    21      0.6668           -     88.2631      0.4054     0.61s
    22      0.6661           -     87.2371      0.4054     0.58s
    23      0.6688           -     75.9785      0.4054     0.61s
    24      0.6696           -    126.4038      0.4054     0.60s
    25      0.6637           -    105.7815      0.4054     0.62s
    26      0.6617           -    140.7282      0.4054     0.65s
    27      0.6637           -    139.0939      0.4054     0.64s
    28      0.6643           -     75.7758      0.4054     0.60s
    29      0.6671           -    106.9792      0.4054     0.60s
    30      0.6667           -    114.4052      0.4054     0.61s
    31      0.6601           -    100.7619      0.4054     0.61s
    32      0.6584           -     91.2008      0.4054     0.60s
    33      0.6608           -    110.7825      0.4054     0.61s
    34      0.6632           -    137.0778      0.4054     0.61s
    35      0.6661           -    156.8162      0.4054     0.61s
    36      0.6660           -    123.8078      0.4054     0.60s
    37      0.6709           -    128.6558      0.4054     0.56s
    38      0.6666           -     66.1164      0.4054     0.50s
    39      0.6656           -     73.5232      0.4054     0.50s
    40      0.6658           -     65.8017      0.4054     0.53s
    41      0.6684           -     77.7415      0.4054     0.54s
    42      0.6635           -     78.4477      0.4054     0.57s
    43      0.6685           -     47.9460      0.4054     0.54s
    44      0.6734           -     70.7530      0.4054     0.58s
    45      0.6645           -     86.2440      0.4054     0.58s
    46      0.6646           -    108.4637      0.4054     0.57s
    47      0.6693           -    178.3306      0.4054     0.62s
    48      0.6722           -     80.1309      0.4054     0.62s
    49      0.6629           -     64.6136      0.4054     0.63s
    50      0.6656           -     62.5163      0.4054     0.59s
    51      0.6628           -     77.7944      0.4054     0.58s

  验证集连续 50 轮没有提升，提前停止训练。

------------------------------------------------------------------------------
第 4 步：用验证集上最好的模型测测试集
------------------------------------------------------------------------------
  最好的一轮（第 1 轮）：验证集准确率 = 0.5946
  训练集准确率 = 0.6004   （和验证集差很多就说明过拟合了）
  测试集损失 = 0.6834
  测试集准确率 = 0.6036   <<< 这是最终成绩
  测试耗时 0.04s

------------------------------------------------------------------------------
时间统计
------------------------------------------------------------------------------
  纯训练总耗时      = 34.15s（不含评估，共 51 轮）
  平均每轮训练耗时  = 0.61s
  每个 epoch 的 batch 数 = 28
  整个脚本总耗时    = 36.93s

结果已追加到：D:\PHD\博一\入学任务\任务三_图分类\results\results.jsonl
逐轮历史已保存：D:\PHD\博一\入学任务\任务三_图分类\results\history\PROTEINS_GAT_pool-min_sample_L3_lr0.01.json
==============================================================================
