==============================================================================
任务三 图分类 —— PROTEINS_GraphSAGE_pool-max_sample_L3_lr0.01
时间：2026-09-15 20:51:08
==============================================================================
数据集=PROTEINS  模型=GraphSAGE  池化=MaxPooling（最大池化）（max）
层数=3  隐藏维度=128  dropout=0.5
学习率=0.01  权重衰减=0.0005  轮数=150
训练方式=分批次训练  批次大小设置=32  随机种子=42

------------------------------------------------------------------------------
第 1 步：加载数据
------------------------------------------------------------------------------
  数据加载用时 0.43s
  节点特征维度=4  输出维度=2  任务类型=classification
  训练集 891 张图 / 验证集 111 / 测试集 111
  训练批次大小=32  每个 epoch 有 28 个 batch

------------------------------------------------------------------------------
第 2 步：搭建模型
------------------------------------------------------------------------------
  GraphSAGE + MaxPooling（最大池化）
  可训练参数量 = 76,354
  模型结构：
GraphClassifier(
  (convs): ModuleList(
    (0): SAGEConv(4, 128)
    (1-2): 2 x SAGEConv(128, 128)
  )
  (norms): ModuleList(
    (0-2): 3 x BatchNorm1d(128, eps=1e-05, momentum=0.1, affine=True, track_running_stats=True)
  )
  (pool_norm): BatchNorm1d(128, eps=1e-05, momentum=0.1, affine=True, track_running_stats=True)
  (classifier): Sequential(
    (0): Linear(in_features=128, out_features=64, bias=True)
    (1): ReLU()
    (2): Dropout(p=0.5, inplace=False)
    (3): Linear(in_features=64, out_features=2, bias=True)
  )
)

------------------------------------------------------------------------------
第 3 步：开始训练
------------------------------------------------------------------------------
    轮次        训练损失        训练指标        验证损失       验证准确率        耗时
     1      0.6657           -      0.6990      0.4324     0.85s
     2      0.6326           -      0.7342      0.3964     0.49s
     3      0.6161           -      0.7555      0.4054     0.53s
     4      0.6025           -      0.7856      0.4054     0.49s
     5      0.6159           -      0.8067      0.3964     0.43s
     6      0.6047           -      0.7953      0.4054     0.53s
     7      0.5698           -      0.8659      0.4054     0.46s
     8      0.5942           -      0.9082      0.4054     0.48s
     9      0.5793           -      0.9402      0.3964     0.46s
    10      0.5669           -      1.0603      0.4054     0.42s
    11      0.5549           -      1.1104      0.4054     0.41s
    12      0.5718           -      1.0452      0.4054     0.41s
    13      0.5792           -      1.0415      0.4054     0.39s
    14      0.5830           -      1.0322      0.4054     0.39s
    15      0.5797           -      1.0474      0.4054     0.39s
    16      0.5797           -      1.0696      0.4054     0.39s
    17      0.5853           -      1.0805      0.4054     0.40s
    18      0.5735           -      1.0980      0.4054     0.45s
    19      0.5793           -      1.1787      0.4054     0.44s
    20      0.5729           -      1.1223      0.4054     0.40s
    21      0.5491           -      1.1553      0.4054     0.42s
    22      0.5757           -      1.1646      0.4054     0.43s
    23      0.5468           -      1.2747      0.4054     0.41s
    24      0.5884           -      1.1953      0.4054     0.46s
    25      0.5757           -      1.1404      0.4054     0.43s
    26      0.5783           -      1.3984      0.4054     0.42s
    27      0.5692           -      1.4844      0.4054     0.41s
    28      0.5689           -      1.4669      0.4054     0.41s
    29      0.5580           -      1.3161      0.4054     0.40s
    30      0.5681           -      1.3777      0.4054     0.43s
    31      0.5615           -      1.0359      0.4054     0.48s
    32      0.5843           -      1.1273      0.4054     0.45s
    33      0.5458           -      1.5543      0.4054     0.45s
    34      0.5573           -      1.3082      0.4054     0.41s
    35      0.5683           -      1.2594      0.4054     0.39s
    36      0.5587           -      1.2356      0.4054     0.39s
    37      0.5832           -      1.5426      0.4054     0.39s
    38      0.5536           -      1.2726      0.4054     0.39s
    39      0.5747           -      1.2171      0.4054     0.42s
    40      0.5614           -      1.2785      0.4054     0.39s
    41      0.5912           -      1.1412      0.4054     0.41s
    42      0.5668           -      1.3845      0.4054     0.42s
    43      0.5658           -      1.2046      0.4054     0.41s
    44      0.5685           -      1.2357      0.4054     0.41s
    45      0.5448           -      1.5089      0.4054     0.47s
    46      0.5755           -      1.1483      0.4054     0.41s
    47      0.5549           -      1.3472      0.4054     0.42s
    48      0.5715           -      1.2026      0.4054     0.41s
    49      0.5693           -      1.3864      0.4054     0.42s
    50      0.5538           -      1.4522      0.4054     0.41s
    51      0.5662           -      1.2855      0.4054     0.42s

  验证集连续 50 轮没有提升，提前停止训练。

------------------------------------------------------------------------------
第 4 步：用验证集上最好的模型测测试集
------------------------------------------------------------------------------
  最好的一轮（第 1 轮）：验证集准确率 = 0.4324
  训练集准确率 = 0.4276   （和验证集差很多就说明过拟合了）
  测试集损失 = 0.6897
  测试集准确率 = 0.4144   <<< 这是最终成绩
  测试耗时 0.04s

------------------------------------------------------------------------------
时间统计
------------------------------------------------------------------------------
  纯训练总耗时      = 22.23s（不含评估，共 51 轮）
  平均每轮训练耗时  = 0.43s
  每个 epoch 的 batch 数 = 28
  整个脚本总耗时    = 24.01s

结果已追加到：D:\PHD\博一\入学任务\任务三_图分类\results\results.jsonl
逐轮历史已保存：D:\PHD\博一\入学任务\任务三_图分类\results\history\PROTEINS_GraphSAGE_pool-max_sample_L3_lr0.01.json
==============================================================================
