==============================================================================
任务三 图分类 —— MUTAG_GraphSAGE_pool-avg_sample_L3_lr0.01
时间：2026-09-15 20:12:34
==============================================================================
数据集=MUTAG  模型=GraphSAGE  池化=AvgPooling（平均池化）（avg）
层数=3  隐藏维度=128  dropout=0.5
学习率=0.01  权重衰减=0.0005  轮数=150
训练方式=分批次训练  批次大小设置=32  随机种子=42

------------------------------------------------------------------------------
第 1 步：加载数据
------------------------------------------------------------------------------
  数据加载用时 0.18s
  节点特征维度=7  输出维度=2  任务类型=classification
  训练集 152 张图 / 验证集 18 / 测试集 18
  训练批次大小=32  每个 epoch 有 5 个 batch

------------------------------------------------------------------------------
第 2 步：搭建模型
------------------------------------------------------------------------------
  GraphSAGE + AvgPooling（平均池化）
  可训练参数量 = 77,122
  模型结构：
GraphClassifier(
  (convs): ModuleList(
    (0): SAGEConv(7, 128)
    (1-2): 2 x SAGEConv(128, 128)
  )
  (norms): ModuleList(
    (0-2): 3 x BatchNorm1d(128, eps=1e-05, momentum=0.1, affine=True, track_running_stats=True)
  )
  (pool_norm): BatchNorm1d(128, eps=1e-05, momentum=0.1, affine=True, track_running_stats=True)
  (classifier): Sequential(
    (0): Linear(in_features=128, out_features=64, bias=True)
    (1): ReLU()
    (2): Dropout(p=0.5, inplace=False)
    (3): Linear(in_features=64, out_features=2, bias=True)
  )
)

------------------------------------------------------------------------------
第 3 步：开始训练
------------------------------------------------------------------------------
    轮次        训练损失        训练指标        验证损失       验证准确率        耗时
     1      0.6899           -      0.6343      0.6667     0.32s
     2      0.6079           -      0.5765      0.6667     0.06s
     3      0.6267           -      0.5679      0.6667     0.06s
     4      0.5613           -      0.5657      0.6667     0.06s
     5      0.5430           -      0.5518      0.6667     0.06s
     6      0.5028           -      0.5304      0.6667     0.07s
     7      0.6060           -      0.5194      0.6667     0.06s
     8      0.5531           -      0.5052      0.7222     0.06s
     9      0.5622           -      0.5132      0.7222     0.07s
    10      0.5720           -      0.5060      0.7778     0.07s
    11      0.5456           -      0.4988      0.7222     0.08s
    12      0.5514           -      0.4777      0.7222     0.07s
    13      0.5554           -      0.5036      0.7778     0.07s
    14      0.5431           -      0.5139      0.7222     0.06s
    15      0.4909           -      0.5039      0.7222     0.06s
    16      0.5142           -      0.5383      0.6667     0.06s
    17      0.5951           -      0.6058      0.7222     0.06s
    18      0.5542           -      0.6420      0.6667     0.06s
    19      0.5427           -      0.6135      0.7222     0.06s
    20      0.5545           -      0.5498      0.6667     0.06s
    21      0.5225           -      0.4743      0.6667     0.06s
    22      0.5645           -      0.4498      0.7222     0.06s
    23      0.6204           -      0.4571      0.7778     0.06s
    24      0.5735           -      0.5158      0.7222     0.07s
    25      0.5218           -      0.4886      0.7778     0.06s
    26      0.4604           -      0.4857      0.7222     0.07s
    27      0.6134           -      0.5137      0.7222     0.07s
    28      0.5467           -      0.5357      0.7222     0.06s
    29      0.4750           -      0.4756      0.7778     0.06s
    30      0.5685           -      0.4931      0.7778     0.06s
    31      0.5239           -      0.4747      0.7778     0.07s
    32      0.5081           -      0.4770      0.6667     0.06s
    33      0.6074           -      0.4935      0.6667     0.06s
    34      0.5225           -      0.4946      0.6111     0.06s
    35      0.5391           -      0.5328      0.6667     0.06s
    36      0.5025           -      0.5603      0.7222     0.06s
    37      0.5472           -      0.5608      0.7222     0.06s
    38      0.5053           -      0.5456      0.7222     0.06s
    39      0.5128           -      0.5000      0.7778     0.06s
    40      0.5125           -      0.4994      0.7778     0.06s
    41      0.4978           -      0.4910      0.7222     0.07s
    42      0.5420           -      0.5049      0.7222     0.06s
    43      0.5538           -      0.5321      0.7222     0.06s
    44      0.5096           -      0.5070      0.7222     0.05s
    45      0.4853           -      0.5094      0.7222     0.05s
    46      0.5411           -      0.4989      0.7222     0.07s
    47      0.4852           -      0.4988      0.7222     0.06s
    48      0.5200           -      0.4809      0.7778     0.05s
    49      0.5161           -      0.4771      0.7778     0.06s
    50      0.5217           -      0.4877      0.7222     0.06s
    51      0.4683           -      0.4901      0.7222     0.06s
    52      0.5711           -      0.4822      0.7222     0.06s
    53      0.5134           -      0.4869      0.7778     0.06s
    54      0.5366           -      0.4778      0.7778     0.06s
    55      0.4818           -      0.4731      0.7778     0.06s
    56      0.5645           -      0.4861      0.7778     0.06s
    57      0.4940           -      0.5089      0.7222     0.06s
    58      0.4839           -      0.5031      0.7778     0.06s
    59      0.4989           -      0.4962      0.7778     0.06s
    60      0.5265           -      0.4748      0.7778     0.06s

  验证集连续 50 轮没有提升，提前停止训练。

------------------------------------------------------------------------------
第 4 步：用验证集上最好的模型测测试集
------------------------------------------------------------------------------
  最好的一轮（第 10 轮）：验证集准确率 = 0.7778
  训练集准确率 = 0.7105   （和验证集差很多就说明过拟合了）
  测试集损失 = 0.5577
  测试集准确率 = 0.7222   <<< 这是最终成绩
  测试耗时 0.01s

------------------------------------------------------------------------------
时间统计
------------------------------------------------------------------------------
  纯训练总耗时      = 3.94s（不含评估，共 60 轮）
  平均每轮训练耗时  = 0.06s
  每个 epoch 的 batch 数 = 5
  整个脚本总耗时    = 4.38s

结果已追加到：D:\PHD\博一\入学任务\任务三_图分类\results\results.jsonl
逐轮历史已保存：D:\PHD\博一\入学任务\任务三_图分类\results\history\MUTAG_GraphSAGE_pool-avg_sample_L3_lr0.01.json
==============================================================================
