==============================================================================
任务三 图分类 —— PROTEINS_GraphSAGE_pool-min_sample_L3_lr0.01
时间：2026-09-15 20:51:40
==============================================================================
数据集=PROTEINS  模型=GraphSAGE  池化=MinPooling（最小池化）（min）
层数=3  隐藏维度=128  dropout=0.5
学习率=0.01  权重衰减=0.0005  轮数=150
训练方式=分批次训练  批次大小设置=32  随机种子=42

------------------------------------------------------------------------------
第 1 步：加载数据
------------------------------------------------------------------------------
  数据加载用时 0.29s
  节点特征维度=4  输出维度=2  任务类型=classification
  训练集 891 张图 / 验证集 111 / 测试集 111
  训练批次大小=32  每个 epoch 有 28 个 batch

------------------------------------------------------------------------------
第 2 步：搭建模型
------------------------------------------------------------------------------
  GraphSAGE + MinPooling（最小池化）
  可训练参数量 = 76,354
  模型结构：
GraphClassifier(
  (convs): ModuleList(
    (0): SAGEConv(4, 128)
    (1-2): 2 x SAGEConv(128, 128)
  )
  (norms): ModuleList(
    (0-2): 3 x BatchNorm1d(128, eps=1e-05, momentum=0.1, affine=True, track_running_stats=True)
  )
  (pool_norm): BatchNorm1d(128, eps=1e-05, momentum=0.1, affine=True, track_running_stats=True)
  (classifier): Sequential(
    (0): Linear(in_features=128, out_features=64, bias=True)
    (1): ReLU()
    (2): Dropout(p=0.5, inplace=False)
    (3): Linear(in_features=64, out_features=2, bias=True)
  )
)

------------------------------------------------------------------------------
第 3 步：开始训练
------------------------------------------------------------------------------
    轮次        训练损失        训练指标        验证损失       验证准确率        耗时
     1      0.6810           -      0.6782      0.5946     0.68s
     2      0.6749           -      0.8874      0.3964     0.36s
     3      0.6755           -      1.1582      0.4054     0.37s
     4      0.6741           -      7.2608      0.4054     0.36s
     5      0.6758           -      5.4017      0.4054     0.40s
     6      0.6725           -      9.4758      0.4054     0.38s
     7      0.6714           -     15.1335      0.4054     0.38s
     8      0.6666           -     23.2685      0.4054     0.39s
     9      0.6747           -     28.9991      0.4054     0.43s
    10      0.6694           -     54.5845      0.4054     0.38s
    11      0.6742           -     39.3293      0.4054     0.38s
    12      0.6752           -     34.0770      0.4054     0.35s
    13      0.6687           -     25.4706      0.4054     0.35s
    14      0.6714           -     24.6790      0.4054     0.35s
    15      0.6654           -     36.9659      0.4054     0.39s
    16      0.6709           -     50.6999      0.4054     0.38s
    17      0.6756           -     23.9788      0.4054     0.36s
    18      0.6697           -     26.3827      0.4054     0.37s
    19      0.6706           -     41.1236      0.4054     0.37s
    20      0.6679           -     36.8151      0.4054     0.38s
    21      0.6720           -     47.1413      0.4054     0.39s
    22      0.6672           -     35.6986      0.4054     0.38s
    23      0.6706           -     35.0070      0.4054     0.39s
    24      0.6702           -     27.5184      0.4054     0.37s
    25      0.6661           -     29.0385      0.4054     0.43s
    26      0.6685           -     46.1706      0.4054     0.40s
    27      0.6781           -     30.9810      0.4054     0.41s
    28      0.6695           -     30.0857      0.4054     0.55s
    29      0.6704           -     32.6904      0.4054     0.43s
    30      0.6643           -     45.3923      0.4054     0.43s
    31      0.6729           -     24.4934      0.4054     0.53s
    32      0.6744           -     25.7805      0.4054     0.49s
    33      0.6722           -     39.6569      0.4054     0.56s
    34      0.6682           -     30.8003      0.4054     0.49s
    35      0.6674           -     32.7206      0.4054     0.49s
    36      0.6684           -     50.5862      0.4054     0.49s
    37      0.6646           -     29.0535      0.4054     0.48s
    38      0.6659           -     38.5568      0.4054     0.48s
    39      0.6669           -     45.4923      0.4054     0.49s
    40      0.6703           -     33.1945      0.4054     0.47s
    41      0.6715           -     27.3936      0.4054     0.48s
    42      0.6683           -     42.6352      0.4054     0.47s
    43      0.6692           -     45.8220      0.4054     0.48s
    44      0.6682           -     44.6522      0.4054     0.46s
    45      0.6634           -     28.4414      0.4054     0.47s
    46      0.6673           -     37.0713      0.4054     0.46s
    47      0.6662           -     46.3721      0.4054     0.49s
    48      0.6681           -     60.2631      0.4054     0.48s
    49      0.6692           -     82.5363      0.4054     0.48s
    50      0.6672           -     44.2092      0.4054     0.47s
    51      0.6674           -     49.2965      0.4054     0.52s

  验证集连续 50 轮没有提升，提前停止训练。

------------------------------------------------------------------------------
第 4 步：用验证集上最好的模型测测试集
------------------------------------------------------------------------------
  最好的一轮（第 1 轮）：验证集准确率 = 0.5946
  训练集准确率 = 0.5993   （和验证集差很多就说明过拟合了）
  测试集损失 = 0.6779
  测试集准确率 = 0.5946   <<< 这是最终成绩
  测试耗时 0.04s

------------------------------------------------------------------------------
时间统计
------------------------------------------------------------------------------
  纯训练总耗时      = 22.21s（不含评估，共 51 轮）
  平均每轮训练耗时  = 0.43s
  每个 epoch 的 batch 数 = 28
  整个脚本总耗时    = 23.95s

结果已追加到：D:\PHD\博一\入学任务\任务三_图分类\results\results.jsonl
逐轮历史已保存：D:\PHD\博一\入学任务\任务三_图分类\results\history\PROTEINS_GraphSAGE_pool-min_sample_L3_lr0.01.json
==============================================================================
