==============================================================================
任务三 图分类 —— ENZYMES_GraphSAGE_pool-max_sample_L3_lr0.01
时间：2026-09-15 20:55:07
==============================================================================
数据集=ENZYMES  模型=GraphSAGE  池化=MaxPooling（最大池化）（max）
层数=3  隐藏维度=128  dropout=0.5
学习率=0.01  权重衰减=0.0005  轮数=150
训练方式=分批次训练  批次大小设置=32  随机种子=42

------------------------------------------------------------------------------
第 1 步：加载数据
------------------------------------------------------------------------------
  数据加载用时 0.24s
  节点特征维度=21  输出维度=6  任务类型=classification
  训练集 480 张图 / 验证集 60 / 测试集 60
  训练批次大小=32  每个 epoch 有 15 个 batch

------------------------------------------------------------------------------
第 2 步：搭建模型
------------------------------------------------------------------------------
  GraphSAGE + MaxPooling（最大池化）
  可训练参数量 = 80,966
  模型结构：
GraphClassifier(
  (convs): ModuleList(
    (0): SAGEConv(21, 128)
    (1-2): 2 x SAGEConv(128, 128)
  )
  (norms): ModuleList(
    (0-2): 3 x BatchNorm1d(128, eps=1e-05, momentum=0.1, affine=True, track_running_stats=True)
  )
  (pool_norm): BatchNorm1d(128, eps=1e-05, momentum=0.1, affine=True, track_running_stats=True)
  (classifier): Sequential(
    (0): Linear(in_features=128, out_features=64, bias=True)
    (1): ReLU()
    (2): Dropout(p=0.5, inplace=False)
    (3): Linear(in_features=64, out_features=6, bias=True)
  )
)

------------------------------------------------------------------------------
第 3 步：开始训练
------------------------------------------------------------------------------
    轮次        训练损失        训练指标        验证损失       验证准确率        耗时
     1      1.8095           -      1.7859      0.2000     0.60s
     2      1.8420           -      1.7946      0.1667     0.23s
     3      1.7557           -      1.8038      0.1667     0.24s
     4      1.7251           -      1.8043      0.1667     0.22s
     5      1.7124           -      1.8046      0.1667     0.23s
     6      1.7109           -      1.8001      0.1833     0.19s
     7      1.7116           -      1.8041      0.2167     0.20s
     8      1.7301           -      1.8020      0.1667     0.22s
     9      1.7145           -      1.8003      0.1833     0.20s
    10      1.6955           -      1.8033      0.1667     0.20s
    11      1.7131           -      1.7913      0.1833     0.20s
    12      1.7239           -      1.8023      0.1667     0.20s
    13      1.7087           -      1.7983      0.1500     0.20s
    14      1.7181           -      1.7948      0.1833     0.19s
    15      1.7099           -      1.8016      0.1667     0.22s
    16      1.6872           -      1.8046      0.1667     0.22s
    17      1.6804           -      1.8086      0.1833     0.22s
    18      1.7137           -      1.7967      0.1333     0.22s
    19      1.7242           -      1.8022      0.1667     0.22s
    20      1.6942           -      1.7999      0.1833     0.20s
    21      1.6659           -      1.7996      0.1833     0.19s
    22      1.6821           -      1.8132      0.1500     0.30s
    23      1.6658           -      1.8162      0.1500     0.19s
    24      1.6787           -      1.7949      0.1500     0.24s
    25      1.6784           -      1.7962      0.1500     0.30s
    26      1.6876           -      1.8150      0.1333     0.22s
    27      1.6626           -      1.8027      0.1333     0.20s
    28      1.7123           -      1.8155      0.1333     0.19s
    29      1.6813           -      1.8083      0.1333     0.21s
    30      1.7011           -      1.7801      0.1500     0.20s
    31      1.6732           -      1.8225      0.1500     0.21s
    32      1.6829           -      1.8282      0.1500     0.23s
    33      1.6601           -      1.8477      0.1833     0.25s
    34      1.6853           -      1.7854      0.1667     0.21s
    35      1.6680           -      1.8217      0.1500     0.21s
    36      1.6874           -      1.7970      0.1667     0.22s
    37      1.6780           -      1.7957      0.1333     0.22s
    38      1.6742           -      1.8154      0.1500     0.22s
    39      1.6974           -      1.8099      0.1500     0.21s
    40      1.6818           -      1.8152      0.1833     0.21s
    41      1.6492           -      1.7559      0.2000     0.21s
    42      1.6681           -      1.7844      0.2000     0.21s
    43      1.6429           -      1.8186      0.1667     0.21s
    44      1.6702           -      1.8302      0.1500     0.20s
    45      1.6359           -      1.8392      0.1667     0.20s
    46      1.6319           -      1.8411      0.1500     0.21s
    47      1.6492           -      1.8512      0.1500     0.21s
    48      1.6534           -      1.8148      0.1833     0.20s
    49      1.6370           -      1.8137      0.1667     0.19s
    50      1.6766           -      1.8305      0.1500     0.20s
    51      1.6696           -      1.8478      0.1500     0.20s
    52      1.6605           -      1.8552      0.1500     0.21s
    53      1.6777           -      1.8180      0.1500     0.19s
    54      1.6693           -      1.8332      0.1500     0.20s
    55      1.6175           -      1.8262      0.1333     0.20s
    56      1.6419           -      1.8260      0.1500     0.20s
    57      1.6395           -      1.8692      0.1500     0.19s

  验证集连续 50 轮没有提升，提前停止训练。

------------------------------------------------------------------------------
第 4 步：用验证集上最好的模型测测试集
------------------------------------------------------------------------------
  最好的一轮（第 7 轮）：验证集准确率 = 0.2167
  训练集准确率 = 0.1688   （和验证集差很多就说明过拟合了）
  测试集损失 = 1.8013
  测试集准确率 = 0.2167   <<< 这是最终成绩
  测试耗时 0.01s

------------------------------------------------------------------------------
时间统计
------------------------------------------------------------------------------
  纯训练总耗时      = 12.43s（不含评估，共 57 轮）
  平均每轮训练耗时  = 0.21s
  每个 epoch 的 batch 数 = 15
  整个脚本总耗时    = 13.34s

结果已追加到：D:\PHD\博一\入学任务\任务三_图分类\results\results.jsonl
逐轮历史已保存：D:\PHD\博一\入学任务\任务三_图分类\results\history\ENZYMES_GraphSAGE_pool-max_sample_L3_lr0.01.json
==============================================================================
