==============================================================================
任务三 图分类 —— IMDB-BINARY_GAT_pool-avg_sample_L3_lr0.01
时间：2026-09-15 20:22:42
==============================================================================
数据集=IMDB-BINARY  模型=GAT  池化=AvgPooling（平均池化）（avg）
层数=3  隐藏维度=128  dropout=0.5
学习率=0.01  权重衰减=0.0005  轮数=150
训练方式=分批次训练  批次大小设置=32  随机种子=42

------------------------------------------------------------------------------
第 1 步：加载数据
------------------------------------------------------------------------------
  数据加载用时 0.36s
  节点特征维度=101  输出维度=2  任务类型=classification
  训练集 800 张图 / 验证集 100 / 测试集 100
  训练批次大小=32  每个 epoch 有 25 个 batch

------------------------------------------------------------------------------
第 2 步：搭建模型
------------------------------------------------------------------------------
  GAT + AvgPooling（平均池化）
  可训练参数量 = 56,258
  模型结构：
GraphClassifier(
  (convs): ModuleList(
    (0): GATConv(101, 16, heads=8)
    (1-2): 2 x GATConv(128, 16, heads=8)
  )
  (norms): ModuleList(
    (0-2): 3 x BatchNorm1d(128, eps=1e-05, momentum=0.1, affine=True, track_running_stats=True)
  )
  (pool_norm): BatchNorm1d(128, eps=1e-05, momentum=0.1, affine=True, track_running_stats=True)
  (classifier): Sequential(
    (0): Linear(in_features=128, out_features=64, bias=True)
    (1): ReLU()
    (2): Dropout(p=0.5, inplace=False)
    (3): Linear(in_features=64, out_features=2, bias=True)
  )
)

------------------------------------------------------------------------------
第 3 步：开始训练
------------------------------------------------------------------------------
    轮次        训练损失        训练指标        验证损失       验证准确率        耗时
     1      0.6721           -      0.6734      0.5200     3.48s
     2      0.6274           -      0.5876      0.6600     0.58s
     3      0.6113           -      0.5309      0.7200     0.65s
     4      0.6011           -      0.5853      0.7000     0.60s
     5      0.5562           -      0.4933      0.7300     0.57s
     6      0.5688           -      0.4685      0.7300     0.59s
     7      0.5794           -      0.5042      0.7100     0.58s
     8      0.5690           -      0.5113      0.6400     0.58s
     9      0.5828           -      0.5388      0.6300     0.62s
    10      0.5542           -      0.4915      0.6900     0.57s
    11      0.5221           -      0.4917      0.6900     0.57s
    12      0.5581           -      0.5248      0.6700     0.59s
    13      0.5627           -      0.5299      0.6000     0.57s
    14      0.5536           -      0.4956      0.6800     0.56s
    15      0.5360           -      0.5116      0.7500     0.59s
    16      0.5351           -      0.5020      0.6400     0.61s
    17      0.5260           -      0.5134      0.6900     0.59s
    18      0.5409           -      0.5024      0.6700     0.61s
    19      0.5368           -      0.5160      0.6700     0.59s
    20      0.5381           -      0.5141      0.7200     0.59s
    21      0.5313           -      0.4951      0.7200     0.59s
    22      0.5188           -      0.5036      0.6400     0.58s
    23      0.5180           -      0.5169      0.7100     0.59s
    24      0.5492           -      0.5278      0.6600     0.58s
    25      0.4938           -      0.4835      0.7500     0.51s
    26      0.5186           -      0.5532      0.6900     0.33s
    27      0.5295           -      0.5054      0.7400     0.34s
    28      0.5086           -      0.4921      0.7100     0.35s
    29      0.5105           -      0.5157      0.7700     0.36s
    30      0.5290           -      0.5117      0.7500     0.33s
    31      0.5055           -      0.5112      0.6800     0.35s
    32      0.5191           -      0.4754      0.7800     0.34s
    33      0.5153           -      0.4897      0.7200     0.40s
    34      0.5020           -      0.4709      0.7100     0.33s
    35      0.5089           -      0.4710      0.7000     0.35s
    36      0.4798           -      0.4985      0.7700     0.38s
    37      0.5042           -      0.5203      0.7100     0.37s
    38      0.4876           -      0.4978      0.6700     0.37s
    39      0.4954           -      0.5160      0.7100     0.35s
    40      0.5030           -      0.4620      0.6700     0.38s
    41      0.5118           -      0.5090      0.6700     0.39s
    42      0.5058           -      0.4832      0.7600     0.38s
    43      0.5226           -      0.4792      0.7700     0.36s
    44      0.4921           -      0.4947      0.7600     0.37s
    45      0.4867           -      0.5184      0.7000     0.37s
    46      0.4862           -      0.4873      0.7600     0.58s
    47      0.4976           -      0.4962      0.6900     0.59s
    48      0.5038           -      0.4902      0.7400     0.57s
    49      0.5166           -      0.5594      0.7700     0.59s
    50      0.4938           -      0.4914      0.7600     0.59s
    51      0.4921           -      0.4717      0.7400     0.53s
    52      0.5004           -      0.4758      0.7600     0.37s
    53      0.4795           -      0.5108      0.7400     0.59s
    54      0.4823           -      0.5058      0.7600     0.58s
    55      0.4976           -      0.4808      0.8100     0.56s
    56      0.4781           -      0.5096      0.7400     0.56s
    57      0.4877           -      0.5107      0.7300     0.54s
    58      0.4914           -      0.5057      0.7000     0.56s
    59      0.4760           -      0.4742      0.7300     0.51s
    60      0.4995           -      0.4947      0.7400     0.52s
    61      0.4793           -      0.5478      0.7700     0.51s
    62      0.4787           -      0.5166      0.6800     0.51s
    63      0.4790           -      0.5047      0.7200     0.48s
    64      0.4778           -      0.5124      0.7500     0.49s
    65      0.4973           -      0.5408      0.7100     0.51s
    66      0.4884           -      0.5156      0.7100     0.53s
    67      0.4763           -      0.5580      0.7600     0.52s
    68      0.4766           -      0.5892      0.7300     0.68s
    69      0.4921           -      0.4982      0.7300     0.88s
    70      0.4926           -      0.5132      0.7700     0.89s
    71      0.4734           -      0.5080      0.7400     0.59s
    72      0.4747           -      0.5260      0.7400     0.60s
    73      0.4881           -      0.5123      0.6800     0.60s
    74      0.4795           -      0.5025      0.7000     0.68s
    75      0.4769           -      0.5688      0.7100     0.88s
    76      0.5132           -      0.5114      0.7800     0.88s
    77      0.5026           -      0.5055      0.7700     0.91s
    78      0.4610           -      0.4908      0.7400     0.95s
    79      0.5219           -      0.4817      0.8000     0.92s
    80      0.4863           -      0.4985      0.7300     0.91s
    81      0.5019           -      0.5615      0.7100     0.89s
    82      0.4885           -      0.4895      0.7700     0.90s
    83      0.4711           -      0.5306      0.7200     0.89s
    84      0.4810           -      0.5149      0.7200     0.89s
    85      0.4790           -      0.5381      0.7500     0.89s
    86      0.5033           -      0.5584      0.6700     0.87s
    87      0.4918           -      0.5382      0.7500     0.87s
    88      0.4713           -      0.5370      0.7300     0.88s
    89      0.5005           -      0.4930      0.6800     0.87s
    90      0.4718           -      0.5096      0.7600     0.79s
    91      0.4472           -      0.5555      0.7300     0.78s
    92      0.4933           -      0.4990      0.7300     0.81s
    93      0.4968           -      0.4934      0.7200     0.82s
    94      0.4983           -      0.4904      0.7300     0.80s
    95      0.5079           -      0.5298      0.7400     0.82s
    96      0.4636           -      0.5294      0.7200     0.81s
    97      0.4952           -      0.5389      0.7400     0.80s
    98      0.4917           -      0.5426      0.7100     0.78s
    99      0.4749           -      0.5579      0.7600     0.79s
   100      0.4572           -      0.5288      0.7000     0.63s
   101      0.4982           -      0.4897      0.7800     0.54s
   102      0.4818           -      0.5768      0.7700     0.52s
   103      0.4579           -      0.5014      0.7200     0.50s
   104      0.4722           -      0.5076      0.7100     0.49s
   105      0.4710           -      0.5157      0.7300     0.49s

  验证集连续 50 轮没有提升，提前停止训练。

------------------------------------------------------------------------------
第 4 步：用验证集上最好的模型测测试集
------------------------------------------------------------------------------
  最好的一轮（第 55 轮）：验证集准确率 = 0.8100
  训练集准确率 = 0.7738   （和验证集差很多就说明过拟合了）
  测试集损失 = 0.5597
  测试集准确率 = 0.7300   <<< 这是最终成绩
  测试耗时 0.05s

------------------------------------------------------------------------------
时间统计
------------------------------------------------------------------------------
  纯训练总耗时      = 1m6.0s（不含评估，共 105 轮）
  平均每轮训练耗时  = 0.60s
  每个 epoch 的 batch 数 = 25
  整个脚本总耗时    = 1m12.5s

结果已追加到：D:\PHD\博一\入学任务\任务三_图分类\results\results.jsonl
逐轮历史已保存：D:\PHD\博一\入学任务\任务三_图分类\results\history\IMDB-BINARY_GAT_pool-avg_sample_L3_lr0.01.json
==============================================================================
