==============================================================================
任务三 图分类 —— ENZYMES_GCN_pool-max_sample_L3_lr0.01
时间：2026-09-15 20:53:26
==============================================================================
数据集=ENZYMES  模型=GCN  池化=MaxPooling（最大池化）（max）
层数=3  隐藏维度=128  dropout=0.5
学习率=0.01  权重衰减=0.0005  轮数=150
训练方式=分批次训练  批次大小设置=32  随机种子=42

------------------------------------------------------------------------------
第 1 步：加载数据
------------------------------------------------------------------------------
  数据加载用时 0.24s
  节点特征维度=21  输出维度=6  任务类型=classification
  训练集 480 张图 / 验证集 60 / 测试集 60
  训练批次大小=32  每个 epoch 有 15 个 batch

------------------------------------------------------------------------------
第 2 步：搭建模型
------------------------------------------------------------------------------
  GCN + MaxPooling（最大池化）
  可训练参数量 = 45,510
  模型结构：
GraphClassifier(
  (convs): ModuleList(
    (0): GCNConv(21, 128)
    (1-2): 2 x GCNConv(128, 128)
  )
  (norms): ModuleList(
    (0-2): 3 x BatchNorm1d(128, eps=1e-05, momentum=0.1, affine=True, track_running_stats=True)
  )
  (pool_norm): BatchNorm1d(128, eps=1e-05, momentum=0.1, affine=True, track_running_stats=True)
  (classifier): Sequential(
    (0): Linear(in_features=128, out_features=64, bias=True)
    (1): ReLU()
    (2): Dropout(p=0.5, inplace=False)
    (3): Linear(in_features=64, out_features=6, bias=True)
  )
)

------------------------------------------------------------------------------
第 3 步：开始训练
------------------------------------------------------------------------------
    轮次        训练损失        训练指标        验证损失       验证准确率        耗时
     1      1.8644           -      1.7759      0.2167     0.53s
     2      1.7924           -      1.7768      0.1833     0.21s
     3      1.7401           -      1.7849      0.1833     0.23s
     4      1.7032           -      1.7837      0.1833     0.23s
     5      1.6900           -      1.7729      0.2333     0.23s
     6      1.6748           -      1.7465      0.3000     0.37s
     7      1.6546           -      1.7694      0.2167     0.24s
     8      1.6785           -      1.7853      0.1833     0.23s
     9      1.6519           -      1.7785      0.1667     0.25s
    10      1.6646           -      1.7816      0.2000     0.23s
    11      1.6730           -      1.7836      0.1833     0.23s
    12      1.6728           -      1.7763      0.1833     0.30s
    13      1.6175           -      1.7623      0.2000     0.27s
    14      1.6304           -      1.7687      0.1667     0.23s
    15      1.6343           -      1.7466      0.2667     0.23s
    16      1.6345           -      1.7161      0.3000     0.23s
    17      1.5955           -      1.7619      0.1833     0.23s
    18      1.5786           -      1.7761      0.1667     0.26s
    19      1.6077           -      1.7776      0.1833     0.25s
    20      1.6019           -      1.7859      0.2000     0.27s
    21      1.5250           -      1.7874      0.1833     0.25s
    22      1.6232           -      1.7570      0.2000     0.25s
    23      1.5819           -      1.7857      0.1833     0.26s
    24      1.5881           -      1.7501      0.3000     0.27s
    25      1.5688           -      1.7611      0.2000     0.25s
    26      1.5878           -      1.7693      0.2000     0.24s
    27      1.5879           -      1.7972      0.1833     0.25s
    28      1.5858           -      1.7842      0.1833     0.24s
    29      1.5765           -      1.7841      0.2000     0.24s
    30      1.5628           -      1.7786      0.1667     0.25s
    31      1.5612           -      1.7851      0.1667     0.25s
    32      1.5668           -      1.7767      0.2000     0.25s
    33      1.5665           -      1.7492      0.2500     0.24s
    34      1.5448           -      1.7815      0.1833     0.24s
    35      1.5855           -      1.7899      0.1667     0.24s
    36      1.5794           -      1.8076      0.1333     0.25s
    37      1.5366           -      1.8222      0.1667     0.23s
    38      1.5130           -      1.8036      0.2000     0.26s
    39      1.5262           -      1.8069      0.2000     0.27s
    40      1.5047           -      1.8175      0.1667     0.23s
    41      1.5431           -      1.8182      0.1833     0.24s
    42      1.4793           -      1.8135      0.2167     0.24s
    43      1.5346           -      1.7625      0.1667     0.24s
    44      1.5117           -      1.8501      0.1667     0.23s
    45      1.4955           -      1.8101      0.1833     0.24s
    46      1.4813           -      1.8403      0.1833     0.25s
    47      1.5346           -      1.7905      0.2000     0.25s
    48      1.5053           -      1.8590      0.2000     0.23s
    49      1.5273           -      1.8874      0.1333     0.24s
    50      1.4890           -      1.8548      0.1667     0.24s
    51      1.5149           -      1.8619      0.2000     0.24s
    52      1.5342           -      1.8441      0.1833     0.23s
    53      1.4864           -      1.8562      0.1333     0.24s
    54      1.4626           -      1.8713      0.2167     0.26s
    55      1.5013           -      1.8523      0.2000     0.23s
    56      1.5070           -      1.8639      0.2000     0.23s

  验证集连续 50 轮没有提升，提前停止训练。

------------------------------------------------------------------------------
第 4 步：用验证集上最好的模型测测试集
------------------------------------------------------------------------------
  最好的一轮（第 6 轮）：验证集准确率 = 0.3000
  训练集准确率 = 0.2979   （和验证集差很多就说明过拟合了）
  测试集损失 = 1.7584
  测试集准确率 = 0.2833   <<< 这是最终成绩
  测试耗时 0.02s

------------------------------------------------------------------------------
时间统计
------------------------------------------------------------------------------
  纯训练总耗时      = 14.06s（不含评估，共 56 轮）
  平均每轮训练耗时  = 0.25s
  每个 epoch 的 batch 数 = 15
  整个脚本总耗时    = 15.33s

结果已追加到：D:\PHD\博一\入学任务\任务三_图分类\results\results.jsonl
逐轮历史已保存：D:\PHD\博一\入学任务\任务三_图分类\results\history\ENZYMES_GCN_pool-max_sample_L3_lr0.01.json
==============================================================================
