==============================================================================
任务三 图分类 —— ENZYMES_GIN_pool-max_sample_L3_lr0.01
时间：2026-09-15 20:55:47
==============================================================================
数据集=ENZYMES  模型=GIN  池化=MaxPooling（最大池化）（max）
层数=3  隐藏维度=128  dropout=0.5
学习率=0.01  权重衰减=0.0005  轮数=150
训练方式=分批次训练  批次大小设置=32  随机种子=42

------------------------------------------------------------------------------
第 1 步：加载数据
------------------------------------------------------------------------------
  数据加载用时 0.25s
  节点特征维度=21  输出维度=6  任务类型=classification
  训练集 480 张图 / 验证集 60 / 测试集 60
  训练批次大小=32  每个 epoch 有 15 个 batch

------------------------------------------------------------------------------
第 2 步：搭建模型
------------------------------------------------------------------------------
  GIN + MaxPooling（最大池化）
  可训练参数量 = 95,049
  模型结构：
GraphClassifier(
  (convs): ModuleList(
    (0): GINConv(nn=Sequential(
      (0): Linear(in_features=21, out_features=128, bias=True)
      (1): ReLU()
      (2): Linear(in_features=128, out_features=128, bias=True)
    ))
    (1-2): 2 x GINConv(nn=Sequential(
      (0): Linear(in_features=128, out_features=128, bias=True)
      (1): ReLU()
      (2): Linear(in_features=128, out_features=128, bias=True)
    ))
  )
  (norms): ModuleList(
    (0-2): 3 x BatchNorm1d(128, eps=1e-05, momentum=0.1, affine=True, track_running_stats=True)
  )
  (pool_norm): BatchNorm1d(128, eps=1e-05, momentum=0.1, affine=True, track_running_stats=True)
  (classifier): Sequential(
    (0): Linear(in_features=128, out_features=64, bias=True)
    (1): ReLU()
    (2): Dropout(p=0.5, inplace=False)
    (3): Linear(in_features=64, out_features=6, bias=True)
  )
)

------------------------------------------------------------------------------
第 3 步：开始训练
------------------------------------------------------------------------------
    轮次        训练损失        训练指标        验证损失       验证准确率        耗时
     1      1.8357           -      1.7784      0.2000     0.49s
     2      1.8048           -      1.7470      0.2500     0.21s
     3      1.7447           -      1.7748      0.2333     0.20s
     4      1.7618           -      1.7775      0.1833     0.20s
     5      1.7027           -      1.7779      0.2000     0.20s
     6      1.7137           -      1.7755      0.1833     0.22s
     7      1.7316           -      1.7896      0.2000     0.31s
     8      1.7350           -      1.7799      0.2000     0.20s
     9      1.7764           -      1.8034      0.2000     0.20s
    10      1.7508           -      1.7761      0.1833     0.21s
    11      1.7372           -      1.7844      0.2000     0.20s
    12      1.7199           -      1.7762      0.2000     0.21s
    13      1.7300           -      1.7897      0.2000     0.21s
    14      1.7223           -      1.7918      0.1667     0.25s
    15      1.7233           -      1.7817      0.2000     0.23s
    16      1.7119           -      1.8009      0.1500     0.21s
    17      1.7069           -      1.7690      0.1833     0.21s
    18      1.7494           -      1.7652      0.1833     0.21s
    19      1.7272           -      1.7926      0.2000     0.21s
    20      1.7281           -      1.7838      0.1833     0.22s
    21      1.6960           -      1.7790      0.2000     0.20s
    22      1.7123           -      1.7926      0.2000     0.21s
    23      1.7173           -      1.8071      0.1667     0.21s
    24      1.7583           -      1.8001      0.2000     0.19s
    25      1.7067           -      1.7955      0.2000     0.20s
    26      1.7228           -      1.8117      0.2000     0.19s
    27      1.7306           -      1.7976      0.1667     0.20s
    28      1.7410           -      1.7954      0.1833     0.23s
    29      1.7359           -      1.7981      0.2000     0.23s
    30      1.7166           -      1.7886      0.2000     0.22s
    31      1.7434           -      1.8002      0.2000     0.19s
    32      1.7056           -      1.8012      0.1833     0.20s
    33      1.7053           -      1.8129      0.1833     0.19s
    34      1.7092           -      1.7955      0.2000     0.21s
    35      1.7210           -      1.7856      0.2167     0.20s
    36      1.6999           -      1.7910      0.2000     0.20s
    37      1.7051           -      1.7992      0.1833     0.21s
    38      1.6903           -      1.7951      0.1833     0.20s
    39      1.7165           -      1.8179      0.2000     0.20s
    40      1.7173           -      1.8241      0.1833     0.20s
    41      1.6939           -      1.8301      0.1833     0.19s
    42      1.7049           -      1.8417      0.1833     0.20s
    43      1.7250           -      1.8128      0.2000     0.20s
    44      1.7141           -      1.8405      0.1667     0.21s
    45      1.7557           -      1.7955      0.1500     0.19s
    46      1.7425           -      1.8096      0.1667     0.20s
    47      1.7194           -      1.8327      0.1667     0.19s
    48      1.7131           -      1.8279      0.1667     0.20s
    49      1.6774           -      1.8365      0.2000     0.20s
    50      1.6876           -      1.8319      0.2000     0.19s
    51      1.6790           -      1.8363      0.2167     0.21s
    52      1.6739           -      1.8105      0.2000     0.20s

  验证集连续 50 轮没有提升，提前停止训练。

------------------------------------------------------------------------------
第 4 步：用验证集上最好的模型测测试集
------------------------------------------------------------------------------
  最好的一轮（第 2 轮）：验证集准确率 = 0.2500
  训练集准确率 = 0.2333   （和验证集差很多就说明过拟合了）
  测试集损失 = 1.7541
  测试集准确率 = 0.3167   <<< 这是最终成绩
  测试耗时 0.01s

------------------------------------------------------------------------------
时间统计
------------------------------------------------------------------------------
  纯训练总耗时      = 11.07s（不含评估，共 52 轮）
  平均每轮训练耗时  = 0.21s
  每个 epoch 的 batch 数 = 15
  整个脚本总耗时    = 11.88s

结果已追加到：D:\PHD\博一\入学任务\任务三_图分类\results\results.jsonl
逐轮历史已保存：D:\PHD\博一\入学任务\任务三_图分类\results\history\ENZYMES_GIN_pool-max_sample_L3_lr0.01.json
==============================================================================
