==============================================================================
任务三 图分类 —— PROTEINS_GIN_pool-avg_sample_L3_lr0.01
时间：2026-09-15 20:14:48
==============================================================================
数据集=PROTEINS  模型=GIN  池化=AvgPooling（平均池化）（avg）
层数=3  隐藏维度=128  dropout=0.5
学习率=0.01  权重衰减=0.0005  轮数=150
训练方式=分批次训练  批次大小设置=32  随机种子=42

------------------------------------------------------------------------------
第 1 步：加载数据
------------------------------------------------------------------------------
  数据加载用时 0.29s
  节点特征维度=4  输出维度=2  任务类型=classification
  训练集 891 张图 / 验证集 111 / 测试集 111
  训练批次大小=32  每个 epoch 有 28 个 batch

------------------------------------------------------------------------------
第 2 步：搭建模型
------------------------------------------------------------------------------
  GIN + AvgPooling（平均池化）
  可训练参数量 = 92,613
  模型结构：
GraphClassifier(
  (convs): ModuleList(
    (0): GINConv(nn=Sequential(
      (0): Linear(in_features=4, out_features=128, bias=True)
      (1): ReLU()
      (2): Linear(in_features=128, out_features=128, bias=True)
    ))
    (1-2): 2 x GINConv(nn=Sequential(
      (0): Linear(in_features=128, out_features=128, bias=True)
      (1): ReLU()
      (2): Linear(in_features=128, out_features=128, bias=True)
    ))
  )
  (norms): ModuleList(
    (0-2): 3 x BatchNorm1d(128, eps=1e-05, momentum=0.1, affine=True, track_running_stats=True)
  )
  (pool_norm): BatchNorm1d(128, eps=1e-05, momentum=0.1, affine=True, track_running_stats=True)
  (classifier): Sequential(
    (0): Linear(in_features=128, out_features=64, bias=True)
    (1): ReLU()
    (2): Dropout(p=0.5, inplace=False)
    (3): Linear(in_features=64, out_features=2, bias=True)
  )
)

------------------------------------------------------------------------------
第 3 步：开始训练
------------------------------------------------------------------------------
    轮次        训练损失        训练指标        验证损失       验证准确率        耗时
     1      0.7198           -      0.6724      0.5946     2.18s
     2      0.6720           -      0.6815      0.5946     2.83s
     3      0.6573           -      0.6918      0.5495     2.42s
     4      0.6412           -      0.6694      0.5946     0.43s
     5      0.6585           -      0.7163      0.4234     0.26s
     6      0.6473           -      0.6523      0.6306     0.24s
     7      0.6460           -      0.6931      0.5946     0.33s
     8      0.6434           -      0.7091      0.5946     0.37s
     9      0.6171           -      0.7092      0.5946     0.36s
    10      0.6565           -      0.6846      0.5676     0.24s
    11      0.6205           -      0.7668      0.5315     2.39s
    12      0.6230           -      0.6976      0.5946     3.28s
    13      0.6290           -      0.6464      0.6757     0.67s
    14      0.6354           -      0.6637      0.6036     0.40s
    15      0.6138           -      0.6586      0.6667     3.92s
    16      0.6233           -      0.6904      0.6126     1.76s
    17      0.5929           -      0.6848      0.6036     0.66s
    18      0.5958           -      0.6283      0.6667     2.17s
    19      0.5850           -      0.7061      0.5856     0.51s
    20      0.6225           -      0.7086      0.5946     3.20s
    21      0.6103           -      0.7498      0.5946     0.65s
    22      0.5902           -      0.6558      0.6036     0.49s
    23      0.5852           -      0.6712      0.6036     5.82s
    24      0.5942           -      0.7705      0.4955     0.59s
    25      0.5871           -      0.6437      0.6577     0.71s
    26      0.5969           -      0.6535      0.6216     1.14s
    27      0.5850           -      0.6859      0.6577     3.23s
    28      0.5650           -      0.6794      0.6036     0.97s
    29      0.5877           -      0.6374      0.6396     0.52s
    30      0.6020           -      0.6646      0.6757     0.44s
    31      0.5775           -      0.7644      0.5495     0.38s
    32      0.6132           -      0.6630      0.5946     0.35s
    33      0.5944           -      0.7678      0.5946     0.35s
    34      0.6111           -      0.6753      0.6216     0.39s
    35      0.6054           -      0.7476      0.6036     0.38s
    36      0.5932           -      0.7034      0.6126     0.39s
    37      0.5536           -      0.6562      0.6396     0.40s
    38      0.5941           -      0.7019      0.6396     0.40s
    39      0.5868           -      0.7000      0.6036     0.39s
    40      0.5853           -      0.7040      0.5946     0.35s
    41      0.5838           -      0.6671      0.5946     0.34s
    42      0.5962           -      0.6599      0.6036     0.31s
    43      0.5843           -      0.8544      0.4505     0.34s
    44      0.6133           -      0.6589      0.6306     0.34s
    45      0.6100           -      0.6882      0.5946     0.40s
    46      0.6047           -      0.6955      0.5946     0.42s
    47      0.5864           -      0.6819      0.5946     0.43s
    48      0.5965           -      0.7719      0.5946     0.41s
    49      0.5753           -      0.6879      0.6577     0.43s
    50      0.5963           -      0.6749      0.6036     0.41s
    51      0.5833           -      0.6649      0.5946     0.39s
    52      0.5743           -      0.6951      0.5946     0.38s
    53      0.5655           -      0.6988      0.5946     0.38s
    54      0.5897           -      0.9301      0.4054     0.39s
    55      0.6108           -      0.7030      0.5946     0.39s
    56      0.6124           -      0.6776      0.6126     0.39s
    57      0.6085           -      0.6774      0.5946     0.40s
    58      0.5924           -      0.7412      0.5946     0.40s
    59      0.5923           -      0.7031      0.6036     0.40s
    60      0.5992           -      0.6604      0.6036     0.43s
    61      0.6050           -      0.7445      0.5946     0.45s
    62      0.5934           -      0.6995      0.5946     0.47s
    63      0.5783           -      0.6681      0.6036     0.46s

  验证集连续 50 轮没有提升，提前停止训练。

------------------------------------------------------------------------------
第 4 步：用验证集上最好的模型测测试集
------------------------------------------------------------------------------
  最好的一轮（第 13 轮）：验证集准确率 = 0.6757
  训练集准确率 = 0.6465   （和验证集差很多就说明过拟合了）
  测试集损失 = 0.7107
  测试集准确率 = 0.5766   <<< 这是最终成绩
  测试耗时 0.04s

------------------------------------------------------------------------------
时间统计
------------------------------------------------------------------------------
  纯训练总耗时      = 56.15s（不含评估，共 63 轮）
  平均每轮训练耗时  = 0.87s
  每个 epoch 的 batch 数 = 28
  整个脚本总耗时    = 58.63s

结果已追加到：D:\PHD\博一\入学任务\任务三_图分类\results\results.jsonl
逐轮历史已保存：D:\PHD\博一\入学任务\任务三_图分类\results\history\PROTEINS_GIN_pool-avg_sample_L3_lr0.01.json
==============================================================================
