==============================================================================
任务三 图分类 —— MUTAG_GIN_pool-min_sample_L3_lr0.01
时间：2026-09-15 20:48:22
==============================================================================
数据集=MUTAG  模型=GIN  池化=MinPooling（最小池化）（min）
层数=3  隐藏维度=128  dropout=0.5
学习率=0.01  权重衰减=0.0005  轮数=150
训练方式=分批次训练  批次大小设置=32  随机种子=42

------------------------------------------------------------------------------
第 1 步：加载数据
------------------------------------------------------------------------------
  数据加载用时 0.19s
  节点特征维度=7  输出维度=2  任务类型=classification
  训练集 152 张图 / 验证集 18 / 测试集 18
  训练批次大小=32  每个 epoch 有 5 个 batch

------------------------------------------------------------------------------
第 2 步：搭建模型
------------------------------------------------------------------------------
  GIN + MinPooling（最小池化）
  可训练参数量 = 92,997
  模型结构：
GraphClassifier(
  (convs): ModuleList(
    (0): GINConv(nn=Sequential(
      (0): Linear(in_features=7, out_features=128, bias=True)
      (1): ReLU()
      (2): Linear(in_features=128, out_features=128, bias=True)
    ))
    (1-2): 2 x GINConv(nn=Sequential(
      (0): Linear(in_features=128, out_features=128, bias=True)
      (1): ReLU()
      (2): Linear(in_features=128, out_features=128, bias=True)
    ))
  )
  (norms): ModuleList(
    (0-2): 3 x BatchNorm1d(128, eps=1e-05, momentum=0.1, affine=True, track_running_stats=True)
  )
  (pool_norm): BatchNorm1d(128, eps=1e-05, momentum=0.1, affine=True, track_running_stats=True)
  (classifier): Sequential(
    (0): Linear(in_features=128, out_features=64, bias=True)
    (1): ReLU()
    (2): Dropout(p=0.5, inplace=False)
    (3): Linear(in_features=64, out_features=2, bias=True)
  )
)

------------------------------------------------------------------------------
第 3 步：开始训练
------------------------------------------------------------------------------
    轮次        训练损失        训练指标        验证损失       验证准确率        耗时
     1      0.6806           -      0.6567      0.6667     0.39s
     2      0.6487           -      0.6376      0.6667     0.09s
     3      0.6422           -      0.6385      0.6667     0.08s
     4      0.6358           -      0.6398      0.6667     0.09s
     5      0.6489           -      0.6387      0.6667     0.08s
     6      0.6465           -      0.6365      0.6667     0.09s
     7      0.6412           -      0.6376      0.6667     0.08s
     8      0.6397           -      0.6371      0.6667     0.09s
     9      0.6463           -      0.6369      0.6667     0.09s
    10      0.6496           -      0.6367      0.6667     0.09s
    11      0.6333           -      0.6365      0.6667     0.08s
    12      0.6471           -      0.6365      0.6667     0.09s
    13      0.6446           -      0.6377      0.6667     0.09s
    14      0.6446           -      0.6444      0.6667     0.09s
    15      0.6339           -      0.6382      0.6667     0.09s
    16      0.6315           -      0.6365      0.6667     0.09s
    17      0.6423           -      0.6379      0.6667     0.09s
    18      0.6342           -      0.6474      0.6667     0.09s
    19      0.6420           -      0.6564      0.6667     0.09s
    20      0.6362           -      0.6524      0.6667     0.09s
    21      0.6454           -      0.6511      0.6667     0.08s
    22      0.6408           -      0.6479      0.6667     0.09s
    23      0.6493           -      0.6538      0.6667     0.09s
    24      0.6492           -      0.6448      0.6667     0.09s
    25      0.6456           -      0.6435      0.6667     0.09s
    26      0.6311           -      0.6425      0.6667     0.09s
    27      0.6373           -      0.6410      0.6667     0.09s
    28      0.6487           -      0.6391      0.6667     0.09s
    29      0.6416           -      0.6384      0.6667     0.09s
    30      0.6391           -      0.6378      0.6667     0.09s
    31      0.6357           -      0.6379      0.6667     0.09s
    32      0.6380           -      0.6372      0.6667     0.09s
    33      0.6492           -      0.6365      0.6667     0.09s
    34      0.6443           -      0.6367      0.6667     0.09s
    35      0.6443           -      0.6367      0.6667     0.08s
    36      0.6395           -      0.6366      0.6667     0.08s
    37      0.6371           -      0.6367      0.6667     0.09s
    38      0.6345           -      0.6365      0.6667     0.09s
    39      0.6388           -      0.6366      0.6667     0.09s
    40      0.6393           -      0.6366      0.6667     0.09s
    41      0.6477           -      0.6366      0.6667     0.09s
    42      0.6445           -      0.6366      0.6667     0.09s
    43      0.6438           -      0.6368      0.6667     0.08s
    44      0.6466           -      0.6374      0.6667     0.09s
    45      0.6412           -      0.6380      0.6667     0.09s
    46      0.6399           -      0.6375      0.6667     0.08s
    47      0.6361           -      0.6368      0.6667     0.09s
    48      0.6439           -      0.6365      0.6667     0.09s
    49      0.6398           -      0.6365      0.6667     0.09s
    50      0.6368           -      0.6366      0.6667     0.09s
    51      0.6419           -      0.6365      0.6667     0.09s

  验证集连续 50 轮没有提升，提前停止训练。

------------------------------------------------------------------------------
第 4 步：用验证集上最好的模型测测试集
------------------------------------------------------------------------------
  最好的一轮（第 1 轮）：验证集准确率 = 0.6667
  训练集准确率 = 0.6645   （和验证集差很多就说明过拟合了）
  测试集损失 = 0.6567
  测试集准确率 = 0.6667   <<< 这是最终成绩
  测试耗时 0.01s

------------------------------------------------------------------------------
时间统计
------------------------------------------------------------------------------
  纯训练总耗时      = 4.76s（不含评估，共 51 轮）
  平均每轮训练耗时  = 0.09s
  每个 epoch 的 batch 数 = 5
  整个脚本总耗时    = 5.34s

结果已追加到：D:\PHD\博一\入学任务\任务三_图分类\results\results.jsonl
逐轮历史已保存：D:\PHD\博一\入学任务\任务三_图分类\results\history\MUTAG_GIN_pool-min_sample_L3_lr0.01.json
==============================================================================
