==============================================================================
任务三 图分类 —— PROTEINS_GAT_pool-min_sample_L3_lr0.01_diag_epslarge
时间：2026-09-15 20:51:55
==============================================================================
数据集=PROTEINS  模型=GAT  池化=MinPooling（最小池化）（min）
层数=3  隐藏维度=128  dropout=0.5
学习率=0.01  权重衰减=0.0005  轮数=30
训练方式=分批次训练  批次大小设置=32  随机种子=42

------------------------------------------------------------------------------
第 1 步：加载数据
------------------------------------------------------------------------------
  数据加载用时 0.29s
  节点特征维度=4  输出维度=2  任务类型=classification
  训练集 891 张图 / 验证集 111 / 测试集 111
  训练批次大小=32  每个 epoch 有 28 个 batch

------------------------------------------------------------------------------
第 2 步：搭建模型
------------------------------------------------------------------------------
  GAT + MinPooling（最小池化）
  可训练参数量 = 43,842
  模型结构：
GraphClassifier(
  (convs): ModuleList(
    (0): GATConv(4, 16, heads=8)
    (1-2): 2 x GATConv(128, 16, heads=8)
  )
  (norms): ModuleList(
    (0-2): 3 x BatchNorm1d(128, eps=1e-05, momentum=0.1, affine=True, track_running_stats=True)
  )
  (pool_norm): BatchNorm1d(128, eps=0.1, momentum=0.1, affine=True, track_running_stats=True)
  (classifier): Sequential(
    (0): Linear(in_features=128, out_features=64, bias=True)
    (1): ReLU()
    (2): Dropout(p=0.5, inplace=False)
    (3): Linear(in_features=64, out_features=2, bias=True)
  )
)

------------------------------------------------------------------------------
第 3 步：开始训练
------------------------------------------------------------------------------
    轮次        训练损失        训练指标        验证损失       验证准确率        耗时
     1      0.6783           -      0.6732      0.5946     4.30s
     2      0.6764           -      0.6772      0.5946     0.68s
     3      0.6763           -      0.6760      0.5946     0.70s
     4      0.6763           -      0.6758      0.5946     0.69s
     5      0.6747           -      0.6753      0.5946     0.70s
     6      0.6768           -      0.6757      0.5946     0.70s
     7      0.6749           -      0.6754      0.5946     0.68s
     8      0.6750           -      0.6757      0.5946     0.70s
     9      0.6758           -      0.6752      0.5946     0.71s
    10      0.6756           -      0.6752      0.5946     0.65s
    11      0.6761           -      0.6751      0.5946     0.64s
    12      0.6765           -      0.6751      0.5946     0.66s
    13      0.6751           -      0.6751      0.5946     0.73s
    14      0.6747           -      0.6752      0.5946     0.68s
    15      0.6754           -      0.6752      0.5946     0.69s
    16      0.6748           -      0.6752      0.5946     0.68s
    17      0.6750           -      0.6751      0.5946     0.74s
    18      0.6752           -      0.6755      0.5946     0.71s
    19      0.6757           -      0.6751      0.5946     0.70s
    20      0.6751           -      0.6753      0.5946     0.69s
    21      0.6750           -      0.6751      0.5946     0.68s
    22      0.6747           -      0.6751      0.5946     0.68s
    23      0.6760           -      0.6751      0.5946     0.70s
    24      0.6749           -      0.6751      0.5946     0.72s
    25      0.6750           -      0.6752      0.5946     0.73s
    26      0.6754           -      0.6752      0.5946     0.69s
    27      0.6750           -      0.6754      0.5946     0.69s
    28      0.6751           -      0.6752      0.5946     0.70s
    29      0.6748           -      0.6751      0.5946     0.68s
    30      0.6749           -      0.6751      0.5946     0.68s

------------------------------------------------------------------------------
第 4 步：用验证集上最好的模型测测试集
------------------------------------------------------------------------------
  最好的一轮（第 1 轮）：验证集准确率 = 0.5946
  训练集准确率 = 0.5960   （和验证集差很多就说明过拟合了）
  测试集损失 = 0.6736
  测试集准确率 = 0.5946   <<< 这是最终成绩
  测试耗时 0.05s

------------------------------------------------------------------------------
时间统计
------------------------------------------------------------------------------
  纯训练总耗时      = 24.36s（不含评估，共 30 轮）
  平均每轮训练耗时  = 0.69s
  每个 epoch 的 batch 数 = 28
  整个脚本总耗时    = 26.45s

结果已追加到：D:\PHD\博一\入学任务\任务三_图分类\results\results.jsonl
逐轮历史已保存：D:\PHD\博一\入学任务\任务三_图分类\results\history\PROTEINS_GAT_pool-min_sample_L3_lr0.01_diag_epslarge.json
==============================================================================
