==============================================================================
任务三 图分类 —— PROTEINS_GIN_pool-max_sample_L3_lr0.01
时间：2026-09-15 20:52:13
==============================================================================
数据集=PROTEINS  模型=GIN  池化=MaxPooling（最大池化）（max）
层数=3  隐藏维度=128  dropout=0.5
学习率=0.01  权重衰减=0.0005  轮数=150
训练方式=分批次训练  批次大小设置=32  随机种子=42

------------------------------------------------------------------------------
第 1 步：加载数据
------------------------------------------------------------------------------
  数据加载用时 0.43s
  节点特征维度=4  输出维度=2  任务类型=classification
  训练集 891 张图 / 验证集 111 / 测试集 111
  训练批次大小=32  每个 epoch 有 28 个 batch

------------------------------------------------------------------------------
第 2 步：搭建模型
------------------------------------------------------------------------------
  GIN + MaxPooling（最大池化）
  可训练参数量 = 92,613
  模型结构：
GraphClassifier(
  (convs): ModuleList(
    (0): GINConv(nn=Sequential(
      (0): Linear(in_features=4, out_features=128, bias=True)
      (1): ReLU()
      (2): Linear(in_features=128, out_features=128, bias=True)
    ))
    (1-2): 2 x GINConv(nn=Sequential(
      (0): Linear(in_features=128, out_features=128, bias=True)
      (1): ReLU()
      (2): Linear(in_features=128, out_features=128, bias=True)
    ))
  )
  (norms): ModuleList(
    (0-2): 3 x BatchNorm1d(128, eps=1e-05, momentum=0.1, affine=True, track_running_stats=True)
  )
  (pool_norm): BatchNorm1d(128, eps=1e-05, momentum=0.1, affine=True, track_running_stats=True)
  (classifier): Sequential(
    (0): Linear(in_features=128, out_features=64, bias=True)
    (1): ReLU()
    (2): Dropout(p=0.5, inplace=False)
    (3): Linear(in_features=64, out_features=2, bias=True)
  )
)

------------------------------------------------------------------------------
第 3 步：开始训练
------------------------------------------------------------------------------
    轮次        训练损失        训练指标        验证损失       验证准确率        耗时
     1      0.6931           -      0.7159      0.4234     0.94s
     2      0.6513           -      0.7383      0.4054     0.49s
     3      0.6100           -      0.7659      0.4054     0.52s
     4      0.6201           -      0.7707      0.4054     0.51s
     5      0.6083           -      0.7754      0.4054     0.52s
     6      0.6475           -      0.8463      0.4054     0.49s
     7      0.5946           -      0.8914      0.4054     0.49s
     8      0.5967           -      0.8979      0.4054     0.49s
     9      0.5866           -      0.9023      0.4054     0.48s
    10      0.5845           -      0.9063      0.4054     0.50s
    11      0.6020           -      0.9161      0.4054     0.50s
    12      0.6022           -      0.9761      0.4054     0.49s
    13      0.6177           -      0.9661      0.4054     0.52s
    14      0.6020           -      1.1958      0.4054     0.56s
    15      0.6029           -      0.8084      0.4054     0.46s
    16      0.6128           -      0.9656      0.4054     0.43s
    17      0.5997           -      0.7847      0.4324     0.42s
    18      0.6033           -      1.2565      0.4054     0.44s
    19      0.5860           -      1.2905      0.4054     0.46s
    20      0.5858           -      1.0943      0.4054     0.43s
    21      0.6146           -      0.8864      0.4054     0.41s
    22      0.6047           -      1.0531      0.4054     0.41s
    23      0.5775           -      0.9947      0.4144     0.39s
    24      0.5797           -      0.8685      0.4054     0.38s
    25      0.5841           -      0.8764      0.4054     0.39s
    26      0.5876           -      1.1134      0.4054     0.35s
    27      0.5829           -      0.9944      0.4054     0.34s
    28      0.5964           -      0.8339      0.4054     0.34s
    29      0.5789           -      0.8196      0.4324     0.34s
    30      0.5773           -      0.7417      0.5766     0.34s
    31      0.5973           -      1.5194      0.4054     0.34s
    32      0.5843           -      1.1953      0.4054     0.34s
    33      0.5837           -      0.7256      0.5315     0.34s
    34      0.5929           -      0.7584      0.5135     0.34s
    35      0.5940           -      0.7747      0.4505     0.35s
    36      0.5835           -      0.6354      0.6847     0.34s
    37      0.5902           -      0.9444      0.4054     0.33s
    38      0.6090           -      0.7406      0.4775     0.33s
    39      0.5886           -      1.0589      0.4144     0.35s
    40      0.5588           -      1.2855      0.4054     0.39s
    41      0.5912           -      0.8625      0.4144     0.35s
    42      0.5709           -      0.8231      0.4144     0.35s
    43      0.5899           -      0.9703      0.4054     0.34s
    44      0.5832           -      0.8595      0.4505     0.36s
    45      0.5910           -      1.2343      0.4054     0.34s
    46      0.5622           -      0.8406      0.4414     0.34s
    47      0.5995           -      0.8293      0.4595     0.34s
    48      0.6019           -      0.8011      0.5225     0.34s
    49      0.5794           -      1.0291      0.4054     0.34s
    50      0.5569           -      0.8948      0.4234     0.36s
    51      0.5903           -      0.7631      0.4595     0.34s
    52      0.5799           -      0.8624      0.4414     0.35s
    53      0.5771           -      1.0883      0.4054     0.34s
    54      0.6079           -      0.9056      0.4144     0.36s
    55      0.5896           -      0.9621      0.4054     0.34s
    56      0.5851           -      1.2928      0.4054     0.34s
    57      0.5895           -      0.9127      0.4144     0.33s
    58      0.6001           -      0.8001      0.4505     0.34s
    59      0.5873           -      0.7485      0.6036     0.35s
    60      0.5994           -      0.7049      0.6306     0.34s
    61      0.5811           -      1.5476      0.4054     0.33s
    62      0.5926           -      0.7674      0.4595     0.34s
    63      0.5831           -      0.8558      0.5135     0.34s
    64      0.5877           -      0.9898      0.4144     0.35s
    65      0.5851           -      1.2569      0.4054     0.34s
    66      0.5784           -      1.9669      0.4054     0.33s
    67      0.5996           -      2.5344      0.4054     0.34s
    68      0.5884           -      1.4053      0.4054     0.35s
    69      0.5755           -      0.9821      0.4054     0.34s
    70      0.5721           -      1.1746      0.4054     0.34s
    71      0.5693           -      1.2484      0.4054     0.34s
    72      0.5950           -      0.8717      0.4234     0.36s
    73      0.6000           -      0.8797      0.4144     0.34s
    74      0.5653           -      1.2896      0.4054     0.35s
    75      0.5729           -      1.1928      0.4054     0.33s
    76      0.5758           -      1.2005      0.4054     0.34s
    77      0.5862           -      0.9057      0.4324     0.34s
    78      0.5777           -      0.9981      0.4144     0.33s
    79      0.5800           -      0.9178      0.4144     0.35s
    80      0.5881           -      1.1753      0.4054     0.34s
    81      0.5751           -      1.3984      0.4054     0.33s
    82      0.5606           -      2.0683      0.4054     0.34s
    83      0.6039           -      1.0125      0.4144     0.33s
    84      0.5900           -      2.1741      0.4054     0.34s
    85      0.5791           -      1.2628      0.4054     0.35s
    86      0.6061           -      0.6982      0.6126     0.34s

  验证集连续 50 轮没有提升，提前停止训练。

------------------------------------------------------------------------------
第 4 步：用验证集上最好的模型测测试集
------------------------------------------------------------------------------
  最好的一轮（第 36 轮）：验证集准确率 = 0.6847
  训练集准确率 = 0.7104   （和验证集差很多就说明过拟合了）
  测试集损失 = 0.6565
  测试集准确率 = 0.5766   <<< 这是最终成绩
  测试耗时 0.03s

------------------------------------------------------------------------------
时间统计
------------------------------------------------------------------------------
  纯训练总耗时      = 33.00s（不含评估，共 86 轮）
  平均每轮训练耗时  = 0.38s
  每个 epoch 的 batch 数 = 28
  整个脚本总耗时    = 35.36s

结果已追加到：D:\PHD\博一\入学任务\任务三_图分类\results\results.jsonl
逐轮历史已保存：D:\PHD\博一\入学任务\任务三_图分类\results\history\PROTEINS_GIN_pool-max_sample_L3_lr0.01.json
==============================================================================
