==============================================================================
任务三 图分类 —— MUTAG_GAT_pool-avg_sample_L3_lr0.01
时间：2026-09-15 20:12:19
==============================================================================
数据集=MUTAG  模型=GAT  池化=AvgPooling（平均池化）（avg）
层数=3  隐藏维度=128  dropout=0.5
学习率=0.01  权重衰减=0.0005  轮数=150
训练方式=分批次训练  批次大小设置=32  随机种子=42

------------------------------------------------------------------------------
第 1 步：加载数据
------------------------------------------------------------------------------
  数据加载用时 0.18s
  节点特征维度=7  输出维度=2  任务类型=classification
  训练集 152 张图 / 验证集 18 / 测试集 18
  训练批次大小=32  每个 epoch 有 5 个 batch

------------------------------------------------------------------------------
第 2 步：搭建模型
------------------------------------------------------------------------------
  GAT + AvgPooling（平均池化）
  可训练参数量 = 44,226
  模型结构：
GraphClassifier(
  (convs): ModuleList(
    (0): GATConv(7, 16, heads=8)
    (1-2): 2 x GATConv(128, 16, heads=8)
  )
  (norms): ModuleList(
    (0-2): 3 x BatchNorm1d(128, eps=1e-05, momentum=0.1, affine=True, track_running_stats=True)
  )
  (pool_norm): BatchNorm1d(128, eps=1e-05, momentum=0.1, affine=True, track_running_stats=True)
  (classifier): Sequential(
    (0): Linear(in_features=128, out_features=64, bias=True)
    (1): ReLU()
    (2): Dropout(p=0.5, inplace=False)
    (3): Linear(in_features=64, out_features=2, bias=True)
  )
)

------------------------------------------------------------------------------
第 3 步：开始训练
------------------------------------------------------------------------------
    轮次        训练损失        训练指标        验证损失       验证准确率        耗时
     1      0.7887           -      0.7134      0.3333     2.94s
     2      0.6507           -      0.6894      0.7778     0.10s
     3      0.7149           -      0.6710      0.6667     0.10s
     4      0.6596           -      0.6690      0.6667     0.09s
     5      0.6282           -      0.6455      0.6667     0.10s
     6      0.6389           -      0.6190      0.6667     0.09s
     7      0.6109           -      0.5940      0.6667     0.09s
     8      0.6780           -      0.5889      0.6667     0.10s
     9      0.6873           -      0.5862      0.6667     0.10s
    10      0.6321           -      0.5680      0.6667     0.09s
    11      0.6082           -      0.5433      0.6667     0.10s
    12      0.6403           -      0.5260      0.6667     0.09s
    13      0.5726           -      0.5017      0.6667     0.09s
    14      0.5853           -      0.4906      0.6667     0.09s
    15      0.5968           -      0.4879      0.7222     0.10s
    16      0.5732           -      0.4938      0.7222     0.09s
    17      0.6397           -      0.4935      0.7222     0.10s
    18      0.6100           -      0.5016      0.6667     0.10s
    19      0.6132           -      0.4985      0.6667     0.10s
    20      0.5658           -      0.4837      0.6667     0.10s
    21      0.5706           -      0.4822      0.6667     0.10s
    22      0.6182           -      0.4906      0.7778     0.09s
    23      0.5957           -      0.5060      0.7778     0.09s
    24      0.5794           -      0.5015      0.7222     0.10s
    25      0.5448           -      0.5026      0.7222     0.09s
    26      0.5789           -      0.4932      0.7778     0.09s
    27      0.5797           -      0.4895      0.7222     0.10s
    28      0.6049           -      0.5009      0.7222     0.10s
    29      0.5980           -      0.4948      0.7778     0.09s
    30      0.5943           -      0.4926      0.7222     0.10s
    31      0.5762           -      0.4813      0.7778     0.09s
    32      0.6069           -      0.4885      0.6667     0.09s
    33      0.5365           -      0.4787      0.7778     0.10s
    34      0.5601           -      0.4677      0.7778     0.10s
    35      0.6279           -      0.4651      0.7778     0.09s
    36      0.5919           -      0.4726      0.7778     0.09s
    37      0.6244           -      0.5002      0.7778     0.11s
    38      0.5627           -      0.5027      0.7778     0.09s
    39      0.5733           -      0.4823      0.7778     0.09s
    40      0.5974           -      0.4795      0.7222     0.10s
    41      0.5884           -      0.4814      0.6667     0.09s
    42      0.5880           -      0.4892      0.6667     0.10s
    43      0.5922           -      0.5063      0.6667     0.10s
    44      0.5484           -      0.4985      0.6667     0.09s
    45      0.5392           -      0.4777      0.6667     0.09s
    46      0.5495           -      0.4683      0.7778     0.10s
    47      0.5987           -      0.4635      0.7778     0.10s
    48      0.5854           -      0.4702      0.7222     0.10s
    49      0.5532           -      0.4920      0.7222     0.11s
    50      0.5896           -      0.4886      0.7222     0.09s
    51      0.5492           -      0.4805      0.7778     0.09s
    52      0.5474           -      0.4786      0.7778     0.11s

  验证集连续 50 轮没有提升，提前停止训练。

------------------------------------------------------------------------------
第 4 步：用验证集上最好的模型测测试集
------------------------------------------------------------------------------
  最好的一轮（第 2 轮）：验证集准确率 = 0.7778
  训练集准确率 = 0.6776   （和验证集差很多就说明过拟合了）
  测试集损失 = 0.6904
  测试集准确率 = 0.6667   <<< 这是最终成绩
  测试耗时 0.35s

------------------------------------------------------------------------------
时间统计
------------------------------------------------------------------------------
  纯训练总耗时      = 7.91s（不含评估，共 52 轮）
  平均每轮训练耗时  = 0.10s
  每个 epoch 的 batch 数 = 5
  整个脚本总耗时    = 8.75s

结果已追加到：D:\PHD\博一\入学任务\任务三_图分类\results\results.jsonl
逐轮历史已保存：D:\PHD\博一\入学任务\任务三_图分类\results\history\MUTAG_GAT_pool-avg_sample_L3_lr0.01.json
==============================================================================
