==============================================================================
任务三 图分类 —— MUTAG_GAT_pool-min_sample_L3_lr0.01
时间：2026-09-15 20:47:33
==============================================================================
数据集=MUTAG  模型=GAT  池化=MinPooling（最小池化）（min）
层数=3  隐藏维度=128  dropout=0.5
学习率=0.01  权重衰减=0.0005  轮数=150
训练方式=分批次训练  批次大小设置=32  随机种子=42

------------------------------------------------------------------------------
第 1 步：加载数据
------------------------------------------------------------------------------
  数据加载用时 0.18s
  节点特征维度=7  输出维度=2  任务类型=classification
  训练集 152 张图 / 验证集 18 / 测试集 18
  训练批次大小=32  每个 epoch 有 5 个 batch

------------------------------------------------------------------------------
第 2 步：搭建模型
------------------------------------------------------------------------------
  GAT + MinPooling（最小池化）
  可训练参数量 = 44,226
  模型结构：
GraphClassifier(
  (convs): ModuleList(
    (0): GATConv(7, 16, heads=8)
    (1-2): 2 x GATConv(128, 16, heads=8)
  )
  (norms): ModuleList(
    (0-2): 3 x BatchNorm1d(128, eps=1e-05, momentum=0.1, affine=True, track_running_stats=True)
  )
  (pool_norm): BatchNorm1d(128, eps=1e-05, momentum=0.1, affine=True, track_running_stats=True)
  (classifier): Sequential(
    (0): Linear(in_features=128, out_features=64, bias=True)
    (1): ReLU()
    (2): Dropout(p=0.5, inplace=False)
    (3): Linear(in_features=64, out_features=2, bias=True)
  )
)

------------------------------------------------------------------------------
第 3 步：开始训练
------------------------------------------------------------------------------
    轮次        训练损失        训练指标        验证损失       验证准确率        耗时
     1      0.7195           -      0.6856      0.6667     3.01s
     2      0.6610           -      0.6433      0.6667     0.10s
     3      0.6492           -      0.6405      0.6667     0.10s
     4      0.6493           -      0.6423      0.6667     0.11s
     5      0.6402           -      0.6366      0.6667     0.10s
     6      0.6419           -      0.6368      0.6667     0.10s
     7      0.6378           -      0.6369      0.6667     0.11s
     8      0.6445           -      0.6367      0.6667     0.10s
     9      0.6436           -      0.6368      0.6667     0.10s
    10      0.6423           -      0.6366      0.6667     0.11s
    11      0.6366           -      0.6365      0.6667     0.10s
    12      0.6572           -      0.6367      0.6667     0.10s
    13      0.6422           -      0.6369      0.6667     0.11s
    14      0.6364           -      0.6372      0.6667     0.10s
    15      0.6334           -      0.6367      0.6667     0.10s
    16      0.6412           -      0.6367      0.6667     0.11s
    17      0.6438           -      0.6367      0.6667     0.12s
    18      0.6404           -      0.6365      0.6667     0.13s
    19      0.6399           -      0.6367      0.6667     0.11s
    20      0.6451           -      0.6367      0.6667     0.10s
    21      0.6517           -      0.6366      0.6667     0.10s
    22      0.6320           -      0.6366      0.6667     0.12s
    23      0.6411           -      0.6377      0.6667     0.10s
    24      0.6496           -      0.6375      0.6667     0.10s
    25      0.6415           -      0.6373      0.6667     0.11s
    26      0.6289           -      0.6365      0.6667     0.10s
    27      0.6507           -      0.6365      0.6667     0.10s
    28      0.6424           -      0.6366      0.6667     0.10s
    29      0.6452           -      0.6366      0.6667     0.10s
    30      0.6353           -      0.6366      0.6667     0.10s
    31      0.6489           -      0.6367      0.6667     0.11s
    32      0.6465           -      0.6365      0.6667     0.11s
    33      0.6397           -      0.6368      0.6667     0.10s
    34      0.6306           -      0.6367      0.6667     0.10s
    35      0.6507           -      0.6367      0.6667     0.11s
    36      0.6399           -      0.6366      0.6667     0.10s
    37      0.6434           -      0.6365      0.6667     0.11s
    38      0.6333           -      0.6365      0.6667     0.11s
    39      0.6416           -      0.6365      0.6667     0.10s
    40      0.6461           -      0.6365      0.6667     0.10s
    41      0.6364           -      0.6373      0.6667     0.11s
    42      0.6409           -      0.6375      0.6667     0.10s
    43      0.6445           -      0.6369      0.6667     0.10s
    44      0.6434           -      0.6368      0.6667     0.11s
    45      0.6459           -      0.6366      0.6667     0.10s
    46      0.6415           -      0.6370      0.6667     0.10s
    47      0.6401           -      0.6365      0.6667     0.11s
    48      0.6328           -      0.6366      0.6667     0.10s
    49      0.6307           -      0.6365      0.6667     0.10s
    50      0.6317           -      0.6367      0.6667     0.10s
    51      0.6458           -      0.6367      0.6667     0.10s

  验证集连续 50 轮没有提升，提前停止训练。

------------------------------------------------------------------------------
第 4 步：用验证集上最好的模型测测试集
------------------------------------------------------------------------------
  最好的一轮（第 1 轮）：验证集准确率 = 0.6667
  训练集准确率 = 0.6645   （和验证集差很多就说明过拟合了）
  测试集损失 = 0.6856
  测试集准确率 = 0.6667   <<< 这是最终成绩
  测试耗时 0.35s

------------------------------------------------------------------------------
时间统计
------------------------------------------------------------------------------
  纯训练总耗时      = 8.18s（不含评估，共 51 轮）
  平均每轮训练耗时  = 0.10s
  每个 epoch 的 batch 数 = 5
  整个脚本总耗时    = 9.06s

结果已追加到：D:\PHD\博一\入学任务\任务三_图分类\results\results.jsonl
逐轮历史已保存：D:\PHD\博一\入学任务\任务三_图分类\results\history\MUTAG_GAT_pool-min_sample_L3_lr0.01.json
==============================================================================
