==============================================================================
任务三 图分类 —— MUTAG_GIN_pool-avg_sample_L3_lr0.01
时间：2026-09-15 20:12:45
==============================================================================
数据集=MUTAG  模型=GIN  池化=AvgPooling（平均池化）（avg）
层数=3  隐藏维度=128  dropout=0.5
学习率=0.01  权重衰减=0.0005  轮数=150
训练方式=分批次训练  批次大小设置=32  随机种子=42

------------------------------------------------------------------------------
第 1 步：加载数据
------------------------------------------------------------------------------
  数据加载用时 0.18s
  节点特征维度=7  输出维度=2  任务类型=classification
  训练集 152 张图 / 验证集 18 / 测试集 18
  训练批次大小=32  每个 epoch 有 5 个 batch

------------------------------------------------------------------------------
第 2 步：搭建模型
------------------------------------------------------------------------------
  GIN + AvgPooling（平均池化）
  可训练参数量 = 92,997
  模型结构：
GraphClassifier(
  (convs): ModuleList(
    (0): GINConv(nn=Sequential(
      (0): Linear(in_features=7, out_features=128, bias=True)
      (1): ReLU()
      (2): Linear(in_features=128, out_features=128, bias=True)
    ))
    (1-2): 2 x GINConv(nn=Sequential(
      (0): Linear(in_features=128, out_features=128, bias=True)
      (1): ReLU()
      (2): Linear(in_features=128, out_features=128, bias=True)
    ))
  )
  (norms): ModuleList(
    (0-2): 3 x BatchNorm1d(128, eps=1e-05, momentum=0.1, affine=True, track_running_stats=True)
  )
  (pool_norm): BatchNorm1d(128, eps=1e-05, momentum=0.1, affine=True, track_running_stats=True)
  (classifier): Sequential(
    (0): Linear(in_features=128, out_features=64, bias=True)
    (1): ReLU()
    (2): Dropout(p=0.5, inplace=False)
    (3): Linear(in_features=64, out_features=2, bias=True)
  )
)

------------------------------------------------------------------------------
第 3 步：开始训练
------------------------------------------------------------------------------
    轮次        训练损失        训练指标        验证损失       验证准确率        耗时
     1      0.6181           -      4.7707      0.6667     0.33s
     2      0.4379           -     20.1778      0.6667     0.06s
     3      0.4510           -     18.7396      0.6667     0.07s
     4      0.4248           -     15.0883      0.6667     0.06s
     5      0.4147           -      9.9296      0.6667     0.06s
     6      0.3992           -      4.0653      0.6667     0.06s
     7      0.3438           -      1.5849      0.6667     0.06s
     8      0.3646           -      0.6099      0.6667     0.06s
     9      0.3981           -      0.4132      0.8333     0.06s
    10      0.3546           -      0.7380      0.5000     0.06s
    11      0.3833           -      0.3530      0.7778     0.06s
    12      0.3442           -      0.3413      0.7778     0.06s
    13      0.3740           -      0.3144      0.8889     0.06s
    14      0.3959           -      0.2912      0.7778     0.06s
    15      0.3773           -      1.0677      0.7222     0.06s
    16      0.3633           -      0.8856      0.7222     0.06s
    17      0.3375           -      1.0747      0.7222     0.06s
    18      0.3561           -      0.5374      0.7778     0.07s
    19      0.3131           -      0.3026      0.7778     0.06s
    20      0.3224           -      0.5212      0.7778     0.06s
    21      0.3596           -      0.2664      0.7778     0.06s
    22      0.3415           -      0.2547      0.8889     0.07s
    23      0.3878           -      0.2807      0.8889     0.06s
    24      0.3780           -      0.4653      0.8333     0.06s
    25      0.3613           -      0.3417      0.7778     0.06s
    26      0.3541           -      0.2941      0.8333     0.06s
    27      0.3067           -      0.3975      0.8889     0.06s
    28      0.3597           -      0.5923      0.6667     0.06s
    29      0.2985           -      0.9628      0.7222     0.06s
    30      0.3606           -      0.4372      0.8333     0.06s
    31      0.3572           -      0.2524      0.8333     0.06s
    32      0.3208           -      0.2935      0.8889     0.06s
    33      0.3856           -      0.8584      0.3889     0.06s
    34      0.3009           -      0.3339      0.8889     0.06s
    35      0.3367           -      0.2404      0.8333     0.06s
    36      0.3144           -      0.2906      0.8333     0.06s
    37      0.3482           -      0.5828      0.8333     0.06s
    38      0.3600           -      0.2948      0.8333     0.07s
    39      0.3350           -      0.3253      0.8333     0.06s
    40      0.3230           -      0.2941      0.8333     0.06s
    41      0.3482           -      0.2904      0.8333     0.06s
    42      0.3123           -      0.5695      0.7222     0.06s
    43      0.4222           -      0.6112      0.7222     0.07s
    44      0.3485           -      0.2549      0.8333     0.07s
    45      0.3731           -      0.2383      0.8333     0.06s
    46      0.3299           -      0.4516      0.8333     0.06s
    47      0.3084           -      0.3205      0.8333     0.05s
    48      0.3548           -      0.3283      0.8333     0.06s
    49      0.3167           -      0.3453      0.7222     0.06s
    50      0.3271           -      0.2711      0.8889     0.06s
    51      0.3810           -      0.2500      0.8889     0.06s
    52      0.3512           -      0.6251      0.8333     0.06s
    53      0.3484           -      0.2532      0.8889     0.06s
    54      0.3312           -      0.3417      0.9444     0.06s
    55      0.3484           -      0.1981      0.8889     0.06s
    56      0.3306           -      0.4714      0.7778     0.06s
    57      0.3442           -      0.2120      0.8889     0.06s
    58      0.2744           -      1.4506      0.6111     0.06s
    59      0.3089           -      0.4371      0.8889     0.06s
    60      0.2624           -      0.2268      0.8889     0.06s
    61      0.3111           -      0.3697      0.8889     0.06s
    62      0.3255           -      0.3618      0.8333     0.06s
    63      0.3467           -      0.2607      0.8889     0.06s
    64      0.3068           -      0.2679      0.8889     0.06s
    65      0.3434           -      0.6253      0.7222     0.06s
    66      0.3364           -      2.3659      0.3333     0.06s
    67      0.2953           -      2.7527      0.3333     0.06s
    68      0.3744           -      1.2836      0.3889     0.06s
    69      0.3258           -      0.3768      0.8333     0.06s
    70      0.2985           -      0.6527      0.6111     0.06s
    71      0.2740           -      0.6163      0.6111     0.06s
    72      0.2826           -      0.3592      0.8889     0.06s
    73      0.3861           -      0.2273      0.8333     0.06s
    74      0.2623           -      0.2130      0.8333     0.06s
    75      0.3126           -      0.2189      0.9444     0.06s
    76      0.3038           -      0.2239      0.8333     0.06s
    77      0.3146           -      0.2008      0.8889     0.08s
    78      0.3748           -      0.6238      0.6111     0.07s
    79      0.3107           -      0.7286      0.6111     0.06s
    80      0.3045           -      0.2084      0.8889     0.06s
    81      0.2699           -      0.3022      0.8889     0.07s
    82      0.2743           -      0.2510      0.8889     0.06s
    83      0.3438           -      0.2495      0.8889     0.06s
    84      0.3088           -      0.2511      0.8889     0.06s
    85      0.3294           -      0.2302      0.8333     0.06s
    86      0.3401           -      0.3293      0.7778     0.06s
    87      0.3433           -      0.2388      0.8333     0.06s
    88      0.2959           -      0.7755      0.7222     0.06s
    89      0.4024           -      0.2988      0.8333     0.06s
    90      0.2968           -      0.3860      0.7222     0.06s
    91      0.3396           -      0.3404      0.8333     0.06s
    92      0.3128           -      0.2978      0.8333     0.07s
    93      0.2852           -      0.2142      0.8333     0.06s
    94      0.3469           -      0.2119      0.8889     0.06s
    95      0.3023           -      0.2248      0.8889     0.06s
    96      0.3100           -      0.2017      0.8889     0.06s
    97      0.2986           -      0.2501      0.8333     0.06s
    98      0.2662           -      4.6031      0.3333     0.06s
    99      0.3434           -      6.3902      0.3333     0.06s
   100      0.2911           -      5.4862      0.3333     0.06s
   101      0.2960           -      2.0187      0.3333     0.06s
   102      0.2976           -      0.5874      0.6111     0.07s
   103      0.2777           -      1.1001      0.6111     0.07s
   104      0.3218           -      1.3840      0.6111     0.06s

  验证集连续 50 轮没有提升，提前停止训练。

------------------------------------------------------------------------------
第 4 步：用验证集上最好的模型测测试集
------------------------------------------------------------------------------
  最好的一轮（第 54 轮）：验证集准确率 = 0.9444
  训练集准确率 = 0.8421   （和验证集差很多就说明过拟合了）
  测试集损失 = 0.3785
  测试集准确率 = 0.7778   <<< 这是最终成绩
  测试耗时 0.01s

------------------------------------------------------------------------------
时间统计
------------------------------------------------------------------------------
  纯训练总耗时      = 6.62s（不含评估，共 104 轮）
  平均每轮训练耗时  = 0.06s
  每个 epoch 的 batch 数 = 5
  整个脚本总耗时    = 7.31s

结果已追加到：D:\PHD\博一\入学任务\任务三_图分类\results\results.jsonl
逐轮历史已保存：D:\PHD\博一\入学任务\任务三_图分类\results\history\MUTAG_GIN_pool-avg_sample_L3_lr0.01.json
==============================================================================
