==============================================================================
任务三 图分类 —— MUTAG_GIN_pool-max_sample_L3_lr0.01
时间：2026-09-15 20:48:10
==============================================================================
数据集=MUTAG  模型=GIN  池化=MaxPooling（最大池化）（max）
层数=3  隐藏维度=128  dropout=0.5
学习率=0.01  权重衰减=0.0005  轮数=150
训练方式=分批次训练  批次大小设置=32  随机种子=42

------------------------------------------------------------------------------
第 1 步：加载数据
------------------------------------------------------------------------------
  数据加载用时 0.19s
  节点特征维度=7  输出维度=2  任务类型=classification
  训练集 152 张图 / 验证集 18 / 测试集 18
  训练批次大小=32  每个 epoch 有 5 个 batch

------------------------------------------------------------------------------
第 2 步：搭建模型
------------------------------------------------------------------------------
  GIN + MaxPooling（最大池化）
  可训练参数量 = 92,997
  模型结构：
GraphClassifier(
  (convs): ModuleList(
    (0): GINConv(nn=Sequential(
      (0): Linear(in_features=7, out_features=128, bias=True)
      (1): ReLU()
      (2): Linear(in_features=128, out_features=128, bias=True)
    ))
    (1-2): 2 x GINConv(nn=Sequential(
      (0): Linear(in_features=128, out_features=128, bias=True)
      (1): ReLU()
      (2): Linear(in_features=128, out_features=128, bias=True)
    ))
  )
  (norms): ModuleList(
    (0-2): 3 x BatchNorm1d(128, eps=1e-05, momentum=0.1, affine=True, track_running_stats=True)
  )
  (pool_norm): BatchNorm1d(128, eps=1e-05, momentum=0.1, affine=True, track_running_stats=True)
  (classifier): Sequential(
    (0): Linear(in_features=128, out_features=64, bias=True)
    (1): ReLU()
    (2): Dropout(p=0.5, inplace=False)
    (3): Linear(in_features=64, out_features=2, bias=True)
  )
)

------------------------------------------------------------------------------
第 3 步：开始训练
------------------------------------------------------------------------------
    轮次        训练损失        训练指标        验证损失       验证准确率        耗时
     1      0.5785           -      4.7554      0.6667     0.38s
     2      0.4538           -     11.0428      0.6667     0.06s
     3      0.4328           -      8.1942      0.6667     0.07s
     4      0.3728           -      5.9575      0.6667     0.06s
     5      0.4318           -      2.3566      0.7222     0.07s
     6      0.4085           -      0.6394      0.7778     0.08s
     7      0.4096           -      0.3377      0.7778     0.08s
     8      0.3776           -      0.3536      0.8889     0.08s
     9      0.4112           -      0.4431      0.8333     0.08s
    10      0.3980           -      0.3796      0.8889     0.08s
    11      0.3600           -      0.3642      0.8889     0.08s
    12      0.3774           -      0.4940      0.8333     0.08s
    13      0.4209           -      0.6256      0.6111     0.08s
    14      0.4048           -      0.3506      0.7778     0.08s
    15      0.3355           -      0.3525      0.7778     0.08s
    16      0.3421           -      0.3817      0.8333     0.08s
    17      0.3455           -      0.5004      0.6667     0.08s
    18      0.3850           -      0.5779      0.6111     0.09s
    19      0.3375           -      0.6767      0.5556     0.08s
    20      0.3626           -      0.7039      0.4444     0.08s
    21      0.3800           -      0.7091      0.3333     0.08s
    22      0.3489           -      0.7356      0.3333     0.08s
    23      0.3414           -      0.7311      0.3333     0.08s
    24      0.3705           -      0.7038      0.4444     0.08s
    25      0.3769           -      0.6780      0.5556     0.08s
    26      0.3356           -      0.7103      0.4444     0.08s
    27      0.3446           -      0.6861      0.5556     0.08s
    28      0.3397           -      0.6987      0.4444     0.08s
    29      0.3099           -      0.6768      0.5000     0.08s
    30      0.3145           -      0.6692      0.5556     0.08s
    31      0.2850           -      0.6478      0.5556     0.08s
    32      0.2569           -      0.5777      0.6111     0.08s
    33      0.3048           -      0.6564      0.5556     0.08s
    34      0.3436           -      0.7207      0.3333     0.09s
    35      0.2916           -      0.7202      0.3333     0.09s
    36      0.3101           -      0.6688      0.5556     0.09s
    37      0.3074           -      0.6505      0.6111     0.08s
    38      0.3609           -      0.6562      0.6111     0.09s
    39      0.3512           -      0.6141      0.6111     0.08s
    40      0.3189           -      0.5354      0.6667     0.09s
    41      0.2839           -      0.5506      0.6667     0.08s
    42      0.3059           -      0.5324      0.7778     0.08s
    43      0.3297           -      0.5859      0.6667     0.09s
    44      0.3435           -      0.6660      0.6111     0.08s
    45      0.3275           -      0.6943      0.4444     0.08s
    46      0.3412           -      0.7062      0.3333     0.09s
    47      0.3302           -      0.6802      0.6111     0.08s
    48      0.3648           -      0.5833      0.7778     0.09s
    49      0.3181           -      0.5964      0.8333     0.09s
    50      0.3193           -      0.6440      0.6667     0.09s
    51      0.2987           -      0.6318      0.6667     0.08s
    52      0.3315           -      0.6126      0.8333     0.08s
    53      0.3695           -      0.6796      0.6111     0.08s
    54      0.3337           -      0.6839      0.6667     0.09s
    55      0.3365           -      0.6776      0.6667     0.08s
    56      0.3302           -      0.6725      0.6667     0.08s
    57      0.3316           -      0.6545      0.6667     0.08s
    58      0.2809           -      0.5931      0.6667     0.09s

  验证集连续 50 轮没有提升，提前停止训练。

------------------------------------------------------------------------------
第 4 步：用验证集上最好的模型测测试集
------------------------------------------------------------------------------
  最好的一轮（第 8 轮）：验证集准确率 = 0.8889
  训练集准确率 = 0.7763   （和验证集差很多就说明过拟合了）
  测试集损失 = 0.4011
  测试集准确率 = 0.7222   <<< 这是最终成绩
  测试耗时 0.01s

------------------------------------------------------------------------------
时间统计
------------------------------------------------------------------------------
  纯训练总耗时      = 5.04s（不含评估，共 58 轮）
  平均每轮训练耗时  = 0.08s
  每个 epoch 的 batch 数 = 5
  整个脚本总耗时    = 5.67s

结果已追加到：D:\PHD\博一\入学任务\任务三_图分类\results\results.jsonl
逐轮历史已保存：D:\PHD\博一\入学任务\任务三_图分类\results\history\MUTAG_GIN_pool-max_sample_L3_lr0.01.json
==============================================================================
