==============================================================================
任务三 图分类 —— IMDB-BINARY_GCN_pool-avg_sample_L3_lr0.01
时间：2026-09-15 20:21:37
==============================================================================
数据集=IMDB-BINARY  模型=GCN  池化=AvgPooling（平均池化）（avg）
层数=3  隐藏维度=128  dropout=0.5
学习率=0.01  权重衰减=0.0005  轮数=150
训练方式=分批次训练  批次大小设置=32  随机种子=42

------------------------------------------------------------------------------
第 1 步：加载数据
------------------------------------------------------------------------------
  数据加载用时 0.34s
  节点特征维度=101  输出维度=2  任务类型=classification
  训练集 800 张图 / 验证集 100 / 测试集 100
  训练批次大小=32  每个 epoch 有 25 个 batch

------------------------------------------------------------------------------
第 2 步：搭建模型
------------------------------------------------------------------------------
  GCN + AvgPooling（平均池化）
  可训练参数量 = 55,490
  模型结构：
GraphClassifier(
  (convs): ModuleList(
    (0): GCNConv(101, 128)
    (1-2): 2 x GCNConv(128, 128)
  )
  (norms): ModuleList(
    (0-2): 3 x BatchNorm1d(128, eps=1e-05, momentum=0.1, affine=True, track_running_stats=True)
  )
  (pool_norm): BatchNorm1d(128, eps=1e-05, momentum=0.1, affine=True, track_running_stats=True)
  (classifier): Sequential(
    (0): Linear(in_features=128, out_features=64, bias=True)
    (1): ReLU()
    (2): Dropout(p=0.5, inplace=False)
    (3): Linear(in_features=64, out_features=2, bias=True)
  )
)

------------------------------------------------------------------------------
第 3 步：开始训练
------------------------------------------------------------------------------
    轮次        训练损失        训练指标        验证损失       验证准确率        耗时
     1      0.6646           -      0.6393      0.5600     0.68s
     2      0.5629           -      0.5223      0.7100     0.36s
     3      0.5492           -      0.4874      0.7600     0.36s
     4      0.5381           -      0.4969      0.7500     0.37s
     5      0.5685           -      0.5152      0.7000     0.39s
     6      0.5307           -      0.4841      0.6900     0.37s
     7      0.5627           -      0.4993      0.7900     0.36s
     8      0.5450           -      0.5005      0.6800     0.37s
     9      0.5306           -      0.4655      0.7900     0.38s
    10      0.5351           -      0.4862      0.7000     0.37s
    11      0.5289           -      0.4847      0.7900     0.38s
    12      0.5347           -      0.5206      0.8000     0.36s
    13      0.5227           -      0.4779      0.7600     0.36s
    14      0.5099           -      0.4827      0.7600     0.36s
    15      0.5459           -      0.4820      0.7900     0.39s
    16      0.5263           -      0.4710      0.7600     0.37s
    17      0.4992           -      0.4543      0.7800     0.36s
    18      0.4944           -      0.4652      0.7900     0.36s
    19      0.5141           -      0.4895      0.7500     0.36s
    20      0.4968           -      0.4958      0.7400     0.37s
    21      0.5069           -      0.4606      0.7600     0.36s
    22      0.5080           -      0.4908      0.7800     0.36s
    23      0.5072           -      0.4666      0.7700     0.36s
    24      0.5038           -      0.4630      0.7800     0.38s
    25      0.5272           -      0.5124      0.7400     0.36s
    26      0.5103           -      0.4762      0.7200     0.36s
    27      0.5038           -      0.4676      0.7500     0.36s
    28      0.4868           -      0.4777      0.7900     0.35s
    29      0.5076           -      0.4981      0.7700     0.37s
    30      0.5103           -      0.4938      0.7500     0.37s
    31      0.5118           -      0.4719      0.7200     0.37s
    32      0.5007           -      0.4620      0.7500     0.37s
    33      0.5092           -      0.4976      0.6700     0.37s
    34      0.5013           -      0.4682      0.7700     0.37s
    35      0.5077           -      0.4818      0.8000     0.39s
    36      0.5084           -      0.4668      0.8000     0.38s
    37      0.4939           -      0.4741      0.7300     0.39s
    38      0.4829           -      0.4311      0.7900     0.40s
    39      0.5077           -      0.4727      0.7900     0.40s
    40      0.5036           -      0.4874      0.7600     0.39s
    41      0.4771           -      0.4770      0.7300     0.51s
    42      0.5007           -      0.4835      0.7900     0.56s
    43      0.5125           -      0.4914      0.7400     0.54s
    44      0.5329           -      0.5128      0.7200     0.58s
    45      0.5270           -      0.5021      0.7000     0.56s
    46      0.5055           -      0.4638      0.7100     0.51s
    47      0.5048           -      0.4634      0.7600     0.40s
    48      0.4988           -      0.4411      0.7500     0.57s
    49      0.4705           -      0.4933      0.7600     0.65s
    50      0.4798           -      0.4853      0.7600     0.57s
    51      0.5089           -      0.4605      0.7800     0.58s
    52      0.5059           -      0.5093      0.7400     0.56s
    53      0.5061           -      0.4646      0.7300     0.56s
    54      0.4986           -      0.5311      0.7500     0.57s
    55      0.4886           -      0.4561      0.8100     0.59s
    56      0.4924           -      0.4903      0.7900     0.57s
    57      0.4989           -      0.5023      0.7400     0.56s
    58      0.4778           -      0.4896      0.8000     0.57s
    59      0.5021           -      0.4595      0.7600     0.57s
    60      0.5106           -      0.4428      0.7800     0.55s
    61      0.5216           -      0.4536      0.7700     0.58s
    62      0.4979           -      0.4637      0.7700     0.58s
    63      0.5077           -      0.4851      0.7500     0.55s
    64      0.5066           -      0.4536      0.7700     0.39s
    65      0.4759           -      0.4437      0.7700     0.57s
    66      0.4906           -      0.4851      0.7900     0.55s
    67      0.4923           -      0.4654      0.8000     0.56s
    68      0.5003           -      0.4635      0.7500     0.59s
    69      0.4853           -      0.5228      0.7200     0.58s
    70      0.5092           -      0.4723      0.7600     0.55s
    71      0.5017           -      0.4654      0.7600     0.55s
    72      0.4953           -      0.4956      0.7600     0.58s
    73      0.4896           -      0.4952      0.6800     0.56s
    74      0.4829           -      0.4687      0.7800     0.57s
    75      0.4910           -      0.4902      0.7700     0.55s
    76      0.4730           -      0.4933      0.7700     0.60s
    77      0.5052           -      0.4636      0.7600     0.58s
    78      0.4990           -      0.4746      0.7900     0.64s
    79      0.4930           -      0.4589      0.7600     0.57s
    80      0.4765           -      0.4706      0.7000     0.59s
    81      0.4805           -      0.5675      0.6900     0.57s
    82      0.5001           -      0.5281      0.6900     0.56s
    83      0.4899           -      0.4916      0.7400     0.55s
    84      0.4907           -      0.4810      0.7800     0.56s
    85      0.4939           -      0.5163      0.7700     0.57s
    86      0.4928           -      0.4968      0.7800     0.40s
    87      0.4748           -      0.4702      0.7700     0.55s
    88      0.4695           -      0.4433      0.8100     0.55s
    89      0.4894           -      0.4550      0.7900     0.55s
    90      0.5055           -      0.4578      0.7800     0.56s
    91      0.4697           -      0.4888      0.7700     0.56s
    92      0.4951           -      0.4833      0.7700     0.56s
    93      0.4898           -      0.4462      0.8100     0.58s
    94      0.4974           -      0.4740      0.8100     0.59s
    95      0.4956           -      0.4599      0.7500     0.58s
    96      0.4815           -      0.4653      0.7300     0.55s
    97      0.4675           -      0.4778      0.7200     0.57s
    98      0.4984           -      0.4782      0.7700     0.58s
    99      0.4827           -      0.4470      0.7900     0.59s
   100      0.4645           -      0.4583      0.7600     0.55s
   101      0.4590           -      0.4912      0.7200     0.56s
   102      0.4871           -      0.4811      0.7100     0.56s
   103      0.4607           -      0.4669      0.7600     0.57s
   104      0.5105           -      0.4774      0.8000     0.55s
   105      0.4868           -      0.4605      0.7800     0.56s

  验证集连续 50 轮没有提升，提前停止训练。

------------------------------------------------------------------------------
第 4 步：用验证集上最好的模型测测试集
------------------------------------------------------------------------------
  最好的一轮（第 55 轮）：验证集准确率 = 0.8100
  训练集准确率 = 0.7850   （和验证集差很多就说明过拟合了）
  测试集损失 = 0.4526
  测试集准确率 = 0.7900   <<< 这是最终成绩
  测试耗时 0.09s

------------------------------------------------------------------------------
时间统计
------------------------------------------------------------------------------
  纯训练总耗时      = 51.51s（不含评估，共 105 轮）
  平均每轮训练耗时  = 0.49s
  每个 epoch 的 batch 数 = 25
  整个脚本总耗时    = 57.66s

结果已追加到：D:\PHD\博一\入学任务\任务三_图分类\results\results.jsonl
逐轮历史已保存：D:\PHD\博一\入学任务\任务三_图分类\results\history\IMDB-BINARY_GCN_pool-avg_sample_L3_lr0.01.json
==============================================================================
