==============================================================================
任务三 图分类 —— ENZYMES_GIN_pool-min_sample_L3_lr0.01
时间：2026-09-15 20:56:06
==============================================================================
数据集=ENZYMES  模型=GIN  池化=MinPooling（最小池化）（min）
层数=3  隐藏维度=128  dropout=0.5
学习率=0.01  权重衰减=0.0005  轮数=150
训练方式=分批次训练  批次大小设置=32  随机种子=42

------------------------------------------------------------------------------
第 1 步：加载数据
------------------------------------------------------------------------------
  数据加载用时 0.26s
  节点特征维度=21  输出维度=6  任务类型=classification
  训练集 480 张图 / 验证集 60 / 测试集 60
  训练批次大小=32  每个 epoch 有 15 个 batch

------------------------------------------------------------------------------
第 2 步：搭建模型
------------------------------------------------------------------------------
  GIN + MinPooling（最小池化）
  可训练参数量 = 95,049
  模型结构：
GraphClassifier(
  (convs): ModuleList(
    (0): GINConv(nn=Sequential(
      (0): Linear(in_features=21, out_features=128, bias=True)
      (1): ReLU()
      (2): Linear(in_features=128, out_features=128, bias=True)
    ))
    (1-2): 2 x GINConv(nn=Sequential(
      (0): Linear(in_features=128, out_features=128, bias=True)
      (1): ReLU()
      (2): Linear(in_features=128, out_features=128, bias=True)
    ))
  )
  (norms): ModuleList(
    (0-2): 3 x BatchNorm1d(128, eps=1e-05, momentum=0.1, affine=True, track_running_stats=True)
  )
  (pool_norm): BatchNorm1d(128, eps=1e-05, momentum=0.1, affine=True, track_running_stats=True)
  (classifier): Sequential(
    (0): Linear(in_features=128, out_features=64, bias=True)
    (1): ReLU()
    (2): Dropout(p=0.5, inplace=False)
    (3): Linear(in_features=64, out_features=6, bias=True)
  )
)

------------------------------------------------------------------------------
第 3 步：开始训练
------------------------------------------------------------------------------
    轮次        训练损失        训练指标        验证损失       验证准确率        耗时
     1      1.7968           -      1.8029      0.1667     0.49s
     2      1.7954           -      2.0109      0.1667     0.20s
     3      1.7948           -      2.1476      0.1667     0.21s
     4      1.7915           -      2.1172      0.1667     0.20s
     5      1.7885           -      4.1662      0.1667     0.20s
     6      1.7914           -     28.2571      0.1667     0.20s
     7      1.7891           -      7.3013      0.1667     0.20s
     8      1.7927           -      4.7419      0.1667     0.20s
     9      1.7880           -      4.2548      0.1667     0.22s
    10      1.7983           -      7.3122      0.1667     0.22s
    11      1.7958           -      9.6755      0.1667     0.21s
    12      1.7949           -     11.0497      0.1667     0.22s
    13      1.7933           -     11.9208      0.1667     0.21s
    14      1.7970           -      8.2660      0.1667     0.21s
    15      1.7915           -      4.7534      0.1667     0.21s
    16      1.7915           -      7.9489      0.1667     0.21s
    17      1.7901           -      8.8488      0.1667     0.21s
    18      1.7934           -     10.8279      0.1667     0.20s
    19      1.7952           -     14.3560      0.1667     0.21s
    20      1.7906           -      6.4255      0.1667     0.21s
    21      1.7925           -      4.5457      0.1167     0.21s
    22      1.7905           -      8.7932      0.1667     0.23s
    23      1.7900           -      6.0025      0.1833     0.21s
    24      1.7914           -      8.0308      0.1667     0.21s
    25      1.7892           -      5.5253      0.1667     0.20s
    26      1.7909           -    119.0552      0.1667     0.19s
    27      1.7912           -     15.0900      0.1667     0.20s
    28      1.7915           -     34.6608      0.1667     0.20s
    29      1.7878           -     31.1196      0.1667     0.20s
    30      1.7943           -     22.8136      0.1667     0.20s
    31      1.7879           -     23.5315      0.1667     0.21s
    32      1.7887           -     13.6714      0.1500     0.23s
    33      1.7928           -     20.8313      0.1667     0.22s
    34      1.7955           -     19.2993      0.1667     0.25s
    35      1.7922           -     13.6095      0.1500     0.21s
    36      1.7905           -     15.0836      0.1500     0.21s
    37      1.7849           -     11.3437      0.1667     0.22s
    38      1.7920           -     15.1388      0.1667     0.21s
    39      1.7898           -     11.1679      0.1667     0.21s
    40      1.7874           -     17.6732      0.1667     0.22s
    41      1.7931           -     38.5257      0.1667     0.20s
    42      1.7898           -     44.5993      0.1667     0.20s
    43      1.7926           -     35.2094      0.1667     0.20s
    44      1.7915           -     26.8744      0.1667     0.20s
    45      1.7886           -     15.3027      0.1667     0.21s
    46      1.7917           -     21.7683      0.1667     0.21s
    47      1.7995           -     14.1251      0.1667     0.20s
    48      1.7937           -     12.1671      0.1833     0.20s
    49      1.7865           -      7.0734      0.1667     0.22s
    50      1.7976           -     12.6899      0.1667     0.22s
    51      1.7902           -     10.9280      0.1667     0.21s
    52      1.7904           -     15.7070      0.1667     0.19s
    53      1.7922           -     20.4416      0.1667     0.21s
    54      1.7904           -     13.5091      0.1667     0.22s
    55      1.7900           -     11.4352      0.1667     0.20s
    56      1.7901           -     16.9996      0.1667     0.21s
    57      1.7892           -     10.6001      0.1667     0.22s
    58      1.7900           -     14.0839      0.1667     0.21s
    59      1.7895           -     12.6798      0.1667     0.24s
    60      1.7921           -     18.0220      0.1667     0.22s
    61      1.7885           -     10.0846      0.1667     0.20s
    62      1.7926           -     10.3443      0.1667     0.19s
    63      1.7915           -     12.8737      0.1667     0.20s
    64      1.7891           -      7.1984      0.1667     0.22s
    65      1.7909           -     10.7161      0.1667     0.20s
    66      1.7888           -      9.0590      0.1667     0.26s
    67      1.7860           -     22.2276      0.1667     0.22s
    68      1.7910           -     21.7007      0.1667     0.21s
    69      1.7858           -     24.2130      0.1667     0.20s
    70      1.7929           -     21.4254      0.1667     0.20s
    71      1.7874           -     20.5830      0.1667     0.20s
    72      1.7909           -     29.7926      0.1667     0.20s
    73      1.7924           -     24.9296      0.1667     0.20s

  验证集连续 50 轮没有提升，提前停止训练。

------------------------------------------------------------------------------
第 4 步：用验证集上最好的模型测测试集
------------------------------------------------------------------------------
  最好的一轮（第 23 轮）：验证集准确率 = 0.1833
  训练集准确率 = 0.1667   （和验证集差很多就说明过拟合了）
  测试集损失 = 5.6505
  测试集准确率 = 0.1500   <<< 这是最终成绩
  测试耗时 0.01s

------------------------------------------------------------------------------
时间统计
------------------------------------------------------------------------------
  纯训练总耗时      = 15.57s（不含评估，共 73 轮）
  平均每轮训练耗时  = 0.21s
  每个 epoch 的 batch 数 = 15
  整个脚本总耗时    = 16.65s

结果已追加到：D:\PHD\博一\入学任务\任务三_图分类\results\results.jsonl
逐轮历史已保存：D:\PHD\博一\入学任务\任务三_图分类\results\history\ENZYMES_GIN_pool-min_sample_L3_lr0.01.json
==============================================================================
