==============================================================================
任务三 图分类 —— IMDB-BINARY_GraphSAGE_pool-min_sample_L3_lr0.01
时间：2026-09-15 21:00:06
==============================================================================
数据集=IMDB-BINARY  模型=GraphSAGE  池化=MinPooling（最小池化）（min）
层数=3  隐藏维度=128  dropout=0.5
学习率=0.01  权重衰减=0.0005  轮数=150
训练方式=分批次训练  批次大小设置=32  随机种子=42

------------------------------------------------------------------------------
第 1 步：加载数据
------------------------------------------------------------------------------
  数据加载用时 0.39s
  节点特征维度=101  输出维度=2  任务类型=classification
  训练集 800 张图 / 验证集 100 / 测试集 100
  训练批次大小=32  每个 epoch 有 25 个 batch

------------------------------------------------------------------------------
第 2 步：搭建模型
------------------------------------------------------------------------------
  GraphSAGE + MinPooling（最小池化）
  可训练参数量 = 101,186
  模型结构：
GraphClassifier(
  (convs): ModuleList(
    (0): SAGEConv(101, 128)
    (1-2): 2 x SAGEConv(128, 128)
  )
  (norms): ModuleList(
    (0-2): 3 x BatchNorm1d(128, eps=1e-05, momentum=0.1, affine=True, track_running_stats=True)
  )
  (pool_norm): BatchNorm1d(128, eps=1e-05, momentum=0.1, affine=True, track_running_stats=True)
  (classifier): Sequential(
    (0): Linear(in_features=128, out_features=64, bias=True)
    (1): ReLU()
    (2): Dropout(p=0.5, inplace=False)
    (3): Linear(in_features=64, out_features=2, bias=True)
  )
)

------------------------------------------------------------------------------
第 3 步：开始训练
------------------------------------------------------------------------------
    轮次        训练损失        训练指标        验证损失       验证准确率        耗时
     1      0.6950           -      0.6933      0.5000     0.67s
     2      0.6946           -      0.6933      0.5000     0.37s
     3      0.6943           -      0.6931      0.5000     0.36s
     4      0.6940           -      0.6933      0.5000     0.37s
     5      0.6929           -      0.6932      0.5000     0.36s
     6      0.6962           -      0.6933      0.5000     0.37s
     7      0.6938           -      0.6931      0.5000     0.37s
     8      0.6931           -      0.6932      0.5000     0.37s
     9      0.6945           -      0.6931      0.5000     0.36s
    10      0.6938           -      0.6932      0.5000     0.38s
    11      0.6947           -      0.6932      0.5000     0.37s
    12      0.6938           -      0.6932      0.5000     0.36s
    13      0.6931           -      0.6932      0.5000     0.37s
    14      0.6934           -      0.6932      0.5000     0.38s
    15      0.6949           -      0.6932      0.5000     0.38s
    16      0.6936           -      0.6933      0.5000     0.38s
    17      0.6934           -      0.6932      0.5000     0.37s
    18      0.6935           -      0.6933      0.5000     0.38s
    19      0.6935           -      0.6932      0.5000     0.41s
    20      0.6938           -      0.6931      0.5000     0.37s
    21      0.6936           -      0.6932      0.5000     0.39s
    22      0.6937           -      0.6932      0.5000     0.40s
    23      0.6932           -      0.6932      0.5000     0.40s
    24      0.6936           -      0.6932      0.5000     0.37s
    25      0.6936           -      0.6931      0.5000     0.39s
    26      0.6933           -      0.6931      0.5000     0.35s
    27      0.6939           -      0.6931      0.5000     0.35s
    28      0.6935           -      0.6932      0.5000     0.32s
    29      0.6933           -      0.6931      0.5000     0.32s
    30      0.6934           -      0.6931      0.5000     0.32s
    31      0.6938           -      0.6932      0.5000     0.32s
    32      0.6947           -      0.6932      0.5000     0.32s
    33      0.6939           -      0.6931      0.5000     0.32s
    34      0.6937           -      0.6932      0.5000     0.39s
    35      0.6936           -      0.6932      0.5000     0.32s
    36      0.6935           -      0.6931      0.5000     0.35s
    37      0.6938           -      0.6933      0.5000     0.34s
    38      0.6953           -      0.6934      0.5000     0.35s
    39      0.6942           -      0.6933      0.5000     0.34s
    40      0.6936           -      0.6932      0.5000     0.34s
    41      0.6937           -      0.6931      0.5000     0.35s
    42      0.6939           -      0.6933      0.5000     0.33s
    43      0.6934           -      0.6932      0.5000     0.31s
    44      0.6937           -      0.6932      0.5000     0.32s
    45      0.6935           -      0.6931      0.5000     0.33s
    46      0.6932           -      0.6932      0.5000     0.32s
    47      0.6935           -      0.6932      0.5000     0.35s
    48      0.6934           -      0.6932      0.5000     0.36s
    49      0.6935           -      0.6932      0.5000     0.35s
    50      0.6936           -      0.6932      0.5000     0.34s
    51      0.6939           -      0.6932      0.5000     0.36s

  验证集连续 50 轮没有提升，提前停止训练。

------------------------------------------------------------------------------
第 4 步：用验证集上最好的模型测测试集
------------------------------------------------------------------------------
  最好的一轮（第 1 轮）：验证集准确率 = 0.5000
  训练集准确率 = 0.5000   （和验证集差很多就说明过拟合了）
  测试集损失 = 0.6933
  测试集准确率 = 0.5000   <<< 这是最终成绩
  测试耗时 0.03s

------------------------------------------------------------------------------
时间统计
------------------------------------------------------------------------------
  纯训练总耗时      = 18.49s（不含评估，共 51 轮）
  平均每轮训练耗时  = 0.36s
  每个 epoch 的 batch 数 = 25
  整个脚本总耗时    = 20.18s

结果已追加到：D:\PHD\博一\入学任务\任务三_图分类\results\results.jsonl
逐轮历史已保存：D:\PHD\博一\入学任务\任务三_图分类\results\history\IMDB-BINARY_GraphSAGE_pool-min_sample_L3_lr0.01.json
==============================================================================
