==============================================================================
任务三 图分类 —— PROTEINS_GIN_pool-min_sample_L3_lr0.01
时间：2026-09-15 20:52:57
==============================================================================
数据集=PROTEINS  模型=GIN  池化=MinPooling（最小池化）（min）
层数=3  隐藏维度=128  dropout=0.5
学习率=0.01  权重衰减=0.0005  轮数=150
训练方式=分批次训练  批次大小设置=32  随机种子=42

------------------------------------------------------------------------------
第 1 步：加载数据
------------------------------------------------------------------------------
  数据加载用时 0.31s
  节点特征维度=4  输出维度=2  任务类型=classification
  训练集 891 张图 / 验证集 111 / 测试集 111
  训练批次大小=32  每个 epoch 有 28 个 batch

------------------------------------------------------------------------------
第 2 步：搭建模型
------------------------------------------------------------------------------
  GIN + MinPooling（最小池化）
  可训练参数量 = 92,613
  模型结构：
GraphClassifier(
  (convs): ModuleList(
    (0): GINConv(nn=Sequential(
      (0): Linear(in_features=4, out_features=128, bias=True)
      (1): ReLU()
      (2): Linear(in_features=128, out_features=128, bias=True)
    ))
    (1-2): 2 x GINConv(nn=Sequential(
      (0): Linear(in_features=128, out_features=128, bias=True)
      (1): ReLU()
      (2): Linear(in_features=128, out_features=128, bias=True)
    ))
  )
  (norms): ModuleList(
    (0-2): 3 x BatchNorm1d(128, eps=1e-05, momentum=0.1, affine=True, track_running_stats=True)
  )
  (pool_norm): BatchNorm1d(128, eps=1e-05, momentum=0.1, affine=True, track_running_stats=True)
  (classifier): Sequential(
    (0): Linear(in_features=128, out_features=64, bias=True)
    (1): ReLU()
    (2): Dropout(p=0.5, inplace=False)
    (3): Linear(in_features=64, out_features=2, bias=True)
  )
)

------------------------------------------------------------------------------
第 3 步：开始训练
------------------------------------------------------------------------------
    轮次        训练损失        训练指标        验证损失       验证准确率        耗时
     1      0.6809           -      0.7403      0.4054     0.66s
     2      0.6670           -      3.4453      0.4054     0.38s
     3      0.6725           -      9.5765      0.4054     0.38s
     4      0.6659           -     18.5618      0.4054     0.40s
     5      0.6627           -     33.5777      0.4054     0.40s
     6      0.6733           -     44.6143      0.4054     0.38s
     7      0.6602           -     71.1806      0.4054     0.40s
     8      0.6593           -     74.9348      0.4054     0.40s
     9      0.6649           -     98.5953      0.4054     0.42s
    10      0.6553           -     94.0974      0.4054     0.37s
    11      0.6548           -     72.5991      0.4054     0.39s
    12      0.6614           -     85.2774      0.4054     0.37s
    13      0.6609           -     63.7886      0.4054     0.40s
    14      0.6535           -     84.0650      0.4054     0.40s
    15      0.6591           -    122.4901      0.4054     0.37s
    16      0.6494           -    145.4415      0.4054     0.37s
    17      0.6506           -    116.0455      0.4054     0.38s
    18      0.6536           -    123.8740      0.4054     0.39s
    19      0.6545           -    150.2445      0.4054     0.39s
    20      0.6510           -    168.6492      0.4054     0.41s
    21      0.6578           -    148.9280      0.4054     0.39s
    22      0.6512           -    161.8742      0.4054     0.39s
    23      0.6530           -    125.9410      0.4054     0.57s
    24      0.6545           -    120.9033      0.4054     0.35s
    25      0.6468           -    181.0243      0.4054     0.38s
    26      0.6615           -    102.6043      0.4054     0.40s
    27      0.6518           -     79.7042      0.4054     0.40s
    28      0.6589           -     73.8932      0.4054     0.38s
    29      0.6594           -     64.4412      0.4054     0.35s
    30      0.6600           -     96.5789      0.4054     0.35s
    31      0.6647           -    104.9904      0.4054     0.40s
    32      0.6513           -    122.2963      0.4054     0.41s
    33      0.6650           -    104.4889      0.4054     0.41s
    34      0.6560           -    128.9172      0.4054     0.39s
    35      0.6730           -     77.3133      0.4054     0.37s
    36      0.6601           -     71.0455      0.4054     0.37s
    37      0.6554           -     87.1889      0.4054     0.36s
    38      0.6519           -     89.4823      0.4054     0.36s
    39      0.6538           -    130.1003      0.4054     0.35s
    40      0.6534           -    142.6635      0.4054     0.37s
    41      0.6590           -    104.5838      0.4054     0.38s
    42      0.6660           -    104.9842      0.4054     0.39s
    43      0.6556           -    120.6590      0.4054     0.36s
    44      0.6506           -     82.1274      0.4054     0.36s
    45      0.6633           -    181.9815      0.4054     0.36s
    46      0.6651           -     59.6959      0.4054     0.35s
    47      0.6551           -     66.9103      0.4054     0.38s
    48      0.6593           -     94.0711      0.4054     0.40s
    49      0.6578           -     77.1765      0.4054     0.38s
    50      0.6616           -     76.0405      0.4054     0.38s
    51      0.6652           -     86.0449      0.4054     0.38s

  验证集连续 50 轮没有提升，提前停止训练。

------------------------------------------------------------------------------
第 4 步：用验证集上最好的模型测测试集
------------------------------------------------------------------------------
  最好的一轮（第 1 轮）：验证集准确率 = 0.4054
  训练集准确率 = 0.4085   （和验证集差很多就说明过拟合了）
  测试集损失 = 0.7028
  测试集准确率 = 0.4054   <<< 这是最终成绩
  测试耗时 0.03s

------------------------------------------------------------------------------
时间统计
------------------------------------------------------------------------------
  纯训练总耗时      = 19.93s（不含评估，共 51 轮）
  平均每轮训练耗时  = 0.39s
  每个 epoch 的 batch 数 = 28
  整个脚本总耗时    = 21.32s

结果已追加到：D:\PHD\博一\入学任务\任务三_图分类\results\results.jsonl
逐轮历史已保存：D:\PHD\博一\入学任务\任务三_图分类\results\history\PROTEINS_GIN_pool-min_sample_L3_lr0.01.json
==============================================================================
