==============================================================================
任务三 图分类 —— PROTEINS_GraphSAGE_pool-avg_sample_L3_lr0.01
时间：2026-09-15 20:14:17
==============================================================================
数据集=PROTEINS  模型=GraphSAGE  池化=AvgPooling（平均池化）（avg）
层数=3  隐藏维度=128  dropout=0.5
学习率=0.01  权重衰减=0.0005  轮数=150
训练方式=分批次训练  批次大小设置=32  随机种子=42

------------------------------------------------------------------------------
第 1 步：加载数据
------------------------------------------------------------------------------
  数据加载用时 0.28s
  节点特征维度=4  输出维度=2  任务类型=classification
  训练集 891 张图 / 验证集 111 / 测试集 111
  训练批次大小=32  每个 epoch 有 28 个 batch

------------------------------------------------------------------------------
第 2 步：搭建模型
------------------------------------------------------------------------------
  GraphSAGE + AvgPooling（平均池化）
  可训练参数量 = 76,354
  模型结构：
GraphClassifier(
  (convs): ModuleList(
    (0): SAGEConv(4, 128)
    (1-2): 2 x SAGEConv(128, 128)
  )
  (norms): ModuleList(
    (0-2): 3 x BatchNorm1d(128, eps=1e-05, momentum=0.1, affine=True, track_running_stats=True)
  )
  (pool_norm): BatchNorm1d(128, eps=1e-05, momentum=0.1, affine=True, track_running_stats=True)
  (classifier): Sequential(
    (0): Linear(in_features=128, out_features=64, bias=True)
    (1): ReLU()
    (2): Dropout(p=0.5, inplace=False)
    (3): Linear(in_features=64, out_features=2, bias=True)
  )
)

------------------------------------------------------------------------------
第 3 步：开始训练
------------------------------------------------------------------------------
    轮次        训练损失        训练指标        验证损失       验证准确率        耗时
     1      0.7006           -      0.6570      0.5946     0.64s
     2      0.6388           -      0.7087      0.4775     0.38s
     3      0.6667           -      0.8306      0.4324     0.39s
     4      0.6307           -      0.6501      0.6396     0.37s
     5      0.6292           -      0.6528      0.6757     0.36s
     6      0.6317           -      0.6524      0.6847     0.37s
     7      0.6211           -      0.6485      0.6577     0.41s
     8      0.6158           -      0.6446      0.6937     0.44s
     9      0.6101           -      0.6175      0.7117     0.46s
    10      0.5987           -      0.6007      0.6757     0.42s
    11      0.5899           -      0.6659      0.6847     0.51s
    12      0.5900           -      0.6226      0.6847     0.39s
    13      0.6112           -      0.6824      0.6126     0.47s
    14      0.6109           -      0.6660      0.5946     0.43s
    15      0.5830           -      0.6209      0.6306     0.51s
    16      0.5888           -      0.6411      0.6036     0.41s
    17      0.5727           -      0.6365      0.6306     0.39s
    18      0.5806           -      0.6493      0.5946     0.39s
    19      0.5811           -      0.6307      0.6126     0.43s
    20      0.5920           -      0.7607      0.5586     0.41s
    21      0.5724           -      0.6783      0.7117     0.44s
    22      0.5787           -      0.6155      0.6396     0.42s
    23      0.5683           -      0.6921      0.6126     0.36s
    24      0.5811           -      0.5770      0.7027     0.36s
    25      0.5600           -      0.6032      0.6306     0.34s
    26      0.5921           -      0.6557      0.7027     0.35s
    27      0.5808           -      0.5948      0.6396     0.35s
    28      0.5745           -      0.5925      0.7027     0.34s
    29      0.5704           -      0.6261      0.6486     0.40s
    30      0.5610           -      0.6100      0.6847     0.38s
    31      0.5675           -      0.6796      0.5946     0.35s
    32      0.5648           -      0.5854      0.6937     0.41s
    33      0.5777           -      0.5941      0.6847     0.34s
    34      0.5443           -      0.6788      0.6847     0.37s
    35      0.5791           -      0.6552      0.6036     0.34s
    36      0.5544           -      0.6244      0.6847     0.35s
    37      0.5870           -      0.6118      0.6667     0.35s
    38      0.5632           -      0.6095      0.7027     0.36s
    39      0.5763           -      0.5759      0.6937     0.36s
    40      0.5786           -      0.6265      0.6396     0.34s
    41      0.5724           -      0.6294      0.6396     0.35s
    42      0.5719           -      0.6378      0.6847     0.37s
    43      0.5670           -      0.6042      0.6847     0.34s
    44      0.5690           -      0.5985      0.6486     0.34s
    45      0.5544           -      0.6812      0.6486     0.34s
    46      0.5664           -      0.6195      0.6396     0.36s
    47      0.5433           -      0.6464      0.6126     0.33s
    48      0.5571           -      0.7203      0.6036     0.33s
    49      0.5798           -      0.6763      0.6937     0.32s
    50      0.5716           -      0.5689      0.6937     0.33s
    51      0.5836           -      0.6218      0.6757     0.33s
    52      0.5693           -      0.6655      0.6216     0.34s
    53      0.5638           -      0.6620      0.6126     0.34s
    54      0.5454           -      0.6368      0.6486     0.32s
    55      0.5786           -      0.6355      0.6036     0.33s
    56      0.5685           -      0.6270      0.6937     0.33s
    57      0.5725           -      0.6323      0.6396     0.33s
    58      0.5631           -      0.6340      0.6577     0.33s
    59      0.5771           -      0.5940      0.7117     0.33s

  验证集连续 50 轮没有提升，提前停止训练。

------------------------------------------------------------------------------
第 4 步：用验证集上最好的模型测测试集
------------------------------------------------------------------------------
  最好的一轮（第 9 轮）：验证集准确率 = 0.7117
  训练集准确率 = 0.6611   （和验证集差很多就说明过拟合了）
  测试集损失 = 0.6564
  测试集准确率 = 0.6306   <<< 这是最终成绩
  测试耗时 0.03s

------------------------------------------------------------------------------
时间统计
------------------------------------------------------------------------------
  纯训练总耗时      = 22.31s（不含评估，共 59 轮）
  平均每轮训练耗时  = 0.37s
  每个 epoch 的 batch 数 = 28
  整个脚本总耗时    = 24.17s

结果已追加到：D:\PHD\博一\入学任务\任务三_图分类\results\results.jsonl
逐轮历史已保存：D:\PHD\博一\入学任务\任务三_图分类\results\history\PROTEINS_GraphSAGE_pool-avg_sample_L3_lr0.01.json
==============================================================================
