==============================================================================
任务三 图分类 —— MUTAG_GAT_pool-max_sample_L3_lr0.01
时间：2026-09-15 20:47:18
==============================================================================
数据集=MUTAG  模型=GAT  池化=MaxPooling（最大池化）（max）
层数=3  隐藏维度=128  dropout=0.5
学习率=0.01  权重衰减=0.0005  轮数=150
训练方式=分批次训练  批次大小设置=32  随机种子=42

------------------------------------------------------------------------------
第 1 步：加载数据
------------------------------------------------------------------------------
  数据加载用时 0.20s
  节点特征维度=7  输出维度=2  任务类型=classification
  训练集 152 张图 / 验证集 18 / 测试集 18
  训练批次大小=32  每个 epoch 有 5 个 batch

------------------------------------------------------------------------------
第 2 步：搭建模型
------------------------------------------------------------------------------
  GAT + MaxPooling（最大池化）
  可训练参数量 = 44,226
  模型结构：
GraphClassifier(
  (convs): ModuleList(
    (0): GATConv(7, 16, heads=8)
    (1-2): 2 x GATConv(128, 16, heads=8)
  )
  (norms): ModuleList(
    (0-2): 3 x BatchNorm1d(128, eps=1e-05, momentum=0.1, affine=True, track_running_stats=True)
  )
  (pool_norm): BatchNorm1d(128, eps=1e-05, momentum=0.1, affine=True, track_running_stats=True)
  (classifier): Sequential(
    (0): Linear(in_features=128, out_features=64, bias=True)
    (1): ReLU()
    (2): Dropout(p=0.5, inplace=False)
    (3): Linear(in_features=64, out_features=2, bias=True)
  )
)

------------------------------------------------------------------------------
第 3 步：开始训练
------------------------------------------------------------------------------
    轮次        训练损失        训练指标        验证损失       验证准确率        耗时
     1      0.7647           -      0.7254      0.3333     3.00s
     2      0.6767           -      0.7271      0.3333     0.10s
     3      0.6399           -      0.7249      0.3333     0.11s
     4      0.6158           -      0.7233      0.3333     0.10s
     5      0.6114           -      0.7270      0.3333     0.10s
     6      0.6258           -      0.7309      0.3333     0.10s
     7      0.6113           -      0.7270      0.3333     0.10s
     8      0.6213           -      0.7257      0.3333     0.10s
     9      0.6415           -      0.7279      0.3333     0.10s
    10      0.6512           -      0.7257      0.3333     0.10s
    11      0.6295           -      0.7253      0.3333     0.10s
    12      0.6305           -      0.7250      0.3333     0.10s
    13      0.5912           -      0.7239      0.3333     0.10s
    14      0.5979           -      0.7264      0.3333     0.10s
    15      0.5768           -      0.7271      0.3333     0.10s
    16      0.5957           -      0.7288      0.3333     0.10s
    17      0.5815           -      0.7410      0.3333     0.10s
    18      0.5678           -      0.7499      0.3333     0.12s
    19      0.5774           -      0.7589      0.3333     0.12s
    20      0.5993           -      0.7685      0.3333     0.10s
    21      0.6194           -      0.7690      0.3333     0.10s
    22      0.6306           -      0.7660      0.3333     0.18s
    23      0.6000           -      0.7682      0.3333     0.11s
    24      0.5587           -      0.7646      0.3333     0.18s
    25      0.5912           -      0.7710      0.3333     0.11s
    26      0.5706           -      0.7720      0.3333     0.09s
    27      0.6567           -      0.7658      0.3333     0.10s
    28      0.5932           -      0.7541      0.3333     0.10s
    29      0.6104           -      0.7553      0.3333     0.10s
    30      0.5986           -      0.7590      0.3333     0.11s
    31      0.6095           -      0.7588      0.3333     0.11s
    32      0.5752           -      0.7568      0.3333     0.10s
    33      0.5832           -      0.7748      0.3333     0.10s
    34      0.5338           -      0.7930      0.3333     0.10s
    35      0.5431           -      0.8140      0.3333     0.11s
    36      0.5753           -      0.8401      0.3333     0.11s
    37      0.6265           -      0.8528      0.3333     0.10s
    38      0.6039           -      0.8374      0.3333     0.11s
    39      0.5477           -      0.8330      0.3333     0.12s
    40      0.5921           -      0.8202      0.3333     0.11s
    41      0.5383           -      0.8460      0.3333     0.10s
    42      0.5225           -      0.8631      0.3333     0.10s
    43      0.5427           -      0.8773      0.3333     0.09s
    44      0.5178           -      0.9098      0.3333     0.09s
    45      0.5472           -      0.9237      0.3333     0.09s
    46      0.5810           -      0.9311      0.3333     0.09s
    47      0.5783           -      0.9181      0.3333     0.10s
    48      0.5390           -      0.9426      0.3333     0.10s
    49      0.5539           -      0.9528      0.3333     0.10s
    50      0.5669           -      0.9571      0.3333     0.10s
    51      0.5922           -      0.9798      0.3333     0.09s

  验证集连续 50 轮没有提升，提前停止训练。

------------------------------------------------------------------------------
第 4 步：用验证集上最好的模型测测试集
------------------------------------------------------------------------------
  最好的一轮（第 1 轮）：验证集准确率 = 0.3333
  训练集准确率 = 0.3355   （和验证集差很多就说明过拟合了）
  测试集损失 = 0.7254
  测试集准确率 = 0.3333   <<< 这是最终成绩
  测试耗时 0.32s

------------------------------------------------------------------------------
时间统计
------------------------------------------------------------------------------
  纯训练总耗时      = 8.25s（不含评估，共 51 轮）
  平均每轮训练耗时  = 0.11s
  每个 epoch 的 batch 数 = 5
  整个脚本总耗时    = 9.12s

结果已追加到：D:\PHD\博一\入学任务\任务三_图分类\results\results.jsonl
逐轮历史已保存：D:\PHD\博一\入学任务\任务三_图分类\results\history\MUTAG_GAT_pool-max_sample_L3_lr0.01.json
==============================================================================
