==============================================================================
任务三 图分类 —— ZINC_GraphSAGE_pool-avg_sample_L3_lr0.01
时间：2026-09-15 20:42:51
==============================================================================
数据集=ZINC  模型=GraphSAGE  池化=AvgPooling（平均池化）（avg）
层数=3  隐藏维度=128  dropout=0.5
学习率=0.01  权重衰减=0.0005  轮数=100
训练方式=分批次训练  批次大小设置=64  随机种子=42

------------------------------------------------------------------------------
第 1 步：加载数据
------------------------------------------------------------------------------
  数据加载用时 1.58s
  节点特征维度=21  输出维度=1  任务类型=regression
  训练集 5000 张图 / 验证集 1000 / 测试集 1000
  训练批次大小=64  每个 epoch 有 79 个 batch

------------------------------------------------------------------------------
第 2 步：搭建模型
------------------------------------------------------------------------------
  GraphSAGE + AvgPooling（平均池化）
  可训练参数量 = 80,641
  模型结构：
GraphClassifier(
  (convs): ModuleList(
    (0): SAGEConv(21, 128)
    (1-2): 2 x SAGEConv(128, 128)
  )
  (norms): ModuleList(
    (0-2): 3 x BatchNorm1d(128, eps=1e-05, momentum=0.1, affine=True, track_running_stats=True)
  )
  (pool_norm): BatchNorm1d(128, eps=1e-05, momentum=0.1, affine=True, track_running_stats=True)
  (classifier): Sequential(
    (0): Linear(in_features=128, out_features=64, bias=True)
    (1): ReLU()
    (2): Dropout(p=0.5, inplace=False)
    (3): Linear(in_features=64, out_features=1, bias=True)
  )
)

------------------------------------------------------------------------------
第 3 步：开始训练
------------------------------------------------------------------------------
    轮次        训练损失        训练指标        验证损失       验证MAE        耗时
     1      1.0567           -      0.8730      0.8730     1.28s
     2      0.9365           -      0.8304      0.8304     0.97s
     3      0.9090           -      0.8144      0.8144     0.96s
     4      0.8933           -      0.7581      0.7581     0.97s
     5      0.8756           -      0.7912      0.7912     1.04s
     6      0.8759           -      0.7023      0.7023     1.04s
     7      0.8792           -      0.6751      0.6751     0.99s
     8      0.8666           -      0.7390      0.7390     1.04s
     9      0.8653           -      0.8273      0.8273     0.97s
    10      0.8643           -      0.6725      0.6725     0.96s
    11      0.8587           -      0.6625      0.6625     0.95s
    12      0.8440           -      0.7173      0.7173     0.97s
    13      0.8603           -      0.6785      0.6785     0.95s
    14      0.8599           -      0.6711      0.6711     1.14s
    15      0.8673           -      0.6666      0.6666     0.96s
    16      0.8456           -      0.6960      0.6960     0.95s
    17      0.8527           -      0.7307      0.7307     0.96s
    18      0.8701           -      0.7348      0.7348     0.96s
    19      0.8566           -      0.6738      0.6738     0.96s
    20      0.8609           -      0.6883      0.6883     0.96s
    21      0.8654           -      0.6951      0.6951     1.02s
    22      0.8632           -      0.6701      0.6701     0.96s
    23      0.8637           -      0.7468      0.7468     0.96s
    24      0.8627           -      0.7075      0.7075     1.02s
    25      0.8506           -      0.7285      0.7285     1.04s
    26      0.8655           -      0.7285      0.7285     0.69s
    27      0.8631           -      0.6905      0.6905     0.72s
    28      0.8593           -      0.7758      0.7758     0.67s
    29      0.8616           -      0.7397      0.7397     0.71s
    30      0.8509           -      0.7433      0.7433     1.05s
    31      0.8698           -      0.6799      0.6799     1.12s
    32      0.8630           -      0.7116      0.7116     1.06s
    33      0.8608           -      0.6672      0.6672     0.96s
    34      0.8544           -      0.7191      0.7191     0.97s
    35      0.8595           -      0.7116      0.7116     0.96s
    36      0.8536           -      0.6954      0.6954     0.95s
    37      0.8630           -      0.7492      0.7492     0.94s
    38      0.8595           -      0.6537      0.6537     0.95s
    39      0.8733           -      0.7033      0.7033     0.96s
    40      0.8509           -      0.6618      0.6618     0.96s
    41      0.8685           -      0.7260      0.7260     0.95s
    42      0.8631           -      0.7173      0.7173     0.96s
    43      0.8523           -      0.6943      0.6943     0.96s
    44      0.8597           -      0.7576      0.7576     0.95s
    45      0.8835           -      0.6903      0.6903     0.96s
    46      0.8541           -      0.6608      0.6608     0.97s
    47      0.8481           -      0.6818      0.6818     0.94s
    48      0.8567           -      0.6930      0.6930     0.96s
    49      0.8372           -      0.7078      0.7078     0.95s
    50      0.8704           -      0.6963      0.6963     0.95s
    51      0.8604           -      0.6479      0.6479     0.93s
    52      0.8505           -      0.7524      0.7524     0.90s
    53      0.8522           -      0.7792      0.7792     0.95s
    54      0.8623           -      0.8660      0.8660     0.94s
    55      0.8579           -      0.6915      0.6915     0.97s
    56      0.8582           -      0.6872      0.6872     0.95s
    57      0.8645           -      0.7108      0.7108     0.92s
    58      0.8619           -      0.6965      0.6965     0.97s
    59      0.8605           -      0.6865      0.6865     0.97s
    60      0.8606           -      0.8449      0.8449     0.94s
    61      0.8623           -      0.6645      0.6645     1.03s
    62      0.8792           -      0.7127      0.7127     1.08s
    63      0.8556           -      0.6657      0.6657     0.99s
    64      0.8578           -      0.6721      0.6721     0.97s
    65      0.8609           -      0.6963      0.6963     1.05s
    66      0.8589           -      0.6774      0.6774     1.01s
    67      0.8535           -      0.7213      0.7213     1.06s
    68      0.8595           -      0.8685      0.8685     1.28s
    69      0.8456           -      0.6771      0.6771     1.09s
    70      0.8612           -      0.9168      0.9168     0.73s
    71      0.8714           -      0.6995      0.6995     0.66s
    72      0.8505           -      0.6985      0.6985     0.67s
    73      0.8507           -      0.6797      0.6797     0.65s
    74      0.8543           -      0.6883      0.6883     0.65s
    75      0.8582           -      0.7064      0.7064     0.64s
    76      0.8613           -      0.6640      0.6640     0.62s
    77      0.8750           -      0.7125      0.7125     0.71s
    78      0.8652           -      0.6367      0.6367     0.67s
    79      0.8653           -      0.6596      0.6596     0.69s
    80      0.8663           -      0.7409      0.7409     0.66s
    81      0.8614           -      0.7103      0.7103     0.68s
    82      0.8667           -      0.6554      0.6554     0.64s
    83      0.8503           -      0.6549      0.6549     0.66s
    84      0.8598           -      0.6892      0.6892     0.66s
    85      0.8579           -      0.6854      0.6854     0.69s
    86      0.8580           -      0.6864      0.6864     0.62s
    87      0.8675           -      0.6468      0.6468     0.62s
    88      0.8439           -      0.6671      0.6671     0.67s
    89      0.8566           -      0.6757      0.6757     0.64s
    90      0.8564           -      0.6451      0.6451     0.91s
    91      0.8607           -      0.6669      0.6669     1.12s
    92      0.8522           -      0.6794      0.6794     1.02s
    93      0.8829           -      0.6529      0.6529     1.02s
    94      0.8751           -      0.8022      0.8022     1.13s
    95      0.8665           -      0.7072      0.7072     1.03s
    96      0.8722           -      0.7002      0.7002     1.02s
    97      0.8613           -      0.6515      0.6515     0.98s
    98      0.8739           -      0.7558      0.7558     1.02s
    99      0.8308           -      0.6581      0.6581     1.00s
   100      0.8625           -      0.6526      0.6526     1.01s

------------------------------------------------------------------------------
第 4 步：用验证集上最好的模型测测试集
------------------------------------------------------------------------------
  最好的一轮（第 78 轮）：验证集MAE = 0.6367
  训练集MAE = 0.6605   （和验证集差很多就说明过拟合了）
  测试集损失 = 0.6151
  测试集MAE = 0.6151   <<< 这是最终成绩
  测试耗时 0.13s

------------------------------------------------------------------------------
时间统计
------------------------------------------------------------------------------
  纯训练总耗时      = 1m31.7s（不含评估，共 100 轮）
  平均每轮训练耗时  = 0.91s
  每个 epoch 的 batch 数 = 79
  整个脚本总耗时    = 1m42.1s

结果已追加到：D:\PHD\博一\入学任务\任务三_图分类\results\results.jsonl
逐轮历史已保存：D:\PHD\博一\入学任务\任务三_图分类\results\history\ZINC_GraphSAGE_pool-avg_sample_L3_lr0.01.json
==============================================================================
