==============================================================================
任务三 图分类 —— ENZYMES_GAT_pool-avg_sample_L3_lr0.01
时间：2026-09-15 20:19:49
==============================================================================
数据集=ENZYMES  模型=GAT  池化=AvgPooling（平均池化）（avg）
层数=3  隐藏维度=128  dropout=0.5
学习率=0.01  权重衰减=0.0005  轮数=150
训练方式=分批次训练  批次大小设置=32  随机种子=42

------------------------------------------------------------------------------
第 1 步：加载数据
------------------------------------------------------------------------------
  数据加载用时 0.26s
  节点特征维度=21  输出维度=6  任务类型=classification
  训练集 480 张图 / 验证集 60 / 测试集 60
  训练批次大小=32  每个 epoch 有 15 个 batch

------------------------------------------------------------------------------
第 2 步：搭建模型
------------------------------------------------------------------------------
  GAT + AvgPooling（平均池化）
  可训练参数量 = 46,278
  模型结构：
GraphClassifier(
  (convs): ModuleList(
    (0): GATConv(21, 16, heads=8)
    (1-2): 2 x GATConv(128, 16, heads=8)
  )
  (norms): ModuleList(
    (0-2): 3 x BatchNorm1d(128, eps=1e-05, momentum=0.1, affine=True, track_running_stats=True)
  )
  (pool_norm): BatchNorm1d(128, eps=1e-05, momentum=0.1, affine=True, track_running_stats=True)
  (classifier): Sequential(
    (0): Linear(in_features=128, out_features=64, bias=True)
    (1): ReLU()
    (2): Dropout(p=0.5, inplace=False)
    (3): Linear(in_features=64, out_features=6, bias=True)
  )
)

------------------------------------------------------------------------------
第 3 步：开始训练
------------------------------------------------------------------------------
    轮次        训练损失        训练指标        验证损失       验证准确率        耗时
     1      1.8623           -      1.7591      0.1833     3.22s
     2      1.8213           -      1.7533      0.2333     0.27s
     3      1.7474           -      1.7913      0.2167     0.26s
     4      1.7247           -      1.8532      0.2667     0.27s
     5      1.7295           -      1.9348      0.2167     0.26s
     6      1.7267           -      2.0094      0.2167     0.26s
     7      1.7535           -      2.0144      0.2333     0.26s
     8      1.7250           -      1.9681      0.2167     0.28s
     9      1.7355           -      1.9779      0.1833     0.26s
    10      1.7136           -      1.8945      0.2333     0.26s
    11      1.6993           -      1.9402      0.2167     0.25s
    12      1.7051           -      1.9256      0.3167     0.26s
    13      1.7048           -      1.9052      0.2000     0.26s
    14      1.7132           -      2.1695      0.2167     0.27s
    15      1.6989           -      1.9986      0.2333     0.27s
    16      1.7262           -      2.0012      0.3000     0.27s
    17      1.7275           -      2.0352      0.2667     0.26s
    18      1.6948           -      2.1872      0.2167     0.30s
    19      1.7379           -      2.0853      0.2167     0.26s
    20      1.7094           -      2.1800      0.2167     0.27s
    21      1.7224           -      2.0356      0.2167     0.27s
    22      1.6871           -      2.0530      0.2167     0.25s
    23      1.6975           -      1.9707      0.2167     0.28s
    24      1.6671           -      2.2109      0.2333     0.29s
    25      1.6852           -      2.3514      0.2167     0.28s
    26      1.7153           -      2.1314      0.2000     0.24s
    27      1.6732           -      1.9090      0.2667     0.26s
    28      1.6883           -      2.0208      0.2333     0.31s
    29      1.6971           -      1.8784      0.2667     0.32s
    30      1.7305           -      1.8758      0.2333     0.28s
    31      1.7103           -      1.9309      0.2333     0.28s
    32      1.6904           -      2.2305      0.2167     0.28s
    33      1.6828           -      2.1449      0.2167     0.26s
    34      1.6715           -      2.0423      0.2167     0.29s
    35      1.6627           -      2.0587      0.2000     0.27s
    36      1.7158           -      2.3360      0.2167     0.29s
    37      1.6768           -      2.1719      0.2167     0.29s
    38      1.6977           -      1.9953      0.2167     0.30s
    39      1.6528           -      1.9396      0.2667     0.29s
    40      1.7044           -      2.0964      0.2167     0.28s
    41      1.6986           -      1.8587      0.2500     0.26s
    42      1.6975           -      1.8077      0.2333     0.32s
    43      1.6828           -      1.8371      0.2167     0.27s
    44      1.6778           -      2.0049      0.2167     0.28s
    45      1.6511           -      1.9516      0.2167     0.31s
    46      1.6586           -      2.1866      0.2167     0.31s
    47      1.6700           -      1.9841      0.2167     0.32s
    48      1.6569           -      1.8888      0.3167     0.30s
    49      1.6583           -      2.0177      0.3000     0.33s
    50      1.6758           -      1.8908      0.2167     0.28s
    51      1.6476           -      1.9227      0.2500     0.28s
    52      1.6889           -      1.9996      0.1833     0.28s
    53      1.6723           -      2.0145      0.2833     0.28s
    54      1.6549           -      2.0082      0.2833     0.29s
    55      1.6360           -      1.8858      0.2000     0.29s
    56      1.6505           -      1.7846      0.2667     0.29s
    57      1.6299           -      1.9176      0.3000     0.29s
    58      1.6435           -      1.8750      0.2500     0.31s
    59      1.6492           -      2.1529      0.2333     0.32s
    60      1.6428           -      2.0895      0.2500     0.30s
    61      1.6709           -      2.4449      0.2000     0.31s
    62      1.6256           -      2.1714      0.2167     0.31s

  验证集连续 50 轮没有提升，提前停止训练。

------------------------------------------------------------------------------
第 4 步：用验证集上最好的模型测测试集
------------------------------------------------------------------------------
  最好的一轮（第 12 轮）：验证集准确率 = 0.3167
  训练集准确率 = 0.2521   （和验证集差很多就说明过拟合了）
  测试集损失 = 1.9051
  测试集准确率 = 0.2000   <<< 这是最终成绩
  测试耗时 0.03s

------------------------------------------------------------------------------
时间统计
------------------------------------------------------------------------------
  纯训练总耗时      = 20.40s（不含评估，共 62 轮）
  平均每轮训练耗时  = 0.28s
  每个 epoch 的 batch 数 = 15
  整个脚本总耗时    = 22.20s

结果已追加到：D:\PHD\博一\入学任务\任务三_图分类\results\results.jsonl
逐轮历史已保存：D:\PHD\博一\入学任务\任务三_图分类\results\history\ENZYMES_GAT_pool-avg_sample_L3_lr0.01.json
==============================================================================
