==============================================================================
任务三 图分类 —— PROTEINS_GCN_pool-avg_sample_L3_lr0.01
时间：2026-09-15 20:12:58
==============================================================================
数据集=PROTEINS  模型=GCN  池化=AvgPooling（平均池化）（avg）
层数=3  隐藏维度=128  dropout=0.5
学习率=0.01  权重衰减=0.0005  轮数=150
训练方式=分批次训练  批次大小设置=32  随机种子=42

------------------------------------------------------------------------------
第 1 步：加载数据
------------------------------------------------------------------------------
  数据加载用时 0.32s
  节点特征维度=4  输出维度=2  任务类型=classification
  训练集 891 张图 / 验证集 111 / 测试集 111
  训练批次大小=32  每个 epoch 有 28 个 batch

------------------------------------------------------------------------------
第 2 步：搭建模型
------------------------------------------------------------------------------
  GCN + AvgPooling（平均池化）
  可训练参数量 = 43,074
  模型结构：
GraphClassifier(
  (convs): ModuleList(
    (0): GCNConv(4, 128)
    (1-2): 2 x GCNConv(128, 128)
  )
  (norms): ModuleList(
    (0-2): 3 x BatchNorm1d(128, eps=1e-05, momentum=0.1, affine=True, track_running_stats=True)
  )
  (pool_norm): BatchNorm1d(128, eps=1e-05, momentum=0.1, affine=True, track_running_stats=True)
  (classifier): Sequential(
    (0): Linear(in_features=128, out_features=64, bias=True)
    (1): ReLU()
    (2): Dropout(p=0.5, inplace=False)
    (3): Linear(in_features=64, out_features=2, bias=True)
  )
)

------------------------------------------------------------------------------
第 3 步：开始训练
------------------------------------------------------------------------------
    轮次        训练损失        训练指标        验证损失       验证准确率        耗时
     1      0.7221           -      0.6632      0.6036     0.77s
     2      0.6507           -      0.6545      0.6667     0.44s
     3      0.6627           -      0.6433      0.6126     0.39s
     4      0.6244           -      0.6447      0.6937     0.39s
     5      0.6293           -      0.6191      0.6937     0.40s
     6      0.6237           -      0.6069      0.6667     0.40s
     7      0.6102           -      0.6028      0.6757     0.40s
     8      0.5929           -      0.6856      0.6036     0.38s
     9      0.6279           -      0.6396      0.5946     0.39s
    10      0.5921           -      0.6332      0.6486     0.39s
    11      0.6065           -      0.6340      0.6216     0.39s
    12      0.5929           -      0.6531      0.6216     0.39s
    13      0.5870           -      0.6174      0.6667     0.39s
    14      0.5859           -      0.6573      0.6036     0.37s
    15      0.5951           -      0.7007      0.5946     0.40s
    16      0.5830           -      0.6593      0.6036     0.39s
    17      0.5758           -      0.6122      0.6216     0.39s
    18      0.5808           -      0.6397      0.7297     0.40s
    19      0.5887           -      0.6284      0.6486     0.41s
    20      0.5717           -      0.6220      0.6486     0.43s
    21      0.5800           -      0.6673      0.5946     0.60s
    22      0.5858           -      0.7199      0.5946     0.42s
    23      0.5665           -      0.6138      0.6757     0.41s
    24      0.5951           -      0.6210      0.6306     0.40s
    25      0.5643           -      0.6773      0.6036     0.40s
    26      0.5903           -      0.6112      0.6306     0.42s
    27      0.5817           -      0.6353      0.6126     0.40s
    28      0.5770           -      0.6299      0.6577     0.40s
    29      0.5836           -      0.6290      0.6216     0.42s
    30      0.5736           -      0.6510      0.6216     0.41s
    31      0.5657           -      0.6326      0.6937     0.42s
    32      0.5849           -      0.6106      0.6937     0.42s
    33      0.5811           -      0.5858      0.6937     0.41s
    34      0.5821           -      0.6471      0.6306     0.41s
    35      0.5794           -      0.6123      0.6847     0.41s
    36      0.5646           -      0.6724      0.6937     0.40s
    37      0.5569           -      0.7161      0.6126     0.44s
    38      0.5839           -      0.6347      0.6126     0.41s
    39      0.5546           -      0.6805      0.6126     0.46s
    40      0.5623           -      0.6695      0.6126     0.43s
    41      0.5832           -      0.6867      0.6126     0.43s
    42      0.5697           -      0.6772      0.6126     0.43s
    43      0.5555           -      0.6489      0.6757     0.43s
    44      0.5815           -      0.6355      0.6306     0.43s
    45      0.5667           -      0.6190      0.6306     0.42s
    46      0.5721           -      0.6028      0.7117     0.41s
    47      0.5724           -      0.6525      0.6306     0.44s
    48      0.5705           -      0.6523      0.6937     0.43s
    49      0.5879           -      0.6052      0.6577     0.42s
    50      0.5710           -      0.6194      0.6757     0.42s
    51      0.5731           -      0.6592      0.6306     0.47s
    52      0.5642           -      0.6963      0.6126     0.42s
    53      0.5542           -      0.5928      0.7117     0.42s
    54      0.5789           -      0.6789      0.5946     0.41s
    55      0.5651           -      0.6346      0.6757     0.42s
    56      0.5566           -      0.6378      0.6216     0.42s
    57      0.5742           -      0.6673      0.6036     0.41s
    58      0.5805           -      0.6428      0.6396     0.40s
    59      0.5803           -      0.6936      0.6036     0.42s
    60      0.5595           -      0.6386      0.6667     0.41s
    61      0.5525           -      0.6206      0.6396     0.41s
    62      0.5663           -      0.5992      0.6577     0.42s
    63      0.5929           -      0.6054      0.7027     0.42s
    64      0.5700           -      0.6958      0.6126     0.40s
    65      0.5566           -      0.7114      0.5946     0.42s
    66      0.5637           -      0.6038      0.6667     0.41s
    67      0.5485           -      0.7082      0.6577     0.41s
    68      0.5845           -      0.6639      0.5946     0.42s

  验证集连续 50 轮没有提升，提前停止训练。

------------------------------------------------------------------------------
第 4 步：用验证集上最好的模型测测试集
------------------------------------------------------------------------------
  最好的一轮（第 18 轮）：验证集准确率 = 0.7297
  训练集准确率 = 0.6970   （和验证集差很多就说明过拟合了）
  测试集损失 = 0.6081
  测试集准确率 = 0.7117   <<< 这是最终成绩
  测试耗时 0.04s

------------------------------------------------------------------------------
时间统计
------------------------------------------------------------------------------
  纯训练总耗时      = 28.57s（不含评估，共 68 轮）
  平均每轮训练耗时  = 0.41s
  每个 epoch 的 batch 数 = 28
  整个脚本总耗时    = 31.17s

结果已追加到：D:\PHD\博一\入学任务\任务三_图分类\results\results.jsonl
逐轮历史已保存：D:\PHD\博一\入学任务\任务三_图分类\results\history\PROTEINS_GCN_pool-avg_sample_L3_lr0.01.json
==============================================================================
