==============================================================================
任务三 图分类 —— PROTEINS_GCN_pool-max_sample_L3_lr0.001_diag_max
时间：2026-09-15 20:53:31
==============================================================================
数据集=PROTEINS  模型=GCN  池化=MaxPooling（最大池化）（max）
层数=3  隐藏维度=128  dropout=0.5
学习率=0.001  权重衰减=0.0005  轮数=80
训练方式=分批次训练  批次大小设置=32  随机种子=42

------------------------------------------------------------------------------
第 1 步：加载数据
------------------------------------------------------------------------------
  数据加载用时 0.31s
  节点特征维度=4  输出维度=2  任务类型=classification
  训练集 891 张图 / 验证集 111 / 测试集 111
  训练批次大小=32  每个 epoch 有 28 个 batch

------------------------------------------------------------------------------
第 2 步：搭建模型
------------------------------------------------------------------------------
  GCN + MaxPooling（最大池化）
  可训练参数量 = 43,074
  模型结构：
GraphClassifier(
  (convs): ModuleList(
    (0): GCNConv(4, 128)
    (1-2): 2 x GCNConv(128, 128)
  )
  (norms): ModuleList(
    (0-2): 3 x BatchNorm1d(128, eps=1e-05, momentum=0.1, affine=True, track_running_stats=True)
  )
  (pool_norm): BatchNorm1d(128, eps=1e-05, momentum=0.1, affine=True, track_running_stats=True)
  (classifier): Sequential(
    (0): Linear(in_features=128, out_features=64, bias=True)
    (1): ReLU()
    (2): Dropout(p=0.5, inplace=False)
    (3): Linear(in_features=64, out_features=2, bias=True)
  )
)

------------------------------------------------------------------------------
第 3 步：开始训练
------------------------------------------------------------------------------
    轮次        训练损失        训练指标        验证损失       验证准确率        耗时
     1      0.6915           -      0.6859      0.6036     0.79s
     2      0.6369           -      0.6873      0.5946     0.48s
     3      0.6182           -      0.6901      0.6036     0.47s
     4      0.6101           -      0.6953      0.4054     0.50s
     5      0.6073           -      0.6999      0.4054     0.46s
     6      0.5899           -      0.7086      0.4054     0.46s
     7      0.5824           -      0.7148      0.4054     0.46s
     8      0.5903           -      0.7215      0.4054     0.46s
     9      0.5932           -      0.7280      0.4054     0.46s
    10      0.5637           -      0.7360      0.4054     0.44s
    11      0.5870           -      0.7430      0.4054     0.46s
    12      0.5579           -      0.7492      0.4054     0.50s
    13      0.5624           -      0.7577      0.4054     0.44s
    14      0.5736           -      0.7656      0.4054     0.46s
    15      0.5690           -      0.7657      0.4054     0.45s
    16      0.5690           -      0.7764      0.4054     0.46s
    17      0.5452           -      0.7846      0.4054     0.45s
    18      0.5493           -      0.7959      0.4054     0.44s
    19      0.5768           -      0.8016      0.4054     0.45s
    20      0.5601           -      0.8134      0.4054     0.46s
    21      0.5639           -      0.8208      0.4054     0.44s
    22      0.5579           -      0.8234      0.4054     0.46s
    23      0.5589           -      0.8296      0.4054     0.42s
    24      0.5502           -      0.8420      0.4054     0.42s
    25      0.5530           -      0.8527      0.4054     0.42s
    26      0.5417           -      0.8679      0.4054     0.42s
    27      0.5552           -      0.8775      0.4054     0.42s
    28      0.5394           -      0.8862      0.4054     0.43s
    29      0.5419           -      0.8929      0.4054     0.42s
    30      0.5558           -      0.9014      0.4054     0.55s
    31      0.5474           -      0.9147      0.4054     0.45s
    32      0.5492           -      0.9202      0.4054     0.44s
    33      0.5472           -      0.9342      0.4054     0.47s
    34      0.5306           -      0.9348      0.4054     0.44s
    35      0.5495           -      0.9457      0.4054     0.45s
    36      0.5309           -      0.9661      0.4054     0.46s
    37      0.5406           -      0.9806      0.4054     0.45s
    38      0.5295           -      0.9991      0.4054     0.44s
    39      0.5200           -      1.0119      0.4054     0.45s
    40      0.5186           -      1.0184      0.4054     0.45s
    41      0.5285           -      1.0331      0.4054     0.46s
    42      0.5270           -      1.0453      0.4054     0.44s
    43      0.5287           -      1.0558      0.4054     0.45s
    44      0.5321           -      1.0618      0.4054     0.48s
    45      0.5095           -      1.0819      0.4054     0.45s
    46      0.5072           -      1.1048      0.4054     0.45s
    47      0.5104           -      1.1247      0.4054     0.46s
    48      0.5221           -      1.1396      0.4054     0.45s
    49      0.5215           -      1.1474      0.4054     0.44s
    50      0.5129           -      1.1564      0.4054     0.44s
    51      0.5318           -      1.1613      0.4054     0.44s

  验证集连续 50 轮没有提升，提前停止训练。

------------------------------------------------------------------------------
第 4 步：用验证集上最好的模型测测试集
------------------------------------------------------------------------------
  最好的一轮（第 1 轮）：验证集准确率 = 0.6036
  训练集准确率 = 0.6027   （和验证集差很多就说明过拟合了）
  测试集损失 = 0.6845
  测试集准确率 = 0.6126   <<< 这是最终成绩
  测试耗时 0.04s

------------------------------------------------------------------------------
时间统计
------------------------------------------------------------------------------
  纯训练总耗时      = 23.44s（不含评估，共 51 轮）
  平均每轮训练耗时  = 0.45s
  每个 epoch 的 batch 数 = 28
  整个脚本总耗时    = 25.68s

结果已追加到：D:\PHD\博一\入学任务\任务三_图分类\results\results.jsonl
逐轮历史已保存：D:\PHD\博一\入学任务\任务三_图分类\results\history\PROTEINS_GCN_pool-max_sample_L3_lr0.001_diag_max.json
==============================================================================
==============================================================================
任务三 图分类 —— PROTEINS_GCN_pool-max_sample_L3_lr0.001_diag_max
时间：2026-09-15 20:54:04
==============================================================================
数据集=PROTEINS  模型=GCN  池化=MaxPooling（最大池化）（max）
层数=3  隐藏维度=128  dropout=0.5
学习率=0.001  权重衰减=0.0005  轮数=80
训练方式=分批次训练  批次大小设置=32  随机种子=42

------------------------------------------------------------------------------
第 1 步：加载数据
------------------------------------------------------------------------------
  数据加载用时 0.28s
  节点特征维度=4  输出维度=2  任务类型=classification
  训练集 891 张图 / 验证集 111 / 测试集 111
  训练批次大小=32  每个 epoch 有 28 个 batch

------------------------------------------------------------------------------
第 2 步：搭建模型
------------------------------------------------------------------------------
  GCN + MaxPooling（最大池化）
  可训练参数量 = 43,074
  模型结构：
GraphClassifier(
  (convs): ModuleList(
    (0): GCNConv(4, 128)
    (1-2): 2 x GCNConv(128, 128)
  )
  (norms): ModuleList(
    (0-2): 3 x BatchNorm1d(128, eps=1e-05, momentum=0.1, affine=True, track_running_stats=True)
  )
  (pool_norm): BatchNorm1d(128, eps=0.1, momentum=0.1, affine=True, track_running_stats=True)
  (classifier): Sequential(
    (0): Linear(in_features=128, out_features=64, bias=True)
    (1): ReLU()
    (2): Dropout(p=0.5, inplace=False)
    (3): Linear(in_features=64, out_features=2, bias=True)
  )
)

------------------------------------------------------------------------------
第 3 步：开始训练
------------------------------------------------------------------------------
    轮次        训练损失        训练指标        验证损失       验证准确率        耗时
     1      0.6899           -      0.6859      0.5946     0.75s
     2      0.6353           -      0.6866      0.5946     0.43s
     3      0.6147           -      0.6891      0.6036     0.44s
     4      0.6207           -      0.6947      0.4054     0.45s
     5      0.6019           -      0.6986      0.4054     0.43s
     6      0.5832           -      0.7063      0.4054     0.43s
     7      0.5903           -      0.7110      0.4054     0.44s
     8      0.6064           -      0.7165      0.4054     0.43s
     9      0.5819           -      0.7228      0.4054     0.43s
    10      0.5647           -      0.7303      0.4054     0.44s
    11      0.5927           -      0.7382      0.4054     0.45s
    12      0.5624           -      0.7449      0.4054     0.43s
    13      0.5619           -      0.7522      0.4054     0.40s
    14      0.5758           -      0.7622      0.4054     0.40s
    15      0.5711           -      0.7655      0.4054     0.41s
    16      0.5700           -      0.7738      0.4054     0.40s
    17      0.5538           -      0.7807      0.4054     0.41s
    18      0.5484           -      0.7888      0.4054     0.42s
    19      0.5678           -      0.7948      0.4054     0.44s
    20      0.5626           -      0.8046      0.4054     0.45s
    21      0.5617           -      0.8122      0.4054     0.45s
    22      0.5537           -      0.8164      0.4054     0.43s
    23      0.5560           -      0.8260      0.4054     0.43s
    24      0.5572           -      0.8393      0.4054     0.43s
    25      0.5522           -      0.8479      0.4054     0.45s
    26      0.5504           -      0.8573      0.4054     0.44s
    27      0.5562           -      0.8721      0.4054     0.43s
    28      0.5392           -      0.8798      0.4054     0.47s
    29      0.5330           -      0.8904      0.4054     0.46s
    30      0.5445           -      0.9065      0.4054     0.45s
    31      0.5504           -      0.9227      0.4054     0.44s
    32      0.5488           -      0.9290      0.4054     0.44s
    33      0.5434           -      0.9467      0.4054     0.43s
    34      0.5325           -      0.9509      0.4054     0.49s
    35      0.5334           -      0.9707      0.4054     0.46s
    36      0.5247           -      0.9954      0.4054     0.47s
    37      0.5458           -      1.0093      0.4054     0.46s
    38      0.5215           -      1.0230      0.4054     0.41s
    39      0.5337           -      1.0360      0.4054     0.43s
    40      0.5322           -      1.0546      0.4054     0.46s
    41      0.5346           -      1.0516      0.4054     0.45s
    42      0.5218           -      1.0691      0.4054     0.41s
    43      0.5248           -      1.0866      0.4054     0.40s
    44      0.5300           -      1.0967      0.4054     0.40s
    45      0.5098           -      1.1251      0.4054     0.32s
    46      0.5183           -      1.1401      0.4054     0.30s
    47      0.5128           -      1.1704      0.4054     0.32s
    48      0.5264           -      1.1893      0.4054     0.32s
    49      0.5210           -      1.2073      0.4054     0.35s
    50      0.5130           -      1.2184      0.4054     0.31s
    51      0.5362           -      1.2302      0.4054     0.31s
    52      0.5262           -      1.2476      0.4054     0.30s
    53      0.5232           -      1.2652      0.4054     0.32s

  验证集连续 50 轮没有提升，提前停止训练。

------------------------------------------------------------------------------
第 4 步：用验证集上最好的模型测测试集
------------------------------------------------------------------------------
  最好的一轮（第 3 轮）：验证集准确率 = 0.6036
  训练集准确率 = 0.6061   （和验证集差很多就说明过拟合了）
  测试集损失 = 0.6857
  测试集准确率 = 0.6126   <<< 这是最终成绩
  测试耗时 0.04s

------------------------------------------------------------------------------
时间统计
------------------------------------------------------------------------------
  纯训练总耗时      = 22.32s（不含评估，共 53 轮）
  平均每轮训练耗时  = 0.41s
  每个 epoch 的 batch 数 = 28
  整个脚本总耗时    = 24.41s

结果已追加到：D:\PHD\博一\入学任务\任务三_图分类\results\results.jsonl
逐轮历史已保存：D:\PHD\博一\入学任务\任务三_图分类\results\history\PROTEINS_GCN_pool-max_sample_L3_lr0.001_diag_max.json
==============================================================================
