==============================================================================
任务三 图分类 —— PROTEINS_GCN_pool-max_sample_L3_lr0.01_diag_norm
时间：2026-09-15 20:55:15
==============================================================================
数据集=PROTEINS  模型=GCN  池化=MaxPooling（最大池化）（max）
层数=3  隐藏维度=128  dropout=0.5
学习率=0.01  权重衰减=0.0005  轮数=80
训练方式=分批次训练  批次大小设置=32  随机种子=42

------------------------------------------------------------------------------
第 1 步：加载数据
------------------------------------------------------------------------------
  数据加载用时 0.31s
  节点特征维度=4  输出维度=2  任务类型=classification
  训练集 891 张图 / 验证集 111 / 测试集 111
  训练批次大小=32  每个 epoch 有 28 个 batch

------------------------------------------------------------------------------
第 2 步：搭建模型
------------------------------------------------------------------------------
  GCN + MaxPooling（最大池化）
  可训练参数量 = 43,074
  模型结构：
GraphClassifier(
  (convs): ModuleList(
    (0): GCNConv(4, 128)
    (1-2): 2 x GCNConv(128, 128)
  )
  (norms): ModuleList(
    (0-2): 3 x BatchNorm1d(128, eps=1e-05, momentum=0.1, affine=True, track_running_stats=True)
  )
  (pool_norm): BatchNorm1d(128, eps=1e-05, momentum=0.1, affine=True, track_running_stats=True)
  (classifier): Sequential(
    (0): Linear(in_features=128, out_features=64, bias=True)
    (1): ReLU()
    (2): Dropout(p=0.5, inplace=False)
    (3): Linear(in_features=64, out_features=2, bias=True)
  )
)

------------------------------------------------------------------------------
第 3 步：开始训练
------------------------------------------------------------------------------
    轮次        训练损失        训练指标        验证损失       验证准确率        耗时
     1      0.6942           -      0.7008      0.4054     0.90s
     2      0.6163           -      0.7435      0.4054     0.53s
     3      0.5855           -      0.7831      0.4054     0.52s
     4      0.6187           -      0.7904      0.4054     0.50s
     5      0.5929           -      0.8243      0.4054     0.50s
     6      0.6028           -      0.8283      0.4054     0.49s
     7      0.5933           -      0.8057      0.4054     0.49s
     8      0.5891           -      0.9025      0.4054     0.50s
     9      0.5984           -      0.8906      0.4054     0.49s
    10      0.5997           -      0.8976      0.4054     0.58s
    11      0.6086           -      0.9230      0.4054     0.47s
    12      0.5831           -      0.9707      0.4054     0.46s
    13      0.5795           -      1.0330      0.4054     0.48s
    14      0.5770           -      1.1617      0.4054     0.44s
    15      0.5630           -      1.0642      0.4054     0.42s
    16      0.6030           -      1.0289      0.4054     0.43s
    17      0.5780           -      1.0184      0.4054     0.47s
    18      0.5784           -      1.1250      0.4054     0.48s
    19      0.6006           -      1.1328      0.4054     0.53s
    20      0.5754           -      1.2374      0.4054     0.48s
    21      0.5677           -      1.3899      0.4054     0.45s
    22      0.5751           -      1.1172      0.4054     0.46s
    23      0.5447           -      1.2746      0.4054     0.45s
    24      0.5903           -      1.1133      0.4054     0.48s
    25      0.5872           -      1.1148      0.4054     0.50s
    26      0.5616           -      1.2886      0.4054     0.45s
    27      0.5847           -      1.2074      0.4054     0.49s
    28      0.5655           -      1.2950      0.4054     0.46s
    29      0.5659           -      1.3848      0.4054     0.48s
    30      0.5488           -      1.3355      0.4054     0.47s
    31      0.5700           -      1.4848      0.4054     0.49s
    32      0.5873           -      1.5039      0.4054     0.48s
    33      0.5565           -      1.4787      0.4054     0.46s
    34      0.5765           -      1.0799      0.4054     0.47s
    35      0.5649           -      1.3019      0.4054     0.50s
    36      0.5627           -      1.4418      0.4054     0.45s
    37      0.5546           -      1.3812      0.4054     0.50s
    38      0.5748           -      1.4519      0.4054     0.50s
    39      0.5612           -      1.3419      0.4054     0.51s
    40      0.5718           -      1.2095      0.4054     0.48s
    41      0.5705           -      1.3759      0.4054     0.66s
    42      0.5673           -      1.0774      0.4054     0.57s
    43      0.5570           -      1.2446      0.4054     0.52s
    44      0.5722           -      1.1823      0.4054     0.53s
    45      0.5584           -      1.1952      0.4054     0.49s
    46      0.5606           -      1.3365      0.4054     0.47s
    47      0.5675           -      1.0979      0.4054     0.46s
    48      0.5695           -      1.1992      0.4054     0.42s
    49      0.5487           -      1.3890      0.4054     0.42s
    50      0.5474           -      1.1538      0.4054     0.44s
    51      0.5680           -      1.3175      0.4054     0.42s

  验证集连续 50 轮没有提升，提前停止训练。

------------------------------------------------------------------------------
第 4 步：用验证集上最好的模型测测试集
------------------------------------------------------------------------------
  最好的一轮（第 1 轮）：验证集准确率 = 0.4054
  训练集准确率 = 0.4040   （和验证集差很多就说明过拟合了）
  测试集损失 = 0.6984
  测试集准确率 = 0.4054   <<< 这是最终成绩
  测试耗时 0.04s

------------------------------------------------------------------------------
时间统计
------------------------------------------------------------------------------
  纯训练总耗时      = 25.10s（不含评估，共 51 轮）
  平均每轮训练耗时  = 0.48s
  每个 epoch 的 batch 数 = 28
  整个脚本总耗时    = 27.60s

结果已追加到：D:\PHD\博一\入学任务\任务三_图分类\results\results.jsonl
逐轮历史已保存：D:\PHD\博一\入学任务\任务三_图分类\results\history\PROTEINS_GCN_pool-max_sample_L3_lr0.01_diag_norm.json
==============================================================================
==============================================================================
任务三 图分类 —— PROTEINS_GCN_pool-max_sample_L3_lr0.01_diag_norm
时间：2026-09-15 20:55:51
==============================================================================
数据集=PROTEINS  模型=GCN  池化=MaxPooling（最大池化）（max）
层数=3  隐藏维度=128  dropout=0.5
学习率=0.01  权重衰减=0.0005  轮数=80
训练方式=分批次训练  批次大小设置=32  随机种子=42

------------------------------------------------------------------------------
第 1 步：加载数据
------------------------------------------------------------------------------
  数据加载用时 0.32s
  节点特征维度=4  输出维度=2  任务类型=classification
  训练集 891 张图 / 验证集 111 / 测试集 111
  训练批次大小=32  每个 epoch 有 28 个 batch

------------------------------------------------------------------------------
第 2 步：搭建模型
------------------------------------------------------------------------------
  GCN + MaxPooling（最大池化）
  可训练参数量 = 43,074
  模型结构：
GraphClassifier(
  (convs): ModuleList(
    (0): GCNConv(4, 128)
    (1-2): 2 x GCNConv(128, 128)
  )
  (norms): ModuleList(
    (0-2): 3 x BatchNorm1d(128, eps=1e-05, momentum=0.1, affine=True, track_running_stats=True)
  )
  (pool_norm): LayerNorm((128,), eps=1e-05, elementwise_affine=True)
  (classifier): Sequential(
    (0): Linear(in_features=128, out_features=64, bias=True)
    (1): ReLU()
    (2): Dropout(p=0.5, inplace=False)
    (3): Linear(in_features=64, out_features=2, bias=True)
  )
)

------------------------------------------------------------------------------
第 3 步：开始训练
------------------------------------------------------------------------------
    轮次        训练损失        训练指标        验证损失       验证准确率        耗时
     1      0.7089           -      0.6533      0.5946     0.84s
     2      0.6718           -      0.6740      0.6847     0.49s
     3      0.6488           -      0.5982      0.7387     0.48s
     4      0.6341           -      0.6172      0.7027     0.58s
     5      0.6487           -      0.6127      0.6577     0.49s
     6      0.6086           -      0.5920      0.6667     0.50s
     7      0.6204           -      0.6095      0.7027     0.49s
     8      0.6237           -      0.6080      0.6216     0.49s
     9      0.6123           -      0.6203      0.6937     0.49s
    10      0.5873           -      0.5646      0.7477     0.50s
    11      0.6112           -      0.5777      0.6847     0.47s
    12      0.5998           -      0.6123      0.6486     0.49s
    13      0.6094           -      0.5906      0.7117     0.49s
    14      0.5994           -      0.5877      0.6937     0.50s
    15      0.5825           -      0.6356      0.6216     0.45s
    16      0.5941           -      0.6037      0.6577     0.42s
    17      0.5795           -      0.6310      0.6126     0.44s
    18      0.5682           -      0.6102      0.7117     0.47s
    19      0.6091           -      0.6169      0.6306     0.45s
    20      0.5819           -      0.6027      0.6757     0.43s
    21      0.5800           -      0.5909      0.6577     0.44s
    22      0.5912           -      0.5946      0.6757     0.50s
    23      0.5927           -      0.5758      0.6937     0.58s
    24      0.5780           -      0.6331      0.6667     0.49s
    25      0.5733           -      0.5389      0.7297     0.48s
    26      0.5677           -      0.5903      0.7207     0.48s
    27      0.5784           -      0.6070      0.6486     0.46s
    28      0.5840           -      0.5485      0.7117     0.45s
    29      0.5480           -      0.5882      0.6937     0.46s
    30      0.5264           -      0.6216      0.6667     0.49s
    31      0.5634           -      0.6219      0.7027     0.45s
    32      0.5612           -      0.5937      0.6757     0.49s
    33      0.5770           -      0.5832      0.6937     0.51s
    34      0.5447           -      0.5813      0.7117     0.48s
    35      0.5612           -      0.5593      0.7117     0.51s
    36      0.5597           -      0.6075      0.6937     0.49s
    37      0.5616           -      0.5594      0.7027     0.53s
    38      0.5686           -      0.6317      0.6937     0.49s
    39      0.5465           -      0.5744      0.7387     0.46s
    40      0.5466           -      0.5972      0.6847     0.47s
    41      0.5366           -      0.6588      0.6306     0.49s
    42      0.5580           -      0.6212      0.6667     0.54s
    43      0.5521           -      0.5684      0.7207     0.50s
    44      0.5235           -      0.6688      0.6486     0.51s
    45      0.5600           -      0.5533      0.7117     0.51s
    46      0.5252           -      0.5492      0.7387     0.46s
    47      0.5593           -      0.5670      0.7297     0.48s
    48      0.5421           -      0.5496      0.7207     0.46s
    49      0.5540           -      0.6057      0.7387     0.51s
    50      0.5411           -      0.6073      0.7568     0.47s
    51      0.5449           -      0.5895      0.7568     0.49s
    52      0.5461           -      0.5738      0.7477     0.50s
    53      0.5186           -      0.6299      0.6396     0.53s
    54      0.5421           -      0.5779      0.7117     0.47s
    55      0.5319           -      0.5402      0.7297     0.48s
    56      0.5540           -      0.6317      0.6757     0.56s
    57      0.5355           -      0.6396      0.6306     0.48s
    58      0.5463           -      0.6708      0.6216     0.48s
    59      0.5448           -      0.5719      0.7477     0.48s
    60      0.5520           -      0.5846      0.7387     0.46s
    61      0.5304           -      0.5581      0.7387     0.43s
    62      0.5603           -      0.5482      0.7387     0.42s
    63      0.5429           -      0.6633      0.6216     0.42s
    64      0.5411           -      0.6305      0.7207     0.43s
    65      0.5366           -      0.6048      0.7387     0.42s
    66      0.5326           -      0.6049      0.6937     0.42s
    67      0.5548           -      0.5899      0.7117     0.49s
    68      0.5309           -      0.6481      0.6577     0.60s
    69      0.5278           -      0.6235      0.7297     0.52s
    70      0.5359           -      0.5653      0.7027     0.49s
    71      0.5444           -      0.5816      0.7207     0.48s
    72      0.5289           -      0.5384      0.7297     0.45s
    73      0.5452           -      0.5295      0.7748     0.44s
    74      0.5405           -      0.5972      0.7297     0.46s
    75      0.5469           -      0.5508      0.7297     0.45s
    76      0.5466           -      0.6231      0.6667     0.48s
    77      0.5404           -      0.5646      0.7477     0.45s
    78      0.5429           -      0.5694      0.7207     0.45s
    79      0.5465           -      0.5602      0.7568     0.47s
    80      0.5225           -      0.6250      0.7207     0.46s

------------------------------------------------------------------------------
第 4 步：用验证集上最好的模型测测试集
------------------------------------------------------------------------------
  最好的一轮（第 73 轮）：验证集准确率 = 0.7748
  训练集准确率 = 0.7598   （和验证集差很多就说明过拟合了）
  测试集损失 = 0.5381
  测试集准确率 = 0.7297   <<< 这是最终成绩
  测试耗时 0.04s

------------------------------------------------------------------------------
时间统计
------------------------------------------------------------------------------
  纯训练总耗时      = 38.74s（不含评估，共 80 轮）
  平均每轮训练耗时  = 0.48s
  每个 epoch 的 batch 数 = 28
  整个脚本总耗时    = 42.46s

结果已追加到：D:\PHD\博一\入学任务\任务三_图分类\results\results.jsonl
逐轮历史已保存：D:\PHD\博一\入学任务\任务三_图分类\results\history\PROTEINS_GCN_pool-max_sample_L3_lr0.01_diag_norm.json
==============================================================================
==============================================================================
任务三 图分类 —— PROTEINS_GCN_pool-max_sample_L3_lr0.01_diag_norm
时间：2026-09-15 20:56:41
==============================================================================
数据集=PROTEINS  模型=GCN  池化=MaxPooling（最大池化）（max）
层数=3  隐藏维度=128  dropout=0.5
学习率=0.01  权重衰减=0.0005  轮数=80
训练方式=分批次训练  批次大小设置=32  随机种子=42

------------------------------------------------------------------------------
第 1 步：加载数据
------------------------------------------------------------------------------
  数据加载用时 0.28s
  节点特征维度=4  输出维度=2  任务类型=classification
  训练集 891 张图 / 验证集 111 / 测试集 111
  训练批次大小=32  每个 epoch 有 28 个 batch

------------------------------------------------------------------------------
第 2 步：搭建模型
------------------------------------------------------------------------------
  GCN + MaxPooling（最大池化）
  可训练参数量 = 42,818
  模型结构：
GraphClassifier(
  (convs): ModuleList(
    (0): GCNConv(4, 128)
    (1-2): 2 x GCNConv(128, 128)
  )
  (norms): ModuleList(
    (0-2): 3 x BatchNorm1d(128, eps=1e-05, momentum=0.1, affine=True, track_running_stats=True)
  )
  (pool_norm): Identity()
  (classifier): Sequential(
    (0): Linear(in_features=128, out_features=64, bias=True)
    (1): ReLU()
    (2): Dropout(p=0.5, inplace=False)
    (3): Linear(in_features=64, out_features=2, bias=True)
  )
)

------------------------------------------------------------------------------
第 3 步：开始训练
------------------------------------------------------------------------------
    轮次        训练损失        训练指标        验证损失       验证准确率        耗时
     1      0.9611           -      0.6755      0.5946     0.75s
     2      0.6542           -      0.6582      0.6036     0.43s
     3      0.6650           -      0.6480      0.6036     0.45s
     4      0.6452           -      0.6689      0.5946     0.42s
     5      0.6317           -      0.6400      0.6306     0.43s
     6      0.6329           -      0.6493      0.6126     0.45s
     7      0.6394           -      0.6324      0.6216     0.44s
     8      0.6384           -      0.6336      0.6036     0.43s
     9      0.6292           -      0.6426      0.6036     0.44s
    10      0.6459           -      0.6331      0.5856     0.44s
    11      0.6235           -      0.6353      0.7027     0.43s
    12      0.6245           -      0.6469      0.6306     0.43s
    13      0.5953           -      0.6615      0.6126     0.44s
    14      0.6254           -      0.6559      0.6216     0.47s
    15      0.6262           -      0.6608      0.5946     0.44s
    16      0.6266           -      0.6408      0.7027     0.46s
    17      0.6071           -      0.6284      0.6486     0.46s
    18      0.6085           -      0.6367      0.6847     0.46s
    19      0.6244           -      0.6480      0.6306     0.45s
    20      0.6246           -      0.6410      0.6306     0.45s
    21      0.6185           -      0.6525      0.6396     0.45s
    22      0.6195           -      0.6430      0.6937     0.44s
    23      0.6073           -      0.6408      0.7207     0.46s
    24      0.6206           -      0.6595      0.7027     0.44s
    25      0.6112           -      0.6426      0.7027     0.43s
    26      0.6262           -      0.6595      0.6667     0.43s
    27      0.6378           -      0.6542      0.7117     0.43s
    28      0.6202           -      0.6394      0.6937     0.46s
    29      0.5872           -      0.6325      0.7387     0.44s
    30      0.5926           -      0.6215      0.6847     0.43s
    31      0.5879           -      0.6289      0.7117     0.47s
    32      0.5872           -      0.6379      0.7477     0.41s
    33      0.5920           -      0.6441      0.7117     0.41s
    34      0.5959           -      0.6234      0.7027     0.40s
    35      0.5960           -      0.6218      0.7207     0.40s
    36      0.6051           -      0.6357      0.6757     0.40s
    37      0.6061           -      0.6435      0.6396     0.40s
    38      0.6230           -      0.6478      0.6667     0.40s
    39      0.5984           -      0.6235      0.7297     0.43s
    40      0.5992           -      0.6345      0.7117     0.46s
    41      0.6002           -      0.6472      0.7297     0.42s
    42      0.5900           -      0.6236      0.6757     0.42s
    43      0.5941           -      0.6240      0.7117     0.42s
    44      0.5901           -      0.6900      0.5856     0.42s
    45      0.5826           -      0.6083      0.7207     0.43s
    46      0.5771           -      0.6305      0.6757     0.42s
    47      0.5955           -      0.6214      0.7027     0.43s
    48      0.5804           -      0.6021      0.7207     0.42s
    49      0.5836           -      0.6130      0.7207     0.46s
    50      0.5784           -      0.5997      0.7568     0.43s
    51      0.5795           -      0.5861      0.7387     0.44s
    52      0.5761           -      0.6177      0.7117     0.43s
    53      0.5565           -      0.6262      0.7117     0.43s
    54      0.5780           -      0.6676      0.6036     0.42s
    55      0.5817           -      0.6057      0.7477     0.42s
    56      0.5636           -      0.5948      0.7477     0.44s
    57      0.5845           -      0.5881      0.7027     0.42s
    58      0.5831           -      0.6349      0.7117     0.45s
    59      0.5911           -      0.6089      0.7748     0.43s
    60      0.5956           -      0.6835      0.6126     0.44s
    61      0.5791           -      0.6129      0.7297     0.42s
    62      0.5841           -      0.6154      0.7027     0.43s
    63      0.5736           -      0.6504      0.6396     0.44s
    64      0.5689           -      0.6288      0.6667     0.43s
    65      0.5715           -      0.5832      0.7387     0.43s
    66      0.5683           -      0.6139      0.7748     0.45s
    67      0.5740           -      0.5766      0.7297     0.45s
    68      0.5850           -      0.6304      0.7477     0.43s
    69      0.5736           -      0.6359      0.7207     0.43s
    70      0.5745           -      0.6072      0.7387     0.44s
    71      0.5815           -      0.6141      0.6757     0.44s
    72      0.5649           -      0.6138      0.7838     0.43s
    73      0.5712           -      0.5929      0.7748     0.43s
    74      0.5685           -      0.5866      0.7207     0.43s
    75      0.5757           -      0.5974      0.7658     0.45s
    76      0.5909           -      0.6416      0.6757     0.43s
    77      0.5771           -      0.6130      0.7387     0.43s
    78      0.5835           -      0.5866      0.7297     0.49s
    79      0.5847           -      0.5766      0.7658     0.44s
    80      0.5769           -      0.5790      0.7658     0.42s

------------------------------------------------------------------------------
第 4 步：用验证集上最好的模型测测试集
------------------------------------------------------------------------------
  最好的一轮（第 72 轮）：验证集准确率 = 0.7838
  训练集准确率 = 0.7329   （和验证集差很多就说明过拟合了）
  测试集损失 = 0.6530
  测试集准确率 = 0.6757   <<< 这是最终成绩
  测试耗时 0.04s

------------------------------------------------------------------------------
时间统计
------------------------------------------------------------------------------
  纯训练总耗时      = 35.10s（不含评估，共 80 轮）
  平均每轮训练耗时  = 0.43s
  每个 epoch 的 batch 数 = 28
  整个脚本总耗时    = 38.41s

结果已追加到：D:\PHD\博一\入学任务\任务三_图分类\results\results.jsonl
逐轮历史已保存：D:\PHD\博一\入学任务\任务三_图分类\results\history\PROTEINS_GCN_pool-max_sample_L3_lr0.01_diag_norm.json
==============================================================================
