==============================================================================
任务三 图分类 —— ZINC_GCN_pool-avg_sample_L3_lr0.01
时间：2026-09-15 20:25:27
==============================================================================
数据集=ZINC  模型=GCN  池化=AvgPooling（平均池化）（avg）
层数=3  隐藏维度=128  dropout=0.5
学习率=0.01  权重衰减=0.0005  轮数=100
训练方式=分批次训练  批次大小设置=64  随机种子=42

------------------------------------------------------------------------------
第 1 步：加载数据
------------------------------------------------------------------------------
  数据加载用时 3.64s
  节点特征维度=21  输出维度=1  任务类型=regression
  训练集 5000 张图 / 验证集 1000 / 测试集 1000
  训练批次大小=64  每个 epoch 有 79 个 batch

------------------------------------------------------------------------------
第 2 步：搭建模型
------------------------------------------------------------------------------
  GCN + AvgPooling（平均池化）
  可训练参数量 = 45,185
  模型结构：
GraphClassifier(
  (convs): ModuleList(
    (0): GCNConv(21, 128)
    (1-2): 2 x GCNConv(128, 128)
  )
  (norms): ModuleList(
    (0-2): 3 x BatchNorm1d(128, eps=1e-05, momentum=0.1, affine=True, track_running_stats=True)
  )
  (pool_norm): BatchNorm1d(128, eps=1e-05, momentum=0.1, affine=True, track_running_stats=True)
  (classifier): Sequential(
    (0): Linear(in_features=128, out_features=64, bias=True)
    (1): ReLU()
    (2): Dropout(p=0.5, inplace=False)
    (3): Linear(in_features=64, out_features=1, bias=True)
  )
)

------------------------------------------------------------------------------
第 3 步：开始训练
------------------------------------------------------------------------------
    轮次        训练损失        训练指标        验证损失       验证MAE        耗时
     1      1.0137           -      0.7798      0.7798     2.29s
     2      0.9123           -      0.7195      0.7195     1.86s
     3      0.8744           -      0.8046      0.8046     1.92s
     4      0.8617           -      0.7874      0.7874     1.87s
     5      0.8630           -      0.7590      0.7590     1.94s
     6      0.8401           -      0.6595      0.6595     1.92s
     7      0.8402           -      0.6311      0.6311     1.89s
     8      0.8524           -      0.8977      0.8977     1.93s
     9      0.8437           -      0.7522      0.7522     1.89s
    10      0.8425           -      0.6675      0.6675     1.69s
    11      0.8429           -      0.7706      0.7706     1.88s
    12      0.8511           -      0.6649      0.6649     1.88s
    13      0.8228           -      0.7229      0.7229     1.94s
    14      0.8324           -      0.6482      0.6482     1.91s
    15      0.8352           -      0.7794      0.7794     1.91s
    16      0.8419           -      0.6581      0.6581     1.88s
    17      0.8325           -      0.6929      0.6929     1.92s
    18      0.8359           -      0.6341      0.6341     1.90s
    19      0.8347           -      0.7734      0.7734     1.88s
    20      0.8531           -      0.9691      0.9691     1.88s
    21      0.8588           -      0.6574      0.6574     1.81s
    22      0.8312           -      0.6364      0.6364     1.92s
    23      0.8296           -      1.0021      1.0021     1.87s
    24      0.8359           -      0.6513      0.6513     1.92s
    25      0.8305           -      0.7365      0.7365     1.89s
    26      0.8230           -      0.7450      0.7450     1.89s
    27      0.8235           -      0.7634      0.7634     1.90s
    28      0.8229           -      0.7383      0.7383     1.98s
    29      0.8334           -      0.7002      0.7002     1.90s
    30      0.8325           -      0.6626      0.6626     1.87s
    31      0.8415           -      0.6596      0.6596     1.72s
    32      0.8517           -      0.6771      0.6771     1.31s
    33      0.8236           -      0.7550      0.7550     1.24s
    34      0.8441           -      0.6999      0.6999     1.19s
    35      0.8335           -      0.6453      0.6453     1.18s
    36      0.8373           -      0.6406      0.6406     1.17s
    37      0.8440           -      0.6373      0.6373     1.18s
    38      0.8272           -      0.7080      0.7080     1.18s
    39      0.8383           -      0.7404      0.7404     1.16s
    40      0.8214           -      0.6526      0.6526     1.16s
    41      0.8265           -      0.7514      0.7514     1.19s
    42      0.8168           -      0.6465      0.6465     1.15s
    43      0.8445           -      0.7119      0.7119     1.19s
    44      0.8503           -      0.6640      0.6640     1.18s
    45      0.8383           -      0.6910      0.6910     1.19s
    46      0.8305           -      0.6829      0.6829     1.18s
    47      0.8302           -      0.7918      0.7918     1.16s
    48      0.8367           -      0.6639      0.6639     1.19s
    49      0.8424           -      0.6719      0.6719     1.18s
    50      0.8392           -      0.7428      0.7428     1.17s
    51      0.8622           -      0.7192      0.7192     1.19s
    52      0.8330           -      0.6648      0.6648     1.19s
    53      0.8318           -      0.6394      0.6394     1.18s
    54      0.8173           -      0.6708      0.6708     1.16s
    55      0.8352           -      0.6809      0.6809     1.15s
    56      0.8349           -      0.7346      0.7346     1.17s
    57      0.8350           -      0.7541      0.7541     1.17s

  验证集连续 50 轮没有提升，提前停止训练。

------------------------------------------------------------------------------
第 4 步：用验证集上最好的模型测测试集
------------------------------------------------------------------------------
  最好的一轮（第 7 轮）：验证集MAE = 0.6311
  训练集MAE = 0.6587   （和验证集差很多就说明过拟合了）
  测试集损失 = 0.6056
  测试集MAE = 0.6056   <<< 这是最终成绩
  测试耗时 0.16s

------------------------------------------------------------------------------
时间统计
------------------------------------------------------------------------------
  纯训练总耗时      = 1m29.6s（不含评估，共 57 轮）
  平均每轮训练耗时  = 1.56s
  每个 epoch 的 batch 数 = 79
  整个脚本总耗时    = 1m43.1s

结果已追加到：D:\PHD\博一\入学任务\任务三_图分类\results\results.jsonl
逐轮历史已保存：D:\PHD\博一\入学任务\任务三_图分类\results\history\ZINC_GCN_pool-avg_sample_L3_lr0.01.json
==============================================================================
