==============================================================================
任务三 图分类 —— PROTEINS_GCN_pool-max_sample_L3_lr0.01_diag_max
时间：2026-09-15 20:52:56
==============================================================================
数据集=PROTEINS  模型=GCN  池化=MaxPooling（最大池化）（max）
层数=3  隐藏维度=128  dropout=0.5
学习率=0.01  权重衰减=0.0005  轮数=80
训练方式=分批次训练  批次大小设置=32  随机种子=42

------------------------------------------------------------------------------
第 1 步：加载数据
------------------------------------------------------------------------------
  数据加载用时 0.30s
  节点特征维度=4  输出维度=2  任务类型=classification
  训练集 891 张图 / 验证集 111 / 测试集 111
  训练批次大小=32  每个 epoch 有 28 个 batch

------------------------------------------------------------------------------
第 2 步：搭建模型
------------------------------------------------------------------------------
  GCN + MaxPooling（最大池化）
  可训练参数量 = 43,074
  模型结构：
GraphClassifier(
  (convs): ModuleList(
    (0): GCNConv(4, 128)
    (1-2): 2 x GCNConv(128, 128)
  )
  (norms): ModuleList(
    (0-2): 3 x BatchNorm1d(128, eps=1e-05, momentum=0.1, affine=True, track_running_stats=True)
  )
  (pool_norm): BatchNorm1d(128, eps=0.1, momentum=0.1, affine=True, track_running_stats=True)
  (classifier): Sequential(
    (0): Linear(in_features=128, out_features=64, bias=True)
    (1): ReLU()
    (2): Dropout(p=0.5, inplace=False)
    (3): Linear(in_features=64, out_features=2, bias=True)
  )
)

------------------------------------------------------------------------------
第 3 步：开始训练
------------------------------------------------------------------------------
    轮次        训练损失        训练指标        验证损失       验证准确率        耗时
     1      0.6866           -      0.7023      0.4054     0.76s
     2      0.6279           -      0.7313      0.4054     0.44s
     3      0.5842           -      0.7429      0.4054     0.46s
     4      0.6102           -      0.7713      0.4054     0.47s
     5      0.5953           -      0.7957      0.4054     0.50s
     6      0.5841           -      0.8703      0.4054     0.46s
     7      0.5894           -      0.8722      0.4054     0.48s
     8      0.5894           -      0.8980      0.4054     0.50s
     9      0.5830           -      0.9544      0.4054     0.50s
    10      0.5659           -      1.0057      0.4054     0.45s
    11      0.6074           -      1.0490      0.4054     0.48s
    12      0.5637           -      1.0700      0.4054     0.49s
    13      0.5710           -      1.0566      0.4054     0.49s
    14      0.5721           -      1.1853      0.4054     0.46s
    15      0.5668           -      1.1491      0.4054     0.46s
    16      0.5850           -      1.2847      0.4054     0.48s
    17      0.5833           -      1.1453      0.4054     0.48s
    18      0.5726           -      1.3272      0.4054     0.49s
    19      0.5796           -      1.3235      0.4054     0.48s
    20      0.5733           -      1.2485      0.4054     0.65s
    21      0.5685           -      1.3031      0.4054     0.43s
    22      0.5532           -      1.4783      0.4054     0.49s
    23      0.5704           -      1.2449      0.4054     0.47s
    24      0.5933           -      1.3219      0.4054     0.47s
    25      0.5575           -      1.3782      0.4054     0.44s
    26      0.5682           -      1.3545      0.4054     0.47s
    27      0.5809           -      1.1831      0.4054     0.50s
    28      0.5738           -      1.3575      0.4054     0.50s
    29      0.5487           -      1.5346      0.4054     0.50s
    30      0.5477           -      1.0800      0.4054     0.45s
    31      0.5614           -      1.4877      0.4054     0.45s
    32      0.5688           -      1.3900      0.4054     0.44s
    33      0.5807           -      1.2059      0.4054     0.43s
    34      0.5741           -      1.2867      0.4054     0.47s
    35      0.5582           -      1.2511      0.4054     0.48s
    36      0.5565           -      1.1657      0.4054     0.43s
    37      0.5617           -      1.3392      0.4054     0.45s
    38      0.5744           -      1.0561      0.4054     0.43s
    39      0.5592           -      1.2468      0.4054     0.46s
    40      0.5534           -      1.1382      0.4054     0.49s
    41      0.5552           -      1.1959      0.4054     0.46s
    42      0.5618           -      1.0502      0.4054     0.47s
    43      0.5368           -      1.0952      0.4054     0.46s
    44      0.5778           -      1.0982      0.4054     0.49s
    45      0.5614           -      0.9575      0.4054     0.42s
    46      0.5580           -      1.1141      0.4054     0.45s
    47      0.5572           -      1.3956      0.4054     0.46s
    48      0.5569           -      1.3926      0.4054     0.43s
    49      0.5461           -      1.3403      0.4054     0.45s
    50      0.5501           -      1.2509      0.4054     0.46s
    51      0.5806           -      1.2572      0.4054     0.45s

  验证集连续 50 轮没有提升，提前停止训练。

------------------------------------------------------------------------------
第 4 步：用验证集上最好的模型测测试集
------------------------------------------------------------------------------
  最好的一轮（第 1 轮）：验证集准确率 = 0.4054
  训练集准确率 = 0.4052   （和验证集差很多就说明过拟合了）
  测试集损失 = 0.7002
  测试集准确率 = 0.4054   <<< 这是最终成绩
  测试耗时 0.04s

------------------------------------------------------------------------------
时间统计
------------------------------------------------------------------------------
  纯训练总耗时      = 24.23s（不含评估，共 51 轮）
  平均每轮训练耗时  = 0.47s
  每个 epoch 的 batch 数 = 28
  整个脚本总耗时    = 26.54s

结果已追加到：D:\PHD\博一\入学任务\任务三_图分类\results\results.jsonl
逐轮历史已保存：D:\PHD\博一\入学任务\任务三_图分类\results\history\PROTEINS_GCN_pool-max_sample_L3_lr0.01_diag_max.json
==============================================================================
