==============================================================================
任务三 图分类 —— IMDB-BINARY_GraphSAGE_pool-avg_sample_L3_lr0.01
时间：2026-09-15 20:24:01
==============================================================================
数据集=IMDB-BINARY  模型=GraphSAGE  池化=AvgPooling（平均池化）（avg）
层数=3  隐藏维度=128  dropout=0.5
学习率=0.01  权重衰减=0.0005  轮数=150
训练方式=分批次训练  批次大小设置=32  随机种子=42

------------------------------------------------------------------------------
第 1 步：加载数据
------------------------------------------------------------------------------
  数据加载用时 0.37s
  节点特征维度=101  输出维度=2  任务类型=classification
  训练集 800 张图 / 验证集 100 / 测试集 100
  训练批次大小=32  每个 epoch 有 25 个 batch

------------------------------------------------------------------------------
第 2 步：搭建模型
------------------------------------------------------------------------------
  GraphSAGE + AvgPooling（平均池化）
  可训练参数量 = 101,186
  模型结构：
GraphClassifier(
  (convs): ModuleList(
    (0): SAGEConv(101, 128)
    (1-2): 2 x SAGEConv(128, 128)
  )
  (norms): ModuleList(
    (0-2): 3 x BatchNorm1d(128, eps=1e-05, momentum=0.1, affine=True, track_running_stats=True)
  )
  (pool_norm): BatchNorm1d(128, eps=1e-05, momentum=0.1, affine=True, track_running_stats=True)
  (classifier): Sequential(
    (0): Linear(in_features=128, out_features=64, bias=True)
    (1): ReLU()
    (2): Dropout(p=0.5, inplace=False)
    (3): Linear(in_features=64, out_features=2, bias=True)
  )
)

------------------------------------------------------------------------------
第 3 步：开始训练
------------------------------------------------------------------------------
    轮次        训练损失        训练指标        验证损失       验证准确率        耗时
     1      0.6679           -      0.6050      0.6800     0.56s
     2      0.5709           -      0.5034      0.6800     0.32s
     3      0.5595           -      0.5071      0.7400     0.32s
     4      0.5309           -      0.5351      0.7100     0.34s
     5      0.5401           -      0.5605      0.7000     0.33s
     6      0.5298           -      0.5982      0.7200     0.32s
     7      0.5538           -      0.5388      0.7100     0.32s
     8      0.5673           -      0.4804      0.7000     0.32s
     9      0.5622           -      0.5112      0.6600     0.32s
    10      0.5394           -      0.4827      0.7000     0.32s
    11      0.5411           -      0.4846      0.7100     0.32s
    12      0.5113           -      0.4846      0.7200     0.33s
    13      0.5489           -      0.5327      0.7200     0.32s
    14      0.5328           -      0.4706      0.7600     0.32s
    15      0.5284           -      0.4594      0.7300     0.34s
    16      0.5200           -      0.4929      0.7200     0.32s
    17      0.5453           -      0.5344      0.6800     0.32s
    18      0.5136           -      0.5344      0.7900     0.32s
    19      0.5111           -      0.5211      0.7000     0.31s
    20      0.5194           -      0.5165      0.7000     0.32s
    21      0.5223           -      0.4841      0.7100     0.31s
    22      0.5465           -      0.5059      0.7100     0.31s
    23      0.5236           -      0.5324      0.7100     0.32s
    24      0.4959           -      0.5405      0.7300     0.32s
    25      0.5280           -      0.4956      0.7100     0.33s
    26      0.5273           -      0.5086      0.6600     0.31s
    27      0.5263           -      0.5038      0.7100     0.31s
    28      0.5060           -      0.5425      0.7400     0.32s
    29      0.5269           -      0.5407      0.7400     0.32s
    30      0.5221           -      0.4894      0.7800     0.32s
    31      0.4943           -      0.5104      0.7400     0.33s
    32      0.5310           -      0.4806      0.6800     0.32s
    33      0.4986           -      0.4622      0.7700     0.34s
    34      0.5094           -      0.4847      0.7100     0.33s
    35      0.5189           -      0.5066      0.7400     0.28s
    36      0.4944           -      0.4782      0.7100     0.34s
    37      0.4936           -      0.4742      0.7700     0.32s
    38      0.5091           -      0.5246      0.7100     0.32s
    39      0.5054           -      0.5168      0.7400     0.33s
    40      0.4761           -      0.5242      0.7500     0.32s
    41      0.4932           -      0.4493      0.8200     0.31s
    42      0.4786           -      0.4604      0.7600     0.32s
    43      0.5068           -      0.4521      0.7800     0.33s
    44      0.5302           -      0.4775      0.7100     0.32s
    45      0.4874           -      0.4929      0.8000     0.32s
    46      0.4856           -      0.4994      0.7300     0.33s
    47      0.4884           -      0.5049      0.7800     0.34s
    48      0.4922           -      0.5223      0.7400     0.32s
    49      0.5057           -      0.5066      0.7600     0.33s
    50      0.4879           -      0.5154      0.7700     0.32s
    51      0.4723           -      0.5923      0.7600     0.33s
    52      0.4883           -      0.6002      0.7600     0.32s
    53      0.5079           -      0.5186      0.7000     0.32s
    54      0.4867           -      0.5225      0.7600     0.32s
    55      0.4952           -      0.5412      0.7800     0.32s
    56      0.5015           -      0.4899      0.7600     0.36s
    57      0.4721           -      0.5166      0.7200     0.34s
    58      0.4654           -      0.4907      0.7400     0.37s
    59      0.4708           -      0.5103      0.7300     0.35s
    60      0.4993           -      0.5410      0.7300     0.34s
    61      0.4981           -      0.5034      0.7800     0.34s
    62      0.4929           -      0.5195      0.7400     0.37s
    63      0.4858           -      0.4823      0.7600     0.45s
    64      0.4747           -      0.4923      0.7600     0.46s
    65      0.5028           -      0.5699      0.7200     0.49s
    66      0.4790           -      0.5064      0.7500     0.46s
    67      0.4666           -      0.5101      0.7500     0.50s
    68      0.4947           -      0.4821      0.7500     0.46s
    69      0.4879           -      0.4733      0.7500     0.46s
    70      0.4748           -      0.4718      0.7800     0.48s
    71      0.4797           -      0.4343      0.7900     0.39s
    72      0.4818           -      0.5050      0.7000     0.34s
    73      0.5093           -      0.5316      0.7700     0.34s
    74      0.4835           -      0.5214      0.7800     0.41s
    75      0.4716           -      0.4741      0.7300     0.34s
    76      0.4774           -      0.4678      0.7800     0.34s
    77      0.4794           -      0.4700      0.7700     0.37s
    78      0.4813           -      0.4748      0.7500     0.35s
    79      0.4632           -      0.5363      0.6900     0.37s
    80      0.4677           -      0.4993      0.7700     0.34s
    81      0.4707           -      0.5170      0.7800     0.34s
    82      0.4788           -      0.4574      0.7800     0.34s
    83      0.4994           -      0.5319      0.7600     0.34s
    84      0.5215           -      0.5247      0.7600     0.34s
    85      0.4879           -      0.4977      0.7500     0.35s
    86      0.5063           -      0.5068      0.7500     0.34s
    87      0.5086           -      0.5001      0.7300     0.35s
    88      0.4759           -      0.5229      0.7400     0.33s
    89      0.4791           -      0.5238      0.7500     0.35s
    90      0.4983           -      0.5102      0.7500     0.34s
    91      0.4676           -      0.5381      0.7600     0.34s

  验证集连续 50 轮没有提升，提前停止训练。

------------------------------------------------------------------------------
第 4 步：用验证集上最好的模型测测试集
------------------------------------------------------------------------------
  最好的一轮（第 41 轮）：验证集准确率 = 0.8200
  训练集准确率 = 0.7425   （和验证集差很多就说明过拟合了）
  测试集损失 = 0.4915
  测试集准确率 = 0.7700   <<< 这是最终成绩
  测试耗时 0.04s

------------------------------------------------------------------------------
时间统计
------------------------------------------------------------------------------
  纯训练总耗时      = 31.53s（不含评估，共 91 轮）
  平均每轮训练耗时  = 0.34s
  每个 epoch 的 batch 数 = 25
  整个脚本总耗时    = 34.78s

结果已追加到：D:\PHD\博一\入学任务\任务三_图分类\results\results.jsonl
逐轮历史已保存：D:\PHD\博一\入学任务\任务三_图分类\results\history\IMDB-BINARY_GraphSAGE_pool-avg_sample_L3_lr0.01.json
==============================================================================
