==============================================================================
任务三 图分类 —— IMDB-BINARY_GraphSAGE_pool-max_sample_L3_lr0.01
时间：2026-09-15 20:59:35
==============================================================================
数据集=IMDB-BINARY  模型=GraphSAGE  池化=MaxPooling（最大池化）（max）
层数=3  隐藏维度=128  dropout=0.5
学习率=0.01  权重衰减=0.0005  轮数=150
训练方式=分批次训练  批次大小设置=32  随机种子=42

------------------------------------------------------------------------------
第 1 步：加载数据
------------------------------------------------------------------------------
  数据加载用时 0.41s
  节点特征维度=101  输出维度=2  任务类型=classification
  训练集 800 张图 / 验证集 100 / 测试集 100
  训练批次大小=32  每个 epoch 有 25 个 batch

------------------------------------------------------------------------------
第 2 步：搭建模型
------------------------------------------------------------------------------
  GraphSAGE + MaxPooling（最大池化）
  可训练参数量 = 101,186
  模型结构：
GraphClassifier(
  (convs): ModuleList(
    (0): SAGEConv(101, 128)
    (1-2): 2 x SAGEConv(128, 128)
  )
  (norms): ModuleList(
    (0-2): 3 x BatchNorm1d(128, eps=1e-05, momentum=0.1, affine=True, track_running_stats=True)
  )
  (pool_norm): BatchNorm1d(128, eps=1e-05, momentum=0.1, affine=True, track_running_stats=True)
  (classifier): Sequential(
    (0): Linear(in_features=128, out_features=64, bias=True)
    (1): ReLU()
    (2): Dropout(p=0.5, inplace=False)
    (3): Linear(in_features=64, out_features=2, bias=True)
  )
)

------------------------------------------------------------------------------
第 3 步：开始训练
------------------------------------------------------------------------------
    轮次        训练损失        训练指标        验证损失       验证准确率        耗时
     1      0.6704           -      0.6921      0.5400     0.63s
     2      0.5768           -      0.6776      0.5600     0.33s
     3      0.5626           -      0.6691      0.5400     0.33s
     4      0.5415           -      0.6529      0.6100     0.32s
     5      0.5305           -      0.6406      0.6100     0.32s
     6      0.5238           -      0.6387      0.6100     0.33s
     7      0.5445           -      0.6618      0.6200     0.33s
     8      0.5364           -      0.6699      0.5600     0.32s
     9      0.5442           -      0.6588      0.6100     0.32s
    10      0.5312           -      0.6501      0.6200     0.30s
    11      0.5305           -      0.6613      0.5800     0.29s
    12      0.5229           -      0.6505      0.6100     0.35s
    13      0.5311           -      0.6693      0.5500     0.30s
    14      0.5105           -      0.6491      0.7400     0.30s
    15      0.5024           -      0.6389      0.6100     0.30s
    16      0.5267           -      0.6419      0.7600     0.29s
    17      0.5423           -      0.6540      0.6200     0.30s
    18      0.5074           -      0.6630      0.5900     0.30s
    19      0.5120           -      0.6549      0.7100     0.30s
    20      0.5242           -      0.6453      0.6600     0.32s
    21      0.4936           -      0.6628      0.5700     0.32s
    22      0.5092           -      0.6674      0.6200     0.32s
    23      0.4987           -      0.6641      0.5900     0.32s
    24      0.4650           -      0.6380      0.6400     0.37s
    25      0.5053           -      0.6604      0.6000     0.32s
    26      0.4862           -      0.6613      0.5900     0.31s
    27      0.5051           -      0.6689      0.5400     0.33s
    28      0.5037           -      0.6786      0.5400     0.32s
    29      0.5056           -      0.6935      0.5000     0.31s
    30      0.4953           -      0.6728      0.5500     0.31s
    31      0.4824           -      0.6876      0.5100     0.31s
    32      0.5157           -      0.6673      0.5800     0.29s
    33      0.4700           -      0.6744      0.5200     0.29s
    34      0.5294           -      0.6848      0.5300     0.31s
    35      0.4923           -      0.6750      0.5300     0.32s
    36      0.4858           -      0.6750      0.5100     0.32s
    37      0.4828           -      0.6948      0.5200     0.33s
    38      0.4767           -      0.6658      0.5200     0.43s
    39      0.5096           -      0.6679      0.5800     0.33s
    40      0.4759           -      0.6636      0.5400     0.32s
    41      0.4760           -      0.6761      0.5200     0.32s
    42      0.5095           -      0.6658      0.5300     0.32s
    43      0.4779           -      0.6770      0.5300     0.32s
    44      0.4896           -      0.6811      0.5200     0.35s
    45      0.4718           -      0.6952      0.5000     0.31s
    46      0.4931           -      0.6653      0.5700     0.31s
    47      0.4950           -      0.6859      0.5100     0.29s
    48      0.4781           -      0.6874      0.5200     0.34s
    49      0.4634           -      0.7290      0.5000     0.29s
    50      0.4867           -      0.6936      0.5000     0.29s
    51      0.4840           -      0.7077      0.5000     0.30s
    52      0.4550           -      0.6834      0.5200     0.29s
    53      0.4902           -      0.6620      0.5600     0.29s
    54      0.4650           -      0.7173      0.5300     0.31s
    55      0.4858           -      0.6937      0.5100     0.31s
    56      0.4975           -      0.6886      0.5000     0.32s
    57      0.4780           -      0.6947      0.5100     0.33s
    58      0.4698           -      0.6834      0.5000     0.33s
    59      0.4440           -      0.6797      0.5400     0.32s
    60      0.4751           -      0.6925      0.5000     0.32s
    61      0.4738           -      0.6754      0.5100     0.33s
    62      0.4937           -      0.6958      0.5000     0.32s
    63      0.4849           -      0.6637      0.5900     0.32s
    64      0.4615           -      0.6797      0.5100     0.32s
    65      0.4674           -      0.6745      0.5100     0.30s
    66      0.4480           -      0.6746      0.5400     0.32s

  验证集连续 50 轮没有提升，提前停止训练。

------------------------------------------------------------------------------
第 4 步：用验证集上最好的模型测测试集
------------------------------------------------------------------------------
  最好的一轮（第 16 轮）：验证集准确率 = 0.7600
  训练集准确率 = 0.7450   （和验证集差很多就说明过拟合了）
  测试集损失 = 0.6614
  测试集准确率 = 0.8200   <<< 这是最终成绩
  测试耗时 0.04s

------------------------------------------------------------------------------
时间统计
------------------------------------------------------------------------------
  纯训练总耗时      = 21.20s（不含评估，共 66 轮）
  平均每轮训练耗时  = 0.32s
  每个 epoch 的 batch 数 = 25
  整个脚本总耗时    = 23.07s

结果已追加到：D:\PHD\博一\入学任务\任务三_图分类\results\results.jsonl
逐轮历史已保存：D:\PHD\博一\入学任务\任务三_图分类\results\history\IMDB-BINARY_GraphSAGE_pool-max_sample_L3_lr0.01.json
==============================================================================
