==============================================================================
任务三 图分类 —— IMDB-BINARY_GCN_pool-max_sample_L3_lr0.01
时间：2026-09-15 20:56:30
==============================================================================
数据集=IMDB-BINARY  模型=GCN  池化=MaxPooling（最大池化）（max）
层数=3  隐藏维度=128  dropout=0.5
学习率=0.01  权重衰减=0.0005  轮数=150
训练方式=分批次训练  批次大小设置=32  随机种子=42

------------------------------------------------------------------------------
第 1 步：加载数据
------------------------------------------------------------------------------
  数据加载用时 0.40s
  节点特征维度=101  输出维度=2  任务类型=classification
  训练集 800 张图 / 验证集 100 / 测试集 100
  训练批次大小=32  每个 epoch 有 25 个 batch

------------------------------------------------------------------------------
第 2 步：搭建模型
------------------------------------------------------------------------------
  GCN + MaxPooling（最大池化）
  可训练参数量 = 55,490
  模型结构：
GraphClassifier(
  (convs): ModuleList(
    (0): GCNConv(101, 128)
    (1-2): 2 x GCNConv(128, 128)
  )
  (norms): ModuleList(
    (0-2): 3 x BatchNorm1d(128, eps=1e-05, momentum=0.1, affine=True, track_running_stats=True)
  )
  (pool_norm): BatchNorm1d(128, eps=1e-05, momentum=0.1, affine=True, track_running_stats=True)
  (classifier): Sequential(
    (0): Linear(in_features=128, out_features=64, bias=True)
    (1): ReLU()
    (2): Dropout(p=0.5, inplace=False)
    (3): Linear(in_features=64, out_features=2, bias=True)
  )
)

------------------------------------------------------------------------------
第 3 步：开始训练
------------------------------------------------------------------------------
    轮次        训练损失        训练指标        验证损失       验证准确率        耗时
     1      0.6228           -      0.6757      0.4900     0.72s
     2      0.5661           -      0.6143      0.6200     0.41s
     3      0.5655           -      0.6184      0.6600     0.45s
     4      0.5437           -      0.5653      0.7100     0.40s
     5      0.5413           -      0.5875      0.6500     0.40s
     6      0.5163           -      0.5674      0.7700     0.41s
     7      0.5810           -      0.6156      0.7300     0.42s
     8      0.5263           -      0.5675      0.7000     0.40s
     9      0.5252           -      0.5860      0.7300     0.42s
    10      0.5192           -      0.6221      0.6800     0.40s
    11      0.5311           -      0.6138      0.6900     0.40s
    12      0.5184           -      0.6056      0.7200     0.39s
    13      0.5081           -      0.5981      0.6600     0.38s
    14      0.4932           -      0.6296      0.6600     0.38s
    15      0.5324           -      0.5803      0.7100     0.41s
    16      0.4744           -      0.5923      0.6400     0.39s
    17      0.5183           -      0.6205      0.6400     0.43s
    18      0.4958           -      0.6049      0.6600     0.40s
    19      0.4978           -      0.5854      0.6700     0.50s
    20      0.5068           -      0.6254      0.6200     0.39s
    21      0.4740           -      0.5746      0.6700     0.42s
    22      0.5159           -      0.5881      0.6700     0.41s
    23      0.4959           -      0.5885      0.6500     0.42s
    24      0.4935           -      0.5998      0.6500     0.40s
    25      0.5061           -      0.6219      0.6100     0.40s
    26      0.5010           -      0.6016      0.6300     0.40s
    27      0.5008           -      0.6050      0.6800     0.40s
    28      0.4809           -      0.5717      0.6600     0.40s
    29      0.4992           -      0.5839      0.6900     0.39s
    30      0.5135           -      0.5936      0.6700     0.42s
    31      0.4891           -      0.5824      0.7300     0.40s
    32      0.4770           -      0.5760      0.6800     0.40s
    33      0.5050           -      0.5901      0.5900     0.41s
    34      0.5084           -      0.6328      0.6200     0.42s
    35      0.4732           -      0.5699      0.6600     0.42s
    36      0.5065           -      0.6071      0.6200     0.41s
    37      0.4881           -      0.5838      0.6300     0.40s
    38      0.4819           -      0.6079      0.6300     0.40s
    39      0.4664           -      0.6161      0.6000     0.41s
    40      0.5077           -      0.5862      0.6700     0.40s
    41      0.4951           -      0.6067      0.6000     0.42s
    42      0.5020           -      0.5985      0.6900     0.41s
    43      0.4842           -      0.5775      0.6700     0.43s
    44      0.5090           -      0.6003      0.6500     0.43s
    45      0.5037           -      0.6048      0.6800     0.42s
    46      0.4798           -      0.6146      0.6600     0.42s
    47      0.4813           -      0.5980      0.6300     0.42s
    48      0.4995           -      0.5553      0.7100     0.42s
    49      0.4777           -      0.5902      0.6500     0.40s
    50      0.4863           -      0.5973      0.6200     0.39s
    51      0.5183           -      0.6300      0.5900     0.40s
    52      0.4787           -      0.5977      0.6100     0.40s
    53      0.5051           -      0.5982      0.6300     0.40s
    54      0.4955           -      0.5947      0.6500     0.45s
    55      0.5038           -      0.5682      0.7500     0.41s
    56      0.4692           -      0.5865      0.7100     0.39s

  验证集连续 50 轮没有提升，提前停止训练。

------------------------------------------------------------------------------
第 4 步：用验证集上最好的模型测测试集
------------------------------------------------------------------------------
  最好的一轮（第 6 轮）：验证集准确率 = 0.7700
  训练集准确率 = 0.7475   （和验证集差很多就说明过拟合了）
  测试集损失 = 0.6049
  测试集准确率 = 0.7500   <<< 这是最终成绩
  测试耗时 0.04s

------------------------------------------------------------------------------
时间统计
------------------------------------------------------------------------------
  纯训练总耗时      = 23.26s（不含评估，共 56 轮）
  平均每轮训练耗时  = 0.41s
  每个 epoch 的 batch 数 = 25
  整个脚本总耗时    = 25.76s

结果已追加到：D:\PHD\博一\入学任务\任务三_图分类\results\results.jsonl
逐轮历史已保存：D:\PHD\博一\入学任务\任务三_图分类\results\history\IMDB-BINARY_GCN_pool-max_sample_L3_lr0.01.json
==============================================================================
