==============================================================================
任务三 图分类 —— ENZYMES_GCN_pool-avg_sample_L3_lr0.01
时间：2026-09-15 20:15:55
==============================================================================
数据集=ENZYMES  模型=GCN  池化=AvgPooling（平均池化）（avg）
层数=3  隐藏维度=128  dropout=0.5
学习率=0.01  权重衰减=0.0005  轮数=150
训练方式=分批次训练  批次大小设置=32  随机种子=42

------------------------------------------------------------------------------
第 1 步：加载数据
------------------------------------------------------------------------------
  数据加载用时 0.28s
  节点特征维度=21  输出维度=6  任务类型=classification
  训练集 480 张图 / 验证集 60 / 测试集 60
  训练批次大小=32  每个 epoch 有 15 个 batch

------------------------------------------------------------------------------
第 2 步：搭建模型
------------------------------------------------------------------------------
  GCN + AvgPooling（平均池化）
  可训练参数量 = 45,510
  模型结构：
GraphClassifier(
  (convs): ModuleList(
    (0): GCNConv(21, 128)
    (1-2): 2 x GCNConv(128, 128)
  )
  (norms): ModuleList(
    (0-2): 3 x BatchNorm1d(128, eps=1e-05, momentum=0.1, affine=True, track_running_stats=True)
  )
  (pool_norm): BatchNorm1d(128, eps=1e-05, momentum=0.1, affine=True, track_running_stats=True)
  (classifier): Sequential(
    (0): Linear(in_features=128, out_features=64, bias=True)
    (1): ReLU()
    (2): Dropout(p=0.5, inplace=False)
    (3): Linear(in_features=64, out_features=6, bias=True)
  )
)

------------------------------------------------------------------------------
第 3 步：开始训练
------------------------------------------------------------------------------
    轮次        训练损失        训练指标        验证损失       验证准确率        耗时
     1      1.8514           -      1.7866      0.1667     2.59s
     2      1.8021           -      1.7207      0.3333     2.29s
     3      1.7572           -      1.7108      0.3667     2.69s
     4      1.6934           -      1.6650      0.3167     2.73s
     5      1.7167           -      1.7034      0.2667     2.37s
     6      1.6759           -      1.7291      0.2167     2.65s
     7      1.6915           -      1.6283      0.4167     2.52s
     8      1.7082           -      1.6570      0.2667     2.95s
     9      1.6395           -      1.7611      0.2833     2.79s
    10      1.7005           -      1.7100      0.2667     2.79s
    11      1.6779           -      1.6693      0.3000     2.77s
    12      1.6588           -      1.6642      0.3000     2.77s
    13      1.6383           -      1.6076      0.4167     2.32s
    14      1.6353           -      1.6522      0.3167     2.30s
    15      1.6626           -      1.5195      0.3167     2.04s
    16      1.6834           -      1.7134      0.2500     1.84s
    17      1.6932           -      1.7163      0.2333     1.82s
    18      1.6220           -      1.6741      0.2500     1.88s
    19      1.6477           -      1.6704      0.2667     2.17s
    20      1.6111           -      1.5947      0.3500     2.78s
    21      1.6021           -      1.5369      0.4000     2.63s
    22      1.6259           -      1.6223      0.3167     2.66s
    23      1.6318           -      1.5289      0.3333     3.10s
    24      1.6244           -      1.7536      0.2500     2.99s
    25      1.6217           -      2.0352      0.2167     2.94s
    26      1.6410           -      1.6314      0.3333     2.85s
    27      1.5796           -      1.5133      0.4167     2.83s
    28      1.6018           -      1.7369      0.2833     2.64s
    29      1.6280           -      1.7167      0.2333     2.51s
    30      1.6284           -      1.7774      0.2500     2.86s
    31      1.5989           -      1.7375      0.2667     2.10s
    32      1.5885           -      1.9331      0.2667     2.32s
    33      1.5791           -      1.7995      0.2667     2.01s
    34      1.6081           -      1.6729      0.3333     1.89s
    35      1.6216           -      1.7061      0.3333     2.15s
    36      1.6937           -      1.5695      0.4167     2.35s
    37      1.6081           -      1.5743      0.3167     2.57s
    38      1.5761           -      1.6529      0.3500     2.85s
    39      1.6019           -      1.5109      0.3833     2.91s
    40      1.5792           -      1.5233      0.4000     2.82s
    41      1.6178           -      1.6314      0.3000     2.78s
    42      1.5525           -      1.7940      0.2333     2.87s
    43      1.5950           -      1.5503      0.4000     2.99s
    44      1.5779           -      1.5609      0.3833     3.77s
    45      1.5502           -      1.5347      0.3833     4.62s
    46      1.5706           -      1.5212      0.4167     4.02s
    47      1.6326           -      1.7261      0.2500     3.53s
    48      1.5597           -      1.5391      0.4500     3.06s
    49      1.5901           -      1.5690      0.3667     2.75s
    50      1.5577           -      1.6264      0.2500     3.25s
    51      1.5623           -      1.6362      0.3833     3.44s
    52      1.5794           -      1.5366      0.4333     3.56s
    53      1.5825           -      1.9294      0.2333     4.01s
    54      1.5849           -      1.6702      0.2833     4.14s
    55      1.6326           -      1.6798      0.3833    30.52s
    56      1.6201           -      1.6610      0.3000     2.76s
    57      1.5949           -      1.5043      0.4167     2.94s
    58      1.5789           -      1.5529      0.3833     0.14s
    59      1.5411           -      1.8096      0.2333     0.28s
    60      1.5770           -      1.6668      0.3333     0.35s
    61      1.5561           -      1.5516      0.3667     0.98s
    62      1.5329           -      1.6369      0.3833     0.34s
    63      1.5681           -      1.9538      0.3000     0.32s
    64      1.5568           -      1.5327      0.4167     0.29s
    65      1.5961           -      1.6898      0.2667     0.12s
    66      1.5686           -      1.6701      0.2500     1.78s
    67      1.5625           -      1.5120      0.3667     0.39s
    68      1.5642           -      2.1593      0.2667     0.41s
    69      1.5587           -      1.6228      0.3333     0.40s
    70      1.5222           -      1.7337      0.2833     0.36s
    71      1.5394           -      1.6577      0.3000     0.36s
    72      1.5592           -      1.5416      0.3500     0.35s
    73      1.5447           -      2.0330      0.2667     0.34s
    74      1.5409           -      1.5904      0.3500     0.35s
    75      1.5335           -      1.5783      0.3667     0.35s
    76      1.5658           -      1.6919      0.2667     0.38s
    77      1.5460           -      2.2118      0.2167     0.40s
    78      1.6019           -      1.6582      0.2667     0.28s
    79      1.5780           -      1.6037      0.3000     0.23s
    80      1.5372           -      2.0640      0.2667     0.23s
    81      1.5595           -      2.1905      0.2333     0.23s
    82      1.5567           -      1.4715      0.4833     0.23s
    83      1.4913           -      1.8408      0.2333     0.20s
    84      1.6029           -      1.6611      0.3333     0.22s
    85      1.5645           -      2.8866      0.2333     0.21s
    86      1.5268           -      1.5720      0.4000     0.20s
    87      1.5037           -      1.5365      0.3167     0.24s
    88      1.4882           -      2.3313      0.2500     0.22s
    89      1.5344           -      1.4959      0.3500     0.20s
    90      1.5105           -      1.5228      0.3833     0.21s
    91      1.4736           -      1.7469      0.3500     0.20s
    92      1.5202           -      1.7548      0.2333     0.21s
    93      1.5440           -      1.5903      0.4333     0.21s
    94      1.5135           -      1.4508      0.4500     0.21s
    95      1.5385           -      1.8835      0.3667     0.20s
    96      1.5088           -      2.3275      0.2833     0.19s
    97      1.5806           -      1.5636      0.3333     0.19s
    98      1.5084           -      1.4925      0.4000     0.20s
    99      1.4791           -      2.1389      0.3000     0.21s
   100      1.5250           -      1.6456      0.3833     0.19s
   101      1.5140           -      1.5157      0.5167     0.20s
   102      1.4696           -      1.9574      0.2333     0.20s
   103      1.5086           -      1.3714      0.4000     0.20s
   104      1.5213           -      1.4588      0.5000     0.20s
   105      1.4810           -      1.7791      0.2333     0.20s
   106      1.5167           -      1.5934      0.4167     0.21s
   107      1.4986           -      1.5854      0.2833     0.21s
   108      1.4658           -      1.4802      0.4333     0.21s
   109      1.5241           -      1.4447      0.4500     0.19s
   110      1.4967           -      1.6725      0.3500     0.22s
   111      1.4697           -      1.6696      0.3167     0.22s
   112      1.4764           -      1.4698      0.4333     0.21s
   113      1.5049           -      1.4067      0.4667     0.20s
   114      1.4698           -      1.6595      0.3167     0.21s
   115      1.4677           -      3.8429      0.2167     0.21s
   116      1.4839           -      1.8414      0.3833     0.20s
   117      1.4971           -      1.5588      0.3000     0.20s
   118      1.4970           -      1.4206      0.4667     0.21s
   119      1.5348           -      1.5353      0.4167     0.20s
   120      1.5491           -      1.6637      0.3333     0.20s
   121      1.5583           -      1.8295      0.2167     0.23s
   122      1.4964           -      1.6041      0.3500     0.21s
   123      1.4985           -      1.5295      0.3667     0.20s
   124      1.4902           -      1.7520      0.2667     0.21s
   125      1.4825           -      1.6039      0.4000     0.20s
   126      1.5008           -      1.5600      0.3333     0.19s
   127      1.4698           -      1.3716      0.4833     0.21s
   128      1.4969           -      1.3133      0.4167     0.20s
   129      1.4780           -      1.4891      0.3167     0.18s
   130      1.4867           -      1.6335      0.2333     0.20s
   131      1.4716           -      1.3153      0.4667     0.20s
   132      1.5041           -      1.4437      0.4500     0.19s
   133      1.4151           -      1.8409      0.3667     0.20s
   134      1.4959           -      2.0387      0.3333     0.20s
   135      1.4452           -      1.4997      0.4833     0.20s
   136      1.4934           -      1.7224      0.2333     0.19s
   137      1.4961           -      1.5742      0.3333     0.21s
   138      1.5219           -      1.4621      0.4833     0.20s
   139      1.5127           -      1.3741      0.4333     0.20s
   140      1.4945           -      2.5693      0.3000     0.21s
   141      1.4750           -      1.5444      0.4167     0.20s
   142      1.5305           -      1.5486      0.3500     0.19s
   143      1.4259           -      1.5106      0.4500     0.20s
   144      1.5193           -      1.4173      0.5500     0.20s
   145      1.4763           -      1.5957      0.3667     0.20s
   146      1.4662           -      1.4938      0.4500     0.20s
   147      1.4969           -      1.5343      0.3333     0.20s
   148      1.4276           -      1.5198      0.4500     0.19s
   149      1.4266           -      1.5279      0.3667     0.20s
   150      1.4927           -      1.3957      0.4667     0.20s

------------------------------------------------------------------------------
第 4 步：用验证集上最好的模型测测试集
------------------------------------------------------------------------------
  最好的一轮（第 144 轮）：验证集准确率 = 0.5500
  训练集准确率 = 0.5000   （和验证集差很多就说明过拟合了）
  测试集损失 = 1.4645
  测试集准确率 = 0.4500   <<< 这是最终成绩
  测试耗时 0.02s

------------------------------------------------------------------------------
时间统计
------------------------------------------------------------------------------
  纯训练总耗时      = 3m29.8s（不含评估，共 150 轮）
  平均每轮训练耗时  = 1.39s
  每个 epoch 的 batch 数 = 15
  整个脚本总耗时    = 3m48.0s

结果已追加到：D:\PHD\博一\入学任务\任务三_图分类\results\results.jsonl
逐轮历史已保存：D:\PHD\博一\入学任务\任务三_图分类\results\history\ENZYMES_GCN_pool-avg_sample_L3_lr0.01.json
==============================================================================
