==============================================================================
任务三 图分类 —— PROTEINS_GAT_pool-avg_sample_L3_lr0.01
时间：2026-09-15 20:13:36
==============================================================================
数据集=PROTEINS  模型=GAT  池化=AvgPooling（平均池化）（avg）
层数=3  隐藏维度=128  dropout=0.5
学习率=0.01  权重衰减=0.0005  轮数=150
训练方式=分批次训练  批次大小设置=32  随机种子=42

------------------------------------------------------------------------------
第 1 步：加载数据
------------------------------------------------------------------------------
  数据加载用时 0.28s
  节点特征维度=4  输出维度=2  任务类型=classification
  训练集 891 张图 / 验证集 111 / 测试集 111
  训练批次大小=32  每个 epoch 有 28 个 batch

------------------------------------------------------------------------------
第 2 步：搭建模型
------------------------------------------------------------------------------
  GAT + AvgPooling（平均池化）
  可训练参数量 = 43,842
  模型结构：
GraphClassifier(
  (convs): ModuleList(
    (0): GATConv(4, 16, heads=8)
    (1-2): 2 x GATConv(128, 16, heads=8)
  )
  (norms): ModuleList(
    (0-2): 3 x BatchNorm1d(128, eps=1e-05, momentum=0.1, affine=True, track_running_stats=True)
  )
  (pool_norm): BatchNorm1d(128, eps=1e-05, momentum=0.1, affine=True, track_running_stats=True)
  (classifier): Sequential(
    (0): Linear(in_features=128, out_features=64, bias=True)
    (1): ReLU()
    (2): Dropout(p=0.5, inplace=False)
    (3): Linear(in_features=64, out_features=2, bias=True)
  )
)

------------------------------------------------------------------------------
第 3 步：开始训练
------------------------------------------------------------------------------
    轮次        训练损失        训练指标        验证损失       验证准确率        耗时
     1      0.7205           -      0.6736      0.5946     3.34s
     2      0.6691           -      0.6775      0.5946     0.61s
     3      0.6607           -      0.6798      0.5946     0.70s
     4      0.6487           -      0.6727      0.7117     0.57s
     5      0.6260           -      0.6462      0.6757     0.65s
     6      0.6334           -      0.6501      0.6126     0.59s
     7      0.6131           -      0.6645      0.5946     0.55s
     8      0.6118           -      0.6756      0.5946     0.52s
     9      0.6066           -      0.6524      0.6667     0.52s
    10      0.6253           -      0.6718      0.5946     0.53s
    11      0.6029           -      0.6799      0.5946     0.52s
    12      0.6104           -      0.6940      0.5946     0.58s
    13      0.6117           -      0.6515      0.5946     0.51s
    14      0.5955           -      0.6622      0.5946     0.53s
    15      0.6066           -      0.6536      0.6216     0.53s
    16      0.6025           -      0.6788      0.6036     0.56s
    17      0.6018           -      0.6585      0.5946     0.64s
    18      0.5979           -      0.6669      0.5946     0.59s
    19      0.5977           -      0.6679      0.5946     0.58s
    20      0.6022           -      0.6676      0.5946     0.54s
    21      0.6026           -      0.6753      0.6396     0.54s
    22      0.5875           -      0.6531      0.6216     0.54s
    23      0.5795           -      0.6480      0.6216     0.54s
    24      0.5845           -      0.6686      0.5946     0.54s
    25      0.6029           -      0.6717      0.5946     0.55s
    26      0.6045           -      0.6727      0.5946     0.54s
    27      0.5931           -      0.6573      0.5946     0.53s
    28      0.6037           -      0.6455      0.6126     0.54s
    29      0.5677           -      0.6383      0.6126     0.54s
    30      0.5967           -      0.6625      0.5946     0.57s
    31      0.5719           -      0.6625      0.6036     0.56s
    32      0.5818           -      0.6636      0.6036     0.55s
    33      0.5878           -      0.6578      0.6036     0.55s
    34      0.5530           -      0.6479      0.6126     0.53s
    35      0.5989           -      0.6651      0.6036     0.54s
    36      0.5621           -      0.6656      0.6036     0.55s
    37      0.5944           -      0.6752      0.6036     0.54s
    38      0.5939           -      0.6704      0.6036     0.54s
    39      0.5803           -      0.6583      0.6126     0.57s
    40      0.5846           -      0.6781      0.5946     0.54s
    41      0.5754           -      0.6519      0.6036     0.55s
    42      0.5817           -      0.6619      0.6036     0.54s
    43      0.5690           -      0.6874      0.5946     0.54s
    44      0.5717           -      0.6633      0.6396     0.54s
    45      0.6014           -      0.6577      0.6216     0.63s
    46      0.5859           -      0.6805      0.5946     0.54s
    47      0.5864           -      0.6442      0.6036     0.55s
    48      0.5881           -      0.6609      0.6036     0.55s
    49      0.5860           -      0.6290      0.6577     0.54s
    50      0.5763           -      0.6801      0.5946     0.54s
    51      0.5938           -      0.6592      0.5946     0.54s
    52      0.5692           -      0.6531      0.6577     0.53s
    53      0.5863           -      0.6706      0.6216     0.54s
    54      0.5946           -      0.6672      0.6126     0.56s

  验证集连续 50 轮没有提升，提前停止训练。

------------------------------------------------------------------------------
第 4 步：用验证集上最好的模型测测试集
------------------------------------------------------------------------------
  最好的一轮（第 4 轮）：验证集准确率 = 0.7117
  训练集准确率 = 0.6532   （和验证集差很多就说明过拟合了）
  测试集损失 = 0.6871
  测试集准确率 = 0.5946   <<< 这是最终成绩
  测试耗时 0.04s

------------------------------------------------------------------------------
时间统计
------------------------------------------------------------------------------
  纯训练总耗时      = 32.70s（不含评估，共 54 轮）
  平均每轮训练耗时  = 0.55s
  每个 epoch 的 batch 数 = 28
  整个脚本总耗时    = 35.44s

结果已追加到：D:\PHD\博一\入学任务\任务三_图分类\results\results.jsonl
逐轮历史已保存：D:\PHD\博一\入学任务\任务三_图分类\results\history\PROTEINS_GAT_pool-avg_sample_L3_lr0.01.json
==============================================================================
