==============================================================================
任务三 图分类 —— ZINC_GIN_pool-avg_sample_L3_lr0.01
时间：2026-09-15 20:44:41
==============================================================================
数据集=ZINC  模型=GIN  池化=AvgPooling（平均池化）（avg）
层数=3  隐藏维度=128  dropout=0.5
学习率=0.01  权重衰减=0.0005  轮数=100
训练方式=分批次训练  批次大小设置=64  随机种子=42

------------------------------------------------------------------------------
第 1 步：加载数据
------------------------------------------------------------------------------
  数据加载用时 1.69s
  节点特征维度=21  输出维度=1  任务类型=regression
  训练集 5000 张图 / 验证集 1000 / 测试集 1000
  训练批次大小=64  每个 epoch 有 79 个 batch

------------------------------------------------------------------------------
第 2 步：搭建模型
------------------------------------------------------------------------------
  GIN + AvgPooling（平均池化）
  可训练参数量 = 94,724
  模型结构：
GraphClassifier(
  (convs): ModuleList(
    (0): GINConv(nn=Sequential(
      (0): Linear(in_features=21, out_features=128, bias=True)
      (1): ReLU()
      (2): Linear(in_features=128, out_features=128, bias=True)
    ))
    (1-2): 2 x GINConv(nn=Sequential(
      (0): Linear(in_features=128, out_features=128, bias=True)
      (1): ReLU()
      (2): Linear(in_features=128, out_features=128, bias=True)
    ))
  )
  (norms): ModuleList(
    (0-2): 3 x BatchNorm1d(128, eps=1e-05, momentum=0.1, affine=True, track_running_stats=True)
  )
  (pool_norm): BatchNorm1d(128, eps=1e-05, momentum=0.1, affine=True, track_running_stats=True)
  (classifier): Sequential(
    (0): Linear(in_features=128, out_features=64, bias=True)
    (1): ReLU()
    (2): Dropout(p=0.5, inplace=False)
    (3): Linear(in_features=64, out_features=1, bias=True)
  )
)

------------------------------------------------------------------------------
第 3 步：开始训练
------------------------------------------------------------------------------
    轮次        训练损失        训练指标        验证损失       验证MAE        耗时
     1      1.0107           -      1.0917      1.0917     1.37s
     2      0.8989           -      1.0169      1.0169     1.11s
     3      0.8639           -      0.8878      0.8878     1.02s
     4      0.8601           -      0.7038      0.7038     1.05s
     5      0.8418           -      0.8004      0.8004     1.03s
     6      0.8610           -      0.9792      0.9792     1.02s
     7      0.8337           -      0.9124      0.9124     1.03s
     8      0.8102           -      0.6655      0.6655     1.10s
     9      0.8269           -      0.7291      0.7291     1.15s
    10      0.8299           -      0.8572      0.8572     1.07s
    11      0.7990           -      1.2904      1.2904     1.08s
    12      0.8287           -      0.7613      0.7613     1.07s
    13      0.8125           -      0.8763      0.8763     1.08s
    14      0.8190           -      1.4394      1.4394     1.06s
    15      0.8114           -      0.8566      0.8566     1.09s
    16      0.8234           -      0.7425      0.7425     1.09s
    17      0.8189           -      1.9367      1.9367     1.14s
    18      0.8001           -      2.1946      2.1946     1.13s
    19      0.8032           -      0.6456      0.6456     1.09s
    20      0.7988           -      0.8793      0.8793     1.23s
    21      0.8191           -      0.8203      0.8203     1.23s
    22      0.7919           -      1.6936      1.6936     1.20s
    23      0.7994           -      1.1959      1.1959     1.24s
    24      0.8036           -      0.6269      0.6269     1.27s
    25      0.8156           -      0.6819      0.6819     1.22s
    26      0.7933           -      0.9774      0.9774     1.05s
    27      0.7924           -      0.6753      0.6753     1.02s
    28      0.7904           -      1.0530      1.0530     1.02s
    29      0.7866           -      0.7530      0.7530     1.03s
    30      0.7803           -      0.8021      0.8021     1.03s
    31      0.7990           -      0.9772      0.9772     1.12s
    32      0.7931           -      0.6652      0.6652     1.04s
    33      0.7763           -      0.6733      0.6733     1.18s
    34      0.7961           -      0.8784      0.8784     1.22s
    35      0.7791           -      0.8954      0.8954     1.05s
    36      0.8040           -      0.5611      0.5611     1.03s
    37      0.8075           -      0.6755      0.6755     1.04s
    38      0.7705           -      0.5929      0.5929     1.16s
    39      0.7703           -      0.6226      0.6226     1.13s
    40      0.7898           -      0.6693      0.6693     1.09s
    41      0.7850           -      0.6795      0.6795     1.10s
    42      0.7837           -      0.6993      0.6993     1.07s
    43      0.7781           -      0.7380      0.7380     1.06s
    44      0.7756           -      0.5884      0.5884     1.07s
    45      0.7873           -      0.6256      0.6256     1.08s
    46      0.7800           -      2.4613      2.4613     1.07s
    47      0.7793           -      0.8428      0.8428     1.09s
    48      0.7876           -      0.7097      0.7097     1.07s
    49      0.7825           -      0.5819      0.5819     1.07s
    50      0.7773           -      1.1749      1.1749     1.07s
    51      0.7918           -      0.6545      0.6545     1.03s
    52      0.7826           -      0.8258      0.8258     1.06s
    53      0.7596           -      1.0201      1.0201     1.09s
    54      0.8028           -      0.8099      0.8099     1.03s
    55      0.7946           -      0.6897      0.6897     1.05s
    56      0.7949           -      0.6918      0.6918     1.03s
    57      0.7491           -      0.6163      0.6163     1.05s
    58      0.7789           -      0.5930      0.5930     1.08s
    59      0.7767           -      0.7003      0.7003     1.08s
    60      0.7987           -      1.0930      1.0930     1.05s
    61      0.8104           -      0.7306      0.7306     1.12s
    62      0.7832           -      0.6559      0.6559     1.09s
    63      0.7773           -      0.6017      0.6017     1.14s
    64      0.7853           -      0.5444      0.5444     1.13s
    65      0.7881           -      0.6249      0.6249     1.01s
    66      0.7810           -      0.6181      0.6181     1.07s
    67      0.7760           -      0.6441      0.6441     1.07s
    68      0.7893           -      0.7479      0.7479     1.04s
    69      0.7907           -      0.8181      0.8181     1.03s
    70      0.7765           -      0.6446      0.6446     1.02s
    71      0.7681           -      0.6226      0.6226     1.05s
    72      0.7771           -      0.6366      0.6366     1.07s
    73      0.7733           -      0.7315      0.7315     1.01s
    74      0.7821           -      0.6999      0.6999     1.03s
    75      0.7785           -      0.6788      0.6788     1.01s
    76      0.7835           -      0.6588      0.6588     1.02s
    77      0.7819           -      0.7665      0.7665     1.07s
    78      0.7645           -      0.7298      0.7298     1.06s
    79      0.7756           -      0.5910      0.5910     1.07s
    80      0.7709           -      0.8716      0.8716     1.09s
    81      0.7828           -      0.8742      0.8742     1.03s
    82      0.7898           -      0.6579      0.6579     1.04s
    83      0.7742           -      0.6175      0.6175     1.03s
    84      0.7861           -      0.5720      0.5720     1.03s
    85      0.7924           -      0.5581      0.5581     1.04s
    86      0.7562           -      0.6639      0.6639     1.06s
    87      0.7772           -      0.6117      0.6117     1.12s
    88      0.7888           -      0.9711      0.9711     1.12s
    89      0.7827           -      0.6064      0.6064     1.12s
    90      0.7785           -      0.9169      0.9169     1.08s
    91      0.7890           -      0.6775      0.6775     1.34s
    92      0.7907           -      0.5792      0.5792     1.15s
    93      0.7646           -      0.6367      0.6367     1.10s
    94      0.7799           -      0.6920      0.6920     1.12s
    95      0.7818           -      1.1350      1.1350     1.03s
    96      0.7733           -      0.8788      0.8788     1.11s
    97      0.7951           -      0.9469      0.9469     1.08s
    98      0.7727           -      0.7007      0.7007     1.10s
    99      0.7594           -      0.6615      0.6615     1.15s
   100      0.7678           -      0.7560      0.7560     1.14s

------------------------------------------------------------------------------
第 4 步：用验证集上最好的模型测测试集
------------------------------------------------------------------------------
  最好的一轮（第 64 轮）：验证集MAE = 0.5444
  训练集MAE = 0.5704   （和验证集差很多就说明过拟合了）
  测试集损失 = 0.5307
  测试集MAE = 0.5307   <<< 这是最终成绩
  测试耗时 0.12s

------------------------------------------------------------------------------
时间统计
------------------------------------------------------------------------------
  纯训练总耗时      = 1m48.9s（不含评估，共 100 轮）
  平均每轮训练耗时  = 1.09s
  每个 epoch 的 batch 数 = 79
  整个脚本总耗时    = 2m0.5s

结果已追加到：D:\PHD\博一\入学任务\任务三_图分类\results\results.jsonl
逐轮历史已保存：D:\PHD\博一\入学任务\任务三_图分类\results\history\ZINC_GIN_pool-avg_sample_L3_lr0.01.json
==============================================================================
