==============================================================================
任务三 图分类 —— PROTEINS_GCN_pool-min_sample_L3_lr0.01_diag_norm2
时间：2026-09-15 20:59:14
==============================================================================
数据集=PROTEINS  模型=GCN  池化=MinPooling（最小池化）（min）
层数=3  隐藏维度=128  dropout=0.5
学习率=0.01  权重衰减=0.0005  轮数=80
训练方式=分批次训练  批次大小设置=32  随机种子=42

------------------------------------------------------------------------------
第 1 步：加载数据
------------------------------------------------------------------------------
  数据加载用时 0.29s
  节点特征维度=4  输出维度=2  任务类型=classification
  训练集 891 张图 / 验证集 111 / 测试集 111
  训练批次大小=32  每个 epoch 有 28 个 batch

------------------------------------------------------------------------------
第 2 步：搭建模型
------------------------------------------------------------------------------
  GCN + MinPooling（最小池化）
  可训练参数量 = 43,074
  模型结构：
GraphClassifier(
  (convs): ModuleList(
    (0): GCNConv(4, 128)
    (1-2): 2 x GCNConv(128, 128)
  )
  (norms): ModuleList(
    (0-2): 3 x BatchNorm1d(128, eps=1e-05, momentum=0.1, affine=True, track_running_stats=True)
  )
  (pool_norm): BatchNorm1d(128, eps=1e-05, momentum=0.1, affine=True, track_running_stats=True)
  (classifier): Sequential(
    (0): Linear(in_features=128, out_features=64, bias=True)
    (1): ReLU()
    (2): Dropout(p=0.5, inplace=False)
    (3): Linear(in_features=64, out_features=2, bias=True)
  )
)

------------------------------------------------------------------------------
第 3 步：开始训练
------------------------------------------------------------------------------
    轮次        训练损失        训练指标        验证损失       验证准确率        耗时
     1      0.6778           -      0.6491      0.6937     0.80s
     2      0.6690           -      3.0035      0.4054     0.48s
     3      0.6680           -      8.5615      0.4054     0.47s
     4      0.6693           -     18.7495      0.4054     0.57s
     5      0.6621           -     44.4917      0.4054     0.69s
     6      0.6659           -     60.4666      0.4054     0.69s
     7      0.6560           -     83.5075      0.4054     0.69s
     8      0.6580           -     83.1121      0.4054     0.69s
     9      0.6625           -    104.1208      0.4054     0.70s
    10      0.6538           -    117.2377      0.4054     0.69s
    11      0.6595           -    127.2493      0.4054     0.69s
    12      0.6579           -    144.4646      0.4054     0.69s
    13      0.6706           -     76.4697      0.4054     0.69s
    14      0.6666           -     60.1627      0.4054     0.69s
    15      0.6590           -     96.8510      0.4054     0.70s
    16      0.6654           -     80.2084      0.4054     0.70s
    17      0.6651           -     67.0253      0.4054     0.70s
    18      0.6539           -     84.4964      0.4054     0.68s
    19      0.6620           -    100.3186      0.4054     0.47s
    20      0.6478           -     99.1554      0.4054     0.46s
    21      0.6579           -    119.2708      0.4054     0.42s
    22      0.6557           -    109.2922      0.4054     0.42s
    23      0.6655           -    117.3366      0.4054     0.41s
    24      0.6577           -    110.8931      0.4054     0.41s
    25      0.6580           -    101.3953      0.4054     0.41s
    26      0.6626           -     96.1715      0.4054     0.42s
    27      0.6629           -     83.8210      0.4054     0.45s
    28      0.6573           -     86.7770      0.4054     0.50s
    29      0.6654           -     80.9748      0.4054     0.49s
    30      0.6661           -     78.6691      0.4054     0.51s
    31      0.6571           -     72.4613      0.4054     0.45s
    32      0.6592           -     59.4691      0.4054     0.46s
    33      0.6677           -     48.9940      0.4054     0.46s
    34      0.6655           -     64.5279      0.4054     0.46s
    35      0.6616           -     63.4376      0.4054     0.47s
    36      0.6584           -     90.8934      0.4054     0.46s
    37      0.6546           -    114.4499      0.4054     0.48s
    38      0.6621           -    111.1852      0.4054     0.48s
    39      0.6531           -    109.0354      0.4054     0.48s
    40      0.6516           -    134.6733      0.4054     0.49s
    41      0.6553           -    107.7930      0.4054     0.48s
    42      0.6518           -     91.1459      0.4054     0.46s
    43      0.6656           -    100.9969      0.4054     0.43s
    44      0.6504           -     91.2083      0.4054     0.46s
    45      0.6566           -    103.5858      0.4054     0.43s
    46      0.6526           -     69.8624      0.4054     0.42s
    47      0.6514           -    125.3757      0.4054     0.43s
    48      0.6536           -    114.3423      0.4054     0.43s
    49      0.6610           -     81.8107      0.4054     0.44s
    50      0.6509           -    103.1630      0.4054     0.44s
    51      0.6539           -    132.9526      0.4054     0.46s

  验证集连续 50 轮没有提升，提前停止训练。

------------------------------------------------------------------------------
第 4 步：用验证集上最好的模型测测试集
------------------------------------------------------------------------------
  最好的一轮（第 1 轮）：验证集准确率 = 0.6937
  训练集准确率 = 0.7205   （和验证集差很多就说明过拟合了）
  测试集损失 = 0.6625
  测试集准确率 = 0.6216   <<< 这是最终成绩
  测试耗时 0.04s

------------------------------------------------------------------------------
时间统计
------------------------------------------------------------------------------
  纯训练总耗时      = 26.97s（不含评估，共 51 轮）
  平均每轮训练耗时  = 0.52s
  每个 epoch 的 batch 数 = 28
  整个脚本总耗时    = 29.64s

结果已追加到：D:\PHD\博一\入学任务\任务三_图分类\results\results.jsonl
逐轮历史已保存：D:\PHD\博一\入学任务\任务三_图分类\results\history\PROTEINS_GCN_pool-min_sample_L3_lr0.01_diag_norm2.json
==============================================================================
==============================================================================
任务三 图分类 —— PROTEINS_GCN_pool-min_sample_L3_lr0.01_diag_norm2
时间：2026-09-15 20:59:51
==============================================================================
数据集=PROTEINS  模型=GCN  池化=MinPooling（最小池化）（min）
层数=3  隐藏维度=128  dropout=0.5
学习率=0.01  权重衰减=0.0005  轮数=80
训练方式=分批次训练  批次大小设置=32  随机种子=42

------------------------------------------------------------------------------
第 1 步：加载数据
------------------------------------------------------------------------------
  数据加载用时 0.34s
  节点特征维度=4  输出维度=2  任务类型=classification
  训练集 891 张图 / 验证集 111 / 测试集 111
  训练批次大小=32  每个 epoch 有 28 个 batch

------------------------------------------------------------------------------
第 2 步：搭建模型
------------------------------------------------------------------------------
  GCN + MinPooling（最小池化）
  可训练参数量 = 43,074
  模型结构：
GraphClassifier(
  (convs): ModuleList(
    (0): GCNConv(4, 128)
    (1-2): 2 x GCNConv(128, 128)
  )
  (norms): ModuleList(
    (0-2): 3 x BatchNorm1d(128, eps=1e-05, momentum=0.1, affine=True, track_running_stats=True)
  )
  (pool_norm): LayerNorm((128,), eps=1e-05, elementwise_affine=True)
  (classifier): Sequential(
    (0): Linear(in_features=128, out_features=64, bias=True)
    (1): ReLU()
    (2): Dropout(p=0.5, inplace=False)
    (3): Linear(in_features=64, out_features=2, bias=True)
  )
)

------------------------------------------------------------------------------
第 3 步：开始训练
------------------------------------------------------------------------------
    轮次        训练损失        训练指标        验证损失       验证准确率        耗时
     1      0.6777           -      0.9479      0.4234     0.78s
     2      0.6678           -      1.0394      0.4054     0.44s
     3      0.6694           -      1.6364      0.4234     0.44s
     4      0.6825           -      1.1382      0.4144     0.44s
     5      0.6697           -      1.2972      0.4144     0.45s
     6      0.6642           -      1.9197      0.4054     0.48s
     7      0.6620           -      3.8629      0.4054     0.49s
     8      0.6659           -      3.4878      0.4054     0.49s
     9      0.6654           -      3.3613      0.4054     0.47s
    10      0.6661           -      3.6727      0.4054     0.48s
    11      0.6635           -      4.2929      0.4054     0.47s
    12      0.6680           -      4.4992      0.4054     0.47s
    13      0.6710           -      4.0002      0.4054     0.47s
    14      0.6665           -      3.5904      0.4054     0.62s
    15      0.6717           -      3.3638      0.4054     0.63s
    16      0.6660           -      3.2851      0.4054     0.64s
    17      0.6716           -      2.9588      0.4054     0.67s
    18      0.6638           -      3.7546      0.4054     0.65s
    19      0.6632           -      5.3954      0.4054     0.65s
    20      0.6621           -      6.3390      0.4054     0.69s
    21      0.6576           -      6.6745      0.4054     0.66s
    22      0.6657           -      6.2380      0.4054     0.63s
    23      0.6712           -      5.2153      0.4054     0.65s
    24      0.6656           -      4.9584      0.4054     0.65s
    25      0.6529           -      5.0108      0.4054     0.70s
    26      0.6591           -      6.1046      0.4054     0.71s
    27      0.6649           -      5.2416      0.4054     0.70s
    28      0.6651           -      4.5561      0.4054     0.71s
    29      0.6703           -      4.4416      0.4054     0.69s
    30      0.6617           -      4.6633      0.4054     0.70s
    31      0.6649           -      4.9357      0.4054     0.71s
    32      0.6618           -      4.5803      0.4054     0.71s
    33      0.6728           -      3.6798      0.4054     0.70s
    34      0.6720           -      2.8991      0.4054     0.74s
    35      0.6641           -      3.8898      0.4054     0.71s
    36      0.6763           -      2.5410      0.4054     0.74s
    37      0.6573           -      3.8667      0.4054     0.71s
    38      0.6642           -      3.8419      0.4054     0.53s
    39      0.6616           -      3.9727      0.4054     0.50s
    40      0.6594           -      4.7331      0.4054     0.47s
    41      0.6686           -      4.9131      0.4054     0.49s
    42      0.6597           -      4.5756      0.4054     0.47s
    43      0.6682           -      4.6731      0.4054     0.53s
    44      0.6715           -      2.9293      0.4054     0.48s
    45      0.6582           -      4.2392      0.4054     0.50s
    46      0.6651           -      4.4131      0.4054     0.51s
    47      0.6628           -      4.8261      0.4054     0.50s
    48      0.6609           -      4.0792      0.4054     0.52s
    49      0.6631           -      3.8846      0.4054     0.48s
    50      0.6609           -      4.0390      0.4054     0.47s
    51      0.6533           -      5.0852      0.4054     0.48s

  验证集连续 50 轮没有提升，提前停止训练。

------------------------------------------------------------------------------
第 4 步：用验证集上最好的模型测测试集
------------------------------------------------------------------------------
  最好的一轮（第 1 轮）：验证集准确率 = 0.4234
  训练集准确率 = 0.4085   （和验证集差很多就说明过拟合了）
  测试集损失 = 0.9442
  测试集准确率 = 0.3964   <<< 这是最终成绩
  测试耗时 0.04s

------------------------------------------------------------------------------
时间统计
------------------------------------------------------------------------------
  纯训练总耗时      = 29.63s（不含评估，共 51 轮）
  平均每轮训练耗时  = 0.58s
  每个 epoch 的 batch 数 = 28
  整个脚本总耗时    = 32.72s

结果已追加到：D:\PHD\博一\入学任务\任务三_图分类\results\results.jsonl
逐轮历史已保存：D:\PHD\博一\入学任务\任务三_图分类\results\history\PROTEINS_GCN_pool-min_sample_L3_lr0.01_diag_norm2.json
==============================================================================
