==============================================================================
任务三 图分类 —— ENZYMES_GraphSAGE_pool-min_sample_L3_lr0.01
时间：2026-09-15 20:55:28
==============================================================================
数据集=ENZYMES  模型=GraphSAGE  池化=MinPooling（最小池化）（min）
层数=3  隐藏维度=128  dropout=0.5
学习率=0.01  权重衰减=0.0005  轮数=150
训练方式=分批次训练  批次大小设置=32  随机种子=42

------------------------------------------------------------------------------
第 1 步：加载数据
------------------------------------------------------------------------------
  数据加载用时 0.25s
  节点特征维度=21  输出维度=6  任务类型=classification
  训练集 480 张图 / 验证集 60 / 测试集 60
  训练批次大小=32  每个 epoch 有 15 个 batch

------------------------------------------------------------------------------
第 2 步：搭建模型
------------------------------------------------------------------------------
  GraphSAGE + MinPooling（最小池化）
  可训练参数量 = 80,966
  模型结构：
GraphClassifier(
  (convs): ModuleList(
    (0): SAGEConv(21, 128)
    (1-2): 2 x SAGEConv(128, 128)
  )
  (norms): ModuleList(
    (0-2): 3 x BatchNorm1d(128, eps=1e-05, momentum=0.1, affine=True, track_running_stats=True)
  )
  (pool_norm): BatchNorm1d(128, eps=1e-05, momentum=0.1, affine=True, track_running_stats=True)
  (classifier): Sequential(
    (0): Linear(in_features=128, out_features=64, bias=True)
    (1): ReLU()
    (2): Dropout(p=0.5, inplace=False)
    (3): Linear(in_features=64, out_features=6, bias=True)
  )
)

------------------------------------------------------------------------------
第 3 步：开始训练
------------------------------------------------------------------------------
    轮次        训练损失        训练指标        验证损失       验证准确率        耗时
     1      1.7987           -      1.7928      0.1833     0.51s
     2      1.7971           -      1.7925      0.1667     0.20s
     3      1.7902           -      1.7979      0.1667     0.20s
     4      1.7954           -      1.8064      0.1500     0.21s
     5      1.7935           -      1.8254      0.1667     0.20s
     6      1.7942           -      1.9382      0.1667     0.18s
     7      1.7902           -      1.9095      0.1667     0.21s
     8      1.7948           -      3.3512      0.1667     0.19s
     9      1.7929           -      2.2216      0.1667     0.20s
    10      1.7932           -      2.9618      0.1667     0.19s
    11      1.7934           -      2.2772      0.1500     0.20s
    12      1.7939           -      2.8864      0.1667     0.21s
    13      1.7914           -      6.1761      0.1667     0.19s
    14      1.7954           -      2.4236      0.1667     0.20s
    15      1.7920           -      5.6289      0.1667     0.19s
    16      1.7894           -      3.8456      0.1667     0.19s
    17      1.7913           -      5.4176      0.1667     0.20s
    18      1.7914           -      5.8741      0.1667     0.22s
    19      1.7952           -      9.4490      0.1667     0.18s
    20      1.7929           -      4.5945      0.1667     0.21s
    21      1.7935           -      5.2468      0.1667     0.19s
    22      1.7961           -      4.2629      0.1667     0.19s
    23      1.7945           -      5.4249      0.1500     0.19s
    24      1.7945           -      6.7232      0.1500     0.18s
    25      1.7925           -      4.6666      0.1667     0.19s
    26      1.7927           -      4.4521      0.1667     0.19s
    27      1.7945           -      2.6446      0.1667     0.21s
    28      1.7926           -      3.4337      0.1667     0.19s
    29      1.7934           -      4.5679      0.1667     0.19s
    30      1.7927           -      2.6900      0.1667     0.18s
    31      1.7925           -      3.6826      0.1667     0.19s
    32      1.7915           -      5.6455      0.1667     0.20s
    33      1.7923           -      6.1965      0.1667     0.21s
    34      1.7960           -      5.7053      0.1667     0.21s
    35      1.7925           -      4.9858      0.1667     0.19s
    36      1.7947           -      2.1443      0.1833     0.22s
    37      1.7927           -      2.1918      0.1167     0.22s
    38      1.7922           -      2.8222      0.1667     0.21s
    39      1.7920           -      2.1068      0.1833     0.21s
    40      1.7918           -      2.0203      0.1667     0.19s
    41      1.7926           -      2.5066      0.1667     0.20s
    42      1.7930           -      2.4392      0.1667     0.21s
    43      1.7922           -      2.7062      0.1667     0.29s
    44      1.7935           -      3.3556      0.1667     0.25s
    45      1.7914           -      3.1116      0.1667     0.20s
    46      1.7910           -      3.4052      0.1667     0.27s
    47      1.7912           -      3.2903      0.1667     0.20s
    48      1.7926           -      3.8031      0.1667     0.22s
    49      1.7938           -      4.3717      0.1667     0.21s
    50      1.7928           -      2.7816      0.1667     0.21s
    51      1.7927           -      3.2775      0.1667     0.21s

  验证集连续 50 轮没有提升，提前停止训练。

------------------------------------------------------------------------------
第 4 步：用验证集上最好的模型测测试集
------------------------------------------------------------------------------
  最好的一轮（第 1 轮）：验证集准确率 = 0.1833
  训练集准确率 = 0.1979   （和验证集差很多就说明过拟合了）
  测试集损失 = 1.7921
  测试集准确率 = 0.1667   <<< 这是最终成绩
  测试耗时 0.01s

------------------------------------------------------------------------------
时间统计
------------------------------------------------------------------------------
  纯训练总耗时      = 10.68s（不含评估，共 51 轮）
  平均每轮训练耗时  = 0.20s
  每个 epoch 的 batch 数 = 15
  整个脚本总耗时    = 11.49s

结果已追加到：D:\PHD\博一\入学任务\任务三_图分类\results\results.jsonl
逐轮历史已保存：D:\PHD\博一\入学任务\任务三_图分类\results\history\ENZYMES_GraphSAGE_pool-min_sample_L3_lr0.01.json
==============================================================================
