==============================================================================
任务三 图分类 —— ENZYMES_GAT_pool-max_sample_L3_lr0.01
时间：2026-09-15 20:54:15
==============================================================================
数据集=ENZYMES  模型=GAT  池化=MaxPooling（最大池化）（max）
层数=3  隐藏维度=128  dropout=0.5
学习率=0.01  权重衰减=0.0005  轮数=150
训练方式=分批次训练  批次大小设置=32  随机种子=42

------------------------------------------------------------------------------
第 1 步：加载数据
------------------------------------------------------------------------------
  数据加载用时 0.26s
  节点特征维度=21  输出维度=6  任务类型=classification
  训练集 480 张图 / 验证集 60 / 测试集 60
  训练批次大小=32  每个 epoch 有 15 个 batch

------------------------------------------------------------------------------
第 2 步：搭建模型
------------------------------------------------------------------------------
  GAT + MaxPooling（最大池化）
  可训练参数量 = 46,278
  模型结构：
GraphClassifier(
  (convs): ModuleList(
    (0): GATConv(21, 16, heads=8)
    (1-2): 2 x GATConv(128, 16, heads=8)
  )
  (norms): ModuleList(
    (0-2): 3 x BatchNorm1d(128, eps=1e-05, momentum=0.1, affine=True, track_running_stats=True)
  )
  (pool_norm): BatchNorm1d(128, eps=1e-05, momentum=0.1, affine=True, track_running_stats=True)
  (classifier): Sequential(
    (0): Linear(in_features=128, out_features=64, bias=True)
    (1): ReLU()
    (2): Dropout(p=0.5, inplace=False)
    (3): Linear(in_features=64, out_features=6, bias=True)
  )
)

------------------------------------------------------------------------------
第 3 步：开始训练
------------------------------------------------------------------------------
    轮次        训练损失        训练指标        验证损失       验证准确率        耗时
     1      1.8948           -      1.7925      0.1667     3.48s
     2      1.8248           -      1.7937      0.1667     0.36s
     3      1.7770           -      1.7966      0.1667     0.33s
     4      1.7557           -      1.8018      0.1667     0.34s
     5      1.8161           -      1.8027      0.1667     0.33s
     6      1.7608           -      1.8029      0.1667     0.33s
     7      1.7609           -      1.8052      0.1667     0.33s
     8      1.7755           -      1.8108      0.1667     0.29s
     9      1.7764           -      1.8033      0.1667     0.29s
    10      1.7566           -      1.8026      0.1667     0.30s
    11      1.7505           -      1.8051      0.1833     0.32s
    12      1.7523           -      1.8095      0.1667     0.32s
    13      1.7755           -      1.8138      0.1667     0.30s
    14      1.7590           -      1.8115      0.1667     0.25s
    15      1.7490           -      1.8148      0.1667     0.25s
    16      1.7842           -      1.8169      0.1667     0.25s
    17      1.7359           -      1.8224      0.1667     0.27s
    18      1.7735           -      1.8284      0.1667     0.19s
    19      1.7659           -      1.8280      0.1667     0.21s
    20      1.7150           -      1.8451      0.1667     0.19s
    21      1.7651           -      1.8596      0.1667     0.19s
    22      1.7181           -      1.8536      0.1667     0.20s
    23      1.7438           -      1.8641      0.1667     0.19s
    24      1.7582           -      1.8637      0.1667     0.20s
    25      1.7342           -      1.8556      0.1667     0.24s
    26      1.7645           -      1.8615      0.1667     0.20s
    27      1.7476           -      1.8432      0.1667     0.21s
    28      1.7275           -      1.8466      0.1667     0.19s
    29      1.7380           -      1.8517      0.1833     0.17s
    30      1.7469           -      1.8564      0.1833     0.17s
    31      1.7406           -      1.8698      0.1667     0.19s
    32      1.7308           -      1.8929      0.1667     0.24s
    33      1.7255           -      1.8939      0.1833     0.21s
    34      1.7339           -      1.9106      0.1667     0.25s
    35      1.7179           -      1.9300      0.1667     0.20s
    36      1.7354           -      1.9326      0.1667     0.18s
    37      1.6956           -      1.9545      0.1667     0.19s
    38      1.7449           -      1.9546      0.1833     0.20s
    39      1.7148           -      1.9353      0.1667     0.17s
    40      1.7199           -      1.9566      0.1667     0.18s
    41      1.7269           -      1.9102      0.1667     0.21s
    42      1.7261           -      1.9112      0.1667     0.21s
    43      1.7145           -      1.9028      0.1667     0.20s
    44      1.7291           -      1.8993      0.1667     0.18s
    45      1.7347           -      1.9219      0.1667     0.19s
    46      1.7394           -      1.8975      0.1667     0.18s
    47      1.7265           -      1.8851      0.1833     0.18s
    48      1.7283           -      1.9100      0.1833     0.17s
    49      1.7321           -      1.9126      0.1833     0.18s
    50      1.7288           -      1.9066      0.1667     0.22s
    51      1.6954           -      1.9153      0.1667     0.20s
    52      1.7308           -      1.9268      0.1667     0.20s
    53      1.7096           -      1.9381      0.1667     0.17s
    54      1.7338           -      1.8815      0.1667     0.20s
    55      1.7020           -      1.8984      0.1833     0.20s
    56      1.6987           -      1.9557      0.1667     0.21s
    57      1.7286           -      1.9736      0.1667     0.20s
    58      1.7190           -      1.9901      0.1667     0.21s
    59      1.6876           -      1.9622      0.1667     0.17s
    60      1.7230           -      1.9678      0.1667     0.20s
    61      1.7032           -      2.0105      0.1667     0.17s

  验证集连续 50 轮没有提升，提前停止训练。

------------------------------------------------------------------------------
第 4 步：用验证集上最好的模型测测试集
------------------------------------------------------------------------------
  最好的一轮（第 11 轮）：验证集准确率 = 0.1833
  训练集准确率 = 0.1646   （和验证集差很多就说明过拟合了）
  测试集损失 = 1.8072
  测试集准确率 = 0.1667   <<< 这是最终成绩
  测试耗时 0.01s

------------------------------------------------------------------------------
时间统计
------------------------------------------------------------------------------
  纯训练总耗时      = 16.91s（不含评估，共 61 轮）
  平均每轮训练耗时  = 0.22s
  每个 epoch 的 batch 数 = 15
  整个脚本总耗时    = 18.48s

结果已追加到：D:\PHD\博一\入学任务\任务三_图分类\results\results.jsonl
逐轮历史已保存：D:\PHD\博一\入学任务\任务三_图分类\results\history\ENZYMES_GAT_pool-max_sample_L3_lr0.01.json
==============================================================================
