==============================================================================
任务一 节点分类 | 数据集=Citeseer 模型=GIN 训练方式=full 学习率=0.01 层数=2
==============================================================================
超参数：hidden=128, dropout=0.5, weight_decay=0.0005, epochs=150, seed=42
数据集信息：节点数=3327, 边数=9104, 特征维度=3703, 类别数=6, 训练/验证/测试 = 120/500/1000
模型参数量：491,698
全图训练：每个 epoch 做 1 次全图前向 + 反向
------------------------------------------------------------------------------
 Epoch |     Loss |    Train |      Val |     Test |      时间/轮
------------------------------------------------------------------------------
     1 |   1.9943 |   0.2833 |   0.3240 |   0.2530 |    0.228s
     2 |   1.5432 |   0.3333 |   0.3760 |   0.3250 |    0.006s
     3 |   1.2129 |   0.4833 |   0.3720 |   0.3280 |    0.006s
     4 |   1.1186 |   0.5667 |   0.4220 |   0.3650 |    0.007s
     5 |   0.8408 |   0.6333 |   0.4560 |   0.3910 |    0.006s
     6 |   0.7708 |   0.6750 |   0.5060 |   0.4480 |    0.006s
     7 |   0.6468 |   0.7667 |   0.4980 |   0.4350 |    0.006s
     8 |   0.5164 |   0.8083 |   0.4760 |   0.4040 |    0.005s
     9 |   0.4701 |   0.8917 |   0.5260 |   0.4670 |    0.008s
    10 |   0.3348 |   0.9250 |   0.5340 |   0.4890 |    0.007s
    11 |   0.3349 |   0.9417 |   0.5520 |   0.5230 |    0.007s
    12 |   0.2308 |   0.9833 |   0.5620 |   0.5380 |    0.006s
    13 |   0.1833 |   0.9833 |   0.5680 |   0.5370 |    0.007s
    14 |   0.2737 |   0.9917 |   0.5520 |   0.5300 |    0.006s
    15 |   0.0808 |   0.9750 |   0.5560 |   0.5340 |    0.005s
    16 |   0.0975 |   0.9750 |   0.5720 |   0.5420 |    0.005s
    17 |   0.1388 |   0.9833 |   0.5860 |   0.5630 |    0.006s
    18 |   0.0626 |   0.9833 |   0.5920 |   0.5760 |    0.006s
    19 |   0.0911 |   0.9917 |   0.5960 |   0.5830 |    0.006s
    20 |   0.0308 |   0.9917 |   0.6000 |   0.5870 |    0.007s
    21 |   0.0315 |   0.9917 |   0.5960 |   0.5930 |    0.007s
    22 |   0.0252 |   0.9917 |   0.5940 |   0.5890 |    0.005s
    23 |   0.0265 |   0.9917 |   0.6160 |   0.5880 |    0.006s
    24 |   0.0176 |   1.0000 |   0.6100 |   0.5880 |    0.005s
    25 |   0.0147 |   1.0000 |   0.6000 |   0.5810 |    0.005s
    26 |   0.0125 |   1.0000 |   0.5980 |   0.5850 |    0.006s
    27 |   0.0144 |   1.0000 |   0.6020 |   0.5820 |    0.007s
    28 |   0.0086 |   1.0000 |   0.6060 |   0.5820 |    0.005s
    29 |   0.0129 |   1.0000 |   0.6140 |   0.5880 |    0.007s
    30 |   0.0072 |   0.9917 |   0.6120 |   0.5870 |    0.005s
    31 |   0.0153 |   0.9917 |   0.6100 |   0.5940 |    0.006s
    32 |   0.0283 |   0.9917 |   0.6080 |   0.5900 |    0.005s
    33 |   0.0129 |   0.9917 |   0.6060 |   0.5840 |    0.005s
    34 |   0.0806 |   0.9917 |   0.5960 |   0.5780 |    0.005s
    35 |   0.0231 |   1.0000 |   0.5900 |   0.5640 |    0.005s
    36 |   0.0068 |   0.9917 |   0.5820 |   0.5550 |    0.005s
    37 |   0.0137 |   0.9917 |   0.5780 |   0.5560 |    0.005s
    38 |   0.0070 |   0.9917 |   0.5720 |   0.5520 |    0.005s
    39 |   0.0065 |   1.0000 |   0.5760 |   0.5570 |    0.006s
    40 |   0.0068 |   1.0000 |   0.5760 |   0.5600 |    0.006s
    41 |   0.0397 |   1.0000 |   0.5900 |   0.5590 |    0.005s
    42 |   0.0054 |   1.0000 |   0.5920 |   0.5630 |    0.005s
    43 |   0.0047 |   0.9917 |   0.5960 |   0.5680 |    0.005s
    44 |   0.0083 |   1.0000 |   0.6220 |   0.5910 |    0.005s
    45 |   0.0059 |   1.0000 |   0.6240 |   0.6050 |    0.006s
    46 |   0.0070 |   1.0000 |   0.6360 |   0.6150 |    0.005s
    47 |   0.0086 |   1.0000 |   0.6400 |   0.6150 |    0.007s
    48 |   0.0039 |   1.0000 |   0.6320 |   0.6170 |    0.005s
    49 |   0.0497 |   1.0000 |   0.6380 |   0.6190 |    0.006s
    50 |   0.0051 |   0.9917 |   0.6440 |   0.6230 |    0.006s
    51 |   0.0032 |   0.9917 |   0.6480 |   0.6240 |    0.004s
    52 |   0.1042 |   1.0000 |   0.6440 |   0.6220 |    0.007s
    53 |   0.0035 |   1.0000 |   0.6360 |   0.6190 |    0.006s
    54 |   0.0114 |   0.9917 |   0.6280 |   0.6210 |    0.007s
    55 |   0.0134 |   1.0000 |   0.6220 |   0.6100 |    0.007s
    56 |   0.0033 |   1.0000 |   0.6080 |   0.5830 |    0.006s
    57 |   0.0035 |   1.0000 |   0.5840 |   0.5590 |    0.007s
    58 |   0.0372 |   1.0000 |   0.5600 |   0.5360 |    0.006s
    59 |   0.0235 |   1.0000 |   0.5440 |   0.5210 |    0.006s
    60 |   0.0042 |   0.9917 |   0.5220 |   0.5100 |    0.006s
    61 |   0.0103 |   0.9750 |   0.4960 |   0.4860 |    0.005s
    62 |   0.0130 |   0.9667 |   0.4880 |   0.4770 |    0.006s
    63 |   0.0337 |   0.9750 |   0.5020 |   0.4780 |    0.004s
    64 |   0.6372 |   0.9917 |   0.5900 |   0.5460 |    0.004s
    65 |   0.0180 |   0.9750 |   0.5420 |   0.5010 |    0.007s
    66 |   0.1325 |   0.9750 |   0.5460 |   0.5080 |    0.005s
    67 |   0.1037 |   0.9750 |   0.5480 |   0.5020 |    0.005s
    68 |   0.0406 |   0.9833 |   0.5560 |   0.5150 |    0.006s
    69 |   0.0505 |   1.0000 |   0.5380 |   0.5240 |    0.007s
    70 |   0.2290 |   0.9667 |   0.5860 |   0.5940 |    0.006s
    71 |   0.0972 |   0.9833 |   0.5620 |   0.5850 |    0.006s
    72 |   0.0904 |   0.9750 |   0.5700 |   0.5600 |    0.007s
    73 |   0.1233 |   0.9917 |   0.5700 |   0.5610 |    0.007s
    74 |   0.0154 |   1.0000 |   0.5800 |   0.5630 |    0.007s
    75 |   0.0135 |   1.0000 |   0.5720 |   0.5570 |    0.005s
    76 |   0.0176 |   1.0000 |   0.5680 |   0.5580 |    0.006s
    77 |   0.0406 |   1.0000 |   0.5620 |   0.5580 |    0.006s
    78 |   0.0195 |   1.0000 |   0.5640 |   0.5520 |    0.006s
    79 |   0.0161 |   1.0000 |   0.5680 |   0.5570 |    0.007s
    80 |   0.0141 |   1.0000 |   0.5800 |   0.5520 |    0.007s
    81 |   0.0107 |   1.0000 |   0.5800 |   0.5560 |    0.007s
    82 |   0.0130 |   1.0000 |   0.5840 |   0.5630 |    0.005s
    83 |   0.0154 |   1.0000 |   0.5900 |   0.5720 |    0.007s
    84 |   0.0062 |   1.0000 |   0.5880 |   0.5830 |    0.006s
    85 |   0.0081 |   1.0000 |   0.5980 |   0.5930 |    0.006s
    86 |   0.0235 |   1.0000 |   0.5980 |   0.5900 |    0.008s
    87 |   0.0314 |   1.0000 |   0.6140 |   0.5970 |    0.006s
    88 |   0.0093 |   1.0000 |   0.6200 |   0.6090 |    0.007s
    89 |   0.0069 |   1.0000 |   0.6220 |   0.6110 |    0.006s
    90 |   0.0140 |   1.0000 |   0.6300 |   0.6050 |    0.007s
    91 |   0.0057 |   1.0000 |   0.6260 |   0.6060 |    0.006s
    92 |   0.0052 |   1.0000 |   0.6240 |   0.6020 |    0.007s
    93 |   0.0257 |   1.0000 |   0.6300 |   0.6080 |    0.009s
    94 |   0.0050 |   1.0000 |   0.6340 |   0.6120 |    0.007s
    95 |   0.0061 |   1.0000 |   0.6340 |   0.6170 |    0.006s
    96 |   0.0055 |   1.0000 |   0.6340 |   0.6150 |    0.006s
    97 |   0.0048 |   1.0000 |   0.6340 |   0.6160 |    0.006s
    98 |   0.0075 |   1.0000 |   0.6360 |   0.6140 |    0.007s
    99 |   0.0049 |   1.0000 |   0.6320 |   0.6140 |    0.006s
   100 |   0.0039 |   1.0000 |   0.6360 |   0.6130 |    0.006s
   101 |   0.0042 |   1.0000 |   0.6320 |   0.6120 |    0.005s
   102 |   0.0043 |   1.0000 |   0.6280 |   0.6110 |    0.008s
   103 |   0.0068 |   1.0000 |   0.6260 |   0.6100 |    0.007s
   104 |   0.0054 |   1.0000 |   0.6300 |   0.6100 |    0.008s
   105 |   0.0061 |   1.0000 |   0.6300 |   0.6130 |    0.006s
   106 |   0.0106 |   1.0000 |   0.6300 |   0.6030 |    0.007s
   107 |   0.0496 |   1.0000 |   0.6260 |   0.6020 |    0.006s
   108 |   0.0017 |   0.9917 |   0.6280 |   0.6080 |    0.006s
   109 |   0.0056 |   0.9917 |   0.6340 |   0.6120 |    0.005s
   110 |   0.0319 |   0.9917 |   0.6400 |   0.6110 |    0.005s
   111 |   0.0485 |   0.9917 |   0.6340 |   0.5980 |    0.006s
   112 |   0.0063 |   1.0000 |   0.6300 |   0.5950 |    0.006s
   113 |   0.0034 |   1.0000 |   0.6240 |   0.5900 |    0.005s
   114 |   0.0021 |   1.0000 |   0.6260 |   0.5850 |    0.007s
   115 |   0.0016 |   1.0000 |   0.6240 |   0.5800 |    0.006s
   116 |   0.0039 |   1.0000 |   0.6220 |   0.5780 |    0.006s
   117 |   0.0066 |   1.0000 |   0.6240 |   0.5790 |    0.005s
   118 |   0.0037 |   1.0000 |   0.6320 |   0.5870 |    0.006s
   119 |   0.0017 |   1.0000 |   0.6380 |   0.5870 |    0.005s
   120 |   0.0026 |   1.0000 |   0.6360 |   0.5930 |    0.005s
   121 |   0.0033 |   1.0000 |   0.6340 |   0.5970 |    0.006s
   122 |   0.0019 |   1.0000 |   0.6380 |   0.5980 |    0.005s
   123 |   0.0028 |   1.0000 |   0.6340 |   0.5980 |    0.006s
   124 |   0.0033 |   1.0000 |   0.6360 |   0.6050 |    0.006s
   125 |   0.0029 |   1.0000 |   0.6380 |   0.6040 |    0.006s
   126 |   0.0014 |   1.0000 |   0.6380 |   0.6080 |    0.006s
   127 |   0.0016 |   1.0000 |   0.6380 |   0.6100 |    0.005s
   128 |   0.0021 |   1.0000 |   0.6400 |   0.6100 |    0.005s
   129 |   0.0026 |   1.0000 |   0.6420 |   0.6110 |    0.006s
   130 |   0.0029 |   1.0000 |   0.6400 |   0.6090 |    0.006s
   131 |   0.0016 |   1.0000 |   0.6360 |   0.6090 |    0.006s
   132 |   0.0013 |   1.0000 |   0.6360 |   0.6110 |    0.005s
   133 |   0.0025 |   1.0000 |   0.6360 |   0.6120 |    0.006s
   134 |   0.0017 |   1.0000 |   0.6400 |   0.6110 |    0.006s
   135 |   0.0021 |   1.0000 |   0.6360 |   0.6080 |    0.006s
   136 |   0.0021 |   1.0000 |   0.6360 |   0.6060 |    0.005s
   137 |   0.0026 |   1.0000 |   0.6360 |   0.6060 |    0.006s
   138 |   0.0014 |   1.0000 |   0.6360 |   0.6040 |    0.006s
   139 |   0.0028 |   1.0000 |   0.6340 |   0.6050 |    0.006s
   140 |   0.0017 |   1.0000 |   0.6320 |   0.6070 |    0.006s
   141 |   0.0020 |   1.0000 |   0.6320 |   0.6080 |    0.006s
   142 |   0.0014 |   1.0000 |   0.6320 |   0.6090 |    0.006s
   143 |   0.0016 |   1.0000 |   0.6300 |   0.6090 |    0.006s
   144 |   0.0017 |   1.0000 |   0.6300 |   0.6090 |    0.006s
   145 |   0.0019 |   1.0000 |   0.6340 |   0.6090 |    0.006s
   146 |   0.0013 |   1.0000 |   0.6360 |   0.6070 |    0.006s
   147 |   0.0009 |   1.0000 |   0.6340 |   0.6060 |    0.007s
   148 |   0.0023 |   1.0000 |   0.6320 |   0.6050 |    0.006s
   149 |   0.0009 |   1.0000 |   0.6320 |   0.6050 |    0.008s
   150 |   0.0029 |   1.0000 |   0.6320 |   0.6040 |    0.007s
------------------------------------------------------------------------------
【结果汇总】
  最佳验证准确率 : 0.6480  (第 51 轮)
  对应的测试准确率: 0.6240
  训练总耗时     : 1.10s (不含评估) / 整体墙钟时间 1.85s
  平均每轮训练耗时: 0.01s (每轮 1 次参数更新)
  全图推理耗时   : 0.00s
  模型参数量     : 491,698
结果已追加保存到：D:\PHD\博一\入学任务\任务一_节点分类\results\results.jsonl
