==============================================================================
任务一 节点分类 | 数据集=Citeseer 模型=GraphSAGE 训练方式=sample 学习率=0.01 层数=2
==============================================================================
超参数：hidden=128, dropout=0.5, weight_decay=0.0005, epochs=150, seed=42
数据集信息：节点数=3327, 边数=9104, 特征维度=3703, 类别数=6, 训练/验证/测试 = 120/500/1000
模型参数量：949,894
采样设置：batch_size=128, num_neighbors=[10, 10], 每轮 batch 数=1
------------------------------------------------------------------------------
 Epoch |     Loss |    Train |      Val |     Test |      时间/轮
------------------------------------------------------------------------------
     1 |   2.0573 |   0.9917 |   0.5900 |   0.6010 |    0.224s
     2 |   0.2308 |   1.0000 |   0.6420 |   0.6380 |    0.011s
     3 |   0.0913 |   1.0000 |   0.6560 |   0.6400 |    0.009s
     4 |   0.0590 |   1.0000 |   0.6600 |   0.6430 |    0.008s
     5 |   0.0292 |   1.0000 |   0.6600 |   0.6410 |    0.009s
     6 |   0.0250 |   1.0000 |   0.6580 |   0.6410 |    0.012s
     7 |   0.0171 |   1.0000 |   0.6560 |   0.6380 |    0.008s
     8 |   0.0093 |   1.0000 |   0.6600 |   0.6350 |    0.007s
     9 |   0.0078 |   1.0000 |   0.6660 |   0.6350 |    0.008s
    10 |   0.0065 |   1.0000 |   0.6660 |   0.6330 |    0.007s
    11 |   0.0044 |   1.0000 |   0.6620 |   0.6320 |    0.008s
    12 |   0.0036 |   1.0000 |   0.6640 |   0.6340 |    0.007s
    13 |   0.0046 |   1.0000 |   0.6680 |   0.6390 |    0.008s
    14 |   0.0018 |   1.0000 |   0.6680 |   0.6350 |    0.007s
    15 |   0.0020 |   1.0000 |   0.6620 |   0.6350 |    0.009s
    16 |   0.0017 |   1.0000 |   0.6560 |   0.6390 |    0.007s
    17 |   0.0020 |   1.0000 |   0.6560 |   0.6450 |    0.007s
    18 |   0.0013 |   1.0000 |   0.6540 |   0.6460 |    0.008s
    19 |   0.0010 |   1.0000 |   0.6560 |   0.6470 |    0.007s
    20 |   0.0015 |   1.0000 |   0.6560 |   0.6490 |    0.008s
    21 |   0.0025 |   1.0000 |   0.6660 |   0.6490 |    0.008s
    22 |   0.0014 |   1.0000 |   0.6640 |   0.6490 |    0.008s
    23 |   0.0051 |   1.0000 |   0.6620 |   0.6490 |    0.008s
    24 |   0.0012 |   1.0000 |   0.6620 |   0.6500 |    0.008s
    25 |   0.0017 |   1.0000 |   0.6600 |   0.6460 |    0.007s
    26 |   0.0028 |   1.0000 |   0.6620 |   0.6490 |    0.008s
    27 |   0.0016 |   1.0000 |   0.6620 |   0.6490 |    0.007s
    28 |   0.0010 |   1.0000 |   0.6560 |   0.6470 |    0.007s
    29 |   0.0014 |   1.0000 |   0.6560 |   0.6480 |    0.008s
    30 |   0.0013 |   1.0000 |   0.6560 |   0.6470 |    0.007s
    31 |   0.0021 |   1.0000 |   0.6620 |   0.6430 |    0.008s
    32 |   0.0017 |   1.0000 |   0.6640 |   0.6400 |    0.008s
    33 |   0.0015 |   1.0000 |   0.6640 |   0.6410 |    0.008s
    34 |   0.0014 |   1.0000 |   0.6620 |   0.6410 |    0.008s
    35 |   0.0021 |   1.0000 |   0.6620 |   0.6390 |    0.007s
    36 |   0.0012 |   1.0000 |   0.6620 |   0.6420 |    0.008s
    37 |   0.0025 |   1.0000 |   0.6640 |   0.6410 |    0.009s
    38 |   0.0019 |   1.0000 |   0.6660 |   0.6400 |    0.006s
    39 |   0.0025 |   1.0000 |   0.6700 |   0.6430 |    0.007s
    40 |   0.0010 |   1.0000 |   0.6640 |   0.6430 |    0.009s
    41 |   0.0016 |   1.0000 |   0.6620 |   0.6430 |    0.009s
    42 |   0.0019 |   1.0000 |   0.6640 |   0.6440 |    0.008s
    43 |   0.0011 |   1.0000 |   0.6660 |   0.6440 |    0.008s
    44 |   0.0039 |   1.0000 |   0.6660 |   0.6460 |    0.007s
    45 |   0.0013 |   1.0000 |   0.6680 |   0.6450 |    0.007s
    46 |   0.0020 |   1.0000 |   0.6640 |   0.6430 |    0.008s
    47 |   0.0020 |   1.0000 |   0.6640 |   0.6440 |    0.007s
    48 |   0.0035 |   1.0000 |   0.6640 |   0.6440 |    0.006s
    49 |   0.0011 |   1.0000 |   0.6620 |   0.6430 |    0.007s
    50 |   0.0030 |   1.0000 |   0.6600 |   0.6420 |    0.007s
    51 |   0.0022 |   1.0000 |   0.6600 |   0.6420 |    0.007s
    52 |   0.0012 |   1.0000 |   0.6600 |   0.6420 |    0.006s
    53 |   0.0027 |   1.0000 |   0.6600 |   0.6440 |    0.008s
    54 |   0.0026 |   1.0000 |   0.6600 |   0.6450 |    0.007s
    55 |   0.0023 |   1.0000 |   0.6580 |   0.6450 |    0.008s
    56 |   0.0025 |   1.0000 |   0.6580 |   0.6430 |    0.006s
    57 |   0.0019 |   1.0000 |   0.6580 |   0.6430 |    0.007s
    58 |   0.0024 |   1.0000 |   0.6560 |   0.6430 |    0.006s
    59 |   0.0030 |   1.0000 |   0.6580 |   0.6450 |    0.008s
    60 |   0.0017 |   1.0000 |   0.6580 |   0.6460 |    0.007s
    61 |   0.0028 |   1.0000 |   0.6580 |   0.6460 |    0.007s
    62 |   0.0016 |   1.0000 |   0.6560 |   0.6490 |    0.008s
    63 |   0.0022 |   1.0000 |   0.6580 |   0.6500 |    0.007s
    64 |   0.0020 |   1.0000 |   0.6580 |   0.6510 |    0.006s
    65 |   0.0037 |   1.0000 |   0.6600 |   0.6530 |    0.007s
    66 |   0.0018 |   1.0000 |   0.6600 |   0.6560 |    0.007s
    67 |   0.0021 |   1.0000 |   0.6600 |   0.6580 |    0.006s
    68 |   0.0040 |   1.0000 |   0.6600 |   0.6580 |    0.006s
    69 |   0.0026 |   1.0000 |   0.6620 |   0.6570 |    0.006s
    70 |   0.0026 |   1.0000 |   0.6620 |   0.6570 |    0.006s
    71 |   0.0020 |   1.0000 |   0.6640 |   0.6580 |    0.007s
    72 |   0.0027 |   1.0000 |   0.6600 |   0.6570 |    0.006s
    73 |   0.0031 |   1.0000 |   0.6580 |   0.6560 |    0.007s
    74 |   0.0035 |   1.0000 |   0.6620 |   0.6560 |    0.007s
    75 |   0.0016 |   1.0000 |   0.6620 |   0.6560 |    0.007s
    76 |   0.0018 |   1.0000 |   0.6620 |   0.6560 |    0.007s
    77 |   0.0026 |   1.0000 |   0.6620 |   0.6560 |    0.007s
    78 |   0.0044 |   1.0000 |   0.6620 |   0.6550 |    0.007s
    79 |   0.0017 |   1.0000 |   0.6640 |   0.6560 |    0.006s
    80 |   0.0059 |   1.0000 |   0.6660 |   0.6570 |    0.007s
    81 |   0.0035 |   1.0000 |   0.6660 |   0.6570 |    0.007s
    82 |   0.0016 |   1.0000 |   0.6680 |   0.6580 |    0.007s
    83 |   0.0021 |   1.0000 |   0.6700 |   0.6610 |    0.007s
    84 |   0.0025 |   1.0000 |   0.6700 |   0.6610 |    0.008s
    85 |   0.0032 |   1.0000 |   0.6680 |   0.6630 |    0.007s
    86 |   0.0036 |   1.0000 |   0.6700 |   0.6610 |    0.007s
    87 |   0.0031 |   1.0000 |   0.6740 |   0.6620 |    0.006s
    88 |   0.0033 |   1.0000 |   0.6740 |   0.6620 |    0.007s
    89 |   0.0023 |   1.0000 |   0.6740 |   0.6630 |    0.008s
    90 |   0.0028 |   1.0000 |   0.6720 |   0.6630 |    0.006s
    91 |   0.0013 |   1.0000 |   0.6700 |   0.6630 |    0.006s
    92 |   0.0017 |   1.0000 |   0.6720 |   0.6620 |    0.006s
    93 |   0.0016 |   1.0000 |   0.6740 |   0.6630 |    0.007s
    94 |   0.0018 |   1.0000 |   0.6740 |   0.6630 |    0.007s
    95 |   0.0021 |   1.0000 |   0.6740 |   0.6620 |    0.008s
    96 |   0.0019 |   1.0000 |   0.6760 |   0.6620 |    0.006s
    97 |   0.0034 |   1.0000 |   0.6740 |   0.6610 |    0.007s
    98 |   0.0024 |   1.0000 |   0.6740 |   0.6610 |    0.007s
    99 |   0.0029 |   1.0000 |   0.6740 |   0.6610 |    0.008s
   100 |   0.0062 |   1.0000 |   0.6720 |   0.6600 |    0.006s
   101 |   0.0029 |   1.0000 |   0.6720 |   0.6610 |    0.008s
   102 |   0.0016 |   1.0000 |   0.6640 |   0.6610 |    0.007s
   103 |   0.0015 |   1.0000 |   0.6620 |   0.6620 |    0.006s
   104 |   0.0017 |   1.0000 |   0.6640 |   0.6620 |    0.008s
   105 |   0.0026 |   1.0000 |   0.6680 |   0.6640 |    0.008s
   106 |   0.0016 |   1.0000 |   0.6700 |   0.6600 |    0.007s
   107 |   0.0026 |   1.0000 |   0.6700 |   0.6600 |    0.006s
   108 |   0.0018 |   1.0000 |   0.6700 |   0.6610 |    0.007s
   109 |   0.0029 |   1.0000 |   0.6720 |   0.6610 |    0.007s
   110 |   0.0012 |   1.0000 |   0.6700 |   0.6610 |    0.006s
   111 |   0.0035 |   1.0000 |   0.6700 |   0.6590 |    0.003s
   112 |   0.0026 |   1.0000 |   0.6720 |   0.6590 |    0.004s
   113 |   0.0022 |   1.0000 |   0.6700 |   0.6600 |    0.005s
   114 |   0.0028 |   1.0000 |   0.6700 |   0.6620 |    0.005s
   115 |   0.0023 |   1.0000 |   0.6700 |   0.6640 |    0.008s
   116 |   0.0014 |   1.0000 |   0.6740 |   0.6650 |    0.007s
   117 |   0.0023 |   1.0000 |   0.6700 |   0.6670 |    0.008s
   118 |   0.0020 |   1.0000 |   0.6740 |   0.6670 |    0.007s
   119 |   0.0043 |   1.0000 |   0.6740 |   0.6670 |    0.006s
   120 |   0.0032 |   1.0000 |   0.6780 |   0.6700 |    0.007s
   121 |   0.0030 |   1.0000 |   0.6800 |   0.6730 |    0.007s
   122 |   0.0029 |   1.0000 |   0.6760 |   0.6740 |    0.006s
   123 |   0.0017 |   1.0000 |   0.6740 |   0.6760 |    0.007s
   124 |   0.0035 |   1.0000 |   0.6760 |   0.6760 |    0.007s
   125 |   0.0025 |   1.0000 |   0.6740 |   0.6750 |    0.007s
   126 |   0.0024 |   1.0000 |   0.6740 |   0.6750 |    0.007s
   127 |   0.0015 |   1.0000 |   0.6740 |   0.6780 |    0.007s
   128 |   0.0031 |   1.0000 |   0.6740 |   0.6790 |    0.007s
   129 |   0.0021 |   1.0000 |   0.6760 |   0.6800 |    0.007s
   130 |   0.0029 |   1.0000 |   0.6720 |   0.6780 |    0.008s
   131 |   0.0027 |   1.0000 |   0.6700 |   0.6780 |    0.008s
   132 |   0.0033 |   1.0000 |   0.6700 |   0.6770 |    0.006s
   133 |   0.0022 |   1.0000 |   0.6680 |   0.6790 |    0.008s
   134 |   0.0013 |   1.0000 |   0.6700 |   0.6790 |    0.007s
   135 |   0.0020 |   1.0000 |   0.6720 |   0.6820 |    0.008s
   136 |   0.0014 |   1.0000 |   0.6740 |   0.6820 |    0.008s
   137 |   0.0018 |   1.0000 |   0.6720 |   0.6820 |    0.008s
   138 |   0.0032 |   1.0000 |   0.6720 |   0.6800 |    0.008s
   139 |   0.0017 |   1.0000 |   0.6720 |   0.6790 |    0.008s
   140 |   0.0022 |   1.0000 |   0.6720 |   0.6790 |    0.007s
   141 |   0.0017 |   1.0000 |   0.6740 |   0.6770 |    0.009s
   142 |   0.0021 |   1.0000 |   0.6740 |   0.6750 |    0.007s
   143 |   0.0037 |   1.0000 |   0.6780 |   0.6730 |    0.007s
   144 |   0.0023 |   1.0000 |   0.6780 |   0.6760 |    0.007s
   145 |   0.0022 |   1.0000 |   0.6760 |   0.6780 |    0.006s
   146 |   0.0022 |   1.0000 |   0.6740 |   0.6800 |    0.007s
   147 |   0.0017 |   1.0000 |   0.6740 |   0.6800 |    0.006s
   148 |   0.0020 |   1.0000 |   0.6740 |   0.6810 |    0.006s
   149 |   0.0021 |   1.0000 |   0.6760 |   0.6810 |    0.007s
   150 |   0.0019 |   1.0000 |   0.6780 |   0.6810 |    0.007s
------------------------------------------------------------------------------
【结果汇总】
  最佳验证准确率 : 0.6800  (第 121 轮)
  对应的测试准确率: 0.6730
  训练总耗时     : 1.29s (不含评估) / 整体墙钟时间 1.94s
  平均每轮训练耗时: 0.01s (每轮 1 次参数更新)
  全图推理耗时   : 0.00s
  模型参数量     : 949,894
结果已追加保存到：D:\PHD\博一\入学任务\任务一_节点分类\results\results.jsonl
