==============================================================================
任务一 节点分类 | 数据集=Citeseer 模型=GAT 训练方式=full 学习率=0.01 层数=2
==============================================================================
超参数：hidden=128, dropout=0.5, weight_decay=0.0005, epochs=150, seed=42
数据集信息：节点数=3327, 边数=9104, 特征维度=3703, 类别数=6, 训练/验证/测试 = 120/500/1000
模型参数量：475,410
全图训练：每个 epoch 做 1 次全图前向 + 反向
------------------------------------------------------------------------------
 Epoch |     Loss |    Train |      Val |     Test |      时间/轮
------------------------------------------------------------------------------
     1 |   2.1475 |   0.7500 |   0.4960 |   0.4610 |    0.423s
     2 |   1.0882 |   0.8667 |   0.5620 |   0.5320 |    0.614s
     3 |   0.8494 |   0.9000 |   0.6160 |   0.6030 |    0.607s
     4 |   0.8098 |   0.9333 |   0.6360 |   0.6370 |    0.009s
     5 |   0.5780 |   0.9667 |   0.6460 |   0.6380 |    0.009s
     6 |   0.6375 |   0.9667 |   0.6680 |   0.6570 |    0.008s
     7 |   0.5102 |   0.9667 |   0.6760 |   0.6660 |    0.008s
     8 |   0.4732 |   0.9667 |   0.6800 |   0.6790 |    0.008s
     9 |   0.4207 |   0.9833 |   0.6880 |   0.6750 |    0.008s
    10 |   0.4980 |   0.9833 |   0.6860 |   0.6800 |    0.008s
    11 |   0.4632 |   0.9917 |   0.6900 |   0.6770 |    0.009s
    12 |   0.3466 |   0.9917 |   0.6860 |   0.6760 |    0.008s
    13 |   0.3864 |   0.9917 |   0.6860 |   0.6750 |    0.008s
    14 |   0.4428 |   0.9917 |   0.6860 |   0.6740 |    0.008s
    15 |   0.3527 |   0.9917 |   0.6840 |   0.6680 |    0.008s
    16 |   0.3552 |   0.9917 |   0.6840 |   0.6690 |    0.008s
    17 |   0.3729 |   0.9917 |   0.6800 |   0.6710 |    0.009s
    18 |   0.3444 |   1.0000 |   0.6800 |   0.6730 |    0.009s
    19 |   0.2914 |   1.0000 |   0.6820 |   0.6700 |    0.008s
    20 |   0.5074 |   1.0000 |   0.6800 |   0.6690 |    0.008s
    21 |   0.3513 |   1.0000 |   0.6780 |   0.6660 |    0.008s
    22 |   0.3936 |   1.0000 |   0.6800 |   0.6650 |    0.009s
    23 |   0.3324 |   1.0000 |   0.6780 |   0.6660 |    0.009s
    24 |   0.3809 |   1.0000 |   0.6780 |   0.6680 |    0.008s
    25 |   0.3175 |   1.0000 |   0.6780 |   0.6690 |    0.009s
    26 |   0.3629 |   1.0000 |   0.6780 |   0.6730 |    0.008s
    27 |   0.3769 |   1.0000 |   0.6780 |   0.6720 |    0.008s
    28 |   0.4398 |   1.0000 |   0.6820 |   0.6730 |    0.009s
    29 |   0.3846 |   1.0000 |   0.6860 |   0.6740 |    0.009s
    30 |   0.3468 |   1.0000 |   0.6840 |   0.6770 |    0.008s
    31 |   0.3007 |   1.0000 |   0.6820 |   0.6760 |    0.008s
    32 |   0.4257 |   1.0000 |   0.6840 |   0.6760 |    0.008s
    33 |   0.3070 |   1.0000 |   0.6840 |   0.6770 |    0.008s
    34 |   0.2911 |   1.0000 |   0.6840 |   0.6760 |    0.008s
    35 |   0.5060 |   1.0000 |   0.6780 |   0.6740 |    0.009s
    36 |   0.2971 |   1.0000 |   0.6760 |   0.6740 |    0.009s
    37 |   0.3495 |   1.0000 |   0.6740 |   0.6730 |    0.009s
    38 |   0.3150 |   1.0000 |   0.6760 |   0.6750 |    0.008s
    39 |   0.4219 |   1.0000 |   0.6740 |   0.6800 |    0.008s
    40 |   0.2936 |   1.0000 |   0.6700 |   0.6780 |    0.008s
    41 |   0.2085 |   1.0000 |   0.6720 |   0.6780 |    0.008s
    42 |   0.2993 |   1.0000 |   0.6720 |   0.6760 |    0.008s
    43 |   0.2859 |   1.0000 |   0.6740 |   0.6780 |    0.008s
    44 |   0.2938 |   1.0000 |   0.6760 |   0.6800 |    0.008s
    45 |   0.3150 |   1.0000 |   0.6760 |   0.6810 |    0.008s
    46 |   0.2110 |   1.0000 |   0.6740 |   0.6810 |    0.008s
    47 |   0.3059 |   1.0000 |   0.6720 |   0.6810 |    0.011s
    48 |   0.3772 |   1.0000 |   0.6740 |   0.6800 |    0.008s
    49 |   0.2601 |   1.0000 |   0.6700 |   0.6810 |    0.008s
    50 |   0.3174 |   1.0000 |   0.6700 |   0.6810 |    0.006s
    51 |   0.3544 |   1.0000 |   0.6700 |   0.6830 |    0.008s
    52 |   0.2571 |   1.0000 |   0.6720 |   0.6800 |    0.009s
    53 |   0.2241 |   1.0000 |   0.6640 |   0.6770 |    0.007s
    54 |   0.2899 |   1.0000 |   0.6660 |   0.6760 |    0.008s
    55 |   0.2499 |   1.0000 |   0.6700 |   0.6720 |    0.009s
    56 |   0.2307 |   1.0000 |   0.6700 |   0.6720 |    0.008s
    57 |   0.2603 |   1.0000 |   0.6720 |   0.6730 |    0.009s
    58 |   0.3031 |   0.9917 |   0.6720 |   0.6730 |    0.009s
    59 |   0.3669 |   0.9917 |   0.6760 |   0.6730 |    0.009s
    60 |   0.3818 |   0.9917 |   0.6760 |   0.6740 |    0.008s
    61 |   0.3347 |   0.9917 |   0.6780 |   0.6740 |    0.008s
    62 |   0.3125 |   1.0000 |   0.6780 |   0.6760 |    0.008s
    63 |   0.2932 |   1.0000 |   0.6780 |   0.6740 |    0.008s
    64 |   0.3275 |   1.0000 |   0.6760 |   0.6770 |    0.010s
    65 |   0.2944 |   1.0000 |   0.6740 |   0.6750 |    0.011s
    66 |   0.2853 |   1.0000 |   0.6720 |   0.6750 |    0.008s
    67 |   0.3224 |   1.0000 |   0.6720 |   0.6780 |    0.009s
    68 |   0.4601 |   1.0000 |   0.6760 |   0.6790 |    0.010s
    69 |   0.4531 |   1.0000 |   0.6760 |   0.6810 |    0.008s
    70 |   0.2863 |   1.0000 |   0.6720 |   0.6790 |    0.008s
    71 |   0.2196 |   1.0000 |   0.6740 |   0.6790 |    0.009s
    72 |   0.2657 |   1.0000 |   0.6740 |   0.6820 |    0.008s
    73 |   0.3270 |   1.0000 |   0.6760 |   0.6800 |    0.008s
    74 |   0.2444 |   1.0000 |   0.6720 |   0.6820 |    0.009s
    75 |   0.3154 |   1.0000 |   0.6720 |   0.6810 |    0.009s
    76 |   0.1826 |   1.0000 |   0.6720 |   0.6820 |    0.008s
    77 |   0.3389 |   1.0000 |   0.6680 |   0.6820 |    0.008s
    78 |   0.3630 |   1.0000 |   0.6660 |   0.6810 |    0.008s
    79 |   0.2825 |   1.0000 |   0.6700 |   0.6800 |    0.009s
    80 |   0.4261 |   1.0000 |   0.6700 |   0.6810 |    0.009s
    81 |   0.3085 |   1.0000 |   0.6660 |   0.6790 |    0.009s
    82 |   0.2986 |   1.0000 |   0.6660 |   0.6760 |    0.009s
    83 |   0.1996 |   1.0000 |   0.6640 |   0.6730 |    0.009s
    84 |   0.3237 |   1.0000 |   0.6680 |   0.6710 |    0.008s
    85 |   0.3063 |   1.0000 |   0.6660 |   0.6680 |    0.008s
    86 |   0.3591 |   1.0000 |   0.6680 |   0.6700 |    0.008s
    87 |   0.2987 |   1.0000 |   0.6700 |   0.6710 |    0.009s
    88 |   0.4546 |   1.0000 |   0.6680 |   0.6690 |    0.009s
    89 |   0.3414 |   1.0000 |   0.6660 |   0.6690 |    0.008s
    90 |   0.3578 |   1.0000 |   0.6620 |   0.6670 |    0.008s
    91 |   0.3041 |   1.0000 |   0.6620 |   0.6650 |    0.008s
    92 |   0.2057 |   1.0000 |   0.6660 |   0.6640 |    0.009s
    93 |   0.2018 |   1.0000 |   0.6660 |   0.6650 |    0.008s
    94 |   0.3314 |   1.0000 |   0.6660 |   0.6660 |    0.009s
    95 |   0.2865 |   1.0000 |   0.6660 |   0.6670 |    0.008s
    96 |   0.2871 |   1.0000 |   0.6660 |   0.6660 |    0.009s
    97 |   0.2338 |   1.0000 |   0.6700 |   0.6650 |    0.008s
    98 |   0.2047 |   1.0000 |   0.6720 |   0.6680 |    0.008s
    99 |   0.3065 |   1.0000 |   0.6680 |   0.6680 |    0.008s
   100 |   0.5180 |   1.0000 |   0.6740 |   0.6660 |    0.008s
   101 |   0.2456 |   1.0000 |   0.6740 |   0.6660 |    0.009s
   102 |   0.2607 |   1.0000 |   0.6780 |   0.6670 |    0.009s
   103 |   0.2315 |   1.0000 |   0.6780 |   0.6680 |    0.009s
   104 |   0.2488 |   1.0000 |   0.6800 |   0.6660 |    0.009s
   105 |   0.2339 |   1.0000 |   0.6800 |   0.6660 |    0.009s
   106 |   0.2052 |   1.0000 |   0.6780 |   0.6670 |    0.011s
   107 |   0.3869 |   1.0000 |   0.6760 |   0.6670 |    0.011s
   108 |   0.2469 |   1.0000 |   0.6740 |   0.6660 |    0.011s
   109 |   0.2777 |   1.0000 |   0.6720 |   0.6650 |    0.012s
   110 |   0.3216 |   1.0000 |   0.6720 |   0.6630 |    0.010s
   111 |   0.3430 |   1.0000 |   0.6680 |   0.6570 |    0.011s
   112 |   0.2638 |   1.0000 |   0.6660 |   0.6520 |    0.009s
   113 |   0.3219 |   1.0000 |   0.6660 |   0.6520 |    0.008s
   114 |   0.4213 |   1.0000 |   0.6600 |   0.6540 |    0.009s
   115 |   0.2643 |   1.0000 |   0.6520 |   0.6490 |    0.010s
   116 |   0.2972 |   1.0000 |   0.6540 |   0.6480 |    0.010s
   117 |   0.3986 |   1.0000 |   0.6600 |   0.6490 |    0.009s
   118 |   0.3213 |   1.0000 |   0.6620 |   0.6510 |    0.009s
   119 |   0.2779 |   1.0000 |   0.6600 |   0.6490 |    0.010s
   120 |   0.2147 |   1.0000 |   0.6600 |   0.6550 |    0.010s
   121 |   0.2421 |   1.0000 |   0.6620 |   0.6580 |    0.009s
   122 |   0.3959 |   1.0000 |   0.6620 |   0.6550 |    0.010s
   123 |   0.2508 |   1.0000 |   0.6640 |   0.6580 |    0.010s
   124 |   0.3055 |   1.0000 |   0.6660 |   0.6590 |    0.009s
   125 |   0.1873 |   1.0000 |   0.6640 |   0.6580 |    0.009s
   126 |   0.2325 |   0.9917 |   0.6660 |   0.6610 |    0.009s
   127 |   0.3499 |   0.9917 |   0.6600 |   0.6620 |    0.010s
   128 |   0.2784 |   0.9917 |   0.6620 |   0.6650 |    0.011s
   129 |   0.3427 |   1.0000 |   0.6660 |   0.6690 |    0.011s
   130 |   0.3254 |   1.0000 |   0.6660 |   0.6680 |    0.011s
   131 |   0.3021 |   1.0000 |   0.6680 |   0.6710 |    0.011s
   132 |   0.2740 |   1.0000 |   0.6660 |   0.6740 |    0.011s
   133 |   0.3487 |   1.0000 |   0.6620 |   0.6720 |    0.011s
   134 |   0.3099 |   1.0000 |   0.6600 |   0.6790 |    0.007s
   135 |   0.2173 |   1.0000 |   0.6620 |   0.6800 |    0.013s
   136 |   0.3304 |   1.0000 |   0.6660 |   0.6820 |    0.014s
   137 |   0.2730 |   1.0000 |   0.6700 |   0.6820 |    0.014s
   138 |   0.3225 |   1.0000 |   0.6680 |   0.6800 |    0.017s
   139 |   0.3612 |   1.0000 |   0.6720 |   0.6820 |    0.017s
   140 |   0.2831 |   1.0000 |   0.6740 |   0.6800 |    0.014s
   141 |   0.2613 |   1.0000 |   0.6740 |   0.6780 |    0.015s
   142 |   0.2869 |   1.0000 |   0.6720 |   0.6790 |    0.009s
   143 |   0.2707 |   1.0000 |   0.6680 |   0.6780 |    0.011s
   144 |   0.2906 |   1.0000 |   0.6660 |   0.6730 |    0.010s
   145 |   0.3660 |   1.0000 |   0.6640 |   0.6740 |    0.010s
   146 |   0.2181 |   1.0000 |   0.6620 |   0.6740 |    0.009s
   147 |   0.2857 |   1.0000 |   0.6560 |   0.6670 |    0.009s
   148 |   0.2070 |   1.0000 |   0.6560 |   0.6700 |    0.011s
   149 |   0.2885 |   1.0000 |   0.6600 |   0.6710 |    0.010s
   150 |   0.3030 |   1.0000 |   0.6580 |   0.6750 |    0.010s
------------------------------------------------------------------------------
【结果汇总】
  最佳验证准确率 : 0.6900  (第 11 轮)
  对应的测试准确率: 0.6770
  训练总耗时     : 2.98s (不含评估) / 整体墙钟时间 4.91s
  平均每轮训练耗时: 0.02s (每轮 1 次参数更新)
  全图推理耗时   : 0.00s
  模型参数量     : 475,410
结果已追加保存到：D:\PHD\博一\入学任务\任务一_节点分类\results\results.jsonl
