==============================================================================
任务一 节点分类 | 数据集=Citeseer 模型=GIN 训练方式=sample 学习率=0.01 层数=2
==============================================================================
超参数：hidden=128, dropout=0.5, weight_decay=0.0005, epochs=150, seed=42
数据集信息：节点数=3327, 边数=9104, 特征维度=3703, 类别数=6, 训练/验证/测试 = 120/500/1000
模型参数量：491,698
采样设置：batch_size=128, num_neighbors=[10, 10], 每轮 batch 数=1
------------------------------------------------------------------------------
 Epoch |     Loss |    Train |      Val |     Test |      时间/轮
------------------------------------------------------------------------------
     1 |   2.1101 |   0.1250 |   0.1800 |   0.1220 |    0.202s
     2 |   1.6021 |   0.3417 |   0.3520 |   0.3070 |    0.009s
     3 |   1.2721 |   0.5500 |   0.3780 |   0.3410 |    0.008s
     4 |   1.0458 |   0.6667 |   0.4100 |   0.3750 |    0.008s
     5 |   0.8855 |   0.7500 |   0.4900 |   0.4420 |    0.008s
     6 |   0.7201 |   0.8583 |   0.5240 |   0.4720 |    0.010s
     7 |   0.6162 |   0.8833 |   0.5400 |   0.5200 |    0.008s
     8 |   0.5114 |   0.9167 |   0.5540 |   0.5620 |    0.009s
     9 |   0.3788 |   0.9083 |   0.5720 |   0.5770 |    0.008s
    10 |   0.3452 |   0.9500 |   0.6040 |   0.5940 |    0.007s
    11 |   0.2788 |   0.9583 |   0.6240 |   0.6230 |    0.005s
    12 |   0.2291 |   0.9667 |   0.6240 |   0.6360 |    0.008s
    13 |   0.1773 |   0.9750 |   0.6020 |   0.6220 |    0.008s
    14 |   0.1317 |   0.9667 |   0.5820 |   0.6050 |    0.009s
    15 |   0.0964 |   0.9583 |   0.5800 |   0.6040 |    0.008s
    16 |   0.0977 |   0.9667 |   0.5840 |   0.6120 |    0.008s
    17 |   0.0751 |   0.9833 |   0.5860 |   0.6220 |    0.008s
    18 |   0.0787 |   0.9917 |   0.5940 |   0.6310 |    0.009s
    19 |   0.0537 |   0.9917 |   0.6060 |   0.6330 |    0.008s
    20 |   0.0412 |   0.9917 |   0.6200 |   0.6340 |    0.008s
    21 |   0.0462 |   1.0000 |   0.6460 |   0.6480 |    0.008s
    22 |   0.0181 |   0.9833 |   0.6460 |   0.6380 |    0.008s
    23 |   0.0309 |   0.9750 |   0.6500 |   0.6400 |    0.008s
    24 |   0.0391 |   0.9833 |   0.6420 |   0.6250 |    0.009s
    25 |   0.0171 |   0.9833 |   0.6360 |   0.6220 |    0.009s
    26 |   0.0110 |   0.9917 |   0.6200 |   0.6190 |    0.009s
    27 |   0.0136 |   0.9750 |   0.6000 |   0.6120 |    0.008s
    28 |   0.0282 |   1.0000 |   0.6200 |   0.6310 |    0.008s
    29 |   0.0093 |   1.0000 |   0.6200 |   0.6360 |    0.009s
    30 |   0.0233 |   0.9917 |   0.6200 |   0.6380 |    0.009s
    31 |   0.0274 |   0.9917 |   0.6180 |   0.6380 |    0.007s
    32 |   0.0112 |   0.9917 |   0.6180 |   0.6420 |    0.009s
    33 |   0.0321 |   1.0000 |   0.6080 |   0.6330 |    0.009s
    34 |   0.0170 |   1.0000 |   0.6000 |   0.6170 |    0.009s
    35 |   0.0132 |   0.9917 |   0.5900 |   0.6080 |    0.008s
    36 |   0.0572 |   0.9917 |   0.5900 |   0.6020 |    0.010s
    37 |   0.0255 |   1.0000 |   0.5940 |   0.6020 |    0.010s
    38 |   0.0131 |   1.0000 |   0.5880 |   0.6110 |    0.008s
    39 |   0.0152 |   1.0000 |   0.5960 |   0.6180 |    0.009s
    40 |   0.0086 |   1.0000 |   0.6000 |   0.6120 |    0.008s
    41 |   0.0060 |   0.9917 |   0.5980 |   0.6140 |    0.009s
    42 |   0.0129 |   0.9917 |   0.6040 |   0.6110 |    0.009s
    43 |   0.0413 |   1.0000 |   0.5980 |   0.6040 |    0.008s
    44 |   0.0068 |   1.0000 |   0.5940 |   0.5970 |    0.011s
    45 |   0.0114 |   1.0000 |   0.5840 |   0.5810 |    0.008s
    46 |   0.0101 |   1.0000 |   0.5780 |   0.5720 |    0.008s
    47 |   0.0251 |   1.0000 |   0.5680 |   0.5700 |    0.009s
    48 |   0.0050 |   1.0000 |   0.5620 |   0.5740 |    0.009s
    49 |   0.0078 |   1.0000 |   0.5540 |   0.5700 |    0.009s
    50 |   0.0088 |   1.0000 |   0.5520 |   0.5720 |    0.009s
    51 |   0.0061 |   1.0000 |   0.5540 |   0.5740 |    0.008s
    52 |   0.0120 |   1.0000 |   0.5580 |   0.5810 |    0.008s
    53 |   0.0259 |   1.0000 |   0.5640 |   0.5880 |    0.008s
    54 |   0.0087 |   1.0000 |   0.5780 |   0.5920 |    0.008s
    55 |   0.0115 |   0.9917 |   0.5860 |   0.6000 |    0.009s
    56 |   0.0056 |   1.0000 |   0.5920 |   0.6000 |    0.009s
    57 |   0.0137 |   1.0000 |   0.6000 |   0.6070 |    0.008s
    58 |   0.0034 |   1.0000 |   0.6020 |   0.6120 |    0.008s
    59 |   0.0058 |   1.0000 |   0.6040 |   0.6130 |    0.009s
    60 |   0.0100 |   1.0000 |   0.6120 |   0.6160 |    0.010s
    61 |   0.0023 |   1.0000 |   0.6140 |   0.6150 |    0.009s
    62 |   0.0042 |   1.0000 |   0.6160 |   0.6190 |    0.010s
    63 |   0.0091 |   1.0000 |   0.6100 |   0.6200 |    0.012s
    64 |   0.0094 |   1.0000 |   0.6160 |   0.6210 |    0.009s
    65 |   0.0054 |   1.0000 |   0.6080 |   0.6190 |    0.008s
    66 |   0.0064 |   0.9917 |   0.6020 |   0.6200 |    0.009s
    67 |   0.0058 |   0.9917 |   0.6020 |   0.6170 |    0.009s
    68 |   0.0102 |   1.0000 |   0.6100 |   0.6150 |    0.009s
    69 |   0.0051 |   1.0000 |   0.6120 |   0.6150 |    0.009s
    70 |   0.0035 |   1.0000 |   0.6080 |   0.6150 |    0.008s
    71 |   0.0035 |   1.0000 |   0.6100 |   0.6130 |    0.009s
    72 |   0.0119 |   1.0000 |   0.6120 |   0.6130 |    0.007s
    73 |   0.0082 |   1.0000 |   0.6100 |   0.6130 |    0.009s
    74 |   0.0130 |   0.9917 |   0.6100 |   0.6120 |    0.009s
    75 |   0.0079 |   0.9917 |   0.6100 |   0.6120 |    0.007s
    76 |   0.0124 |   0.9917 |   0.6120 |   0.6110 |    0.009s
    77 |   0.0150 |   0.9917 |   0.6140 |   0.6140 |    0.009s
    78 |   0.0071 |   1.0000 |   0.6180 |   0.6160 |    0.009s
    79 |   0.0018 |   1.0000 |   0.6160 |   0.6180 |    0.008s
    80 |   0.0030 |   1.0000 |   0.6180 |   0.6210 |    0.009s
    81 |   0.0066 |   1.0000 |   0.6180 |   0.6230 |    0.008s
    82 |   0.0057 |   1.0000 |   0.6180 |   0.6250 |    0.011s
    83 |   0.0016 |   1.0000 |   0.6180 |   0.6260 |    0.008s
    84 |   0.0014 |   1.0000 |   0.6220 |   0.6260 |    0.009s
    85 |   0.0016 |   1.0000 |   0.6220 |   0.6280 |    0.008s
    86 |   0.0013 |   1.0000 |   0.6180 |   0.6260 |    0.008s
    87 |   0.0022 |   1.0000 |   0.6220 |   0.6270 |    0.008s
    88 |   0.0041 |   1.0000 |   0.6220 |   0.6280 |    0.008s
    89 |   0.0034 |   1.0000 |   0.6260 |   0.6230 |    0.008s
    90 |   0.0024 |   1.0000 |   0.6240 |   0.6210 |    0.008s
    91 |   0.0019 |   1.0000 |   0.6180 |   0.6180 |    0.007s
    92 |   0.0016 |   1.0000 |   0.6200 |   0.6190 |    0.007s
    93 |   0.0016 |   1.0000 |   0.6220 |   0.6180 |    0.008s
    94 |   0.0016 |   1.0000 |   0.6220 |   0.6190 |    0.008s
    95 |   0.0013 |   1.0000 |   0.6200 |   0.6170 |    0.007s
    96 |   0.0056 |   1.0000 |   0.6220 |   0.6180 |    0.008s
    97 |   0.0008 |   1.0000 |   0.6220 |   0.6210 |    0.009s
    98 |   0.0025 |   1.0000 |   0.6220 |   0.6190 |    0.008s
    99 |   0.0035 |   1.0000 |   0.6220 |   0.6190 |    0.008s
   100 |   0.0015 |   1.0000 |   0.6220 |   0.6180 |    0.009s
   101 |   0.0010 |   1.0000 |   0.6220 |   0.6160 |    0.008s
   102 |   0.0019 |   1.0000 |   0.6240 |   0.6160 |    0.010s
   103 |   0.0014 |   1.0000 |   0.6260 |   0.6150 |    0.008s
   104 |   0.0013 |   1.0000 |   0.6260 |   0.6140 |    0.009s
   105 |   0.0014 |   1.0000 |   0.6260 |   0.6130 |    0.008s
   106 |   0.0018 |   1.0000 |   0.6260 |   0.6130 |    0.008s
   107 |   0.0016 |   1.0000 |   0.6220 |   0.6140 |    0.009s
   108 |   0.0018 |   1.0000 |   0.6220 |   0.6160 |    0.008s
   109 |   0.0013 |   1.0000 |   0.6220 |   0.6150 |    0.007s
   110 |   0.0017 |   1.0000 |   0.6180 |   0.6150 |    0.007s
   111 |   0.0019 |   1.0000 |   0.6180 |   0.6170 |    0.006s
   112 |   0.0053 |   1.0000 |   0.6160 |   0.6150 |    0.004s
   113 |   0.0012 |   1.0000 |   0.6200 |   0.6200 |    0.004s
   114 |   0.0015 |   1.0000 |   0.6140 |   0.6190 |    0.005s
   115 |   0.0039 |   1.0000 |   0.6220 |   0.6200 |    0.005s
   116 |   0.0009 |   1.0000 |   0.6240 |   0.6230 |    0.004s
   117 |   0.0009 |   1.0000 |   0.6280 |   0.6220 |    0.004s
   118 |   0.0011 |   1.0000 |   0.6280 |   0.6210 |    0.005s
   119 |   0.0041 |   1.0000 |   0.6280 |   0.6260 |    0.006s
   120 |   0.0021 |   1.0000 |   0.6300 |   0.6280 |    0.005s
   121 |   0.0029 |   1.0000 |   0.6420 |   0.6320 |    0.004s
   122 |   0.0012 |   1.0000 |   0.6420 |   0.6310 |    0.004s
   123 |   0.0013 |   1.0000 |   0.6440 |   0.6290 |    0.005s
   124 |   0.0015 |   1.0000 |   0.6400 |   0.6300 |    0.004s
   125 |   0.0010 |   1.0000 |   0.6420 |   0.6330 |    0.005s
   126 |   0.0021 |   1.0000 |   0.6420 |   0.6340 |    0.006s
   127 |   0.0010 |   1.0000 |   0.6380 |   0.6350 |    0.007s
   128 |   0.0020 |   1.0000 |   0.6420 |   0.6360 |    0.005s
   129 |   0.0010 |   1.0000 |   0.6420 |   0.6370 |    0.006s
   130 |   0.0009 |   1.0000 |   0.6400 |   0.6390 |    0.007s
   131 |   0.0028 |   1.0000 |   0.6380 |   0.6400 |    0.004s
   132 |   0.0010 |   1.0000 |   0.6380 |   0.6330 |    0.004s
   133 |   0.0009 |   1.0000 |   0.6400 |   0.6360 |    0.005s
   134 |   0.0022 |   1.0000 |   0.6440 |   0.6320 |    0.006s
   135 |   0.0018 |   1.0000 |   0.6440 |   0.6340 |    0.005s
   136 |   0.0014 |   1.0000 |   0.6380 |   0.6380 |    0.005s
   137 |   0.0071 |   1.0000 |   0.6400 |   0.6360 |    0.005s
   138 |   0.0047 |   1.0000 |   0.6380 |   0.6400 |    0.005s
   139 |   0.0017 |   1.0000 |   0.6340 |   0.6380 |    0.005s
   140 |   0.0125 |   1.0000 |   0.6340 |   0.6330 |    0.006s
   141 |   0.0114 |   1.0000 |   0.6320 |   0.6280 |    0.004s
   142 |   0.0026 |   1.0000 |   0.6200 |   0.6240 |    0.005s
   143 |   0.0015 |   0.9917 |   0.6280 |   0.6230 |    0.005s
   144 |   0.0365 |   1.0000 |   0.6260 |   0.6190 |    0.004s
   145 |   0.0026 |   1.0000 |   0.6280 |   0.6190 |    0.005s
   146 |   0.0021 |   1.0000 |   0.6240 |   0.6170 |    0.004s
   147 |   0.0109 |   1.0000 |   0.6240 |   0.6130 |    0.004s
   148 |   0.0057 |   1.0000 |   0.6220 |   0.6100 |    0.005s
   149 |   0.0035 |   1.0000 |   0.6140 |   0.6130 |    0.006s
   150 |   0.0024 |   1.0000 |   0.6200 |   0.6110 |    0.004s
------------------------------------------------------------------------------
【结果汇总】
  最佳验证准确率 : 0.6500  (第 23 轮)
  对应的测试准确率: 0.6400
  训练总耗时     : 1.30s (不含评估) / 整体墙钟时间 2.00s
  平均每轮训练耗时: 0.01s (每轮 1 次参数更新)
  全图推理耗时   : 0.00s
  模型参数量     : 491,698
结果已追加保存到：D:\PHD\博一\入学任务\任务一_节点分类\results\results.jsonl
