==============================================================================
任务一 节点分类 | 数据集=Citeseer 模型=GCN 训练方式=sample 学习率=0.01 层数=2
==============================================================================
超参数：hidden=128, dropout=0.5, weight_decay=0.0005, epochs=150, seed=42
数据集信息：节点数=3327, 边数=9104, 特征维度=3703, 类别数=6, 训练/验证/测试 = 120/500/1000
模型参数量：475,142
采样设置：batch_size=128, num_neighbors=[10, 10], 每轮 batch 数=1
------------------------------------------------------------------------------
 Epoch |     Loss |    Train |      Val |     Test |      时间/轮
------------------------------------------------------------------------------
     1 |   1.9674 |   0.9667 |   0.6220 |   0.5810 |    0.227s
     2 |   0.2232 |   0.9583 |   0.6680 |   0.6380 |    0.009s
     3 |   0.1107 |   0.9833 |   0.6760 |   0.6490 |    0.009s
     4 |   0.0679 |   0.9917 |   0.6820 |   0.6500 |    0.010s
     5 |   0.0535 |   0.9917 |   0.6840 |   0.6490 |    0.008s
     6 |   0.0312 |   0.9917 |   0.6740 |   0.6450 |    0.009s
     7 |   0.0342 |   0.9917 |   0.6680 |   0.6560 |    0.008s
     8 |   0.0251 |   0.9917 |   0.6740 |   0.6520 |    0.008s
     9 |   0.0279 |   1.0000 |   0.6700 |   0.6500 |    0.009s
    10 |   0.0179 |   1.0000 |   0.6660 |   0.6500 |    0.009s
    11 |   0.0102 |   1.0000 |   0.6620 |   0.6510 |    0.009s
    12 |   0.0111 |   1.0000 |   0.6600 |   0.6500 |    0.009s
    13 |   0.0093 |   1.0000 |   0.6620 |   0.6540 |    0.008s
    14 |   0.0080 |   1.0000 |   0.6560 |   0.6520 |    0.008s
    15 |   0.0066 |   1.0000 |   0.6540 |   0.6530 |    0.009s
    16 |   0.0073 |   1.0000 |   0.6560 |   0.6520 |    0.008s
    17 |   0.0054 |   1.0000 |   0.6540 |   0.6550 |    0.009s
    18 |   0.0058 |   1.0000 |   0.6540 |   0.6550 |    0.009s
    19 |   0.0048 |   1.0000 |   0.6520 |   0.6540 |    0.009s
    20 |   0.0069 |   1.0000 |   0.6520 |   0.6570 |    0.008s
    21 |   0.0037 |   1.0000 |   0.6480 |   0.6610 |    0.008s
    22 |   0.0037 |   1.0000 |   0.6480 |   0.6590 |    0.010s
    23 |   0.0035 |   1.0000 |   0.6480 |   0.6600 |    0.008s
    24 |   0.0030 |   1.0000 |   0.6480 |   0.6580 |    0.009s
    25 |   0.0031 |   1.0000 |   0.6480 |   0.6570 |    0.008s
    26 |   0.0025 |   1.0000 |   0.6480 |   0.6570 |    0.009s
    27 |   0.0030 |   1.0000 |   0.6480 |   0.6590 |    0.009s
    28 |   0.0033 |   1.0000 |   0.6460 |   0.6580 |    0.010s
    29 |   0.0094 |   1.0000 |   0.6440 |   0.6600 |    0.009s
    30 |   0.0032 |   1.0000 |   0.6440 |   0.6600 |    0.008s
    31 |   0.0024 |   1.0000 |   0.6440 |   0.6600 |    0.008s
    32 |   0.0026 |   1.0000 |   0.6440 |   0.6580 |    0.008s
    33 |   0.0033 |   1.0000 |   0.6440 |   0.6570 |    0.009s
    34 |   0.0038 |   1.0000 |   0.6440 |   0.6560 |    0.008s
    35 |   0.0027 |   1.0000 |   0.6460 |   0.6540 |    0.009s
    36 |   0.0027 |   1.0000 |   0.6460 |   0.6540 |    0.009s
    37 |   0.0048 |   1.0000 |   0.6460 |   0.6560 |    0.008s
    38 |   0.0042 |   1.0000 |   0.6480 |   0.6560 |    0.009s
    39 |   0.0029 |   1.0000 |   0.6500 |   0.6580 |    0.008s
    40 |   0.0029 |   1.0000 |   0.6500 |   0.6580 |    0.010s
    41 |   0.0033 |   1.0000 |   0.6520 |   0.6580 |    0.009s
    42 |   0.0032 |   1.0000 |   0.6520 |   0.6590 |    0.008s
    43 |   0.0040 |   1.0000 |   0.6540 |   0.6580 |    0.009s
    44 |   0.0033 |   1.0000 |   0.6560 |   0.6600 |    0.009s
    45 |   0.0046 |   1.0000 |   0.6580 |   0.6610 |    0.008s
    46 |   0.0051 |   1.0000 |   0.6540 |   0.6610 |    0.009s
    47 |   0.0028 |   1.0000 |   0.6540 |   0.6630 |    0.008s
    48 |   0.0029 |   1.0000 |   0.6520 |   0.6640 |    0.009s
    49 |   0.0149 |   1.0000 |   0.6520 |   0.6620 |    0.009s
    50 |   0.0053 |   1.0000 |   0.6520 |   0.6640 |    0.008s
    51 |   0.0035 |   1.0000 |   0.6500 |   0.6640 |    0.008s
    52 |   0.0040 |   1.0000 |   0.6520 |   0.6640 |    0.008s
    53 |   0.0069 |   1.0000 |   0.6500 |   0.6630 |    0.009s
    54 |   0.0029 |   1.0000 |   0.6500 |   0.6640 |    0.009s
    55 |   0.0029 |   1.0000 |   0.6500 |   0.6630 |    0.008s
    56 |   0.0044 |   1.0000 |   0.6500 |   0.6610 |    0.009s
    57 |   0.0049 |   1.0000 |   0.6520 |   0.6620 |    0.008s
    58 |   0.0052 |   1.0000 |   0.6580 |   0.6630 |    0.008s
    59 |   0.0036 |   1.0000 |   0.6600 |   0.6660 |    0.010s
    60 |   0.0096 |   1.0000 |   0.6580 |   0.6650 |    0.009s
    61 |   0.0034 |   1.0000 |   0.6580 |   0.6660 |    0.009s
    62 |   0.0018 |   1.0000 |   0.6580 |   0.6680 |    0.009s
    63 |   0.0028 |   1.0000 |   0.6580 |   0.6680 |    0.006s
    64 |   0.0038 |   1.0000 |   0.6560 |   0.6700 |    0.005s
    65 |   0.0027 |   1.0000 |   0.6560 |   0.6690 |    0.009s
    66 |   0.0034 |   1.0000 |   0.6540 |   0.6690 |    0.009s
    67 |   0.0036 |   1.0000 |   0.6560 |   0.6690 |    0.009s
    68 |   0.0062 |   1.0000 |   0.6560 |   0.6670 |    0.009s
    69 |   0.0030 |   1.0000 |   0.6540 |   0.6670 |    0.008s
    70 |   0.0039 |   1.0000 |   0.6540 |   0.6680 |    0.009s
    71 |   0.0030 |   1.0000 |   0.6520 |   0.6700 |    0.009s
    72 |   0.0058 |   1.0000 |   0.6520 |   0.6700 |    0.009s
    73 |   0.0021 |   1.0000 |   0.6560 |   0.6700 |    0.010s
    74 |   0.0022 |   1.0000 |   0.6580 |   0.6700 |    0.008s
    75 |   0.0023 |   1.0000 |   0.6580 |   0.6700 |    0.008s
    76 |   0.0025 |   1.0000 |   0.6540 |   0.6690 |    0.007s
    77 |   0.0027 |   1.0000 |   0.6540 |   0.6690 |    0.009s
    78 |   0.0042 |   1.0000 |   0.6540 |   0.6740 |    0.009s
    79 |   0.0019 |   1.0000 |   0.6540 |   0.6730 |    0.009s
    80 |   0.0047 |   1.0000 |   0.6600 |   0.6750 |    0.008s
    81 |   0.0024 |   1.0000 |   0.6600 |   0.6750 |    0.008s
    82 |   0.0035 |   1.0000 |   0.6560 |   0.6760 |    0.010s
    83 |   0.0039 |   1.0000 |   0.6560 |   0.6740 |    0.008s
    84 |   0.0028 |   1.0000 |   0.6560 |   0.6720 |    0.009s
    85 |   0.0041 |   1.0000 |   0.6580 |   0.6730 |    0.011s
    86 |   0.0027 |   1.0000 |   0.6580 |   0.6720 |    0.010s
    87 |   0.0032 |   1.0000 |   0.6580 |   0.6730 |    0.009s
    88 |   0.0031 |   1.0000 |   0.6540 |   0.6730 |    0.008s
    89 |   0.0028 |   1.0000 |   0.6560 |   0.6760 |    0.009s
    90 |   0.0026 |   1.0000 |   0.6580 |   0.6770 |    0.009s
    91 |   0.0027 |   1.0000 |   0.6580 |   0.6760 |    0.008s
    92 |   0.0026 |   1.0000 |   0.6580 |   0.6760 |    0.009s
    93 |   0.0025 |   1.0000 |   0.6580 |   0.6760 |    0.011s
    94 |   0.0034 |   1.0000 |   0.6600 |   0.6770 |    0.012s
    95 |   0.0023 |   1.0000 |   0.6580 |   0.6780 |    0.011s
    96 |   0.0024 |   1.0000 |   0.6600 |   0.6800 |    0.011s
    97 |   0.0028 |   1.0000 |   0.6560 |   0.6800 |    0.011s
    98 |   0.0022 |   1.0000 |   0.6560 |   0.6790 |    0.011s
    99 |   0.0029 |   1.0000 |   0.6580 |   0.6800 |    0.011s
   100 |   0.0030 |   1.0000 |   0.6580 |   0.6800 |    0.010s
   101 |   0.0031 |   1.0000 |   0.6580 |   0.6800 |    0.006s
   102 |   0.0028 |   1.0000 |   0.6580 |   0.6820 |    0.010s
   103 |   0.0034 |   1.0000 |   0.6540 |   0.6800 |    0.010s
   104 |   0.0022 |   1.0000 |   0.6540 |   0.6780 |    0.012s
   105 |   0.0020 |   1.0000 |   0.6560 |   0.6790 |    0.014s
   106 |   0.0020 |   1.0000 |   0.6580 |   0.6800 |    0.015s
   107 |   0.0026 |   1.0000 |   0.6580 |   0.6800 |    0.013s
   108 |   0.0023 |   1.0000 |   0.6600 |   0.6800 |    0.010s
   109 |   0.0024 |   1.0000 |   0.6600 |   0.6760 |    0.012s
   110 |   0.0026 |   1.0000 |   0.6580 |   0.6790 |    0.009s
   111 |   0.0032 |   1.0000 |   0.6560 |   0.6740 |    0.011s
   112 |   0.0025 |   1.0000 |   0.6580 |   0.6760 |    0.012s
   113 |   0.0031 |   1.0000 |   0.6560 |   0.6760 |    0.012s
   114 |   0.0044 |   1.0000 |   0.6560 |   0.6740 |    0.010s
   115 |   0.0022 |   1.0000 |   0.6560 |   0.6720 |    0.009s
   116 |   0.0018 |   1.0000 |   0.6560 |   0.6700 |    0.015s
   117 |   0.0025 |   1.0000 |   0.6540 |   0.6710 |    0.015s
   118 |   0.0023 |   1.0000 |   0.6560 |   0.6720 |    0.011s
   119 |   0.0030 |   1.0000 |   0.6560 |   0.6720 |    0.011s
   120 |   0.0028 |   1.0000 |   0.6560 |   0.6700 |    0.010s
   121 |   0.0024 |   1.0000 |   0.6560 |   0.6710 |    0.011s
   122 |   0.0022 |   1.0000 |   0.6580 |   0.6740 |    0.010s
   123 |   0.0021 |   1.0000 |   0.6580 |   0.6750 |    0.011s
   124 |   0.0024 |   1.0000 |   0.6560 |   0.6750 |    0.009s
   125 |   0.0022 |   1.0000 |   0.6540 |   0.6750 |    0.010s
   126 |   0.0035 |   1.0000 |   0.6540 |   0.6750 |    0.009s
   127 |   0.0031 |   1.0000 |   0.6540 |   0.6760 |    0.009s
   128 |   0.0030 |   1.0000 |   0.6560 |   0.6770 |    0.009s
   129 |   0.0020 |   1.0000 |   0.6560 |   0.6790 |    0.011s
   130 |   0.0032 |   1.0000 |   0.6560 |   0.6780 |    0.011s
   131 |   0.0033 |   1.0000 |   0.6600 |   0.6770 |    0.011s
   132 |   0.0020 |   1.0000 |   0.6600 |   0.6750 |    0.021s
   133 |   0.0037 |   1.0000 |   0.6660 |   0.6750 |    0.012s
   134 |   0.0029 |   1.0000 |   0.6700 |   0.6740 |    0.011s
   135 |   0.0028 |   1.0000 |   0.6660 |   0.6790 |    0.011s
   136 |   0.0017 |   1.0000 |   0.6680 |   0.6840 |    0.011s
   137 |   0.0020 |   1.0000 |   0.6660 |   0.6850 |    0.009s
   138 |   0.0019 |   1.0000 |   0.6660 |   0.6840 |    0.014s
   139 |   0.0021 |   1.0000 |   0.6660 |   0.6850 |    0.011s
   140 |   0.0039 |   1.0000 |   0.6680 |   0.6840 |    0.011s
   141 |   0.0030 |   1.0000 |   0.6740 |   0.6840 |    0.010s
   142 |   0.0031 |   1.0000 |   0.6700 |   0.6810 |    0.010s
   143 |   0.0015 |   1.0000 |   0.6640 |   0.6810 |    0.010s
   144 |   0.0029 |   1.0000 |   0.6600 |   0.6800 |    0.010s
   145 |   0.0026 |   1.0000 |   0.6600 |   0.6780 |    0.010s
   146 |   0.0022 |   1.0000 |   0.6600 |   0.6750 |    0.010s
   147 |   0.0024 |   1.0000 |   0.6600 |   0.6770 |    0.010s
   148 |   0.0027 |   1.0000 |   0.6640 |   0.6730 |    0.010s
   149 |   0.0016 |   1.0000 |   0.6640 |   0.6720 |    0.008s
   150 |   0.0017 |   1.0000 |   0.6660 |   0.6750 |    0.005s
------------------------------------------------------------------------------
【结果汇总】
  最佳验证准确率 : 0.6840  (第 5 轮)
  对应的测试准确率: 0.6490
  训练总耗时     : 1.64s (不含评估) / 整体墙钟时间 2.47s
  平均每轮训练耗时: 0.01s (每轮 1 次参数更新)
  全图推理耗时   : 0.00s
  模型参数量     : 475,142
结果已追加保存到：D:\PHD\博一\入学任务\任务一_节点分类\results\results.jsonl
