==============================================================================
任务一 节点分类 | 数据集=Citeseer 模型=GAT 训练方式=sample 学习率=0.01 层数=2
==============================================================================
超参数：hidden=128, dropout=0.5, weight_decay=0.0005, epochs=150, seed=42
数据集信息：节点数=3327, 边数=9104, 特征维度=3703, 类别数=6, 训练/验证/测试 = 120/500/1000
模型参数量：475,410
采样设置：batch_size=128, num_neighbors=[10, 10], 每轮 batch 数=1
------------------------------------------------------------------------------
 Epoch |     Loss |    Train |      Val |     Test |      时间/轮
------------------------------------------------------------------------------
     1 |   2.0938 |   0.7167 |   0.4320 |   0.4130 |    0.342s
     2 |   1.1493 |   0.8917 |   0.5760 |   0.5920 |    1.198s
     3 |   1.0191 |   0.8917 |   0.6300 |   0.6570 |    0.627s
     4 |   0.6997 |   0.9333 |   0.6620 |   0.6700 |    0.322s
     5 |   0.6302 |   0.9500 |   0.6840 |   0.6780 |    0.011s
     6 |   0.5132 |   0.9667 |   0.6860 |   0.6740 |    0.011s
     7 |   0.5829 |   0.9750 |   0.6900 |   0.6800 |    0.012s
     8 |   0.5989 |   0.9750 |   0.6800 |   0.6820 |    0.012s
     9 |   0.6586 |   0.9750 |   0.6900 |   0.6850 |    0.013s
    10 |   0.5358 |   0.9833 |   0.6800 |   0.6820 |    0.011s
    11 |   0.5394 |   0.9833 |   0.6820 |   0.6750 |    0.012s
    12 |   0.5460 |   0.9833 |   0.6840 |   0.6750 |    0.012s
    13 |   0.5614 |   0.9833 |   0.6860 |   0.6650 |    0.012s
    14 |   0.3749 |   0.9833 |   0.6860 |   0.6650 |    0.013s
    15 |   0.4984 |   0.9917 |   0.6880 |   0.6690 |    0.015s
    16 |   0.3349 |   0.9917 |   0.6840 |   0.6740 |    0.011s
    17 |   0.4356 |   0.9917 |   0.6800 |   0.6730 |    0.013s
    18 |   0.3501 |   0.9917 |   0.6780 |   0.6750 |    0.012s
    19 |   0.4014 |   0.9917 |   0.6740 |   0.6780 |    0.012s
    20 |   0.3767 |   1.0000 |   0.6720 |   0.6810 |    0.011s
    21 |   0.3401 |   1.0000 |   0.6720 |   0.6820 |    0.011s
    22 |   0.3801 |   1.0000 |   0.6740 |   0.6830 |    0.009s
    23 |   0.2939 |   0.9917 |   0.6800 |   0.6820 |    0.008s
    24 |   0.3626 |   0.9917 |   0.6800 |   0.6810 |    0.013s
    25 |   0.3170 |   0.9917 |   0.6820 |   0.6800 |    0.012s
    26 |   0.3678 |   0.9917 |   0.6820 |   0.6800 |    0.011s
    27 |   0.4044 |   1.0000 |   0.6800 |   0.6800 |    0.012s
    28 |   0.3644 |   1.0000 |   0.6780 |   0.6790 |    0.011s
    29 |   0.3882 |   1.0000 |   0.6780 |   0.6800 |    0.011s
    30 |   0.4330 |   1.0000 |   0.6800 |   0.6800 |    0.011s
    31 |   0.2601 |   1.0000 |   0.6800 |   0.6810 |    0.012s
    32 |   0.3437 |   1.0000 |   0.6800 |   0.6850 |    0.014s
    33 |   0.2860 |   1.0000 |   0.6780 |   0.6810 |    0.012s
    34 |   0.3517 |   1.0000 |   0.6760 |   0.6790 |    0.011s
    35 |   0.1732 |   1.0000 |   0.6740 |   0.6780 |    0.012s
    36 |   0.3777 |   1.0000 |   0.6720 |   0.6760 |    0.011s
    37 |   0.2644 |   1.0000 |   0.6720 |   0.6750 |    0.014s
    38 |   0.4910 |   1.0000 |   0.6720 |   0.6720 |    0.011s
    39 |   0.3371 |   1.0000 |   0.6700 |   0.6690 |    0.013s
    40 |   0.2609 |   1.0000 |   0.6700 |   0.6720 |    0.011s
    41 |   0.3957 |   1.0000 |   0.6680 |   0.6730 |    0.012s
    42 |   0.3696 |   1.0000 |   0.6660 |   0.6740 |    0.009s
    43 |   0.2858 |   1.0000 |   0.6680 |   0.6740 |    0.012s
    44 |   0.3337 |   1.0000 |   0.6660 |   0.6730 |    0.011s
    45 |   0.4062 |   1.0000 |   0.6660 |   0.6720 |    0.012s
    46 |   0.3122 |   1.0000 |   0.6660 |   0.6750 |    0.014s
    47 |   0.3455 |   1.0000 |   0.6680 |   0.6740 |    0.013s
    48 |   0.3402 |   1.0000 |   0.6680 |   0.6710 |    0.011s
    49 |   0.3153 |   1.0000 |   0.6680 |   0.6710 |    0.011s
    50 |   0.3213 |   1.0000 |   0.6680 |   0.6720 |    0.011s
    51 |   0.3299 |   1.0000 |   0.6680 |   0.6720 |    0.011s
    52 |   0.3350 |   1.0000 |   0.6660 |   0.6690 |    0.011s
    53 |   0.2152 |   1.0000 |   0.6660 |   0.6710 |    0.011s
    54 |   0.3155 |   1.0000 |   0.6680 |   0.6700 |    0.012s
    55 |   0.3813 |   1.0000 |   0.6640 |   0.6710 |    0.012s
    56 |   0.3203 |   1.0000 |   0.6680 |   0.6710 |    0.015s
    57 |   0.2396 |   1.0000 |   0.6700 |   0.6710 |    0.011s
    58 |   0.3962 |   1.0000 |   0.6680 |   0.6700 |    0.012s
    59 |   0.2661 |   1.0000 |   0.6680 |   0.6720 |    0.013s
    60 |   0.3591 |   1.0000 |   0.6700 |   0.6720 |    0.013s
    61 |   0.3446 |   1.0000 |   0.6660 |   0.6710 |    0.015s
    62 |   0.3359 |   1.0000 |   0.6620 |   0.6670 |    0.013s
    63 |   0.3206 |   1.0000 |   0.6580 |   0.6650 |    0.010s
    64 |   0.3311 |   1.0000 |   0.6540 |   0.6650 |    0.012s
    65 |   0.2903 |   1.0000 |   0.6540 |   0.6650 |    0.007s
    66 |   0.2970 |   1.0000 |   0.6540 |   0.6670 |    0.006s
    67 |   0.2607 |   1.0000 |   0.6580 |   0.6670 |    0.006s
    68 |   0.4124 |   1.0000 |   0.6560 |   0.6660 |    0.005s
    69 |   0.2915 |   1.0000 |   0.6560 |   0.6650 |    0.005s
    70 |   0.2952 |   1.0000 |   0.6620 |   0.6660 |    0.011s
    71 |   0.3236 |   1.0000 |   0.6640 |   0.6680 |    0.018s
    72 |   0.2601 |   1.0000 |   0.6660 |   0.6660 |    0.012s
    73 |   0.2410 |   1.0000 |   0.6620 |   0.6640 |    0.011s
    74 |   0.2334 |   1.0000 |   0.6640 |   0.6650 |    0.011s
    75 |   0.2738 |   1.0000 |   0.6660 |   0.6670 |    0.013s
    76 |   0.2378 |   1.0000 |   0.6660 |   0.6710 |    0.013s
    77 |   0.3154 |   1.0000 |   0.6720 |   0.6710 |    0.011s
    78 |   0.2855 |   1.0000 |   0.6700 |   0.6710 |    0.010s
    79 |   0.2770 |   1.0000 |   0.6740 |   0.6740 |    0.013s
    80 |   0.3397 |   1.0000 |   0.6740 |   0.6750 |    0.011s
    81 |   0.2867 |   1.0000 |   0.6720 |   0.6730 |    0.011s
    82 |   0.2483 |   1.0000 |   0.6740 |   0.6750 |    0.010s
    83 |   0.2835 |   1.0000 |   0.6720 |   0.6740 |    0.010s
    84 |   0.3384 |   1.0000 |   0.6680 |   0.6710 |    0.012s
    85 |   0.3581 |   1.0000 |   0.6660 |   0.6700 |    0.011s
    86 |   0.2563 |   1.0000 |   0.6660 |   0.6710 |    0.012s
    87 |   0.4507 |   1.0000 |   0.6680 |   0.6710 |    0.011s
    88 |   0.2545 |   1.0000 |   0.6680 |   0.6740 |    0.013s
    89 |   0.2582 |   1.0000 |   0.6680 |   0.6750 |    0.011s
    90 |   0.3748 |   1.0000 |   0.6720 |   0.6780 |    0.010s
    91 |   0.3790 |   1.0000 |   0.6740 |   0.6790 |    0.011s
    92 |   0.2105 |   1.0000 |   0.6760 |   0.6750 |    0.009s
    93 |   0.3003 |   1.0000 |   0.6760 |   0.6760 |    0.013s
    94 |   0.2224 |   1.0000 |   0.6780 |   0.6740 |    0.014s
    95 |   0.3402 |   1.0000 |   0.6780 |   0.6710 |    0.011s
    96 |   0.3836 |   1.0000 |   0.6800 |   0.6720 |    0.011s
    97 |   0.3551 |   1.0000 |   0.6800 |   0.6730 |    0.012s
    98 |   0.2234 |   1.0000 |   0.6780 |   0.6730 |    0.012s
    99 |   0.4248 |   1.0000 |   0.6760 |   0.6740 |    0.012s
   100 |   0.3445 |   1.0000 |   0.6760 |   0.6760 |    0.012s
   101 |   0.3110 |   1.0000 |   0.6760 |   0.6780 |    0.012s
   102 |   0.3493 |   1.0000 |   0.6740 |   0.6730 |    0.011s
   103 |   0.3738 |   1.0000 |   0.6740 |   0.6720 |    0.012s
   104 |   0.3449 |   1.0000 |   0.6720 |   0.6730 |    0.011s
   105 |   0.1743 |   1.0000 |   0.6720 |   0.6750 |    0.011s
   106 |   0.3879 |   1.0000 |   0.6720 |   0.6740 |    0.012s
   107 |   0.3158 |   1.0000 |   0.6720 |   0.6770 |    0.014s
   108 |   0.2004 |   1.0000 |   0.6740 |   0.6780 |    0.010s
   109 |   0.2102 |   1.0000 |   0.6720 |   0.6820 |    0.012s
   110 |   0.2225 |   1.0000 |   0.6700 |   0.6770 |    0.011s
   111 |   0.3503 |   1.0000 |   0.6700 |   0.6770 |    0.011s
   112 |   0.2476 |   1.0000 |   0.6680 |   0.6750 |    0.012s
   113 |   0.2221 |   1.0000 |   0.6720 |   0.6730 |    0.012s
   114 |   0.2543 |   1.0000 |   0.6740 |   0.6690 |    0.013s
   115 |   0.2542 |   1.0000 |   0.6720 |   0.6700 |    0.011s
   116 |   0.3583 |   1.0000 |   0.6760 |   0.6670 |    0.011s
   117 |   0.2896 |   1.0000 |   0.6740 |   0.6660 |    0.011s
   118 |   0.3864 |   1.0000 |   0.6680 |   0.6640 |    0.011s
   119 |   0.2521 |   1.0000 |   0.6700 |   0.6640 |    0.012s
   120 |   0.2930 |   1.0000 |   0.6700 |   0.6640 |    0.010s
   121 |   0.3271 |   1.0000 |   0.6720 |   0.6590 |    0.016s
   122 |   0.2726 |   1.0000 |   0.6720 |   0.6590 |    0.017s
   123 |   0.2497 |   1.0000 |   0.6660 |   0.6640 |    0.011s
   124 |   0.2548 |   1.0000 |   0.6700 |   0.6640 |    0.012s
   125 |   0.2400 |   1.0000 |   0.6720 |   0.6690 |    0.011s
   126 |   0.2746 |   1.0000 |   0.6720 |   0.6730 |    0.013s
   127 |   0.2421 |   1.0000 |   0.6760 |   0.6760 |    0.012s
   128 |   0.3413 |   1.0000 |   0.6760 |   0.6760 |    0.012s
   129 |   0.2788 |   1.0000 |   0.6780 |   0.6790 |    0.012s
   130 |   0.2982 |   1.0000 |   0.6780 |   0.6800 |    0.013s
   131 |   0.3544 |   1.0000 |   0.6780 |   0.6780 |    0.011s
   132 |   0.2624 |   1.0000 |   0.6760 |   0.6780 |    0.012s
   133 |   0.2773 |   1.0000 |   0.6800 |   0.6790 |    0.013s
   134 |   0.3937 |   1.0000 |   0.6740 |   0.6810 |    0.012s
   135 |   0.3508 |   0.9917 |   0.6780 |   0.6820 |    0.011s
   136 |   0.2241 |   0.9917 |   0.6760 |   0.6840 |    0.011s
   137 |   0.3062 |   0.9917 |   0.6860 |   0.6870 |    0.011s
   138 |   0.3110 |   1.0000 |   0.6860 |   0.6840 |    0.012s
   139 |   0.3729 |   1.0000 |   0.6840 |   0.6860 |    0.012s
   140 |   0.3250 |   1.0000 |   0.6860 |   0.6830 |    0.011s
   141 |   0.3249 |   1.0000 |   0.6900 |   0.6830 |    0.011s
   142 |   0.3559 |   1.0000 |   0.6880 |   0.6830 |    0.011s
   143 |   0.3514 |   1.0000 |   0.6840 |   0.6790 |    0.012s
   144 |   0.3291 |   1.0000 |   0.6820 |   0.6790 |    0.011s
   145 |   0.2817 |   1.0000 |   0.6820 |   0.6750 |    0.012s
   146 |   0.3559 |   1.0000 |   0.6800 |   0.6710 |    0.011s
   147 |   0.3381 |   1.0000 |   0.6760 |   0.6700 |    0.011s
   148 |   0.2665 |   1.0000 |   0.6760 |   0.6690 |    0.011s
   149 |   0.2133 |   1.0000 |   0.6720 |   0.6710 |    0.011s
   150 |   0.3267 |   1.0000 |   0.6760 |   0.6730 |    0.011s
------------------------------------------------------------------------------
【结果汇总】
  最佳验证准确率 : 0.6900  (第 7 轮)
  对应的测试准确率: 0.6800
  训练总耗时     : 4.17s (不含评估) / 整体墙钟时间 5.91s
  平均每轮训练耗时: 0.03s (每轮 1 次参数更新)
  全图推理耗时   : 0.00s
  模型参数量     : 475,410
结果已追加保存到：D:\PHD\博一\入学任务\任务一_节点分类\results\results.jsonl
