==============================================================================
任务一 节点分类 | 数据集=Citeseer 模型=GraphSAGE 训练方式=full 学习率=0.01 层数=2
==============================================================================
超参数：hidden=128, dropout=0.5, weight_decay=0.0005, epochs=150, seed=42
数据集信息：节点数=3327, 边数=9104, 特征维度=3703, 类别数=6, 训练/验证/测试 = 120/500/1000
模型参数量：949,894
全图训练：每个 epoch 做 1 次全图前向 + 反向
------------------------------------------------------------------------------
 Epoch |     Loss |    Train |      Val |     Test |      时间/轮
------------------------------------------------------------------------------
     1 |   2.1287 |   0.9833 |   0.4640 |   0.4810 |    0.261s
     2 |   0.1972 |   0.9917 |   0.5160 |   0.5440 |    0.005s
     3 |   0.0726 |   1.0000 |   0.5300 |   0.5730 |    0.007s
     4 |   0.0368 |   1.0000 |   0.5540 |   0.5820 |    0.006s
     5 |   0.0255 |   1.0000 |   0.5620 |   0.5920 |    0.006s
     6 |   0.0135 |   1.0000 |   0.5800 |   0.6000 |    0.006s
     7 |   0.0102 |   1.0000 |   0.5940 |   0.6120 |    0.005s
     8 |   0.0065 |   1.0000 |   0.6020 |   0.6210 |    0.005s
     9 |   0.0081 |   1.0000 |   0.6080 |   0.6300 |    0.005s
    10 |   0.0026 |   1.0000 |   0.6140 |   0.6370 |    0.006s
    11 |   0.0038 |   1.0000 |   0.6240 |   0.6460 |    0.005s
    12 |   0.0040 |   1.0000 |   0.6260 |   0.6450 |    0.004s
    13 |   0.0020 |   1.0000 |   0.6320 |   0.6480 |    0.005s
    14 |   0.0019 |   1.0000 |   0.6260 |   0.6470 |    0.005s
    15 |   0.0019 |   1.0000 |   0.6320 |   0.6430 |    0.007s
    16 |   0.0026 |   1.0000 |   0.6320 |   0.6470 |    0.005s
    17 |   0.0021 |   1.0000 |   0.6320 |   0.6530 |    0.005s
    18 |   0.0015 |   1.0000 |   0.6340 |   0.6540 |    0.005s
    19 |   0.0011 |   1.0000 |   0.6420 |   0.6500 |    0.005s
    20 |   0.0008 |   1.0000 |   0.6420 |   0.6520 |    0.005s
    21 |   0.0025 |   1.0000 |   0.6380 |   0.6490 |    0.006s
    22 |   0.0007 |   1.0000 |   0.6420 |   0.6490 |    0.005s
    23 |   0.0010 |   1.0000 |   0.6400 |   0.6510 |    0.005s
    24 |   0.0025 |   1.0000 |   0.6440 |   0.6510 |    0.005s
    25 |   0.0022 |   1.0000 |   0.6440 |   0.6530 |    0.005s
    26 |   0.0011 |   1.0000 |   0.6420 |   0.6520 |    0.005s
    27 |   0.0008 |   1.0000 |   0.6380 |   0.6490 |    0.005s
    28 |   0.0016 |   1.0000 |   0.6360 |   0.6520 |    0.005s
    29 |   0.0009 |   1.0000 |   0.6360 |   0.6520 |    0.005s
    30 |   0.0011 |   1.0000 |   0.6380 |   0.6490 |    0.005s
    31 |   0.0017 |   1.0000 |   0.6380 |   0.6540 |    0.005s
    32 |   0.0011 |   1.0000 |   0.6340 |   0.6530 |    0.005s
    33 |   0.0059 |   1.0000 |   0.6320 |   0.6520 |    0.007s
    34 |   0.0013 |   1.0000 |   0.6280 |   0.6540 |    0.005s
    35 |   0.0010 |   1.0000 |   0.6300 |   0.6530 |    0.004s
    36 |   0.0010 |   1.0000 |   0.6300 |   0.6540 |    0.005s
    37 |   0.0014 |   1.0000 |   0.6300 |   0.6560 |    0.005s
    38 |   0.0007 |   1.0000 |   0.6320 |   0.6550 |    0.005s
    39 |   0.0013 |   1.0000 |   0.6280 |   0.6540 |    0.006s
    40 |   0.0013 |   1.0000 |   0.6280 |   0.6560 |    0.006s
    41 |   0.0018 |   1.0000 |   0.6300 |   0.6570 |    0.007s
    42 |   0.0009 |   1.0000 |   0.6300 |   0.6590 |    0.006s
    43 |   0.0011 |   1.0000 |   0.6300 |   0.6580 |    0.005s
    44 |   0.0020 |   1.0000 |   0.6260 |   0.6580 |    0.005s
    45 |   0.0007 |   1.0000 |   0.6260 |   0.6590 |    0.004s
    46 |   0.0021 |   1.0000 |   0.6260 |   0.6600 |    0.005s
    47 |   0.0021 |   1.0000 |   0.6280 |   0.6620 |    0.004s
    48 |   0.0014 |   1.0000 |   0.6300 |   0.6630 |    0.006s
    49 |   0.0020 |   1.0000 |   0.6320 |   0.6630 |    0.005s
    50 |   0.0024 |   1.0000 |   0.6360 |   0.6630 |    0.008s
    51 |   0.0014 |   1.0000 |   0.6380 |   0.6660 |    0.005s
    52 |   0.0015 |   1.0000 |   0.6380 |   0.6670 |    0.005s
    53 |   0.0021 |   1.0000 |   0.6380 |   0.6680 |    0.005s
    54 |   0.0008 |   1.0000 |   0.6380 |   0.6660 |    0.004s
    55 |   0.0016 |   1.0000 |   0.6360 |   0.6650 |    0.005s
    56 |   0.0017 |   1.0000 |   0.6340 |   0.6650 |    0.005s
    57 |   0.0026 |   1.0000 |   0.6340 |   0.6670 |    0.005s
    58 |   0.0008 |   1.0000 |   0.6340 |   0.6660 |    0.005s
    59 |   0.0016 |   1.0000 |   0.6320 |   0.6660 |    0.006s
    60 |   0.0013 |   1.0000 |   0.6340 |   0.6650 |    0.005s
    61 |   0.0037 |   1.0000 |   0.6340 |   0.6650 |    0.005s
    62 |   0.0016 |   1.0000 |   0.6340 |   0.6640 |    0.005s
    63 |   0.0012 |   1.0000 |   0.6340 |   0.6620 |    0.005s
    64 |   0.0016 |   1.0000 |   0.6340 |   0.6630 |    0.005s
    65 |   0.0016 |   1.0000 |   0.6340 |   0.6640 |    0.004s
    66 |   0.0013 |   1.0000 |   0.6340 |   0.6650 |    0.006s
    67 |   0.0008 |   1.0000 |   0.6340 |   0.6660 |    0.005s
    68 |   0.0015 |   1.0000 |   0.6340 |   0.6680 |    0.005s
    69 |   0.0008 |   1.0000 |   0.6360 |   0.6700 |    0.005s
    70 |   0.0012 |   1.0000 |   0.6360 |   0.6700 |    0.005s
    71 |   0.0021 |   1.0000 |   0.6340 |   0.6690 |    0.005s
    72 |   0.0019 |   1.0000 |   0.6340 |   0.6710 |    0.006s
    73 |   0.0016 |   1.0000 |   0.6380 |   0.6710 |    0.005s
    74 |   0.0014 |   1.0000 |   0.6380 |   0.6710 |    0.005s
    75 |   0.0025 |   1.0000 |   0.6380 |   0.6700 |    0.005s
    76 |   0.0018 |   1.0000 |   0.6400 |   0.6700 |    0.006s
    77 |   0.0019 |   1.0000 |   0.6420 |   0.6700 |    0.005s
    78 |   0.0025 |   1.0000 |   0.6420 |   0.6710 |    0.005s
    79 |   0.0020 |   1.0000 |   0.6460 |   0.6720 |    0.005s
    80 |   0.0017 |   1.0000 |   0.6460 |   0.6740 |    0.005s
    81 |   0.0019 |   1.0000 |   0.6480 |   0.6750 |    0.005s
    82 |   0.0012 |   1.0000 |   0.6480 |   0.6760 |    0.004s
    83 |   0.0014 |   1.0000 |   0.6500 |   0.6790 |    0.006s
    84 |   0.0025 |   1.0000 |   0.6500 |   0.6800 |    0.005s
    85 |   0.0013 |   1.0000 |   0.6480 |   0.6790 |    0.005s
    86 |   0.0016 |   1.0000 |   0.6500 |   0.6780 |    0.005s
    87 |   0.0014 |   1.0000 |   0.6540 |   0.6780 |    0.006s
    88 |   0.0028 |   1.0000 |   0.6540 |   0.6790 |    0.005s
    89 |   0.0015 |   1.0000 |   0.6560 |   0.6810 |    0.005s
    90 |   0.0016 |   1.0000 |   0.6580 |   0.6810 |    0.005s
    91 |   0.0013 |   1.0000 |   0.6600 |   0.6810 |    0.005s
    92 |   0.0052 |   1.0000 |   0.6600 |   0.6810 |    0.005s
    93 |   0.0017 |   1.0000 |   0.6640 |   0.6780 |    0.006s
    94 |   0.0018 |   1.0000 |   0.6680 |   0.6790 |    0.005s
    95 |   0.0042 |   1.0000 |   0.6660 |   0.6800 |    0.006s
    96 |   0.0014 |   1.0000 |   0.6660 |   0.6790 |    0.005s
    97 |   0.0014 |   1.0000 |   0.6680 |   0.6790 |    0.005s
    98 |   0.0026 |   1.0000 |   0.6660 |   0.6800 |    0.005s
    99 |   0.0026 |   1.0000 |   0.6660 |   0.6860 |    0.007s
   100 |   0.0020 |   1.0000 |   0.6660 |   0.6870 |    0.005s
   101 |   0.0017 |   1.0000 |   0.6660 |   0.6860 |    0.005s
   102 |   0.0039 |   1.0000 |   0.6680 |   0.6860 |    0.006s
   103 |   0.0019 |   1.0000 |   0.6680 |   0.6880 |    0.006s
   104 |   0.0028 |   1.0000 |   0.6680 |   0.6870 |    0.005s
   105 |   0.0017 |   1.0000 |   0.6700 |   0.6880 |    0.005s
   106 |   0.0038 |   1.0000 |   0.6720 |   0.6870 |    0.006s
   107 |   0.0018 |   1.0000 |   0.6720 |   0.6870 |    0.006s
   108 |   0.0010 |   1.0000 |   0.6720 |   0.6850 |    0.006s
   109 |   0.0014 |   1.0000 |   0.6720 |   0.6850 |    0.005s
   110 |   0.0013 |   1.0000 |   0.6720 |   0.6840 |    0.005s
   111 |   0.0025 |   1.0000 |   0.6740 |   0.6830 |    0.005s
   112 |   0.0018 |   1.0000 |   0.6740 |   0.6820 |    0.007s
   113 |   0.0014 |   1.0000 |   0.6700 |   0.6800 |    0.005s
   114 |   0.0016 |   1.0000 |   0.6680 |   0.6800 |    0.005s
   115 |   0.0020 |   1.0000 |   0.6680 |   0.6770 |    0.006s
   116 |   0.0019 |   1.0000 |   0.6660 |   0.6770 |    0.005s
   117 |   0.0030 |   1.0000 |   0.6640 |   0.6780 |    0.005s
   118 |   0.0008 |   1.0000 |   0.6660 |   0.6800 |    0.005s
   119 |   0.0010 |   1.0000 |   0.6660 |   0.6800 |    0.005s
   120 |   0.0025 |   1.0000 |   0.6640 |   0.6830 |    0.006s
   121 |   0.0022 |   1.0000 |   0.6640 |   0.6820 |    0.006s
   122 |   0.0035 |   1.0000 |   0.6640 |   0.6810 |    0.005s
   123 |   0.0014 |   1.0000 |   0.6640 |   0.6810 |    0.005s
   124 |   0.0033 |   1.0000 |   0.6660 |   0.6830 |    0.005s
   125 |   0.0020 |   1.0000 |   0.6700 |   0.6810 |    0.005s
   126 |   0.0029 |   1.0000 |   0.6700 |   0.6790 |    0.006s
   127 |   0.0013 |   1.0000 |   0.6700 |   0.6780 |    0.006s
   128 |   0.0013 |   1.0000 |   0.6640 |   0.6810 |    0.007s
   129 |   0.0024 |   1.0000 |   0.6640 |   0.6820 |    0.005s
   130 |   0.0017 |   1.0000 |   0.6660 |   0.6800 |    0.006s
   131 |   0.0016 |   1.0000 |   0.6660 |   0.6790 |    0.006s
   132 |   0.0022 |   1.0000 |   0.6660 |   0.6750 |    0.005s
   133 |   0.0013 |   1.0000 |   0.6620 |   0.6740 |    0.005s
   134 |   0.0012 |   1.0000 |   0.6580 |   0.6750 |    0.005s
   135 |   0.0026 |   1.0000 |   0.6600 |   0.6730 |    0.005s
   136 |   0.0012 |   1.0000 |   0.6580 |   0.6750 |    0.006s
   137 |   0.0017 |   1.0000 |   0.6600 |   0.6750 |    0.005s
   138 |   0.0012 |   1.0000 |   0.6580 |   0.6750 |    0.005s
   139 |   0.0032 |   1.0000 |   0.6560 |   0.6740 |    0.005s
   140 |   0.0019 |   1.0000 |   0.6620 |   0.6750 |    0.006s
   141 |   0.0012 |   1.0000 |   0.6600 |   0.6770 |    0.005s
   142 |   0.0021 |   1.0000 |   0.6640 |   0.6810 |    0.005s
   143 |   0.0025 |   1.0000 |   0.6660 |   0.6830 |    0.006s
   144 |   0.0022 |   1.0000 |   0.6680 |   0.6830 |    0.005s
   145 |   0.0015 |   1.0000 |   0.6720 |   0.6830 |    0.005s
   146 |   0.0011 |   1.0000 |   0.6720 |   0.6830 |    0.006s
   147 |   0.0020 |   1.0000 |   0.6700 |   0.6850 |    0.006s
   148 |   0.0013 |   1.0000 |   0.6700 |   0.6840 |    0.006s
   149 |   0.0022 |   1.0000 |   0.6720 |   0.6830 |    0.006s
   150 |   0.0034 |   1.0000 |   0.6740 |   0.6810 |    0.005s
------------------------------------------------------------------------------
【结果汇总】
  最佳验证准确率 : 0.6740  (第 111 轮)
  对应的测试准确率: 0.6830
  训练总耗时     : 1.05s (不含评估) / 整体墙钟时间 1.80s
  平均每轮训练耗时: 0.01s (每轮 1 次参数更新)
  全图推理耗时   : 0.00s
  模型参数量     : 949,894
结果已追加保存到：D:\PHD\博一\入学任务\任务一_节点分类\results\results.jsonl
