==============================================================================
任务一 节点分类 | 数据集=Cora 模型=GraphSAGE 训练方式=sample 学习率=0.01 层数=2
==============================================================================
超参数：hidden=128, dropout=0.5, weight_decay=0.0005, epochs=150, seed=42
数据集信息：节点数=2708, 边数=10556, 特征维度=1433, 类别数=7, 训练/验证/测试 = 140/500/1000
模型参数量：369,031
采样设置：batch_size=128, num_neighbors=[10, 10], 每轮 batch 数=2
------------------------------------------------------------------------------
 Epoch |     Loss |    Train |      Val |     Test |      时间/轮
------------------------------------------------------------------------------
     1 |   1.8216 |   0.9786 |   0.6740 |   0.7020 |    0.203s
     2 |   0.1611 |   1.0000 |   0.7400 |   0.7860 |    0.015s
     3 |   0.0933 |   1.0000 |   0.7200 |   0.7550 |    0.012s
     4 |   0.0520 |   1.0000 |   0.7200 |   0.7500 |    0.015s
     5 |   0.0308 |   1.0000 |   0.7180 |   0.7530 |    0.013s
     6 |   0.0328 |   1.0000 |   0.7240 |   0.7670 |    0.013s
     7 |   0.0108 |   1.0000 |   0.7320 |   0.7800 |    0.013s
     8 |   0.0073 |   1.0000 |   0.7400 |   0.7820 |    0.014s
     9 |   0.0039 |   1.0000 |   0.7440 |   0.7830 |    0.013s
    10 |   0.0027 |   1.0000 |   0.7440 |   0.7870 |    0.013s
    11 |   0.0016 |   1.0000 |   0.7440 |   0.7900 |    0.013s
    12 |   0.0056 |   1.0000 |   0.7400 |   0.7890 |    0.013s
    13 |   0.0069 |   1.0000 |   0.7440 |   0.7910 |    0.015s
    14 |   0.0023 |   1.0000 |   0.7440 |   0.7880 |    0.013s
    15 |   0.0010 |   1.0000 |   0.7500 |   0.7900 |    0.013s
    16 |   0.0010 |   1.0000 |   0.7480 |   0.7900 |    0.014s
    17 |   0.0017 |   1.0000 |   0.7540 |   0.7890 |    0.015s
    18 |   0.0027 |   1.0000 |   0.7480 |   0.7880 |    0.013s
    19 |   0.0021 |   1.0000 |   0.7500 |   0.7890 |    0.012s
    20 |   0.0028 |   1.0000 |   0.7500 |   0.7920 |    0.014s
    21 |   0.0018 |   1.0000 |   0.7520 |   0.7950 |    0.013s
    22 |   0.0008 |   1.0000 |   0.7560 |   0.7940 |    0.013s
    23 |   0.0011 |   1.0000 |   0.7620 |   0.7930 |    0.013s
    24 |   0.0011 |   1.0000 |   0.7580 |   0.7930 |    0.012s
    25 |   0.0013 |   1.0000 |   0.7580 |   0.7960 |    0.012s
    26 |   0.0012 |   1.0000 |   0.7560 |   0.7980 |    0.014s
    27 |   0.0074 |   1.0000 |   0.7600 |   0.7930 |    0.012s
    28 |   0.0012 |   1.0000 |   0.7600 |   0.7930 |    0.012s
    29 |   0.0017 |   1.0000 |   0.7700 |   0.7970 |    0.013s
    30 |   0.0047 |   1.0000 |   0.7720 |   0.8000 |    0.012s
    31 |   0.0009 |   1.0000 |   0.7680 |   0.8020 |    0.013s
    32 |   0.0049 |   1.0000 |   0.7720 |   0.8040 |    0.014s
    33 |   0.0014 |   1.0000 |   0.7620 |   0.8070 |    0.014s
    34 |   0.0021 |   1.0000 |   0.7620 |   0.8070 |    0.012s
    35 |   0.0027 |   1.0000 |   0.7600 |   0.8050 |    0.012s
    36 |   0.0084 |   1.0000 |   0.7600 |   0.8030 |    0.012s
    37 |   0.0022 |   1.0000 |   0.7580 |   0.8030 |    0.012s
    38 |   0.0015 |   1.0000 |   0.7620 |   0.8040 |    0.013s
    39 |   0.0022 |   1.0000 |   0.7680 |   0.8090 |    0.012s
    40 |   0.0013 |   1.0000 |   0.7720 |   0.8140 |    0.013s
    41 |   0.0009 |   1.0000 |   0.7780 |   0.8150 |    0.013s
    42 |   0.0015 |   1.0000 |   0.7800 |   0.8140 |    0.012s
    43 |   0.0029 |   1.0000 |   0.7820 |   0.8140 |    0.012s
    44 |   0.0017 |   1.0000 |   0.7780 |   0.8110 |    0.014s
    45 |   0.0027 |   1.0000 |   0.7800 |   0.8090 |    0.014s
    46 |   0.0022 |   1.0000 |   0.7760 |   0.8070 |    0.012s
    47 |   0.0035 |   1.0000 |   0.7740 |   0.8050 |    0.013s
    48 |   0.0010 |   1.0000 |   0.7640 |   0.8100 |    0.017s
    49 |   0.0010 |   1.0000 |   0.7680 |   0.8070 |    0.012s
    50 |   0.0017 |   1.0000 |   0.7700 |   0.8070 |    0.013s
    51 |   0.0016 |   1.0000 |   0.7720 |   0.8030 |    0.013s
    52 |   0.0045 |   1.0000 |   0.7680 |   0.8020 |    0.013s
    53 |   0.0017 |   1.0000 |   0.7680 |   0.8060 |    0.015s
    54 |   0.0014 |   1.0000 |   0.7700 |   0.8120 |    0.012s
    55 |   0.0064 |   1.0000 |   0.7700 |   0.8140 |    0.013s
    56 |   0.0010 |   1.0000 |   0.7760 |   0.8170 |    0.012s
    57 |   0.0016 |   1.0000 |   0.7800 |   0.8190 |    0.013s
    58 |   0.0022 |   1.0000 |   0.7740 |   0.8170 |    0.013s
    59 |   0.0016 |   1.0000 |   0.7860 |   0.8180 |    0.014s
    60 |   0.0015 |   1.0000 |   0.7840 |   0.8180 |    0.014s
    61 |   0.0075 |   1.0000 |   0.7860 |   0.8160 |    0.014s
    62 |   0.0023 |   1.0000 |   0.7800 |   0.8170 |    0.013s
    63 |   0.0018 |   1.0000 |   0.7780 |   0.8120 |    0.014s
    64 |   0.0029 |   1.0000 |   0.7680 |   0.8070 |    0.013s
    65 |   0.0017 |   1.0000 |   0.7700 |   0.8060 |    0.012s
    66 |   0.0015 |   1.0000 |   0.7680 |   0.8030 |    0.013s
    67 |   0.0062 |   1.0000 |   0.7640 |   0.8030 |    0.014s
    68 |   0.0015 |   1.0000 |   0.7600 |   0.8030 |    0.015s
    69 |   0.0017 |   1.0000 |   0.7640 |   0.8040 |    0.012s
    70 |   0.0013 |   1.0000 |   0.7620 |   0.8080 |    0.013s
    71 |   0.0024 |   1.0000 |   0.7660 |   0.8080 |    0.012s
    72 |   0.0022 |   1.0000 |   0.7640 |   0.8080 |    0.013s
    73 |   0.0021 |   1.0000 |   0.7700 |   0.8080 |    0.012s
    74 |   0.0025 |   1.0000 |   0.7700 |   0.8050 |    0.014s
    75 |   0.0081 |   1.0000 |   0.7580 |   0.8030 |    0.013s
    76 |   0.0036 |   1.0000 |   0.7520 |   0.7980 |    0.013s
    77 |   0.0031 |   1.0000 |   0.7500 |   0.7950 |    0.011s
    78 |   0.0028 |   1.0000 |   0.7480 |   0.7910 |    0.013s
    79 |   0.0023 |   1.0000 |   0.7500 |   0.7890 |    0.015s
    80 |   0.0017 |   1.0000 |   0.7480 |   0.7850 |    0.012s
    81 |   0.0011 |   1.0000 |   0.7480 |   0.7820 |    0.012s
    82 |   0.0160 |   1.0000 |   0.7460 |   0.7840 |    0.012s
    83 |   0.0024 |   1.0000 |   0.7520 |   0.7910 |    0.012s
    84 |   0.0022 |   1.0000 |   0.7520 |   0.7820 |    0.014s
    85 |   0.0017 |   1.0000 |   0.7500 |   0.7780 |    0.012s
    86 |   0.0036 |   1.0000 |   0.7500 |   0.7760 |    0.014s
    87 |   0.0046 |   1.0000 |   0.7500 |   0.7780 |    0.013s
    88 |   0.0024 |   1.0000 |   0.7500 |   0.7810 |    0.012s
    89 |   0.0017 |   1.0000 |   0.7560 |   0.7810 |    0.014s
    90 |   0.0015 |   1.0000 |   0.7540 |   0.7840 |    0.014s
    91 |   0.0103 |   1.0000 |   0.7540 |   0.7870 |    0.015s
    92 |   0.0019 |   1.0000 |   0.7560 |   0.7970 |    0.014s
    93 |   0.0019 |   1.0000 |   0.7560 |   0.8010 |    0.014s
    94 |   0.0013 |   1.0000 |   0.7600 |   0.8000 |    0.013s
    95 |   0.0011 |   1.0000 |   0.7640 |   0.8030 |    0.013s
    96 |   0.0010 |   1.0000 |   0.7620 |   0.8020 |    0.012s
    97 |   0.0018 |   1.0000 |   0.7600 |   0.8020 |    0.013s
    98 |   0.0017 |   1.0000 |   0.7580 |   0.8020 |    0.013s
    99 |   0.0033 |   1.0000 |   0.7580 |   0.8020 |    0.012s
   100 |   0.0055 |   1.0000 |   0.7580 |   0.7980 |    0.012s
   101 |   0.0018 |   1.0000 |   0.7600 |   0.7950 |    0.014s
   102 |   0.0025 |   1.0000 |   0.7600 |   0.7930 |    0.014s
   103 |   0.0013 |   1.0000 |   0.7580 |   0.7860 |    0.013s
   104 |   0.0007 |   1.0000 |   0.7580 |   0.7830 |    0.013s
   105 |   0.0009 |   1.0000 |   0.7520 |   0.7870 |    0.013s
   106 |   0.0011 |   1.0000 |   0.7560 |   0.7830 |    0.012s
   107 |   0.0011 |   1.0000 |   0.7580 |   0.7850 |    0.013s
   108 |   0.0010 |   1.0000 |   0.7540 |   0.7850 |    0.013s
   109 |   0.0019 |   1.0000 |   0.7560 |   0.7880 |    0.012s
   110 |   0.0009 |   1.0000 |   0.7600 |   0.7880 |    0.011s
   111 |   0.0012 |   1.0000 |   0.7600 |   0.7890 |    0.013s
   112 |   0.0011 |   1.0000 |   0.7600 |   0.7900 |    0.012s
   113 |   0.0010 |   1.0000 |   0.7620 |   0.7930 |    0.013s
   114 |   0.0010 |   1.0000 |   0.7540 |   0.7960 |    0.014s
   115 |   0.0023 |   1.0000 |   0.7580 |   0.7970 |    0.015s
   116 |   0.0013 |   1.0000 |   0.7560 |   0.7950 |    0.013s
   117 |   0.0010 |   1.0000 |   0.7500 |   0.7900 |    0.013s
   118 |   0.0025 |   1.0000 |   0.7500 |   0.7870 |    0.013s
   119 |   0.0010 |   1.0000 |   0.7520 |   0.7870 |    0.013s
   120 |   0.0021 |   1.0000 |   0.7580 |   0.7880 |    0.014s
   121 |   0.0023 |   1.0000 |   0.7620 |   0.7910 |    0.013s
   122 |   0.0008 |   1.0000 |   0.7600 |   0.7950 |    0.013s
   123 |   0.0007 |   1.0000 |   0.7680 |   0.8000 |    0.013s
   124 |   0.0014 |   1.0000 |   0.7660 |   0.7970 |    0.013s
   125 |   0.0029 |   1.0000 |   0.7600 |   0.7890 |    0.012s
   126 |   0.0018 |   1.0000 |   0.7640 |   0.7900 |    0.015s
   127 |   0.0015 |   1.0000 |   0.7620 |   0.7930 |    0.012s
   128 |   0.0018 |   1.0000 |   0.7640 |   0.7950 |    0.012s
   129 |   0.0012 |   1.0000 |   0.7720 |   0.8000 |    0.012s
   130 |   0.0021 |   1.0000 |   0.7740 |   0.8060 |    0.012s
   131 |   0.0011 |   1.0000 |   0.7780 |   0.8070 |    0.013s
   132 |   0.0018 |   1.0000 |   0.7760 |   0.8060 |    0.011s
   133 |   0.0033 |   1.0000 |   0.7740 |   0.8040 |    0.013s
   134 |   0.0031 |   1.0000 |   0.7740 |   0.8000 |    0.012s
   135 |   0.0012 |   1.0000 |   0.7740 |   0.8000 |    0.013s
   136 |   0.0025 |   1.0000 |   0.7740 |   0.7980 |    0.011s
   137 |   0.0016 |   1.0000 |   0.7720 |   0.7990 |    0.013s
   138 |   0.0016 |   1.0000 |   0.7640 |   0.7990 |    0.012s
   139 |   0.0137 |   1.0000 |   0.7600 |   0.8010 |    0.013s
   140 |   0.0016 |   1.0000 |   0.7680 |   0.8000 |    0.012s
   141 |   0.0017 |   1.0000 |   0.7540 |   0.7990 |    0.013s
   142 |   0.0028 |   1.0000 |   0.7540 |   0.8000 |    0.012s
   143 |   0.0040 |   1.0000 |   0.7540 |   0.8030 |    0.013s
   144 |   0.0031 |   1.0000 |   0.7580 |   0.8020 |    0.012s
   145 |   0.0015 |   1.0000 |   0.7520 |   0.7900 |    0.012s
   146 |   0.0047 |   1.0000 |   0.7540 |   0.7970 |    0.013s
   147 |   0.0018 |   1.0000 |   0.7560 |   0.7930 |    0.013s
   148 |   0.0031 |   1.0000 |   0.7640 |   0.7930 |    0.013s
   149 |   0.0064 |   1.0000 |   0.7600 |   0.8040 |    0.012s
   150 |   0.0013 |   1.0000 |   0.7740 |   0.8150 |    0.013s
------------------------------------------------------------------------------
【结果汇总】
  最佳验证准确率 : 0.7860  (第 59 轮)
  对应的测试准确率: 0.8180
  训练总耗时     : 2.12s (不含评估) / 整体墙钟时间 2.60s
  平均每轮训练耗时: 0.01s (每轮 2 次参数更新)
  全图推理耗时   : 0.00s
  模型参数量     : 369,031
结果已追加保存到：D:\PHD\博一\入学任务\任务一_节点分类\results\results.jsonl
