==============================================================================
任务一 节点分类 | 数据集=Cora 模型=GCN 训练方式=full 学习率=0.01 层数=4
==============================================================================
超参数：hidden=128, dropout=0.5, weight_decay=0.0005, epochs=150, seed=42
数据集信息：节点数=2708, 边数=10556, 特征维度=1433, 类别数=7, 训练/验证/测试 = 140/500/1000
模型参数量：218,247
全图训练：每个 epoch 做 1 次全图前向 + 反向
------------------------------------------------------------------------------
 Epoch |     Loss |    Train |      Val |     Test |      时间/轮
------------------------------------------------------------------------------
     1 |   2.0580 |   0.6429 |   0.5540 |   0.5830 |    0.300s
     2 |   0.9655 |   0.8714 |   0.7340 |   0.7500 |    0.016s
     3 |   0.4821 |   0.9000 |   0.7020 |   0.7430 |    0.013s
     4 |   0.2822 |   0.9429 |   0.7140 |   0.7300 |    0.014s
     5 |   0.1394 |   0.9429 |   0.7100 |   0.7330 |    0.014s
     6 |   0.1136 |   0.9786 |   0.7160 |   0.7430 |    0.014s
     7 |   0.0864 |   0.9857 |   0.7220 |   0.7350 |    0.014s
     8 |   0.0597 |   0.9929 |   0.7240 |   0.7330 |    0.013s
     9 |   0.0472 |   0.9857 |   0.7200 |   0.7290 |    0.014s
    10 |   0.0481 |   0.9929 |   0.7180 |   0.7320 |    0.013s
    11 |   0.0305 |   1.0000 |   0.7200 |   0.7340 |    0.013s
    12 |   0.0451 |   1.0000 |   0.7240 |   0.7310 |    0.013s
    13 |   0.0173 |   1.0000 |   0.7260 |   0.7340 |    0.014s
    14 |   0.0118 |   1.0000 |   0.7220 |   0.7320 |    0.014s
    15 |   0.0119 |   0.9929 |   0.7220 |   0.7310 |    0.013s
    16 |   0.0164 |   0.9929 |   0.7240 |   0.7310 |    0.013s
    17 |   0.0193 |   1.0000 |   0.7240 |   0.7330 |    0.014s
    18 |   0.0103 |   1.0000 |   0.7240 |   0.7350 |    0.013s
    19 |   0.0094 |   1.0000 |   0.7220 |   0.7340 |    0.013s
    20 |   0.0130 |   1.0000 |   0.7260 |   0.7380 |    0.014s
    21 |   0.0039 |   1.0000 |   0.7300 |   0.7400 |    0.013s
    22 |   0.0123 |   1.0000 |   0.7300 |   0.7380 |    0.013s
    23 |   0.0070 |   1.0000 |   0.7300 |   0.7400 |    0.013s
    24 |   0.0060 |   1.0000 |   0.7300 |   0.7400 |    0.013s
    25 |   0.0031 |   1.0000 |   0.7300 |   0.7410 |    0.012s
    26 |   0.0028 |   1.0000 |   0.7320 |   0.7370 |    0.014s
    27 |   0.0036 |   1.0000 |   0.7320 |   0.7390 |    0.013s
    28 |   0.0024 |   1.0000 |   0.7340 |   0.7410 |    0.014s
    29 |   0.0043 |   1.0000 |   0.7280 |   0.7410 |    0.014s
    30 |   0.0033 |   1.0000 |   0.7280 |   0.7420 |    0.015s
    31 |   0.0021 |   1.0000 |   0.7300 |   0.7400 |    0.015s
    32 |   0.0027 |   1.0000 |   0.7340 |   0.7430 |    0.013s
    33 |   0.0021 |   1.0000 |   0.7380 |   0.7430 |    0.013s
    34 |   0.0034 |   1.0000 |   0.7400 |   0.7430 |    0.014s
    35 |   0.0093 |   1.0000 |   0.7380 |   0.7440 |    0.013s
    36 |   0.0036 |   1.0000 |   0.7380 |   0.7480 |    0.015s
    37 |   0.0034 |   1.0000 |   0.7380 |   0.7480 |    0.015s
    38 |   0.0061 |   1.0000 |   0.7380 |   0.7480 |    0.013s
    39 |   0.0017 |   1.0000 |   0.7360 |   0.7490 |    0.015s
    40 |   0.0024 |   1.0000 |   0.7380 |   0.7510 |    0.017s
    41 |   0.0015 |   1.0000 |   0.7400 |   0.7510 |    0.017s
    42 |   0.0080 |   1.0000 |   0.7440 |   0.7510 |    0.015s
    43 |   0.0009 |   1.0000 |   0.7440 |   0.7520 |    0.015s
    44 |   0.0125 |   1.0000 |   0.7500 |   0.7530 |    0.015s
    45 |   0.0024 |   1.0000 |   0.7500 |   0.7540 |    0.013s
    46 |   0.0018 |   1.0000 |   0.7500 |   0.7530 |    0.015s
    47 |   0.0023 |   1.0000 |   0.7500 |   0.7530 |    0.017s
    48 |   0.0020 |   1.0000 |   0.7500 |   0.7520 |    0.014s
    49 |   0.0021 |   1.0000 |   0.7500 |   0.7520 |    0.016s
    50 |   0.0024 |   1.0000 |   0.7480 |   0.7500 |    0.016s
    51 |   0.0039 |   1.0000 |   0.7460 |   0.7500 |    0.016s
    52 |   0.0023 |   1.0000 |   0.7460 |   0.7500 |    0.014s
    53 |   0.0018 |   1.0000 |   0.7420 |   0.7490 |    0.014s
    54 |   0.0016 |   1.0000 |   0.7420 |   0.7490 |    0.016s
    55 |   0.0018 |   1.0000 |   0.7420 |   0.7490 |    0.015s
    56 |   0.0082 |   1.0000 |   0.7440 |   0.7480 |    0.016s
    57 |   0.0023 |   1.0000 |   0.7400 |   0.7470 |    0.018s
    58 |   0.0021 |   1.0000 |   0.7400 |   0.7450 |    0.014s
    59 |   0.0125 |   1.0000 |   0.7380 |   0.7470 |    0.015s
    60 |   0.0011 |   1.0000 |   0.7360 |   0.7470 |    0.015s
    61 |   0.0021 |   1.0000 |   0.7340 |   0.7490 |    0.014s
    62 |   0.0043 |   1.0000 |   0.7320 |   0.7490 |    0.014s
    63 |   0.0189 |   1.0000 |   0.7320 |   0.7460 |    0.015s
    64 |   0.0023 |   1.0000 |   0.7300 |   0.7460 |    0.019s
    65 |   0.0019 |   1.0000 |   0.7240 |   0.7470 |    0.015s
    66 |   0.0021 |   1.0000 |   0.7240 |   0.7460 |    0.014s
    67 |   0.0021 |   1.0000 |   0.7240 |   0.7470 |    0.016s
    68 |   0.0033 |   1.0000 |   0.7260 |   0.7470 |    0.015s
    69 |   0.0023 |   1.0000 |   0.7260 |   0.7450 |    0.018s
    70 |   0.0070 |   1.0000 |   0.7320 |   0.7460 |    0.016s
    71 |   0.0018 |   1.0000 |   0.7320 |   0.7470 |    0.015s
    72 |   0.0027 |   1.0000 |   0.7360 |   0.7440 |    0.015s
    73 |   0.0015 |   1.0000 |   0.7340 |   0.7440 |    0.017s
    74 |   0.0094 |   1.0000 |   0.7320 |   0.7450 |    0.016s
    75 |   0.0022 |   1.0000 |   0.7300 |   0.7440 |    0.019s
    76 |   0.0019 |   1.0000 |   0.7300 |   0.7420 |    0.015s
    77 |   0.0030 |   1.0000 |   0.7280 |   0.7400 |    0.013s
    78 |   0.0049 |   1.0000 |   0.7300 |   0.7420 |    0.018s
    79 |   0.0047 |   1.0000 |   0.7320 |   0.7420 |    0.017s
    80 |   0.0046 |   1.0000 |   0.7300 |   0.7430 |    0.046s
    81 |   0.0040 |   1.0000 |   0.7320 |   0.7440 |    0.029s
    82 |   0.0022 |   1.0000 |   0.7320 |   0.7430 |    0.017s
    83 |   0.0029 |   1.0000 |   0.7340 |   0.7450 |    0.016s
    84 |   0.0015 |   1.0000 |   0.7340 |   0.7430 |    0.015s
    85 |   0.0028 |   1.0000 |   0.7340 |   0.7450 |    0.015s
    86 |   0.0019 |   1.0000 |   0.7360 |   0.7460 |    0.014s
    87 |   0.0014 |   1.0000 |   0.7380 |   0.7460 |    0.014s
    88 |   0.0014 |   1.0000 |   0.7420 |   0.7450 |    0.014s
    89 |   0.0022 |   1.0000 |   0.7420 |   0.7480 |    0.015s
    90 |   0.0024 |   1.0000 |   0.7400 |   0.7460 |    0.014s
    91 |   0.0026 |   1.0000 |   0.7360 |   0.7480 |    0.014s
    92 |   0.0023 |   1.0000 |   0.7400 |   0.7480 |    0.015s
    93 |   0.0078 |   1.0000 |   0.7380 |   0.7480 |    0.016s
    94 |   0.0035 |   1.0000 |   0.7280 |   0.7450 |    0.015s
    95 |   0.0214 |   1.0000 |   0.7160 |   0.7420 |    0.015s
    96 |   0.0054 |   1.0000 |   0.7080 |   0.7440 |    0.020s
    97 |   0.0043 |   0.9929 |   0.7100 |   0.7410 |    0.014s
    98 |   0.0227 |   1.0000 |   0.6980 |   0.7360 |    0.014s
    99 |   0.0073 |   1.0000 |   0.6960 |   0.7310 |    0.014s
   100 |   0.0103 |   1.0000 |   0.6960 |   0.7270 |    0.015s
   101 |   0.0076 |   1.0000 |   0.6960 |   0.7160 |    0.014s
   102 |   0.0535 |   1.0000 |   0.6920 |   0.7220 |    0.016s
   103 |   0.0098 |   1.0000 |   0.6940 |   0.7210 |    0.016s
   104 |   0.0071 |   1.0000 |   0.6920 |   0.7230 |    0.015s
   105 |   0.0099 |   1.0000 |   0.6900 |   0.7170 |    0.013s
   106 |   0.0133 |   1.0000 |   0.6880 |   0.7160 |    0.015s
   107 |   0.0268 |   1.0000 |   0.6840 |   0.7140 |    0.016s
   108 |   0.0046 |   0.9929 |   0.6700 |   0.7040 |    0.016s
   109 |   0.0063 |   0.9929 |   0.6700 |   0.6960 |    0.015s
   110 |   0.0446 |   0.9929 |   0.6720 |   0.7110 |    0.015s
   111 |   0.0072 |   1.0000 |   0.6800 |   0.7150 |    0.014s
   112 |   0.0094 |   1.0000 |   0.6820 |   0.7130 |    0.015s
   113 |   0.0113 |   1.0000 |   0.6880 |   0.7160 |    0.015s
   114 |   0.0142 |   1.0000 |   0.6840 |   0.7190 |    0.014s
   115 |   0.0035 |   1.0000 |   0.6900 |   0.7180 |    0.014s
   116 |   0.0149 |   1.0000 |   0.6880 |   0.7140 |    0.014s
   117 |   0.0130 |   1.0000 |   0.6820 |   0.7080 |    0.017s
   118 |   0.0086 |   1.0000 |   0.6880 |   0.7100 |    0.014s
   119 |   0.0034 |   1.0000 |   0.6900 |   0.7120 |    0.017s
   120 |   0.0044 |   1.0000 |   0.7020 |   0.7140 |    0.015s
   121 |   0.0047 |   1.0000 |   0.7040 |   0.7130 |    0.015s
   122 |   0.0108 |   1.0000 |   0.6980 |   0.7110 |    0.015s
   123 |   0.0080 |   1.0000 |   0.6960 |   0.7080 |    0.016s
   124 |   0.0061 |   1.0000 |   0.6940 |   0.7070 |    0.015s
   125 |   0.0037 |   1.0000 |   0.7000 |   0.7100 |    0.016s
   126 |   0.0051 |   1.0000 |   0.6960 |   0.7170 |    0.014s
   127 |   0.0097 |   1.0000 |   0.7000 |   0.7190 |    0.014s
   128 |   0.0043 |   1.0000 |   0.7060 |   0.7220 |    0.016s
   129 |   0.0020 |   1.0000 |   0.7080 |   0.7210 |    0.014s
   130 |   0.0231 |   1.0000 |   0.7040 |   0.7270 |    0.014s
   131 |   0.0017 |   1.0000 |   0.6940 |   0.7280 |    0.015s
   132 |   0.0021 |   1.0000 |   0.7040 |   0.7240 |    0.016s
   133 |   0.0126 |   1.0000 |   0.7040 |   0.7170 |    0.014s
   134 |   0.0052 |   1.0000 |   0.6940 |   0.7060 |    0.014s
   135 |   0.0062 |   0.9929 |   0.6940 |   0.7040 |    0.014s
   136 |   0.0112 |   1.0000 |   0.6880 |   0.7050 |    0.016s
   137 |   0.0041 |   1.0000 |   0.6980 |   0.7090 |    0.016s
   138 |   0.0063 |   1.0000 |   0.7020 |   0.7180 |    0.014s
   139 |   0.0051 |   1.0000 |   0.7020 |   0.7190 |    0.015s
   140 |   0.0041 |   1.0000 |   0.7000 |   0.7200 |    0.017s
   141 |   0.0031 |   1.0000 |   0.6980 |   0.7200 |    0.014s
   142 |   0.0033 |   1.0000 |   0.7020 |   0.7200 |    0.015s
   143 |   0.0045 |   1.0000 |   0.7000 |   0.7230 |    0.015s
   144 |   0.0048 |   1.0000 |   0.7060 |   0.7210 |    0.016s
   145 |   0.0053 |   1.0000 |   0.7060 |   0.7220 |    0.016s
   146 |   0.0127 |   1.0000 |   0.7040 |   0.7220 |    0.016s
   147 |   0.0045 |   1.0000 |   0.7080 |   0.7210 |    0.013s
   148 |   0.0037 |   1.0000 |   0.7100 |   0.7240 |    0.014s
   149 |   0.0025 |   1.0000 |   0.7140 |   0.7270 |    0.014s
   150 |   0.0067 |   1.0000 |   0.7160 |   0.7320 |    0.017s
------------------------------------------------------------------------------
【结果汇总】
  最佳验证准确率 : 0.7500  (第 44 轮)
  对应的测试准确率: 0.7530
  训练总耗时     : 2.54s (不含评估) / 整体墙钟时间 4.52s
  平均每轮训练耗时: 0.02s (每轮 1 次参数更新)
  全图推理耗时   : 0.01s
  模型参数量     : 218,247
结果已追加保存到：D:\PHD\博一\入学任务\任务一_节点分类\results\results.jsonl
