==============================================================================
任务一 节点分类 | 数据集=Cora 模型=GCN 训练方式=full 学习率=0.005 层数=2
==============================================================================
超参数：hidden=128, dropout=0.5, weight_decay=0.0005, epochs=150, seed=42
数据集信息：节点数=2708, 边数=10556, 特征维度=1433, 类别数=7, 训练/验证/测试 = 140/500/1000
模型参数量：184,711
全图训练：每个 epoch 做 1 次全图前向 + 反向
------------------------------------------------------------------------------
 Epoch |     Loss |    Train |      Val |     Test |      时间/轮
------------------------------------------------------------------------------
     1 |   2.2375 |   0.9643 |   0.6440 |   0.6530 |    0.293s
     2 |   0.5973 |   0.9786 |   0.7340 |   0.7420 |    0.009s
     3 |   0.2147 |   0.9786 |   0.7500 |   0.7580 |    0.008s
     4 |   0.1079 |   0.9929 |   0.7540 |   0.7640 |    0.009s
     5 |   0.0549 |   1.0000 |   0.7560 |   0.7660 |    0.008s
     6 |   0.0416 |   1.0000 |   0.7640 |   0.7730 |    0.007s
     7 |   0.0230 |   1.0000 |   0.7660 |   0.7740 |    0.012s
     8 |   0.0214 |   1.0000 |   0.7640 |   0.7720 |    0.008s
     9 |   0.0110 |   1.0000 |   0.7620 |   0.7740 |    0.007s
    10 |   0.0103 |   1.0000 |   0.7620 |   0.7750 |    0.007s
    11 |   0.0095 |   1.0000 |   0.7600 |   0.7730 |    0.008s
    12 |   0.0079 |   1.0000 |   0.7540 |   0.7760 |    0.008s
    13 |   0.0080 |   1.0000 |   0.7500 |   0.7780 |    0.008s
    14 |   0.0057 |   1.0000 |   0.7500 |   0.7760 |    0.008s
    15 |   0.0069 |   1.0000 |   0.7500 |   0.7760 |    0.008s
    16 |   0.0063 |   1.0000 |   0.7500 |   0.7740 |    0.009s
    17 |   0.0039 |   1.0000 |   0.7500 |   0.7700 |    0.010s
    18 |   0.0031 |   1.0000 |   0.7500 |   0.7690 |    0.008s
    19 |   0.0028 |   1.0000 |   0.7500 |   0.7690 |    0.009s
    20 |   0.0023 |   1.0000 |   0.7500 |   0.7690 |    0.009s
    21 |   0.0025 |   1.0000 |   0.7560 |   0.7690 |    0.008s
    22 |   0.0029 |   1.0000 |   0.7560 |   0.7690 |    0.009s
    23 |   0.0027 |   1.0000 |   0.7540 |   0.7700 |    0.007s
    24 |   0.0024 |   1.0000 |   0.7540 |   0.7700 |    0.008s
    25 |   0.0028 |   1.0000 |   0.7560 |   0.7700 |    0.008s
    26 |   0.0021 |   1.0000 |   0.7540 |   0.7700 |    0.008s
    27 |   0.0017 |   1.0000 |   0.7540 |   0.7700 |    0.006s
    28 |   0.0016 |   1.0000 |   0.7540 |   0.7710 |    0.007s
    29 |   0.0018 |   1.0000 |   0.7520 |   0.7720 |    0.008s
    30 |   0.0018 |   1.0000 |   0.7520 |   0.7720 |    0.008s
    31 |   0.0014 |   1.0000 |   0.7520 |   0.7720 |    0.008s
    32 |   0.0012 |   1.0000 |   0.7560 |   0.7710 |    0.009s
    33 |   0.0016 |   1.0000 |   0.7560 |   0.7730 |    0.009s
    34 |   0.0015 |   1.0000 |   0.7560 |   0.7730 |    0.009s
    35 |   0.0013 |   1.0000 |   0.7560 |   0.7730 |    0.007s
    36 |   0.0016 |   1.0000 |   0.7560 |   0.7760 |    0.007s
    37 |   0.0015 |   1.0000 |   0.7560 |   0.7770 |    0.007s
    38 |   0.0014 |   1.0000 |   0.7560 |   0.7760 |    0.008s
    39 |   0.0013 |   1.0000 |   0.7540 |   0.7760 |    0.008s
    40 |   0.0013 |   1.0000 |   0.7540 |   0.7770 |    0.007s
    41 |   0.0012 |   1.0000 |   0.7540 |   0.7770 |    0.007s
    42 |   0.0014 |   1.0000 |   0.7520 |   0.7770 |    0.008s
    43 |   0.0011 |   1.0000 |   0.7520 |   0.7780 |    0.008s
    44 |   0.0016 |   1.0000 |   0.7540 |   0.7790 |    0.008s
    45 |   0.0016 |   1.0000 |   0.7540 |   0.7780 |    0.008s
    46 |   0.0015 |   1.0000 |   0.7540 |   0.7770 |    0.008s
    47 |   0.0013 |   1.0000 |   0.7540 |   0.7770 |    0.008s
    48 |   0.0015 |   1.0000 |   0.7540 |   0.7770 |    0.007s
    49 |   0.0012 |   1.0000 |   0.7580 |   0.7770 |    0.010s
    50 |   0.0015 |   1.0000 |   0.7580 |   0.7760 |    0.007s
    51 |   0.0017 |   1.0000 |   0.7580 |   0.7750 |    0.007s
    52 |   0.0012 |   1.0000 |   0.7580 |   0.7750 |    0.007s
    53 |   0.0012 |   1.0000 |   0.7580 |   0.7750 |    0.008s
    54 |   0.0013 |   1.0000 |   0.7580 |   0.7750 |    0.007s
    55 |   0.0013 |   1.0000 |   0.7580 |   0.7740 |    0.008s
    56 |   0.0015 |   1.0000 |   0.7600 |   0.7740 |    0.008s
    57 |   0.0016 |   1.0000 |   0.7600 |   0.7750 |    0.007s
    58 |   0.0018 |   1.0000 |   0.7600 |   0.7760 |    0.008s
    59 |   0.0015 |   1.0000 |   0.7600 |   0.7770 |    0.007s
    60 |   0.0012 |   1.0000 |   0.7600 |   0.7770 |    0.007s
    61 |   0.0012 |   1.0000 |   0.7580 |   0.7770 |    0.008s
    62 |   0.0018 |   1.0000 |   0.7580 |   0.7770 |    0.008s
    63 |   0.0017 |   1.0000 |   0.7580 |   0.7770 |    0.008s
    64 |   0.0011 |   1.0000 |   0.7580 |   0.7780 |    0.009s
    65 |   0.0017 |   1.0000 |   0.7580 |   0.7780 |    0.008s
    66 |   0.0015 |   1.0000 |   0.7580 |   0.7780 |    0.008s
    67 |   0.0015 |   1.0000 |   0.7580 |   0.7780 |    0.007s
    68 |   0.0020 |   1.0000 |   0.7580 |   0.7770 |    0.008s
    69 |   0.0020 |   1.0000 |   0.7580 |   0.7790 |    0.007s
    70 |   0.0016 |   1.0000 |   0.7580 |   0.7800 |    0.010s
    71 |   0.0011 |   1.0000 |   0.7580 |   0.7800 |    0.009s
    72 |   0.0016 |   1.0000 |   0.7580 |   0.7800 |    0.008s
    73 |   0.0020 |   1.0000 |   0.7580 |   0.7800 |    0.009s
    74 |   0.0013 |   1.0000 |   0.7580 |   0.7800 |    0.008s
    75 |   0.0011 |   1.0000 |   0.7580 |   0.7800 |    0.008s
    76 |   0.0014 |   1.0000 |   0.7560 |   0.7800 |    0.008s
    77 |   0.0014 |   1.0000 |   0.7560 |   0.7800 |    0.009s
    78 |   0.0032 |   1.0000 |   0.7560 |   0.7810 |    0.008s
    79 |   0.0019 |   1.0000 |   0.7560 |   0.7820 |    0.007s
    80 |   0.0022 |   1.0000 |   0.7560 |   0.7830 |    0.008s
    81 |   0.0020 |   1.0000 |   0.7560 |   0.7840 |    0.008s
    82 |   0.0015 |   1.0000 |   0.7560 |   0.7840 |    0.009s
    83 |   0.0021 |   1.0000 |   0.7560 |   0.7830 |    0.009s
    84 |   0.0017 |   1.0000 |   0.7560 |   0.7830 |    0.008s
    85 |   0.0016 |   1.0000 |   0.7560 |   0.7840 |    0.008s
    86 |   0.0024 |   1.0000 |   0.7560 |   0.7830 |    0.007s
    87 |   0.0016 |   1.0000 |   0.7580 |   0.7830 |    0.008s
    88 |   0.0019 |   1.0000 |   0.7560 |   0.7840 |    0.008s
    89 |   0.0014 |   1.0000 |   0.7560 |   0.7840 |    0.007s
    90 |   0.0013 |   1.0000 |   0.7560 |   0.7840 |    0.008s
    91 |   0.0015 |   1.0000 |   0.7560 |   0.7850 |    0.008s
    92 |   0.0015 |   1.0000 |   0.7560 |   0.7840 |    0.008s
    93 |   0.0017 |   1.0000 |   0.7560 |   0.7830 |    0.007s
    94 |   0.0016 |   1.0000 |   0.7560 |   0.7830 |    0.007s
    95 |   0.0015 |   1.0000 |   0.7540 |   0.7840 |    0.008s
    96 |   0.0020 |   1.0000 |   0.7500 |   0.7830 |    0.007s
    97 |   0.0013 |   1.0000 |   0.7520 |   0.7830 |    0.007s
    98 |   0.0018 |   1.0000 |   0.7520 |   0.7840 |    0.008s
    99 |   0.0018 |   1.0000 |   0.7520 |   0.7830 |    0.007s
   100 |   0.0021 |   1.0000 |   0.7520 |   0.7830 |    0.007s
   101 |   0.0018 |   1.0000 |   0.7520 |   0.7840 |    0.010s
   102 |   0.0014 |   1.0000 |   0.7520 |   0.7830 |    0.007s
   103 |   0.0018 |   1.0000 |   0.7520 |   0.7830 |    0.007s
   104 |   0.0015 |   1.0000 |   0.7520 |   0.7830 |    0.008s
   105 |   0.0022 |   1.0000 |   0.7520 |   0.7830 |    0.007s
   106 |   0.0015 |   1.0000 |   0.7520 |   0.7830 |    0.007s
   107 |   0.0018 |   1.0000 |   0.7520 |   0.7850 |    0.007s
   108 |   0.0012 |   1.0000 |   0.7500 |   0.7850 |    0.008s
   109 |   0.0015 |   1.0000 |   0.7480 |   0.7850 |    0.008s
   110 |   0.0014 |   1.0000 |   0.7480 |   0.7830 |    0.008s
   111 |   0.0014 |   1.0000 |   0.7500 |   0.7830 |    0.008s
   112 |   0.0013 |   1.0000 |   0.7500 |   0.7810 |    0.008s
   113 |   0.0013 |   1.0000 |   0.7480 |   0.7810 |    0.008s
   114 |   0.0015 |   1.0000 |   0.7480 |   0.7810 |    0.008s
   115 |   0.0012 |   1.0000 |   0.7480 |   0.7820 |    0.008s
   116 |   0.0012 |   1.0000 |   0.7480 |   0.7820 |    0.009s
   117 |   0.0013 |   1.0000 |   0.7480 |   0.7820 |    0.008s
   118 |   0.0019 |   1.0000 |   0.7480 |   0.7820 |    0.008s
   119 |   0.0017 |   1.0000 |   0.7480 |   0.7810 |    0.007s
   120 |   0.0014 |   1.0000 |   0.7480 |   0.7820 |    0.008s
   121 |   0.0015 |   1.0000 |   0.7480 |   0.7810 |    0.008s
   122 |   0.0013 |   1.0000 |   0.7480 |   0.7810 |    0.008s
   123 |   0.0019 |   1.0000 |   0.7460 |   0.7800 |    0.008s
   124 |   0.0020 |   1.0000 |   0.7460 |   0.7790 |    0.009s
   125 |   0.0014 |   1.0000 |   0.7460 |   0.7780 |    0.007s
   126 |   0.0017 |   1.0000 |   0.7460 |   0.7790 |    0.007s
   127 |   0.0015 |   1.0000 |   0.7460 |   0.7790 |    0.007s
   128 |   0.0020 |   1.0000 |   0.7460 |   0.7800 |    0.008s
   129 |   0.0014 |   1.0000 |   0.7460 |   0.7780 |    0.007s
   130 |   0.0016 |   1.0000 |   0.7460 |   0.7780 |    0.008s
   131 |   0.0013 |   1.0000 |   0.7460 |   0.7780 |    0.007s
   132 |   0.0020 |   1.0000 |   0.7460 |   0.7800 |    0.007s
   133 |   0.0010 |   1.0000 |   0.7460 |   0.7800 |    0.007s
   134 |   0.0019 |   1.0000 |   0.7460 |   0.7770 |    0.008s
   135 |   0.0018 |   1.0000 |   0.7460 |   0.7770 |    0.007s
   136 |   0.0014 |   1.0000 |   0.7480 |   0.7770 |    0.007s
   137 |   0.0017 |   1.0000 |   0.7480 |   0.7770 |    0.008s
   138 |   0.0018 |   1.0000 |   0.7480 |   0.7780 |    0.007s
   139 |   0.0013 |   1.0000 |   0.7480 |   0.7780 |    0.009s
   140 |   0.0017 |   1.0000 |   0.7480 |   0.7770 |    0.008s
   141 |   0.0017 |   1.0000 |   0.7460 |   0.7760 |    0.009s
   142 |   0.0012 |   1.0000 |   0.7440 |   0.7750 |    0.007s
   143 |   0.0016 |   1.0000 |   0.7440 |   0.7750 |    0.009s
   144 |   0.0018 |   1.0000 |   0.7440 |   0.7750 |    0.007s
   145 |   0.0015 |   1.0000 |   0.7440 |   0.7750 |    0.009s
   146 |   0.0016 |   1.0000 |   0.7460 |   0.7770 |    0.008s
   147 |   0.0016 |   1.0000 |   0.7460 |   0.7760 |    0.008s
   148 |   0.0012 |   1.0000 |   0.7460 |   0.7760 |    0.007s
   149 |   0.0012 |   1.0000 |   0.7460 |   0.7760 |    0.008s
   150 |   0.0011 |   1.0000 |   0.7460 |   0.7750 |    0.007s
------------------------------------------------------------------------------
【结果汇总】
  最佳验证准确率 : 0.7660  (第 7 轮)
  对应的测试准确率: 0.7740
  训练总耗时     : 1.45s (不含评估) / 整体墙钟时间 2.69s
  平均每轮训练耗时: 0.01s (每轮 1 次参数更新)
  全图推理耗时   : 0.00s
  模型参数量     : 184,711
结果已追加保存到：D:\PHD\博一\入学任务\任务一_节点分类\results\results.jsonl
