==============================================================================
任务一 节点分类 | 数据集=Cora 模型=GCN 训练方式=full 学习率=0.01 层数=3
==============================================================================
超参数：hidden=128, dropout=0.5, weight_decay=0.0005, epochs=150, seed=42
数据集信息：节点数=2708, 边数=10556, 特征维度=1433, 类别数=7, 训练/验证/测试 = 140/500/1000
模型参数量：201,479
全图训练：每个 epoch 做 1 次全图前向 + 反向
------------------------------------------------------------------------------
 Epoch |     Loss |    Train |      Val |     Test |      时间/轮
------------------------------------------------------------------------------
     1 |   2.3377 |   0.9214 |   0.6520 |   0.6760 |    0.331s
     2 |   0.6793 |   0.9357 |   0.7040 |   0.7180 |    0.012s
     3 |   0.2757 |   0.9714 |   0.7140 |   0.7320 |    0.012s
     4 |   0.1889 |   0.9857 |   0.7160 |   0.7390 |    0.012s
     5 |   0.1049 |   0.9929 |   0.7240 |   0.7320 |    0.013s
     6 |   0.0708 |   0.9929 |   0.7120 |   0.7270 |    0.012s
     7 |   0.0419 |   0.9929 |   0.7020 |   0.7210 |    0.011s
     8 |   0.0331 |   0.9929 |   0.7000 |   0.7190 |    0.014s
     9 |   0.0291 |   1.0000 |   0.7000 |   0.7200 |    0.012s
    10 |   0.0182 |   1.0000 |   0.7000 |   0.7240 |    0.012s
    11 |   0.0147 |   1.0000 |   0.7040 |   0.7250 |    0.013s
    12 |   0.0095 |   1.0000 |   0.7040 |   0.7250 |    0.012s
    13 |   0.0087 |   1.0000 |   0.7040 |   0.7290 |    0.010s
    14 |   0.0294 |   1.0000 |   0.7060 |   0.7290 |    0.011s
    15 |   0.0055 |   1.0000 |   0.7060 |   0.7310 |    0.011s
    16 |   0.0038 |   1.0000 |   0.7060 |   0.7320 |    0.011s
    17 |   0.0028 |   1.0000 |   0.7040 |   0.7390 |    0.011s
    18 |   0.0039 |   1.0000 |   0.7040 |   0.7380 |    0.010s
    19 |   0.0048 |   1.0000 |   0.7080 |   0.7420 |    0.012s
    20 |   0.0049 |   1.0000 |   0.7140 |   0.7420 |    0.011s
    21 |   0.0080 |   1.0000 |   0.7140 |   0.7490 |    0.010s
    22 |   0.0042 |   1.0000 |   0.7100 |   0.7550 |    0.011s
    23 |   0.0038 |   1.0000 |   0.7080 |   0.7550 |    0.011s
    24 |   0.0032 |   1.0000 |   0.7080 |   0.7540 |    0.011s
    25 |   0.0034 |   1.0000 |   0.7080 |   0.7550 |    0.012s
    26 |   0.0020 |   1.0000 |   0.7160 |   0.7550 |    0.011s
    27 |   0.0016 |   1.0000 |   0.7180 |   0.7560 |    0.012s
    28 |   0.0016 |   1.0000 |   0.7220 |   0.7560 |    0.010s
    29 |   0.0020 |   1.0000 |   0.7260 |   0.7600 |    0.011s
    30 |   0.0034 |   1.0000 |   0.7280 |   0.7600 |    0.013s
    31 |   0.0018 |   1.0000 |   0.7280 |   0.7600 |    0.013s
    32 |   0.0009 |   1.0000 |   0.7280 |   0.7650 |    0.010s
    33 |   0.0013 |   1.0000 |   0.7320 |   0.7660 |    0.013s
    34 |   0.0015 |   1.0000 |   0.7320 |   0.7670 |    0.011s
    35 |   0.0018 |   1.0000 |   0.7320 |   0.7690 |    0.011s
    36 |   0.0026 |   1.0000 |   0.7320 |   0.7710 |    0.012s
    37 |   0.0013 |   1.0000 |   0.7380 |   0.7700 |    0.012s
    38 |   0.0020 |   1.0000 |   0.7380 |   0.7710 |    0.012s
    39 |   0.0022 |   1.0000 |   0.7380 |   0.7710 |    0.012s
    40 |   0.0036 |   1.0000 |   0.7380 |   0.7710 |    0.012s
    41 |   0.0027 |   1.0000 |   0.7400 |   0.7690 |    0.013s
    42 |   0.0015 |   1.0000 |   0.7400 |   0.7690 |    0.015s
    43 |   0.0032 |   1.0000 |   0.7420 |   0.7690 |    0.011s
    44 |   0.0015 |   1.0000 |   0.7380 |   0.7700 |    0.011s
    45 |   0.0019 |   1.0000 |   0.7380 |   0.7750 |    0.012s
    46 |   0.0021 |   1.0000 |   0.7380 |   0.7780 |    0.011s
    47 |   0.0016 |   1.0000 |   0.7360 |   0.7820 |    0.013s
    48 |   0.0017 |   1.0000 |   0.7360 |   0.7840 |    0.010s
    49 |   0.0019 |   1.0000 |   0.7360 |   0.7840 |    0.012s
    50 |   0.0033 |   1.0000 |   0.7320 |   0.7850 |    0.012s
    51 |   0.0018 |   1.0000 |   0.7300 |   0.7840 |    0.012s
    52 |   0.0066 |   1.0000 |   0.7240 |   0.7790 |    0.011s
    53 |   0.0019 |   1.0000 |   0.7240 |   0.7780 |    0.013s
    54 |   0.0015 |   1.0000 |   0.7280 |   0.7740 |    0.011s
    55 |   0.0032 |   1.0000 |   0.7280 |   0.7720 |    0.012s
    56 |   0.0015 |   1.0000 |   0.7300 |   0.7710 |    0.012s
    57 |   0.0012 |   1.0000 |   0.7260 |   0.7690 |    0.011s
    58 |   0.0014 |   1.0000 |   0.7260 |   0.7690 |    0.012s
    59 |   0.0010 |   1.0000 |   0.7260 |   0.7680 |    0.011s
    60 |   0.0015 |   1.0000 |   0.7220 |   0.7690 |    0.013s
    61 |   0.0015 |   1.0000 |   0.7240 |   0.7700 |    0.012s
    62 |   0.0016 |   1.0000 |   0.7260 |   0.7720 |    0.013s
    63 |   0.0026 |   1.0000 |   0.7240 |   0.7710 |    0.012s
    64 |   0.0012 |   1.0000 |   0.7260 |   0.7680 |    0.010s
    65 |   0.0011 |   1.0000 |   0.7300 |   0.7710 |    0.011s
    66 |   0.0012 |   1.0000 |   0.7280 |   0.7700 |    0.011s
    67 |   0.0015 |   1.0000 |   0.7280 |   0.7700 |    0.011s
    68 |   0.0016 |   1.0000 |   0.7300 |   0.7690 |    0.013s
    69 |   0.0027 |   1.0000 |   0.7280 |   0.7700 |    0.013s
    70 |   0.0032 |   1.0000 |   0.7260 |   0.7670 |    0.012s
    71 |   0.0017 |   1.0000 |   0.7240 |   0.7650 |    0.011s
    72 |   0.0032 |   1.0000 |   0.7240 |   0.7660 |    0.012s
    73 |   0.0021 |   1.0000 |   0.7200 |   0.7650 |    0.012s
    74 |   0.0019 |   1.0000 |   0.7180 |   0.7640 |    0.012s
    75 |   0.0030 |   1.0000 |   0.7200 |   0.7650 |    0.012s
    76 |   0.0018 |   1.0000 |   0.7220 |   0.7650 |    0.016s
    77 |   0.0015 |   1.0000 |   0.7200 |   0.7650 |    0.012s
    78 |   0.0022 |   1.0000 |   0.7160 |   0.7650 |    0.012s
    79 |   0.0020 |   1.0000 |   0.7160 |   0.7660 |    0.013s
    80 |   0.0024 |   1.0000 |   0.7180 |   0.7650 |    0.011s
    81 |   0.0024 |   1.0000 |   0.7180 |   0.7660 |    0.012s
    82 |   0.0055 |   1.0000 |   0.7200 |   0.7650 |    0.012s
    83 |   0.0023 |   1.0000 |   0.7220 |   0.7630 |    0.012s
    84 |   0.0027 |   1.0000 |   0.7240 |   0.7620 |    0.012s
    85 |   0.0016 |   1.0000 |   0.7240 |   0.7630 |    0.012s
    86 |   0.0014 |   1.0000 |   0.7240 |   0.7630 |    0.010s
    87 |   0.0030 |   1.0000 |   0.7240 |   0.7670 |    0.012s
    88 |   0.0044 |   1.0000 |   0.7220 |   0.7680 |    0.011s
    89 |   0.0012 |   1.0000 |   0.7160 |   0.7670 |    0.012s
    90 |   0.0030 |   1.0000 |   0.7180 |   0.7660 |    0.012s
    91 |   0.0017 |   1.0000 |   0.7180 |   0.7660 |    0.011s
    92 |   0.0014 |   1.0000 |   0.7180 |   0.7660 |    0.012s
    93 |   0.0048 |   1.0000 |   0.7180 |   0.7630 |    0.013s
    94 |   0.0028 |   1.0000 |   0.7200 |   0.7640 |    0.011s
    95 |   0.0024 |   1.0000 |   0.7200 |   0.7620 |    0.011s
    96 |   0.0020 |   1.0000 |   0.7220 |   0.7610 |    0.013s
    97 |   0.0016 |   1.0000 |   0.7200 |   0.7600 |    0.012s
    98 |   0.0022 |   1.0000 |   0.7180 |   0.7590 |    0.013s
    99 |   0.0018 |   1.0000 |   0.7160 |   0.7580 |    0.013s
   100 |   0.0023 |   1.0000 |   0.7140 |   0.7610 |    0.012s
   101 |   0.0017 |   1.0000 |   0.7180 |   0.7620 |    0.012s
   102 |   0.0017 |   1.0000 |   0.7180 |   0.7610 |    0.012s
   103 |   0.0020 |   1.0000 |   0.7160 |   0.7620 |    0.011s
   104 |   0.0011 |   1.0000 |   0.7160 |   0.7620 |    0.013s
   105 |   0.0024 |   1.0000 |   0.7180 |   0.7600 |    0.012s
   106 |   0.0015 |   1.0000 |   0.7160 |   0.7590 |    0.012s
   107 |   0.0016 |   1.0000 |   0.7180 |   0.7580 |    0.012s
   108 |   0.0022 |   1.0000 |   0.7160 |   0.7580 |    0.012s
   109 |   0.0022 |   1.0000 |   0.7160 |   0.7580 |    0.011s
   110 |   0.0020 |   1.0000 |   0.7180 |   0.7580 |    0.011s
   111 |   0.0063 |   1.0000 |   0.7200 |   0.7590 |    0.013s
   112 |   0.0021 |   1.0000 |   0.7160 |   0.7570 |    0.011s
   113 |   0.0016 |   1.0000 |   0.7160 |   0.7560 |    0.012s
   114 |   0.0016 |   1.0000 |   0.7160 |   0.7550 |    0.012s
   115 |   0.0014 |   1.0000 |   0.7140 |   0.7540 |    0.013s
   116 |   0.0022 |   1.0000 |   0.7140 |   0.7570 |    0.014s
   117 |   0.0023 |   1.0000 |   0.7140 |   0.7570 |    0.014s
   118 |   0.0023 |   1.0000 |   0.7140 |   0.7590 |    0.012s
   119 |   0.0027 |   1.0000 |   0.7140 |   0.7580 |    0.014s
   120 |   0.0013 |   1.0000 |   0.7180 |   0.7540 |    0.011s
   121 |   0.0027 |   1.0000 |   0.7220 |   0.7520 |    0.013s
   122 |   0.0013 |   1.0000 |   0.7200 |   0.7520 |    0.012s
   123 |   0.0024 |   1.0000 |   0.7200 |   0.7530 |    0.013s
   124 |   0.0046 |   1.0000 |   0.7140 |   0.7520 |    0.012s
   125 |   0.0012 |   1.0000 |   0.7120 |   0.7550 |    0.013s
   126 |   0.0014 |   1.0000 |   0.7160 |   0.7540 |    0.012s
   127 |   0.0015 |   1.0000 |   0.7160 |   0.7520 |    0.015s
   128 |   0.0050 |   1.0000 |   0.7080 |   0.7510 |    0.012s
   129 |   0.0012 |   1.0000 |   0.7080 |   0.7440 |    0.012s
   130 |   0.0017 |   1.0000 |   0.7120 |   0.7430 |    0.011s
   131 |   0.0009 |   1.0000 |   0.7140 |   0.7460 |    0.012s
   132 |   0.0013 |   1.0000 |   0.7140 |   0.7470 |    0.013s
   133 |   0.0016 |   1.0000 |   0.7140 |   0.7480 |    0.011s
   134 |   0.0102 |   1.0000 |   0.7120 |   0.7480 |    0.011s
   135 |   0.0013 |   1.0000 |   0.7100 |   0.7460 |    0.012s
   136 |   0.0013 |   1.0000 |   0.7120 |   0.7420 |    0.013s
   137 |   0.0014 |   1.0000 |   0.7080 |   0.7420 |    0.011s
   138 |   0.0015 |   1.0000 |   0.7040 |   0.7370 |    0.010s
   139 |   0.0045 |   1.0000 |   0.7040 |   0.7350 |    0.013s
   140 |   0.0028 |   1.0000 |   0.7040 |   0.7330 |    0.012s
   141 |   0.0023 |   1.0000 |   0.7040 |   0.7350 |    0.012s
   142 |   0.0060 |   1.0000 |   0.7040 |   0.7300 |    0.012s
   143 |   0.0030 |   1.0000 |   0.7000 |   0.7320 |    0.012s
   144 |   0.0021 |   1.0000 |   0.6880 |   0.7310 |    0.013s
   145 |   0.0022 |   1.0000 |   0.6920 |   0.7300 |    0.012s
   146 |   0.0019 |   1.0000 |   0.6940 |   0.7310 |    0.012s
   147 |   0.0021 |   1.0000 |   0.6940 |   0.7340 |    0.012s
   148 |   0.0024 |   1.0000 |   0.6980 |   0.7340 |    0.012s
   149 |   0.0022 |   1.0000 |   0.7020 |   0.7370 |    0.012s
   150 |   0.0034 |   1.0000 |   0.7040 |   0.7390 |    0.011s
------------------------------------------------------------------------------
【结果汇总】
  最佳验证准确率 : 0.7420  (第 43 轮)
  对应的测试准确率: 0.7690
  训练总耗时     : 2.08s (不含评估) / 整体墙钟时间 3.81s
  平均每轮训练耗时: 0.01s (每轮 1 次参数更新)
  全图推理耗时   : 0.01s
  模型参数量     : 201,479
结果已追加保存到：D:\PHD\博一\入学任务\任务一_节点分类\results\results.jsonl
