==============================================================================
任务一 节点分类 | 数据集=Cora 模型=GCN 训练方式=full 学习率=0.001 层数=2
==============================================================================
超参数：hidden=128, dropout=0.5, weight_decay=0.0005, epochs=150, seed=42
数据集信息：节点数=2708, 边数=10556, 特征维度=1433, 类别数=7, 训练/验证/测试 = 140/500/1000
模型参数量：184,711
全图训练：每个 epoch 做 1 次全图前向 + 反向
------------------------------------------------------------------------------
 Epoch |     Loss |    Train |      Val |     Test |      时间/轮
------------------------------------------------------------------------------
     1 |   2.2375 |   0.4714 |   0.2080 |   0.2580 |    0.304s
     2 |   1.7076 |   0.7286 |   0.3840 |   0.4070 |    0.009s
     3 |   1.3290 |   0.8714 |   0.5120 |   0.5170 |    0.008s
     4 |   1.0312 |   0.9571 |   0.5760 |   0.5940 |    0.010s
     5 |   0.7342 |   0.9786 |   0.6240 |   0.6390 |    0.009s
     6 |   0.6146 |   0.9786 |   0.6500 |   0.6790 |    0.008s
     7 |   0.4282 |   0.9786 |   0.6820 |   0.6990 |    0.009s
     8 |   0.3606 |   0.9786 |   0.6980 |   0.7190 |    0.009s
     9 |   0.2784 |   0.9786 |   0.7140 |   0.7260 |    0.009s
    10 |   0.2209 |   0.9857 |   0.7260 |   0.7340 |    0.010s
    11 |   0.2149 |   0.9857 |   0.7300 |   0.7390 |    0.009s
    12 |   0.1654 |   0.9929 |   0.7300 |   0.7440 |    0.007s
    13 |   0.1486 |   0.9929 |   0.7340 |   0.7500 |    0.009s
    14 |   0.1122 |   1.0000 |   0.7360 |   0.7560 |    0.007s
    15 |   0.1162 |   1.0000 |   0.7340 |   0.7540 |    0.010s
    16 |   0.0889 |   1.0000 |   0.7400 |   0.7520 |    0.009s
    17 |   0.0830 |   1.0000 |   0.7380 |   0.7510 |    0.012s
    18 |   0.0698 |   1.0000 |   0.7380 |   0.7530 |    0.009s
    19 |   0.0633 |   1.0000 |   0.7400 |   0.7540 |    0.009s
    20 |   0.0490 |   1.0000 |   0.7400 |   0.7550 |    0.008s
    21 |   0.0484 |   1.0000 |   0.7400 |   0.7570 |    0.008s
    22 |   0.0453 |   1.0000 |   0.7400 |   0.7600 |    0.008s
    23 |   0.0436 |   1.0000 |   0.7420 |   0.7600 |    0.010s
    24 |   0.0435 |   1.0000 |   0.7420 |   0.7620 |    0.010s
    25 |   0.0386 |   1.0000 |   0.7400 |   0.7610 |    0.009s
    26 |   0.0290 |   1.0000 |   0.7400 |   0.7590 |    0.007s
    27 |   0.0294 |   1.0000 |   0.7400 |   0.7600 |    0.008s
    28 |   0.0268 |   1.0000 |   0.7420 |   0.7600 |    0.008s
    29 |   0.0263 |   1.0000 |   0.7420 |   0.7590 |    0.008s
    30 |   0.0244 |   1.0000 |   0.7420 |   0.7580 |    0.007s
    31 |   0.0208 |   1.0000 |   0.7420 |   0.7600 |    0.008s
    32 |   0.0175 |   1.0000 |   0.7420 |   0.7620 |    0.008s
    33 |   0.0213 |   1.0000 |   0.7420 |   0.7620 |    0.007s
    34 |   0.0176 |   1.0000 |   0.7420 |   0.7620 |    0.010s
    35 |   0.0164 |   1.0000 |   0.7420 |   0.7630 |    0.008s
    36 |   0.0185 |   1.0000 |   0.7440 |   0.7630 |    0.008s
    37 |   0.0156 |   1.0000 |   0.7440 |   0.7630 |    0.009s
    38 |   0.0142 |   1.0000 |   0.7440 |   0.7630 |    0.009s
    39 |   0.0134 |   1.0000 |   0.7460 |   0.7660 |    0.008s
    40 |   0.0125 |   1.0000 |   0.7460 |   0.7650 |    0.009s
    41 |   0.0132 |   1.0000 |   0.7460 |   0.7650 |    0.008s
    42 |   0.0142 |   1.0000 |   0.7460 |   0.7650 |    0.008s
    43 |   0.0099 |   1.0000 |   0.7460 |   0.7640 |    0.009s
    44 |   0.0116 |   1.0000 |   0.7480 |   0.7640 |    0.008s
    45 |   0.0122 |   1.0000 |   0.7480 |   0.7640 |    0.008s
    46 |   0.0122 |   1.0000 |   0.7480 |   0.7630 |    0.008s
    47 |   0.0100 |   1.0000 |   0.7500 |   0.7630 |    0.007s
    48 |   0.0111 |   1.0000 |   0.7500 |   0.7630 |    0.007s
    49 |   0.0094 |   1.0000 |   0.7500 |   0.7630 |    0.008s
    50 |   0.0112 |   1.0000 |   0.7500 |   0.7630 |    0.008s
    51 |   0.0115 |   1.0000 |   0.7500 |   0.7610 |    0.007s
    52 |   0.0085 |   1.0000 |   0.7500 |   0.7600 |    0.007s
    53 |   0.0082 |   1.0000 |   0.7480 |   0.7600 |    0.008s
    54 |   0.0094 |   1.0000 |   0.7480 |   0.7610 |    0.008s
    55 |   0.0084 |   1.0000 |   0.7480 |   0.7620 |    0.008s
    56 |   0.0096 |   1.0000 |   0.7460 |   0.7620 |    0.007s
    57 |   0.0089 |   1.0000 |   0.7460 |   0.7620 |    0.008s
    58 |   0.0095 |   1.0000 |   0.7460 |   0.7630 |    0.008s
    59 |   0.0075 |   1.0000 |   0.7460 |   0.7640 |    0.009s
    60 |   0.0072 |   1.0000 |   0.7460 |   0.7630 |    0.008s
    61 |   0.0071 |   1.0000 |   0.7460 |   0.7630 |    0.008s
    62 |   0.0091 |   1.0000 |   0.7460 |   0.7640 |    0.009s
    63 |   0.0078 |   1.0000 |   0.7460 |   0.7640 |    0.009s
    64 |   0.0062 |   1.0000 |   0.7460 |   0.7640 |    0.007s
    65 |   0.0085 |   1.0000 |   0.7460 |   0.7640 |    0.007s
    66 |   0.0066 |   1.0000 |   0.7460 |   0.7640 |    0.009s
    67 |   0.0073 |   1.0000 |   0.7460 |   0.7650 |    0.008s
    68 |   0.0064 |   1.0000 |   0.7460 |   0.7650 |    0.008s
    69 |   0.0078 |   1.0000 |   0.7460 |   0.7650 |    0.009s
    70 |   0.0069 |   1.0000 |   0.7460 |   0.7650 |    0.009s
    71 |   0.0059 |   1.0000 |   0.7460 |   0.7650 |    0.008s
    72 |   0.0068 |   1.0000 |   0.7460 |   0.7650 |    0.008s
    73 |   0.0083 |   1.0000 |   0.7460 |   0.7650 |    0.009s
    74 |   0.0056 |   1.0000 |   0.7460 |   0.7630 |    0.009s
    75 |   0.0050 |   1.0000 |   0.7460 |   0.7640 |    0.008s
    76 |   0.0065 |   1.0000 |   0.7460 |   0.7640 |    0.008s
    77 |   0.0057 |   1.0000 |   0.7460 |   0.7640 |    0.010s
    78 |   0.0101 |   1.0000 |   0.7460 |   0.7640 |    0.008s
    79 |   0.0070 |   1.0000 |   0.7460 |   0.7650 |    0.007s
    80 |   0.0074 |   1.0000 |   0.7460 |   0.7670 |    0.007s
    81 |   0.0073 |   1.0000 |   0.7440 |   0.7640 |    0.007s
    82 |   0.0053 |   1.0000 |   0.7420 |   0.7650 |    0.007s
    83 |   0.0065 |   1.0000 |   0.7420 |   0.7650 |    0.008s
    84 |   0.0055 |   1.0000 |   0.7400 |   0.7660 |    0.009s
    85 |   0.0056 |   1.0000 |   0.7400 |   0.7660 |    0.007s
    86 |   0.0056 |   1.0000 |   0.7400 |   0.7660 |    0.007s
    87 |   0.0047 |   1.0000 |   0.7400 |   0.7650 |    0.007s
    88 |   0.0056 |   1.0000 |   0.7400 |   0.7650 |    0.009s
    89 |   0.0049 |   1.0000 |   0.7400 |   0.7650 |    0.008s
    90 |   0.0043 |   1.0000 |   0.7400 |   0.7650 |    0.009s
    91 |   0.0046 |   1.0000 |   0.7400 |   0.7660 |    0.008s
    92 |   0.0047 |   1.0000 |   0.7400 |   0.7660 |    0.009s
    93 |   0.0051 |   1.0000 |   0.7400 |   0.7660 |    0.009s
    94 |   0.0048 |   1.0000 |   0.7400 |   0.7660 |    0.009s
    95 |   0.0047 |   1.0000 |   0.7400 |   0.7640 |    0.008s
    96 |   0.0060 |   1.0000 |   0.7400 |   0.7640 |    0.008s
    97 |   0.0039 |   1.0000 |   0.7400 |   0.7640 |    0.008s
    98 |   0.0054 |   1.0000 |   0.7380 |   0.7640 |    0.008s
    99 |   0.0050 |   1.0000 |   0.7380 |   0.7640 |    0.009s
   100 |   0.0057 |   1.0000 |   0.7380 |   0.7630 |    0.009s
   101 |   0.0047 |   1.0000 |   0.7380 |   0.7630 |    0.009s
   102 |   0.0038 |   1.0000 |   0.7380 |   0.7630 |    0.009s
   103 |   0.0046 |   1.0000 |   0.7380 |   0.7630 |    0.009s
   104 |   0.0045 |   1.0000 |   0.7380 |   0.7640 |    0.006s
   105 |   0.0050 |   1.0000 |   0.7380 |   0.7630 |    0.008s
   106 |   0.0043 |   1.0000 |   0.7380 |   0.7630 |    0.008s
   107 |   0.0044 |   1.0000 |   0.7380 |   0.7630 |    0.007s
   108 |   0.0036 |   1.0000 |   0.7380 |   0.7630 |    0.007s
   109 |   0.0038 |   1.0000 |   0.7380 |   0.7630 |    0.007s
   110 |   0.0035 |   1.0000 |   0.7380 |   0.7630 |    0.007s
   111 |   0.0037 |   1.0000 |   0.7380 |   0.7630 |    0.007s
   112 |   0.0038 |   1.0000 |   0.7380 |   0.7630 |    0.007s
   113 |   0.0032 |   1.0000 |   0.7380 |   0.7630 |    0.009s
   114 |   0.0039 |   1.0000 |   0.7380 |   0.7630 |    0.009s
   115 |   0.0032 |   1.0000 |   0.7380 |   0.7630 |    0.008s
   116 |   0.0036 |   1.0000 |   0.7380 |   0.7630 |    0.010s
   117 |   0.0032 |   1.0000 |   0.7380 |   0.7620 |    0.010s
   118 |   0.0045 |   1.0000 |   0.7380 |   0.7610 |    0.009s
   119 |   0.0042 |   1.0000 |   0.7380 |   0.7600 |    0.008s
   120 |   0.0034 |   1.0000 |   0.7380 |   0.7600 |    0.010s
   121 |   0.0037 |   1.0000 |   0.7380 |   0.7600 |    0.009s
   122 |   0.0031 |   1.0000 |   0.7380 |   0.7600 |    0.007s
   123 |   0.0039 |   1.0000 |   0.7380 |   0.7600 |    0.008s
   124 |   0.0044 |   1.0000 |   0.7380 |   0.7600 |    0.007s
   125 |   0.0034 |   1.0000 |   0.7380 |   0.7600 |    0.007s
   126 |   0.0036 |   1.0000 |   0.7380 |   0.7600 |    0.008s
   127 |   0.0033 |   1.0000 |   0.7380 |   0.7600 |    0.008s
   128 |   0.0042 |   1.0000 |   0.7380 |   0.7600 |    0.008s
   129 |   0.0032 |   1.0000 |   0.7380 |   0.7600 |    0.008s
   130 |   0.0034 |   1.0000 |   0.7380 |   0.7600 |    0.006s
   131 |   0.0030 |   1.0000 |   0.7380 |   0.7590 |    0.007s
   132 |   0.0038 |   1.0000 |   0.7380 |   0.7590 |    0.008s
   133 |   0.0027 |   1.0000 |   0.7380 |   0.7590 |    0.008s
   134 |   0.0038 |   1.0000 |   0.7380 |   0.7590 |    0.007s
   135 |   0.0036 |   1.0000 |   0.7380 |   0.7590 |    0.006s
   136 |   0.0034 |   1.0000 |   0.7380 |   0.7590 |    0.007s
   137 |   0.0036 |   1.0000 |   0.7380 |   0.7610 |    0.009s
   138 |   0.0034 |   1.0000 |   0.7380 |   0.7610 |    0.007s
   139 |   0.0032 |   1.0000 |   0.7380 |   0.7610 |    0.007s
   140 |   0.0032 |   1.0000 |   0.7380 |   0.7600 |    0.007s
   141 |   0.0032 |   1.0000 |   0.7380 |   0.7600 |    0.008s
   142 |   0.0026 |   1.0000 |   0.7380 |   0.7600 |    0.008s
   143 |   0.0031 |   1.0000 |   0.7380 |   0.7600 |    0.007s
   144 |   0.0037 |   1.0000 |   0.7380 |   0.7600 |    0.006s
   145 |   0.0029 |   1.0000 |   0.7380 |   0.7600 |    0.010s
   146 |   0.0034 |   1.0000 |   0.7380 |   0.7600 |    0.007s
   147 |   0.0031 |   1.0000 |   0.7380 |   0.7600 |    0.006s
   148 |   0.0024 |   1.0000 |   0.7380 |   0.7600 |    0.007s
   149 |   0.0025 |   1.0000 |   0.7380 |   0.7610 |    0.014s
   150 |   0.0023 |   1.0000 |   0.7380 |   0.7620 |    0.008s
------------------------------------------------------------------------------
【结果汇总】
  最佳验证准确率 : 0.7500  (第 47 轮)
  对应的测试准确率: 0.7630
  训练总耗时     : 1.51s (不含评估) / 整体墙钟时间 2.85s
  平均每轮训练耗时: 0.01s (每轮 1 次参数更新)
  全图推理耗时   : 0.01s
  模型参数量     : 184,711
结果已追加保存到：D:\PHD\博一\入学任务\任务一_节点分类\results\results.jsonl
