==============================================================================
任务一 节点分类 | 数据集=Cora 模型=GIN 训练方式=sample 学习率=0.01 层数=2
==============================================================================
超参数：hidden=128, dropout=0.5, weight_decay=0.0005, epochs=150, seed=42
数据集信息：节点数=2708, 边数=10556, 特征维度=1433, 类别数=7, 训练/验证/测试 = 140/500/1000
模型参数量：201,281
采样设置：batch_size=128, num_neighbors=[10, 10], 每轮 batch 数=2
------------------------------------------------------------------------------
 Epoch |     Loss |    Train |      Val |     Test |      时间/轮
------------------------------------------------------------------------------
     1 |   2.6053 |   0.3357 |   0.2440 |   0.2580 |    0.204s
     2 |   1.6075 |   0.5429 |   0.3380 |   0.3810 |    0.014s
     3 |   1.1773 |   0.6357 |   0.4380 |   0.4570 |    0.016s
     4 |   0.9712 |   0.7000 |   0.5300 |   0.5110 |    0.014s
     5 |   0.8432 |   0.7429 |   0.5580 |   0.5320 |    0.013s
     6 |   0.8551 |   0.8786 |   0.6280 |   0.6250 |    0.012s
     7 |   0.5631 |   0.8714 |   0.6780 |   0.6810 |    0.014s
     8 |   0.4651 |   0.8571 |   0.6520 |   0.6800 |    0.013s
     9 |   0.5736 |   0.9071 |   0.6880 |   0.7050 |    0.014s
    10 |   0.8767 |   0.9286 |   0.7400 |   0.7590 |    0.015s
    11 |   0.6782 |   0.8929 |   0.7260 |   0.7170 |    0.014s
    12 |   0.4529 |   0.8857 |   0.7000 |   0.7000 |    0.014s
    13 |   0.3773 |   0.8929 |   0.6880 |   0.6890 |    0.015s
    14 |   0.3426 |   0.9143 |   0.6960 |   0.7000 |    0.014s
    15 |   0.2531 |   0.9286 |   0.6880 |   0.7000 |    0.015s
    16 |   0.2815 |   0.9500 |   0.6860 |   0.6960 |    0.014s
    17 |   0.1982 |   0.9643 |   0.6920 |   0.6910 |    0.015s
    18 |   0.2093 |   0.9643 |   0.7000 |   0.7050 |    0.016s
    19 |   0.1097 |   0.9786 |   0.7160 |   0.7300 |    0.015s
    20 |   0.2013 |   0.9786 |   0.7440 |   0.7410 |    0.014s
    21 |   0.0608 |   0.9857 |   0.7420 |   0.7410 |    0.013s
    22 |   0.0887 |   0.9857 |   0.7360 |   0.7380 |    0.014s
    23 |   0.0906 |   0.9857 |   0.7400 |   0.7320 |    0.018s
    24 |   0.0304 |   0.9714 |   0.7320 |   0.7200 |    0.014s
    25 |   0.1964 |   0.9643 |   0.7280 |   0.7000 |    0.015s
    26 |   0.0764 |   0.9714 |   0.7260 |   0.7020 |    0.015s
    27 |   0.0411 |   0.9643 |   0.7040 |   0.6980 |    0.013s
    28 |   0.0432 |   0.9643 |   0.6800 |   0.6730 |    0.016s
    29 |   0.0393 |   0.9571 |   0.6720 |   0.6810 |    0.013s
    30 |   0.0314 |   0.9786 |   0.7120 |   0.7270 |    0.013s
    31 |   0.0530 |   0.9857 |   0.7180 |   0.7380 |    0.013s
    32 |   0.0181 |   0.9857 |   0.7300 |   0.7470 |    0.017s
    33 |   0.0219 |   0.9857 |   0.7280 |   0.7460 |    0.014s
    34 |   0.0521 |   0.9857 |   0.7340 |   0.7520 |    0.016s
    35 |   0.0432 |   0.9857 |   0.7460 |   0.7600 |    0.014s
    36 |   0.0212 |   0.9857 |   0.7520 |   0.7510 |    0.013s
    37 |   0.0339 |   0.9786 |   0.7520 |   0.7420 |    0.013s
    38 |   0.0410 |   0.9786 |   0.7460 |   0.7420 |    0.014s
    39 |   0.0265 |   0.9857 |   0.7500 |   0.7380 |    0.013s
    40 |   0.0340 |   0.9857 |   0.7520 |   0.7390 |    0.013s
    41 |   0.0163 |   0.9857 |   0.7480 |   0.7330 |    0.013s
    42 |   0.0144 |   0.9857 |   0.7460 |   0.7380 |    0.013s
    43 |   0.0148 |   0.9857 |   0.7440 |   0.7370 |    0.013s
    44 |   0.0374 |   0.9857 |   0.7420 |   0.7390 |    0.012s
    45 |   0.0160 |   0.9857 |   0.7420 |   0.7370 |    0.013s
    46 |   0.0723 |   0.9857 |   0.7400 |   0.7380 |    0.012s
    47 |   0.0108 |   0.9857 |   0.7420 |   0.7430 |    0.015s
    48 |   0.0107 |   0.9857 |   0.7440 |   0.7450 |    0.014s
    49 |   0.0104 |   0.9857 |   0.7520 |   0.7450 |    0.013s
    50 |   0.2041 |   0.9857 |   0.7540 |   0.7640 |    0.013s
    51 |   0.0834 |   0.9857 |   0.7420 |   0.7660 |    0.014s
    52 |   0.1005 |   0.9571 |   0.7200 |   0.7650 |    0.013s
    53 |   0.1170 |   0.9643 |   0.7380 |   0.7740 |    0.014s
    54 |   0.0802 |   0.9714 |   0.7480 |   0.7620 |    0.012s
    55 |   0.0293 |   0.9786 |   0.7300 |   0.7360 |    0.013s
    56 |   0.0104 |   0.9571 |   0.7100 |   0.7060 |    0.013s
    57 |   0.0155 |   0.9500 |   0.6680 |   0.6850 |    0.013s
    58 |   0.0802 |   0.9786 |   0.7240 |   0.7150 |    0.015s
    59 |   0.0686 |   0.9786 |   0.7360 |   0.7390 |    0.016s
    60 |   0.0821 |   0.9786 |   0.7420 |   0.7340 |    0.016s
    61 |   0.0291 |   0.9786 |   0.7020 |   0.7250 |    0.017s
    62 |   0.1428 |   0.9714 |   0.7080 |   0.7170 |    0.016s
    63 |   0.0325 |   0.9857 |   0.7140 |   0.7280 |    0.015s
    64 |   0.0277 |   0.9857 |   0.7260 |   0.7380 |    0.015s
    65 |   0.0132 |   0.9857 |   0.7280 |   0.7420 |    0.017s
    66 |   0.0603 |   0.9786 |   0.7100 |   0.7240 |    0.017s
    67 |   0.4399 |   0.9571 |   0.6600 |   0.6610 |    0.016s
    68 |   0.0502 |   0.9429 |   0.5880 |   0.6100 |    0.015s
    69 |   0.1885 |   0.9143 |   0.5760 |   0.6070 |    0.015s
    70 |   0.6853 |   0.8929 |   0.6260 |   0.6190 |    0.013s
    71 |   0.4530 |   0.9214 |   0.6380 |   0.6550 |    0.013s
    72 |   0.7006 |   0.8714 |   0.5580 |   0.6110 |    0.013s
    73 |   0.5105 |   0.8214 |   0.5460 |   0.5940 |    0.013s
    74 |   0.4705 |   0.8714 |   0.6320 |   0.6390 |    0.013s
    75 |   1.3037 |   0.8500 |   0.6520 |   0.6720 |    0.013s
    76 |   0.1782 |   0.8929 |   0.6940 |   0.7050 |    0.016s
    77 |   0.1496 |   0.9643 |   0.7180 |   0.7350 |    0.015s
    78 |   0.0913 |   0.9643 |   0.7160 |   0.7500 |    0.013s
    79 |   0.3791 |   0.9429 |   0.7200 |   0.7370 |    0.014s
    80 |   0.7580 |   0.9286 |   0.7060 |   0.7300 |    0.012s
    81 |   0.3825 |   0.8571 |   0.6840 |   0.7150 |    0.013s
    82 |   0.1616 |   0.8571 |   0.6720 |   0.7130 |    0.013s
    83 |   0.1115 |   0.9286 |   0.6900 |   0.7370 |    0.014s
    84 |   0.0791 |   0.9786 |   0.7100 |   0.7500 |    0.013s
    85 |   0.0648 |   0.9786 |   0.7120 |   0.7500 |    0.012s
    86 |   0.0263 |   0.9857 |   0.6980 |   0.7420 |    0.015s
    87 |   0.0638 |   0.9857 |   0.7100 |   0.7380 |    0.013s
    88 |   0.0228 |   0.9857 |   0.7080 |   0.7380 |    0.013s
    89 |   0.0261 |   0.9929 |   0.7080 |   0.7400 |    0.013s
    90 |   0.0207 |   0.9857 |   0.7180 |   0.7430 |    0.012s
    91 |   0.0355 |   0.9857 |   0.7140 |   0.7450 |    0.017s
    92 |   0.0416 |   0.9857 |   0.7080 |   0.7460 |    0.014s
    93 |   0.0195 |   0.9857 |   0.7140 |   0.7560 |    0.014s
    94 |   0.0152 |   0.9857 |   0.7180 |   0.7610 |    0.015s
    95 |   0.0187 |   0.9857 |   0.7180 |   0.7660 |    0.013s
    96 |   0.0101 |   0.9857 |   0.7240 |   0.7590 |    0.015s
    97 |   0.0157 |   0.9857 |   0.7280 |   0.7620 |    0.021s
    98 |   0.0117 |   0.9929 |   0.7320 |   0.7620 |    0.016s
    99 |   0.0113 |   0.9929 |   0.7300 |   0.7610 |    0.017s
   100 |   0.0150 |   0.9929 |   0.7340 |   0.7600 |    0.016s
   101 |   0.0174 |   0.9929 |   0.7340 |   0.7640 |    0.015s
   102 |   0.0164 |   0.9929 |   0.7320 |   0.7630 |    0.011s
   103 |   0.0078 |   0.9929 |   0.7340 |   0.7620 |    0.013s
   104 |   0.0129 |   0.9929 |   0.7320 |   0.7650 |    0.012s
   105 |   0.0094 |   0.9929 |   0.7320 |   0.7650 |    0.014s
   106 |   0.0091 |   0.9929 |   0.7320 |   0.7640 |    0.013s
   107 |   0.0034 |   0.9929 |   0.7320 |   0.7620 |    0.013s
   108 |   0.0057 |   0.9929 |   0.7280 |   0.7640 |    0.012s
   109 |   0.0048 |   0.9929 |   0.7240 |   0.7650 |    0.015s
   110 |   0.0290 |   0.9929 |   0.7300 |   0.7640 |    0.014s
   111 |   0.0110 |   0.9929 |   0.7340 |   0.7700 |    0.013s
   112 |   0.0178 |   0.9929 |   0.7340 |   0.7680 |    0.012s
   113 |   0.0099 |   0.9857 |   0.7360 |   0.7720 |    0.013s
   114 |   0.0053 |   0.9857 |   0.7280 |   0.7740 |    0.013s
   115 |   0.0629 |   0.9857 |   0.7360 |   0.7620 |    0.014s
   116 |   0.0101 |   0.9857 |   0.7240 |   0.7530 |    0.013s
   117 |   0.0139 |   0.9714 |   0.7140 |   0.7310 |    0.014s
   118 |   0.0031 |   0.9643 |   0.7160 |   0.7190 |    0.014s
   119 |   0.0300 |   0.9571 |   0.7140 |   0.7150 |    0.013s
   120 |   0.0409 |   0.9643 |   0.7160 |   0.7170 |    0.013s
   121 |   0.0247 |   0.9929 |   0.7300 |   0.7500 |    0.015s
   122 |   0.0045 |   0.9929 |   0.7380 |   0.7520 |    0.013s
   123 |   0.0039 |   0.9929 |   0.7400 |   0.7590 |    0.013s
   124 |   0.0036 |   0.9929 |   0.7380 |   0.7650 |    0.013s
   125 |   0.2338 |   0.9857 |   0.7240 |   0.7650 |    0.014s
   126 |   0.0072 |   0.9714 |   0.6920 |   0.7520 |    0.013s
   127 |   0.0431 |   0.9429 |   0.6900 |   0.7350 |    0.013s
   128 |   0.6099 |   0.9214 |   0.6740 |   0.7170 |    0.013s
   129 |   0.5037 |   0.9571 |   0.7080 |   0.7310 |    0.013s
   130 |   0.4338 |   0.9429 |   0.6940 |   0.7020 |    0.013s
   131 |   0.4600 |   0.8643 |   0.6200 |   0.6250 |    0.012s
   132 |   0.4018 |   0.8500 |   0.5620 |   0.5930 |    0.013s
   133 |   0.2360 |   0.8857 |   0.5900 |   0.6100 |    0.013s
   134 |   0.4221 |   0.9214 |   0.6320 |   0.6540 |    0.014s
   135 |   0.0719 |   0.9357 |   0.6500 |   0.6790 |    0.012s
   136 |   0.0371 |   0.9357 |   0.6460 |   0.6780 |    0.014s
   137 |   0.0422 |   0.9286 |   0.6320 |   0.6830 |    0.014s
   138 |   0.1538 |   0.9643 |   0.6600 |   0.6990 |    0.018s
   139 |   0.1634 |   0.9714 |   0.6560 |   0.7170 |    0.013s
   140 |   0.0770 |   0.9429 |   0.6820 |   0.7370 |    0.012s
   141 |   0.1046 |   0.9500 |   0.6880 |   0.7430 |    0.013s
   142 |   0.3681 |   0.9786 |   0.7100 |   0.7470 |    0.015s
   143 |   0.0592 |   0.9643 |   0.6840 |   0.6990 |    0.014s
   144 |   0.0384 |   0.9286 |   0.6500 |   0.6470 |    0.013s
   145 |   0.5820 |   0.9143 |   0.6440 |   0.6360 |    0.012s
   146 |   0.0700 |   0.9214 |   0.6420 |   0.6400 |    0.013s
   147 |   0.0904 |   0.9357 |   0.6360 |   0.6360 |    0.013s
   148 |   0.0623 |   0.9500 |   0.6700 |   0.6590 |    0.013s
   149 |   0.0712 |   0.9714 |   0.6880 |   0.6830 |    0.013s
   150 |   0.1160 |   0.9786 |   0.6940 |   0.6920 |    0.014s
------------------------------------------------------------------------------
【结果汇总】
  最佳验证准确率 : 0.7540  (第 50 轮)
  对应的测试准确率: 0.7640
  训练总耗时     : 2.27s (不含评估) / 整体墙钟时间 2.74s
  平均每轮训练耗时: 0.01s (每轮 2 次参数更新)
  全图推理耗时   : 0.00s
  模型参数量     : 201,281
结果已追加保存到：D:\PHD\博一\入学任务\任务一_节点分类\results\results.jsonl
