==============================================================================
任务一 节点分类 | 数据集=Cora 模型=GraphSAGE 训练方式=full 学习率=0.01 层数=2
==============================================================================
超参数：hidden=128, dropout=0.5, weight_decay=0.0005, epochs=150, seed=42
数据集信息：节点数=2708, 边数=10556, 特征维度=1433, 类别数=7, 训练/验证/测试 = 140/500/1000
模型参数量：369,031
全图训练：每个 epoch 做 1 次全图前向 + 反向
------------------------------------------------------------------------------
 Epoch |     Loss |    Train |      Val |     Test |      时间/轮
------------------------------------------------------------------------------
     1 |   2.1505 |   0.9786 |   0.5520 |   0.5250 |    0.185s
     2 |   0.2931 |   0.9929 |   0.6940 |   0.7080 |    0.002s
     3 |   0.0846 |   1.0000 |   0.7340 |   0.7440 |    0.003s
     4 |   0.0461 |   1.0000 |   0.7460 |   0.7550 |    0.003s
     5 |   0.0174 |   1.0000 |   0.7520 |   0.7650 |    0.003s
     6 |   0.0169 |   1.0000 |   0.7600 |   0.7680 |    0.003s
     7 |   0.0073 |   1.0000 |   0.7700 |   0.7720 |    0.002s
     8 |   0.0084 |   1.0000 |   0.7720 |   0.7730 |    0.002s
     9 |   0.0058 |   1.0000 |   0.7720 |   0.7740 |    0.002s
    10 |   0.0050 |   1.0000 |   0.7700 |   0.7770 |    0.003s
    11 |   0.0034 |   1.0000 |   0.7680 |   0.7770 |    0.003s
    12 |   0.0017 |   1.0000 |   0.7720 |   0.7750 |    0.004s
    13 |   0.0020 |   1.0000 |   0.7700 |   0.7770 |    0.003s
    14 |   0.0012 |   1.0000 |   0.7700 |   0.7790 |    0.003s
    15 |   0.0016 |   1.0000 |   0.7740 |   0.7780 |    0.003s
    16 |   0.0019 |   1.0000 |   0.7760 |   0.7790 |    0.003s
    17 |   0.0009 |   1.0000 |   0.7760 |   0.7790 |    0.002s
    18 |   0.0007 |   1.0000 |   0.7740 |   0.7790 |    0.002s
    19 |   0.0010 |   1.0000 |   0.7780 |   0.7780 |    0.003s
    20 |   0.0006 |   1.0000 |   0.7800 |   0.7800 |    0.003s
    21 |   0.0011 |   1.0000 |   0.7820 |   0.7840 |    0.003s
    22 |   0.0005 |   1.0000 |   0.7820 |   0.7850 |    0.003s
    23 |   0.0012 |   1.0000 |   0.7820 |   0.7870 |    0.003s
    24 |   0.0008 |   1.0000 |   0.7820 |   0.7850 |    0.003s
    25 |   0.0007 |   1.0000 |   0.7820 |   0.7850 |    0.003s
    26 |   0.0008 |   1.0000 |   0.7820 |   0.7850 |    0.003s
    27 |   0.0009 |   1.0000 |   0.7800 |   0.7860 |    0.002s
    28 |   0.0010 |   1.0000 |   0.7780 |   0.7860 |    0.002s
    29 |   0.0006 |   1.0000 |   0.7780 |   0.7880 |    0.002s
    30 |   0.0009 |   1.0000 |   0.7780 |   0.7880 |    0.002s
    31 |   0.0007 |   1.0000 |   0.7780 |   0.7890 |    0.002s
    32 |   0.0007 |   1.0000 |   0.7780 |   0.7880 |    0.002s
    33 |   0.0010 |   1.0000 |   0.7780 |   0.7890 |    0.003s
    34 |   0.0019 |   1.0000 |   0.7760 |   0.7890 |    0.003s
    35 |   0.0008 |   1.0000 |   0.7760 |   0.7890 |    0.003s
    36 |   0.0009 |   1.0000 |   0.7740 |   0.7900 |    0.003s
    37 |   0.0009 |   1.0000 |   0.7740 |   0.7880 |    0.003s
    38 |   0.0016 |   1.0000 |   0.7720 |   0.7880 |    0.002s
    39 |   0.0031 |   1.0000 |   0.7740 |   0.7880 |    0.003s
    40 |   0.0011 |   1.0000 |   0.7740 |   0.7920 |    0.003s
    41 |   0.0008 |   1.0000 |   0.7740 |   0.7940 |    0.002s
    42 |   0.0008 |   1.0000 |   0.7740 |   0.7940 |    0.003s
    43 |   0.0035 |   1.0000 |   0.7720 |   0.7930 |    0.003s
    44 |   0.0015 |   1.0000 |   0.7700 |   0.7940 |    0.003s
    45 |   0.0017 |   1.0000 |   0.7700 |   0.7940 |    0.003s
    46 |   0.0013 |   1.0000 |   0.7680 |   0.7930 |    0.003s
    47 |   0.0011 |   1.0000 |   0.7660 |   0.7920 |    0.002s
    48 |   0.0015 |   1.0000 |   0.7660 |   0.7910 |    0.002s
    49 |   0.0017 |   1.0000 |   0.7660 |   0.7900 |    0.003s
    50 |   0.0021 |   1.0000 |   0.7660 |   0.7900 |    0.003s
    51 |   0.0015 |   1.0000 |   0.7660 |   0.7880 |    0.003s
    52 |   0.0039 |   1.0000 |   0.7700 |   0.7890 |    0.003s
    53 |   0.0013 |   1.0000 |   0.7700 |   0.7890 |    0.003s
    54 |   0.0023 |   1.0000 |   0.7700 |   0.7890 |    0.002s
    55 |   0.0011 |   1.0000 |   0.7680 |   0.7900 |    0.002s
    56 |   0.0019 |   1.0000 |   0.7680 |   0.7900 |    0.002s
    57 |   0.0014 |   1.0000 |   0.7680 |   0.7910 |    0.002s
    58 |   0.0014 |   1.0000 |   0.7660 |   0.7910 |    0.004s
    59 |   0.0016 |   1.0000 |   0.7660 |   0.7910 |    0.003s
    60 |   0.0014 |   1.0000 |   0.7660 |   0.7910 |    0.003s
    61 |   0.0019 |   1.0000 |   0.7660 |   0.7910 |    0.003s
    62 |   0.0014 |   1.0000 |   0.7660 |   0.7910 |    0.002s
    63 |   0.0014 |   1.0000 |   0.7660 |   0.7900 |    0.002s
    64 |   0.0020 |   1.0000 |   0.7660 |   0.7900 |    0.003s
    65 |   0.0021 |   1.0000 |   0.7660 |   0.7900 |    0.003s
    66 |   0.0010 |   1.0000 |   0.7680 |   0.7910 |    0.002s
    67 |   0.0021 |   1.0000 |   0.7680 |   0.7910 |    0.003s
    68 |   0.0019 |   1.0000 |   0.7680 |   0.7920 |    0.003s
    69 |   0.0016 |   1.0000 |   0.7680 |   0.7920 |    0.003s
    70 |   0.0012 |   1.0000 |   0.7680 |   0.7920 |    0.002s
    71 |   0.0015 |   1.0000 |   0.7680 |   0.7900 |    0.003s
    72 |   0.0015 |   1.0000 |   0.7680 |   0.7930 |    0.003s
    73 |   0.0020 |   1.0000 |   0.7680 |   0.7940 |    0.003s
    74 |   0.0012 |   1.0000 |   0.7680 |   0.7950 |    0.003s
    75 |   0.0027 |   1.0000 |   0.7700 |   0.7950 |    0.003s
    76 |   0.0015 |   1.0000 |   0.7700 |   0.7950 |    0.003s
    77 |   0.0020 |   1.0000 |   0.7700 |   0.7930 |    0.003s
    78 |   0.0017 |   1.0000 |   0.7700 |   0.7920 |    0.003s
    79 |   0.0017 |   1.0000 |   0.7700 |   0.7920 |    0.002s
    80 |   0.0022 |   1.0000 |   0.7700 |   0.7920 |    0.003s
    81 |   0.0017 |   1.0000 |   0.7700 |   0.7930 |    0.003s
    82 |   0.0015 |   1.0000 |   0.7700 |   0.7940 |    0.003s
    83 |   0.0020 |   1.0000 |   0.7700 |   0.7940 |    0.002s
    84 |   0.0013 |   1.0000 |   0.7700 |   0.7940 |    0.003s
    85 |   0.0016 |   1.0000 |   0.7700 |   0.7940 |    0.003s
    86 |   0.0016 |   1.0000 |   0.7700 |   0.7940 |    0.002s
    87 |   0.0018 |   1.0000 |   0.7700 |   0.7940 |    0.003s
    88 |   0.0011 |   1.0000 |   0.7700 |   0.7930 |    0.002s
    89 |   0.0021 |   1.0000 |   0.7700 |   0.7930 |    0.002s
    90 |   0.0015 |   1.0000 |   0.7700 |   0.7930 |    0.002s
    91 |   0.0015 |   1.0000 |   0.7700 |   0.7930 |    0.003s
    92 |   0.0012 |   1.0000 |   0.7700 |   0.7930 |    0.003s
    93 |   0.0020 |   1.0000 |   0.7700 |   0.7930 |    0.003s
    94 |   0.0027 |   1.0000 |   0.7700 |   0.7920 |    0.003s
    95 |   0.0018 |   1.0000 |   0.7700 |   0.7930 |    0.002s
    96 |   0.0024 |   1.0000 |   0.7700 |   0.7920 |    0.003s
    97 |   0.0022 |   1.0000 |   0.7720 |   0.7920 |    0.003s
    98 |   0.0022 |   1.0000 |   0.7720 |   0.7920 |    0.003s
    99 |   0.0016 |   1.0000 |   0.7700 |   0.7930 |    0.003s
   100 |   0.0018 |   1.0000 |   0.7700 |   0.7930 |    0.003s
   101 |   0.0016 |   1.0000 |   0.7700 |   0.7910 |    0.002s
   102 |   0.0022 |   1.0000 |   0.7680 |   0.7900 |    0.002s
   103 |   0.0020 |   1.0000 |   0.7700 |   0.7910 |    0.003s
   104 |   0.0015 |   1.0000 |   0.7700 |   0.7910 |    0.002s
   105 |   0.0020 |   1.0000 |   0.7700 |   0.7930 |    0.003s
   106 |   0.0033 |   1.0000 |   0.7700 |   0.7950 |    0.002s
   107 |   0.0023 |   1.0000 |   0.7700 |   0.7970 |    0.003s
   108 |   0.0015 |   1.0000 |   0.7700 |   0.7980 |    0.002s
   109 |   0.0015 |   1.0000 |   0.7720 |   0.7980 |    0.002s
   110 |   0.0016 |   1.0000 |   0.7700 |   0.7970 |    0.003s
   111 |   0.0029 |   1.0000 |   0.7700 |   0.7960 |    0.003s
   112 |   0.0045 |   1.0000 |   0.7680 |   0.7960 |    0.002s
   113 |   0.0013 |   1.0000 |   0.7680 |   0.7970 |    0.003s
   114 |   0.0016 |   1.0000 |   0.7660 |   0.7980 |    0.003s
   115 |   0.0012 |   1.0000 |   0.7660 |   0.7970 |    0.002s
   116 |   0.0023 |   1.0000 |   0.7640 |   0.7960 |    0.003s
   117 |   0.0019 |   1.0000 |   0.7640 |   0.7950 |    0.002s
   118 |   0.0019 |   1.0000 |   0.7620 |   0.7950 |    0.003s
   119 |   0.0015 |   1.0000 |   0.7600 |   0.7940 |    0.003s
   120 |   0.0017 |   1.0000 |   0.7600 |   0.7950 |    0.003s
   121 |   0.0020 |   1.0000 |   0.7600 |   0.7950 |    0.002s
   122 |   0.0021 |   1.0000 |   0.7600 |   0.7940 |    0.002s
   123 |   0.0021 |   1.0000 |   0.7600 |   0.7940 |    0.002s
   124 |   0.0021 |   1.0000 |   0.7600 |   0.7910 |    0.003s
   125 |   0.0014 |   1.0000 |   0.7620 |   0.7920 |    0.003s
   126 |   0.0021 |   1.0000 |   0.7600 |   0.7920 |    0.003s
   127 |   0.0015 |   1.0000 |   0.7600 |   0.7940 |    0.003s
   128 |   0.0020 |   1.0000 |   0.7580 |   0.7940 |    0.003s
   129 |   0.0014 |   1.0000 |   0.7620 |   0.7950 |    0.003s
   130 |   0.0019 |   1.0000 |   0.7620 |   0.7960 |    0.003s
   131 |   0.0018 |   1.0000 |   0.7660 |   0.7960 |    0.003s
   132 |   0.0016 |   1.0000 |   0.7660 |   0.7950 |    0.002s
   133 |   0.0017 |   1.0000 |   0.7660 |   0.7940 |    0.003s
   134 |   0.0020 |   1.0000 |   0.7660 |   0.7940 |    0.003s
   135 |   0.0021 |   1.0000 |   0.7640 |   0.7940 |    0.003s
   136 |   0.0015 |   1.0000 |   0.7600 |   0.7930 |    0.002s
   137 |   0.0013 |   1.0000 |   0.7580 |   0.7940 |    0.003s
   138 |   0.0018 |   1.0000 |   0.7580 |   0.7930 |    0.002s
   139 |   0.0029 |   1.0000 |   0.7580 |   0.7960 |    0.002s
   140 |   0.0021 |   1.0000 |   0.7580 |   0.7950 |    0.003s
   141 |   0.0018 |   1.0000 |   0.7600 |   0.7960 |    0.003s
   142 |   0.0015 |   1.0000 |   0.7600 |   0.7960 |    0.003s
   143 |   0.0023 |   1.0000 |   0.7600 |   0.7970 |    0.003s
   144 |   0.0012 |   1.0000 |   0.7600 |   0.7970 |    0.003s
   145 |   0.0011 |   1.0000 |   0.7640 |   0.7940 |    0.003s
   146 |   0.0015 |   1.0000 |   0.7640 |   0.7940 |    0.003s
   147 |   0.0014 |   1.0000 |   0.7640 |   0.7940 |    0.002s
   148 |   0.0016 |   1.0000 |   0.7600 |   0.7930 |    0.002s
   149 |   0.0013 |   1.0000 |   0.7600 |   0.7920 |    0.003s
   150 |   0.0014 |   1.0000 |   0.7620 |   0.7930 |    0.003s
------------------------------------------------------------------------------
【结果汇总】
  最佳验证准确率 : 0.7820  (第 21 轮)
  对应的测试准确率: 0.7840
  训练总耗时     : 0.58s (不含评估) / 整体墙钟时间 0.96s
  平均每轮训练耗时: 0.00s (每轮 1 次参数更新)
  全图推理耗时   : 0.00s
  模型参数量     : 369,031
结果已追加保存到：D:\PHD\博一\入学任务\任务一_节点分类\results\results.jsonl
