==============================================================================
任务一 节点分类 | 数据集=Cora 模型=GAT 训练方式=sample 学习率=0.01 层数=2
==============================================================================
超参数：hidden=128, dropout=0.5, weight_decay=0.0005, epochs=150, seed=42
数据集信息：节点数=2708, 边数=10556, 特征维度=1433, 类别数=7, 训练/验证/测试 = 140/500/1000
模型参数量：184,981
采样设置：batch_size=128, num_neighbors=[10, 10], 每轮 batch 数=2
------------------------------------------------------------------------------
 Epoch |     Loss |    Train |      Val |     Test |      时间/轮
------------------------------------------------------------------------------
     1 |   2.0951 |   0.8500 |   0.5280 |   0.5380 |    0.959s
     2 |   1.0663 |   0.9357 |   0.6400 |   0.6530 |    0.687s
     3 |   0.7459 |   0.9571 |   0.7200 |   0.7290 |    0.016s
     4 |   0.7730 |   0.9714 |   0.7480 |   0.7620 |    0.013s
     5 |   0.7115 |   0.9786 |   0.7660 |   0.7850 |    0.015s
     6 |   0.5211 |   0.9786 |   0.7680 |   0.7940 |    0.016s
     7 |   0.5184 |   0.9714 |   0.7700 |   0.7920 |    0.011s
     8 |   0.4815 |   0.9786 |   0.7720 |   0.7950 |    0.012s
     9 |   0.4151 |   0.9786 |   0.7680 |   0.7950 |    0.011s
    10 |   0.3727 |   0.9786 |   0.7740 |   0.7930 |    0.010s
    11 |   0.3681 |   0.9714 |   0.7700 |   0.7950 |    0.011s
    12 |   0.4741 |   0.9714 |   0.7700 |   0.7940 |    0.011s
    13 |   0.4911 |   0.9786 |   0.7780 |   0.7970 |    0.011s
    14 |   0.3204 |   0.9786 |   0.7800 |   0.8000 |    0.011s
    15 |   0.5003 |   0.9929 |   0.7800 |   0.8030 |    0.009s
    16 |   0.3529 |   1.0000 |   0.7820 |   0.8060 |    0.010s
    17 |   0.2672 |   1.0000 |   0.7780 |   0.8050 |    0.010s
    18 |   0.2782 |   1.0000 |   0.7700 |   0.8010 |    0.011s
    19 |   0.3468 |   1.0000 |   0.7680 |   0.7970 |    0.011s
    20 |   0.3890 |   1.0000 |   0.7680 |   0.7960 |    0.014s
    21 |   0.3376 |   1.0000 |   0.7720 |   0.7940 |    0.011s
    22 |   0.2719 |   1.0000 |   0.7760 |   0.7950 |    0.010s
    23 |   0.2804 |   1.0000 |   0.7780 |   0.8020 |    0.012s
    24 |   0.3432 |   1.0000 |   0.7860 |   0.7980 |    0.011s
    25 |   0.3624 |   1.0000 |   0.7840 |   0.7980 |    0.011s
    26 |   0.3616 |   1.0000 |   0.7840 |   0.7930 |    0.012s
    27 |   0.2379 |   1.0000 |   0.7820 |   0.7960 |    0.013s
    28 |   0.2201 |   1.0000 |   0.7820 |   0.7960 |    0.011s
    29 |   0.2719 |   1.0000 |   0.7780 |   0.7950 |    0.013s
    30 |   0.2629 |   1.0000 |   0.7740 |   0.7970 |    0.011s
    31 |   0.1908 |   1.0000 |   0.7740 |   0.7970 |    0.011s
    32 |   0.1968 |   1.0000 |   0.7720 |   0.7980 |    0.010s
    33 |   0.2869 |   1.0000 |   0.7640 |   0.8010 |    0.011s
    34 |   0.3203 |   1.0000 |   0.7660 |   0.8030 |    0.011s
    35 |   0.3376 |   1.0000 |   0.7700 |   0.8030 |    0.013s
    36 |   0.2667 |   1.0000 |   0.7660 |   0.8020 |    0.011s
    37 |   0.1601 |   1.0000 |   0.7680 |   0.8030 |    0.010s
    38 |   0.3895 |   1.0000 |   0.7600 |   0.7970 |    0.014s
    39 |   0.2484 |   1.0000 |   0.7780 |   0.7970 |    0.011s
    40 |   0.1788 |   1.0000 |   0.7760 |   0.7890 |    0.013s
    41 |   0.2490 |   1.0000 |   0.7780 |   0.7900 |    0.013s
    42 |   0.2527 |   1.0000 |   0.7660 |   0.7910 |    0.011s
    43 |   0.2798 |   1.0000 |   0.7740 |   0.7890 |    0.012s
    44 |   0.1516 |   1.0000 |   0.7620 |   0.7900 |    0.011s
    45 |   0.1450 |   1.0000 |   0.7620 |   0.7920 |    0.012s
    46 |   0.2883 |   1.0000 |   0.7620 |   0.7930 |    0.013s
    47 |   0.2591 |   1.0000 |   0.7600 |   0.7910 |    0.011s
    48 |   0.1732 |   1.0000 |   0.7500 |   0.7930 |    0.011s
    49 |   0.3681 |   1.0000 |   0.7560 |   0.7930 |    0.011s
    50 |   0.2405 |   1.0000 |   0.7620 |   0.7930 |    0.010s
    51 |   0.1457 |   1.0000 |   0.7520 |   0.7920 |    0.011s
    52 |   0.3379 |   1.0000 |   0.7580 |   0.7940 |    0.011s
    53 |   0.2074 |   1.0000 |   0.7600 |   0.7980 |    0.012s
    54 |   0.1291 |   1.0000 |   0.7600 |   0.8010 |    0.011s
    55 |   0.3284 |   1.0000 |   0.7660 |   0.7990 |    0.012s
    56 |   0.2304 |   1.0000 |   0.7760 |   0.8030 |    0.011s
    57 |   0.1231 |   1.0000 |   0.7800 |   0.8040 |    0.012s
    58 |   0.2804 |   1.0000 |   0.7840 |   0.8060 |    0.012s
    59 |   0.2464 |   1.0000 |   0.7800 |   0.8110 |    0.011s
    60 |   0.1918 |   1.0000 |   0.7780 |   0.8120 |    0.012s
    61 |   0.3112 |   1.0000 |   0.7780 |   0.8070 |    0.011s
    62 |   0.1859 |   1.0000 |   0.7720 |   0.8050 |    0.011s
    63 |   0.2366 |   1.0000 |   0.7760 |   0.8050 |    0.011s
    64 |   0.1131 |   1.0000 |   0.7700 |   0.8080 |    0.010s
    65 |   0.3147 |   1.0000 |   0.7660 |   0.8050 |    0.011s
    66 |   0.3331 |   1.0000 |   0.7620 |   0.8030 |    0.010s
    67 |   0.1874 |   1.0000 |   0.7620 |   0.7970 |    0.011s
    68 |   0.2948 |   1.0000 |   0.7580 |   0.7950 |    0.011s
    69 |   0.2778 |   1.0000 |   0.7540 |   0.7960 |    0.010s
    70 |   0.1551 |   1.0000 |   0.7540 |   0.7900 |    0.009s
    71 |   0.2134 |   1.0000 |   0.7520 |   0.7920 |    0.010s
    72 |   0.2142 |   1.0000 |   0.7520 |   0.7880 |    0.011s
    73 |   0.2973 |   1.0000 |   0.7480 |   0.7850 |    0.013s
    74 |   0.2688 |   1.0000 |   0.7560 |   0.7850 |    0.013s
    75 |   0.2077 |   1.0000 |   0.7580 |   0.7840 |    0.012s
    76 |   0.3488 |   1.0000 |   0.7520 |   0.7810 |    0.013s
    77 |   0.0881 |   1.0000 |   0.7540 |   0.7890 |    0.012s
    78 |   0.1883 |   1.0000 |   0.7560 |   0.7910 |    0.010s
    79 |   0.2960 |   1.0000 |   0.7620 |   0.7940 |    0.009s
    80 |   0.2059 |   1.0000 |   0.7620 |   0.7950 |    0.009s
    81 |   0.2470 |   1.0000 |   0.7600 |   0.7940 |    0.011s
    82 |   0.2205 |   1.0000 |   0.7700 |   0.7970 |    0.010s
    83 |   0.2642 |   1.0000 |   0.7680 |   0.7980 |    0.010s
    84 |   0.1284 |   1.0000 |   0.7680 |   0.8000 |    0.011s
    85 |   0.1065 |   1.0000 |   0.7720 |   0.8020 |    0.012s
    86 |   0.4759 |   1.0000 |   0.7760 |   0.8030 |    0.010s
    87 |   0.0968 |   1.0000 |   0.7740 |   0.8000 |    0.012s
    88 |   0.3580 |   1.0000 |   0.7740 |   0.8010 |    0.011s
    89 |   0.1179 |   1.0000 |   0.7740 |   0.8020 |    0.010s
    90 |   0.1700 |   1.0000 |   0.7760 |   0.8050 |    0.011s
    91 |   0.4854 |   1.0000 |   0.7760 |   0.8060 |    0.011s
    92 |   0.1098 |   1.0000 |   0.7720 |   0.8010 |    0.011s
    93 |   0.2089 |   1.0000 |   0.7700 |   0.8050 |    0.010s
    94 |   0.0994 |   1.0000 |   0.7740 |   0.8060 |    0.010s
    95 |   0.2287 |   1.0000 |   0.7740 |   0.8060 |    0.011s
    96 |   0.2190 |   1.0000 |   0.7740 |   0.8080 |    0.011s
    97 |   0.4623 |   1.0000 |   0.7840 |   0.8100 |    0.011s
    98 |   0.1287 |   1.0000 |   0.7800 |   0.8090 |    0.011s
    99 |   0.5758 |   1.0000 |   0.7800 |   0.8020 |    0.009s
   100 |   0.2545 |   1.0000 |   0.7800 |   0.8070 |    0.012s
   101 |   0.1784 |   1.0000 |   0.7720 |   0.8020 |    0.010s
   102 |   0.2990 |   1.0000 |   0.7620 |   0.7990 |    0.010s
   103 |   0.2345 |   1.0000 |   0.7620 |   0.8000 |    0.010s
   104 |   0.3015 |   1.0000 |   0.7680 |   0.7960 |    0.011s
   105 |   0.2358 |   1.0000 |   0.7600 |   0.7930 |    0.011s
   106 |   0.4816 |   1.0000 |   0.7600 |   0.7930 |    0.010s
   107 |   0.1230 |   1.0000 |   0.7620 |   0.7900 |    0.010s
   108 |   0.2765 |   1.0000 |   0.7700 |   0.7910 |    0.011s
   109 |   0.2909 |   1.0000 |   0.7620 |   0.7810 |    0.010s
   110 |   0.2060 |   1.0000 |   0.7660 |   0.7700 |    0.014s
   111 |   0.2955 |   1.0000 |   0.7640 |   0.7740 |    0.010s
   112 |   0.1378 |   1.0000 |   0.7600 |   0.7700 |    0.011s
   113 |   0.3305 |   0.9929 |   0.7560 |   0.7730 |    0.010s
   114 |   0.3370 |   1.0000 |   0.7560 |   0.7620 |    0.011s
   115 |   0.1093 |   1.0000 |   0.7500 |   0.7660 |    0.013s
   116 |   0.2561 |   1.0000 |   0.7440 |   0.7610 |    0.010s
   117 |   0.3051 |   1.0000 |   0.7460 |   0.7580 |    0.011s
   118 |   0.2134 |   1.0000 |   0.7440 |   0.7560 |    0.010s
   119 |   0.2103 |   1.0000 |   0.7440 |   0.7630 |    0.013s
   120 |   0.2900 |   1.0000 |   0.7460 |   0.7650 |    0.011s
   121 |   0.2343 |   1.0000 |   0.7420 |   0.7580 |    0.010s
   122 |   0.4577 |   1.0000 |   0.7360 |   0.7600 |    0.011s
   123 |   0.2210 |   1.0000 |   0.7420 |   0.7590 |    0.010s
   124 |   0.8718 |   1.0000 |   0.7540 |   0.7640 |    0.010s
   125 |   0.2883 |   1.0000 |   0.7580 |   0.7680 |    0.010s
   126 |   0.2919 |   1.0000 |   0.7560 |   0.7680 |    0.010s
   127 |   0.3830 |   1.0000 |   0.7560 |   0.7700 |    0.011s
   128 |   0.2595 |   1.0000 |   0.7540 |   0.7700 |    0.013s
   129 |   0.1982 |   0.9929 |   0.7600 |   0.7730 |    0.010s
   130 |   0.1683 |   0.9929 |   0.7540 |   0.7720 |    0.010s
   131 |   0.1153 |   0.9929 |   0.7580 |   0.7700 |    0.011s
   132 |   0.1929 |   0.9929 |   0.7600 |   0.7720 |    0.010s
   133 |   0.3139 |   1.0000 |   0.7620 |   0.7710 |    0.010s
   134 |   0.3076 |   1.0000 |   0.7640 |   0.7830 |    0.010s
   135 |   0.2931 |   1.0000 |   0.7760 |   0.7970 |    0.010s
   136 |   0.4356 |   1.0000 |   0.7700 |   0.7960 |    0.009s
   137 |   0.3997 |   1.0000 |   0.7680 |   0.7940 |    0.011s
   138 |   0.3715 |   1.0000 |   0.7660 |   0.7890 |    0.011s
   139 |   0.2745 |   1.0000 |   0.7580 |   0.7880 |    0.010s
   140 |   0.1090 |   1.0000 |   0.7620 |   0.7890 |    0.011s
   141 |   0.1736 |   1.0000 |   0.7580 |   0.7830 |    0.009s
   142 |   0.1881 |   1.0000 |   0.7640 |   0.7800 |    0.011s
   143 |   0.3375 |   1.0000 |   0.7540 |   0.7740 |    0.012s
   144 |   0.2702 |   1.0000 |   0.7360 |   0.7630 |    0.010s
   145 |   0.1413 |   1.0000 |   0.7380 |   0.7590 |    0.010s
   146 |   0.2186 |   1.0000 |   0.7380 |   0.7550 |    0.009s
   147 |   0.3441 |   1.0000 |   0.7440 |   0.7520 |    0.012s
   148 |   0.1334 |   1.0000 |   0.7440 |   0.7540 |    0.014s
   149 |   0.3185 |   1.0000 |   0.7400 |   0.7570 |    0.012s
   150 |   0.3461 |   1.0000 |   0.7400 |   0.7630 |    0.012s
------------------------------------------------------------------------------
【结果汇总】
  最佳验证准确率 : 0.7860  (第 24 轮)
  对应的测试准确率: 0.7980
  训练总耗时     : 3.29s (不含评估) / 整体墙钟时间 4.05s
  平均每轮训练耗时: 0.02s (每轮 2 次参数更新)
  全图推理耗时   : 0.00s
  模型参数量     : 184,981
结果已追加保存到：D:\PHD\博一\入学任务\任务一_节点分类\results\results.jsonl
