==============================================================================
任务一 节点分类 | 数据集=Cora 模型=GCN 训练方式=full 学习率=0.05 层数=2
==============================================================================
超参数：hidden=128, dropout=0.5, weight_decay=0.0005, epochs=150, seed=42
数据集信息：节点数=2708, 边数=10556, 特征维度=1433, 类别数=7, 训练/验证/测试 = 140/500/1000
模型参数量：184,711
全图训练：每个 epoch 做 1 次全图前向 + 反向
------------------------------------------------------------------------------
 Epoch |     Loss |    Train |      Val |     Test |      时间/轮
------------------------------------------------------------------------------
     1 |   2.2375 |   0.9357 |   0.6920 |   0.7070 |    0.298s
     2 |   0.1645 |   1.0000 |   0.7680 |   0.7860 |    0.008s
     3 |   0.0726 |   1.0000 |   0.7620 |   0.7720 |    0.008s
     4 |   0.0513 |   1.0000 |   0.7520 |   0.7680 |    0.007s
     5 |   0.0276 |   1.0000 |   0.7520 |   0.7690 |    0.008s
     6 |   0.0215 |   1.0000 |   0.7640 |   0.7710 |    0.007s
     7 |   0.0147 |   1.0000 |   0.7640 |   0.7760 |    0.008s
     8 |   0.0116 |   1.0000 |   0.7700 |   0.7750 |    0.008s
     9 |   0.0062 |   1.0000 |   0.7680 |   0.7750 |    0.007s
    10 |   0.0048 |   1.0000 |   0.7660 |   0.7730 |    0.007s
    11 |   0.0086 |   1.0000 |   0.7640 |   0.7770 |    0.007s
    12 |   0.0073 |   1.0000 |   0.7640 |   0.7740 |    0.007s
    13 |   0.0040 |   1.0000 |   0.7540 |   0.7730 |    0.007s
    14 |   0.0036 |   1.0000 |   0.7540 |   0.7710 |    0.008s
    15 |   0.0036 |   1.0000 |   0.7480 |   0.7690 |    0.008s
    16 |   0.0047 |   1.0000 |   0.7500 |   0.7740 |    0.007s
    17 |   0.0043 |   1.0000 |   0.7520 |   0.7770 |    0.007s
    18 |   0.0033 |   1.0000 |   0.7560 |   0.7820 |    0.008s
    19 |   0.0013 |   1.0000 |   0.7540 |   0.7870 |    0.008s
    20 |   0.0014 |   1.0000 |   0.7600 |   0.7950 |    0.007s
    21 |   0.0046 |   1.0000 |   0.7700 |   0.7910 |    0.010s
    22 |   0.0029 |   1.0000 |   0.7680 |   0.7920 |    0.008s
    23 |   0.0063 |   1.0000 |   0.7680 |   0.7920 |    0.007s
    24 |   0.0065 |   1.0000 |   0.7680 |   0.7940 |    0.007s
    25 |   0.0054 |   1.0000 |   0.7720 |   0.7970 |    0.009s
    26 |   0.0062 |   1.0000 |   0.7740 |   0.7950 |    0.009s
    27 |   0.0027 |   1.0000 |   0.7760 |   0.7950 |    0.007s
    28 |   0.0055 |   1.0000 |   0.7760 |   0.7960 |    0.007s
    29 |   0.0104 |   1.0000 |   0.7740 |   0.7960 |    0.008s
    30 |   0.0047 |   1.0000 |   0.7740 |   0.7940 |    0.008s
    31 |   0.0297 |   1.0000 |   0.7660 |   0.7880 |    0.008s
    32 |   0.0034 |   1.0000 |   0.7640 |   0.7870 |    0.008s
    33 |   0.0044 |   1.0000 |   0.7540 |   0.7880 |    0.008s
    34 |   0.0050 |   1.0000 |   0.7480 |   0.7840 |    0.007s
    35 |   0.0039 |   1.0000 |   0.7380 |   0.7860 |    0.008s
    36 |   0.0055 |   1.0000 |   0.7380 |   0.7860 |    0.009s
    37 |   0.0091 |   1.0000 |   0.7420 |   0.7890 |    0.007s
    38 |   0.0053 |   1.0000 |   0.7400 |   0.7870 |    0.007s
    39 |   0.0062 |   1.0000 |   0.7500 |   0.7930 |    0.007s
    40 |   0.0040 |   1.0000 |   0.7520 |   0.7890 |    0.009s
    41 |   0.0057 |   1.0000 |   0.7520 |   0.7940 |    0.009s
    42 |   0.0064 |   1.0000 |   0.7540 |   0.8010 |    0.008s
    43 |   0.0061 |   1.0000 |   0.7560 |   0.8020 |    0.007s
    44 |   0.0050 |   1.0000 |   0.7620 |   0.8020 |    0.008s
    45 |   0.0040 |   1.0000 |   0.7680 |   0.8020 |    0.008s
    46 |   0.0049 |   1.0000 |   0.7660 |   0.8030 |    0.008s
    47 |   0.0048 |   1.0000 |   0.7660 |   0.8030 |    0.008s
    48 |   0.0045 |   1.0000 |   0.7680 |   0.8030 |    0.008s
    49 |   0.0040 |   1.0000 |   0.7640 |   0.8020 |    0.008s
    50 |   0.0055 |   1.0000 |   0.7660 |   0.8030 |    0.008s
    51 |   0.0061 |   1.0000 |   0.7580 |   0.8000 |    0.007s
    52 |   0.0032 |   1.0000 |   0.7620 |   0.8020 |    0.008s
    53 |   0.0047 |   1.0000 |   0.7600 |   0.8000 |    0.008s
    54 |   0.0050 |   1.0000 |   0.7580 |   0.8030 |    0.007s
    55 |   0.0030 |   1.0000 |   0.7600 |   0.8010 |    0.008s
    56 |   0.0067 |   1.0000 |   0.7580 |   0.8030 |    0.007s
    57 |   0.0055 |   1.0000 |   0.7560 |   0.8010 |    0.007s
    58 |   0.0052 |   1.0000 |   0.7560 |   0.8000 |    0.008s
    59 |   0.0033 |   1.0000 |   0.7580 |   0.7980 |    0.008s
    60 |   0.0030 |   1.0000 |   0.7600 |   0.7970 |    0.007s
    61 |   0.0029 |   1.0000 |   0.7620 |   0.7980 |    0.007s
    62 |   0.0044 |   1.0000 |   0.7640 |   0.7960 |    0.008s
    63 |   0.0066 |   1.0000 |   0.7640 |   0.7980 |    0.007s
    64 |   0.0038 |   1.0000 |   0.7720 |   0.7980 |    0.008s
    65 |   0.0056 |   1.0000 |   0.7740 |   0.8010 |    0.007s
    66 |   0.0046 |   1.0000 |   0.7680 |   0.8000 |    0.008s
    67 |   0.0048 |   1.0000 |   0.7680 |   0.8040 |    0.007s
    68 |   0.0070 |   1.0000 |   0.7680 |   0.8010 |    0.008s
    69 |   0.0055 |   1.0000 |   0.7620 |   0.8050 |    0.008s
    70 |   0.0082 |   1.0000 |   0.7660 |   0.8040 |    0.009s
    71 |   0.0025 |   1.0000 |   0.7740 |   0.8040 |    0.008s
    72 |   0.0040 |   1.0000 |   0.7620 |   0.7980 |    0.008s
    73 |   0.0092 |   1.0000 |   0.7620 |   0.7960 |    0.008s
    74 |   0.0024 |   1.0000 |   0.7560 |   0.7970 |    0.007s
    75 |   0.0029 |   1.0000 |   0.7520 |   0.7940 |    0.008s
    76 |   0.0053 |   1.0000 |   0.7500 |   0.7900 |    0.007s
    77 |   0.0029 |   1.0000 |   0.7500 |   0.7900 |    0.008s
    78 |   0.0069 |   1.0000 |   0.7540 |   0.7880 |    0.008s
    79 |   0.0042 |   1.0000 |   0.7600 |   0.7940 |    0.007s
    80 |   0.0046 |   1.0000 |   0.7660 |   0.7920 |    0.007s
    81 |   0.0028 |   1.0000 |   0.7600 |   0.7920 |    0.007s
    82 |   0.0027 |   1.0000 |   0.7720 |   0.7910 |    0.007s
    83 |   0.0047 |   1.0000 |   0.7680 |   0.7940 |    0.007s
    84 |   0.0030 |   1.0000 |   0.7660 |   0.7960 |    0.007s
    85 |   0.0037 |   1.0000 |   0.7640 |   0.7910 |    0.008s
    86 |   0.0029 |   1.0000 |   0.7500 |   0.7980 |    0.007s
    87 |   0.0035 |   1.0000 |   0.7580 |   0.7950 |    0.009s
    88 |   0.0060 |   1.0000 |   0.7620 |   0.7960 |    0.008s
    89 |   0.0050 |   1.0000 |   0.7660 |   0.8000 |    0.009s
    90 |   0.0032 |   1.0000 |   0.7720 |   0.8040 |    0.007s
    91 |   0.0043 |   1.0000 |   0.7660 |   0.8070 |    0.007s
    92 |   0.0033 |   1.0000 |   0.7700 |   0.8080 |    0.007s
    93 |   0.0027 |   1.0000 |   0.7760 |   0.8040 |    0.008s
    94 |   0.0034 |   1.0000 |   0.7760 |   0.8070 |    0.008s
    95 |   0.0028 |   1.0000 |   0.7800 |   0.8090 |    0.007s
    96 |   0.0070 |   1.0000 |   0.7740 |   0.8090 |    0.007s
    97 |   0.0028 |   1.0000 |   0.7660 |   0.8060 |    0.006s
    98 |   0.0047 |   1.0000 |   0.7620 |   0.8030 |    0.008s
    99 |   0.0068 |   1.0000 |   0.7540 |   0.7960 |    0.007s
   100 |   0.0031 |   1.0000 |   0.7540 |   0.7880 |    0.006s
   101 |   0.0035 |   0.9929 |   0.7520 |   0.7860 |    0.008s
   102 |   0.0043 |   1.0000 |   0.7600 |   0.7920 |    0.008s
   103 |   0.0042 |   1.0000 |   0.7620 |   0.7890 |    0.007s
   104 |   0.0034 |   1.0000 |   0.7660 |   0.7960 |    0.008s
   105 |   0.0049 |   1.0000 |   0.7540 |   0.8010 |    0.007s
   106 |   0.0036 |   1.0000 |   0.7560 |   0.8000 |    0.009s
   107 |   0.0040 |   1.0000 |   0.7620 |   0.8070 |    0.007s
   108 |   0.0050 |   1.0000 |   0.7600 |   0.8100 |    0.009s
   109 |   0.0070 |   1.0000 |   0.7600 |   0.8070 |    0.010s
   110 |   0.0048 |   1.0000 |   0.7620 |   0.7910 |    0.008s
   111 |   0.0026 |   1.0000 |   0.7600 |   0.7780 |    0.008s
   112 |   0.0032 |   1.0000 |   0.7540 |   0.7690 |    0.014s
   113 |   0.0031 |   1.0000 |   0.7500 |   0.7680 |    0.006s
   114 |   0.0046 |   1.0000 |   0.7440 |   0.7730 |    0.009s
   115 |   0.0023 |   1.0000 |   0.7480 |   0.7800 |    0.008s
   116 |   0.0020 |   1.0000 |   0.7500 |   0.7800 |    0.010s
   117 |   0.0029 |   1.0000 |   0.7560 |   0.7840 |    0.009s
   118 |   0.0018 |   1.0000 |   0.7640 |   0.7880 |    0.009s
   119 |   0.0036 |   1.0000 |   0.7660 |   0.7920 |    0.009s
   120 |   0.0032 |   1.0000 |   0.7640 |   0.7890 |    0.007s
   121 |   0.0020 |   1.0000 |   0.7620 |   0.7950 |    0.010s
   122 |   0.0016 |   1.0000 |   0.7600 |   0.7850 |    0.012s
   123 |   0.0069 |   1.0000 |   0.7540 |   0.7730 |    0.010s
   124 |   0.0027 |   1.0000 |   0.7440 |   0.7660 |    0.008s
   125 |   0.0019 |   1.0000 |   0.7420 |   0.7630 |    0.007s
   126 |   0.0027 |   1.0000 |   0.7420 |   0.7610 |    0.007s
   127 |   0.0039 |   1.0000 |   0.7420 |   0.7680 |    0.007s
   128 |   0.0042 |   1.0000 |   0.7460 |   0.7820 |    0.008s
   129 |   0.0043 |   1.0000 |   0.7520 |   0.7880 |    0.008s
   130 |   0.0054 |   1.0000 |   0.7500 |   0.7850 |    0.008s
   131 |   0.0028 |   1.0000 |   0.7520 |   0.7910 |    0.008s
   132 |   0.0195 |   1.0000 |   0.7500 |   0.7880 |    0.007s
   133 |   0.0111 |   1.0000 |   0.7300 |   0.7720 |    0.009s
   134 |   0.0178 |   0.9929 |   0.7120 |   0.7470 |    0.009s
   135 |   0.0122 |   0.9786 |   0.6820 |   0.7170 |    0.009s
   136 |   0.0164 |   0.9786 |   0.6560 |   0.6900 |    0.009s
   137 |   0.0095 |   0.9929 |   0.6540 |   0.6840 |    0.008s
   138 |   0.0099 |   1.0000 |   0.6820 |   0.7080 |    0.011s
   139 |   0.0108 |   1.0000 |   0.7060 |   0.7280 |    0.009s
   140 |   0.0045 |   1.0000 |   0.7160 |   0.7500 |    0.009s
   141 |   0.0217 |   1.0000 |   0.7280 |   0.7530 |    0.007s
   142 |   0.0043 |   1.0000 |   0.7340 |   0.7560 |    0.007s
   143 |   0.0065 |   1.0000 |   0.7300 |   0.7610 |    0.008s
   144 |   0.0062 |   1.0000 |   0.7320 |   0.7720 |    0.008s
   145 |   0.0033 |   1.0000 |   0.7340 |   0.7670 |    0.010s
   146 |   0.0144 |   1.0000 |   0.7440 |   0.7880 |    0.008s
   147 |   0.0067 |   1.0000 |   0.7520 |   0.7920 |    0.008s
   148 |   0.0545 |   1.0000 |   0.7360 |   0.7940 |    0.008s
   149 |   0.0024 |   1.0000 |   0.7360 |   0.7920 |    0.007s
   150 |   0.0040 |   1.0000 |   0.7380 |   0.7890 |    0.009s
------------------------------------------------------------------------------
【结果汇总】
  最佳验证准确率 : 0.7800  (第 95 轮)
  对应的测试准确率: 0.8090
  训练总耗时     : 1.47s (不含评估) / 整体墙钟时间 2.74s
  平均每轮训练耗时: 0.01s (每轮 1 次参数更新)
  全图推理耗时   : 0.00s
  模型参数量     : 184,711
结果已追加保存到：D:\PHD\博一\入学任务\任务一_节点分类\results\results.jsonl
