==============================================================================
任务一 节点分类 | 数据集=Cora 模型=GIN 训练方式=full 学习率=0.01 层数=2
==============================================================================
超参数：hidden=128, dropout=0.5, weight_decay=0.0005, epochs=150, seed=42
数据集信息：节点数=2708, 边数=10556, 特征维度=1433, 类别数=7, 训练/验证/测试 = 140/500/1000
模型参数量：201,281
全图训练：每个 epoch 做 1 次全图前向 + 反向
------------------------------------------------------------------------------
 Epoch |     Loss |    Train |      Val |     Test |      时间/轮
------------------------------------------------------------------------------
     1 |   3.8127 |   0.3214 |   0.2380 |   0.2430 |    0.217s
     2 |   1.7107 |   0.2214 |   0.1840 |   0.1910 |    0.005s
     3 |   1.8439 |   0.1786 |   0.1760 |   0.1630 |    0.004s
     4 |   1.4169 |   0.2500 |   0.1800 |   0.1820 |    0.005s
     5 |   1.3321 |   0.5357 |   0.3660 |   0.3620 |    0.006s
     6 |   1.2065 |   0.5357 |   0.3840 |   0.3890 |    0.004s
     7 |   1.1253 |   0.6214 |   0.3680 |   0.3800 |    0.005s
     8 |   1.3955 |   0.5571 |   0.3120 |   0.3270 |    0.004s
     9 |   0.9793 |   0.5857 |   0.3500 |   0.3420 |    0.005s
    10 |   0.9546 |   0.6500 |   0.4200 |   0.4240 |    0.004s
    11 |   0.8389 |   0.6929 |   0.4660 |   0.4840 |    0.004s
    12 |   0.8427 |   0.7286 |   0.4780 |   0.4950 |    0.004s
    13 |   0.7832 |   0.7286 |   0.4740 |   0.4770 |    0.004s
    14 |   0.7997 |   0.7714 |   0.4940 |   0.5050 |    0.005s
    15 |   0.6517 |   0.7429 |   0.4580 |   0.4700 |    0.004s
    16 |   0.6296 |   0.7571 |   0.4440 |   0.4540 |    0.004s
    17 |   0.7188 |   0.7643 |   0.4820 |   0.4730 |    0.005s
    18 |   0.6283 |   0.8000 |   0.5380 |   0.5340 |    0.004s
    19 |   0.6073 |   0.8143 |   0.5600 |   0.5570 |    0.005s
    20 |   0.6431 |   0.8071 |   0.5740 |   0.5620 |    0.005s
    21 |   0.5437 |   0.8214 |   0.5700 |   0.5680 |    0.005s
    22 |   0.4633 |   0.8500 |   0.5540 |   0.5760 |    0.004s
    23 |   0.6069 |   0.7929 |   0.5560 |   0.5670 |    0.005s
    24 |   0.4154 |   0.8143 |   0.5780 |   0.5980 |    0.004s
    25 |   0.3694 |   0.8571 |   0.5880 |   0.6000 |    0.006s
    26 |   0.3261 |   0.9214 |   0.6580 |   0.6600 |    0.004s
    27 |   0.3583 |   0.9643 |   0.7220 |   0.7140 |    0.004s
    28 |   0.4067 |   0.9714 |   0.7260 |   0.7350 |    0.004s
    29 |   0.2291 |   0.9929 |   0.7400 |   0.7490 |    0.004s
    30 |   0.2441 |   0.9929 |   0.7440 |   0.7550 |    0.004s
    31 |   0.1995 |   0.9929 |   0.7380 |   0.7530 |    0.005s
    32 |   0.1507 |   0.9929 |   0.7420 |   0.7510 |    0.005s
    33 |   0.1742 |   0.9857 |   0.7400 |   0.7460 |    0.005s
    34 |   0.1044 |   0.9857 |   0.7280 |   0.7340 |    0.004s
    35 |   0.1031 |   0.9857 |   0.7360 |   0.7390 |    0.005s
    36 |   0.2008 |   0.9786 |   0.7260 |   0.7340 |    0.005s
    37 |   0.2577 |   0.9786 |   0.7180 |   0.7290 |    0.004s
    38 |   0.1265 |   0.9786 |   0.7000 |   0.7250 |    0.004s
    39 |   0.2121 |   0.9857 |   0.7020 |   0.7220 |    0.005s
    40 |   0.1787 |   0.9857 |   0.7200 |   0.7280 |    0.004s
    41 |   0.1361 |   0.9857 |   0.7260 |   0.7410 |    0.004s
    42 |   0.3715 |   0.9929 |   0.7380 |   0.7400 |    0.005s
    43 |   0.1606 |   0.9429 |   0.6740 |   0.7030 |    0.005s
    44 |   0.0727 |   0.8500 |   0.6120 |   0.6460 |    0.004s
    45 |   0.0332 |   0.8286 |   0.5920 |   0.6290 |    0.004s
    46 |   0.4675 |   0.8714 |   0.6360 |   0.6570 |    0.004s
    47 |   0.0426 |   0.9643 |   0.6920 |   0.7140 |    0.004s
    48 |   0.2706 |   0.9929 |   0.7080 |   0.7230 |    0.005s
    49 |   0.0841 |   0.9786 |   0.7020 |   0.6950 |    0.005s
    50 |   0.1030 |   0.9786 |   0.6740 |   0.6880 |    0.005s
    51 |   0.0618 |   0.9786 |   0.6720 |   0.6800 |    0.005s
    52 |   0.0380 |   0.9929 |   0.6740 |   0.6800 |    0.005s
    53 |   0.0412 |   0.9929 |   0.6840 |   0.6880 |    0.005s
    54 |   0.1840 |   0.9929 |   0.7000 |   0.7050 |    0.005s
    55 |   0.0416 |   0.9929 |   0.6980 |   0.7080 |    0.004s
    56 |   0.0432 |   0.9929 |   0.6940 |   0.7140 |    0.004s
    57 |   0.0396 |   0.9929 |   0.7060 |   0.7170 |    0.004s
    58 |   0.0198 |   0.9929 |   0.7020 |   0.7220 |    0.004s
    59 |   0.0416 |   0.9929 |   0.6960 |   0.7160 |    0.004s
    60 |   0.0366 |   0.9929 |   0.7080 |   0.7170 |    0.004s
    61 |   0.0264 |   1.0000 |   0.7100 |   0.7340 |    0.004s
    62 |   0.0209 |   1.0000 |   0.7060 |   0.7360 |    0.004s
    63 |   0.0154 |   1.0000 |   0.7060 |   0.7360 |    0.005s
    64 |   0.0388 |   0.9857 |   0.6960 |   0.7350 |    0.005s
    65 |   0.0114 |   0.9786 |   0.6880 |   0.7240 |    0.004s
    66 |   0.0241 |   0.9714 |   0.6840 |   0.7190 |    0.004s
    67 |   0.1031 |   0.9786 |   0.6960 |   0.7310 |    0.005s
    68 |   0.0129 |   1.0000 |   0.6900 |   0.7420 |    0.005s
    69 |   0.0997 |   1.0000 |   0.6980 |   0.7350 |    0.004s
    70 |   0.0268 |   1.0000 |   0.7020 |   0.7270 |    0.004s
    71 |   0.0087 |   1.0000 |   0.7000 |   0.7240 |    0.005s
    72 |   0.0078 |   1.0000 |   0.6980 |   0.7190 |    0.005s
    73 |   0.0096 |   1.0000 |   0.6980 |   0.7140 |    0.004s
    74 |   0.0139 |   1.0000 |   0.7000 |   0.7120 |    0.004s
    75 |   0.0220 |   1.0000 |   0.6960 |   0.7160 |    0.004s
    76 |   0.0181 |   1.0000 |   0.6980 |   0.7190 |    0.005s
    77 |   0.0458 |   1.0000 |   0.7020 |   0.7200 |    0.004s
    78 |   0.0042 |   1.0000 |   0.7060 |   0.7300 |    0.004s
    79 |   0.0079 |   1.0000 |   0.7020 |   0.7310 |    0.005s
    80 |   0.0067 |   1.0000 |   0.7040 |   0.7330 |    0.005s
    81 |   0.0036 |   1.0000 |   0.7060 |   0.7350 |    0.004s
    82 |   0.0051 |   1.0000 |   0.7020 |   0.7320 |    0.004s
    83 |   0.2361 |   1.0000 |   0.6940 |   0.7200 |    0.005s
    84 |   0.0292 |   1.0000 |   0.6860 |   0.7100 |    0.005s
    85 |   0.0069 |   1.0000 |   0.6800 |   0.6990 |    0.004s
    86 |   0.0053 |   1.0000 |   0.6800 |   0.6870 |    0.005s
    87 |   0.0176 |   1.0000 |   0.6760 |   0.6800 |    0.004s
    88 |   0.0268 |   1.0000 |   0.6840 |   0.6870 |    0.004s
    89 |   0.0039 |   1.0000 |   0.6820 |   0.6870 |    0.004s
    90 |   0.0092 |   0.9929 |   0.6840 |   0.6940 |    0.004s
    91 |   0.0036 |   0.9929 |   0.6820 |   0.6970 |    0.005s
    92 |   0.0955 |   1.0000 |   0.6940 |   0.7090 |    0.005s
    93 |   0.0060 |   1.0000 |   0.7000 |   0.7230 |    0.004s
    94 |   0.0092 |   1.0000 |   0.7020 |   0.7290 |    0.004s
    95 |   0.0051 |   1.0000 |   0.7060 |   0.7290 |    0.004s
    96 |   0.0288 |   1.0000 |   0.6900 |   0.7280 |    0.005s
    97 |   0.0046 |   0.9929 |   0.6880 |   0.7290 |    0.003s
    98 |   0.0051 |   0.9929 |   0.6880 |   0.7240 |    0.004s
    99 |   0.0174 |   1.0000 |   0.6980 |   0.7290 |    0.006s
   100 |   0.0033 |   1.0000 |   0.7000 |   0.7360 |    0.005s
   101 |   0.0045 |   1.0000 |   0.7120 |   0.7320 |    0.004s
   102 |   0.0073 |   0.9929 |   0.7120 |   0.7310 |    0.004s
   103 |   0.0108 |   0.9929 |   0.7060 |   0.7310 |    0.005s
   104 |   0.0130 |   0.9929 |   0.7100 |   0.7320 |    0.004s
   105 |   0.0120 |   1.0000 |   0.7140 |   0.7330 |    0.005s
   106 |   0.0095 |   1.0000 |   0.7060 |   0.7350 |    0.005s
   107 |   0.0062 |   1.0000 |   0.7180 |   0.7330 |    0.004s
   108 |   0.0064 |   1.0000 |   0.7180 |   0.7280 |    0.005s
   109 |   0.0200 |   1.0000 |   0.7120 |   0.7240 |    0.005s
   110 |   0.0054 |   1.0000 |   0.7080 |   0.7210 |    0.005s
   111 |   0.0229 |   1.0000 |   0.7060 |   0.7260 |    0.004s
   112 |   0.0031 |   1.0000 |   0.7100 |   0.7260 |    0.005s
   113 |   0.0041 |   1.0000 |   0.7100 |   0.7210 |    0.005s
   114 |   0.0052 |   1.0000 |   0.7160 |   0.7150 |    0.005s
   115 |   0.0037 |   1.0000 |   0.7060 |   0.7070 |    0.004s
   116 |   0.0055 |   1.0000 |   0.7040 |   0.7050 |    0.004s
   117 |   0.0042 |   0.9929 |   0.6980 |   0.7010 |    0.004s
   118 |   0.0061 |   0.9929 |   0.6940 |   0.6970 |    0.004s
   119 |   0.0049 |   0.9929 |   0.6900 |   0.6960 |    0.004s
   120 |   0.0151 |   0.9929 |   0.6840 |   0.6930 |    0.004s
   121 |   0.0090 |   1.0000 |   0.6840 |   0.6890 |    0.004s
   122 |   0.0025 |   1.0000 |   0.6860 |   0.6880 |    0.005s
   123 |   0.0039 |   1.0000 |   0.6760 |   0.6840 |    0.006s
   124 |   0.0045 |   1.0000 |   0.6780 |   0.6800 |    0.004s
   125 |   0.0041 |   1.0000 |   0.6820 |   0.6830 |    0.004s
   126 |   0.0033 |   1.0000 |   0.6780 |   0.6830 |    0.005s
   127 |   0.0030 |   1.0000 |   0.6780 |   0.6840 |    0.005s
   128 |   0.0030 |   1.0000 |   0.6760 |   0.6850 |    0.005s
   129 |   0.0038 |   1.0000 |   0.6740 |   0.6850 |    0.004s
   130 |   0.0020 |   1.0000 |   0.6760 |   0.6840 |    0.005s
   131 |   0.0030 |   1.0000 |   0.6760 |   0.6840 |    0.009s
   132 |   0.0025 |   1.0000 |   0.6740 |   0.6840 |    0.005s
   133 |   0.0031 |   1.0000 |   0.6740 |   0.6840 |    0.004s
   134 |   0.0028 |   1.0000 |   0.6800 |   0.6860 |    0.004s
   135 |   0.0024 |   1.0000 |   0.6840 |   0.6900 |    0.004s
   136 |   0.0026 |   1.0000 |   0.6800 |   0.6910 |    0.006s
   137 |   0.0029 |   1.0000 |   0.6800 |   0.6920 |    0.005s
   138 |   0.0016 |   1.0000 |   0.6820 |   0.6930 |    0.005s
   139 |   0.0018 |   1.0000 |   0.6800 |   0.6930 |    0.004s
   140 |   0.0019 |   1.0000 |   0.6840 |   0.6950 |    0.004s
   141 |   0.0021 |   1.0000 |   0.6840 |   0.6940 |    0.005s
   142 |   0.0015 |   1.0000 |   0.6860 |   0.6940 |    0.004s
   143 |   0.0015 |   1.0000 |   0.6860 |   0.6960 |    0.005s
   144 |   0.0025 |   1.0000 |   0.6860 |   0.6970 |    0.004s
   145 |   0.0009 |   1.0000 |   0.6860 |   0.6980 |    0.005s
   146 |   0.0030 |   1.0000 |   0.6920 |   0.7010 |    0.005s
   147 |   0.0012 |   1.0000 |   0.6940 |   0.7020 |    0.004s
   148 |   0.0010 |   1.0000 |   0.7000 |   0.7030 |    0.005s
   149 |   0.0010 |   1.0000 |   0.7020 |   0.7040 |    0.005s
   150 |   0.0022 |   1.0000 |   0.7000 |   0.7070 |    0.005s
------------------------------------------------------------------------------
【结果汇总】
  最佳验证准确率 : 0.7440  (第 30 轮)
  对应的测试准确率: 0.7550
  训练总耗时     : 0.89s (不含评估) / 整体墙钟时间 1.43s
  平均每轮训练耗时: 0.00s (每轮 1 次参数更新)
  全图推理耗时   : 0.00s
  模型参数量     : 201,281
结果已追加保存到：D:\PHD\博一\入学任务\任务一_节点分类\results\results.jsonl
