==============================================================================
任务一 节点分类 | 数据集=Cora 模型=GAT 训练方式=full 学习率=0.01 层数=2
==============================================================================
超参数：hidden=128, dropout=0.5, weight_decay=0.0005, epochs=150, seed=42
数据集信息：节点数=2708, 边数=10556, 特征维度=1433, 类别数=7, 训练/验证/测试 = 140/500/1000
模型参数量：184,981
全图训练：每个 epoch 做 1 次全图前向 + 反向
------------------------------------------------------------------------------
 Epoch |     Loss |    Train |      Val |     Test |      时间/轮
------------------------------------------------------------------------------
     1 |   2.4213 |   0.7357 |   0.3840 |   0.4370 |    0.269s
     2 |   1.2259 |   0.8929 |   0.5220 |   0.5480 |    0.361s
     3 |   0.8911 |   0.9357 |   0.6300 |   0.6320 |    0.359s
     4 |   0.5996 |   0.9643 |   0.6960 |   0.6980 |    0.004s
     5 |   0.5727 |   0.9714 |   0.7220 |   0.7310 |    0.004s
     6 |   0.5254 |   0.9714 |   0.7460 |   0.7490 |    0.005s
     7 |   0.4950 |   0.9857 |   0.7540 |   0.7670 |    0.004s
     8 |   0.4275 |   0.9857 |   0.7560 |   0.7670 |    0.004s
     9 |   0.4270 |   0.9857 |   0.7620 |   0.7700 |    0.005s
    10 |   0.3449 |   0.9929 |   0.7620 |   0.7750 |    0.003s
    11 |   0.4018 |   1.0000 |   0.7600 |   0.7800 |    0.004s
    12 |   0.3668 |   1.0000 |   0.7600 |   0.7850 |    0.003s
    13 |   0.3415 |   1.0000 |   0.7660 |   0.7850 |    0.004s
    14 |   0.2605 |   1.0000 |   0.7660 |   0.7840 |    0.005s
    15 |   0.3249 |   1.0000 |   0.7660 |   0.7830 |    0.004s
    16 |   0.2621 |   1.0000 |   0.7680 |   0.7840 |    0.004s
    17 |   0.2818 |   1.0000 |   0.7660 |   0.7850 |    0.004s
    18 |   0.2719 |   1.0000 |   0.7660 |   0.7840 |    0.005s
    19 |   0.2576 |   1.0000 |   0.7660 |   0.7850 |    0.005s
    20 |   0.2930 |   1.0000 |   0.7660 |   0.7850 |    0.004s
    21 |   0.2682 |   1.0000 |   0.7660 |   0.7840 |    0.004s
    22 |   0.3006 |   1.0000 |   0.7660 |   0.7850 |    0.004s
    23 |   0.1890 |   1.0000 |   0.7680 |   0.7870 |    0.004s
    24 |   0.1461 |   1.0000 |   0.7640 |   0.7850 |    0.004s
    25 |   0.2872 |   1.0000 |   0.7620 |   0.7850 |    0.004s
    26 |   0.2444 |   1.0000 |   0.7640 |   0.7850 |    0.004s
    27 |   0.1598 |   1.0000 |   0.7640 |   0.7850 |    0.004s
    28 |   0.1966 |   1.0000 |   0.7640 |   0.7840 |    0.003s
    29 |   0.1721 |   1.0000 |   0.7660 |   0.7860 |    0.005s
    30 |   0.2067 |   1.0000 |   0.7660 |   0.7870 |    0.005s
    31 |   0.2372 |   1.0000 |   0.7640 |   0.7880 |    0.004s
    32 |   0.2638 |   1.0000 |   0.7600 |   0.7880 |    0.005s
    33 |   0.2405 |   1.0000 |   0.7600 |   0.7880 |    0.004s
    34 |   0.1222 |   1.0000 |   0.7600 |   0.7870 |    0.005s
    35 |   0.2241 |   1.0000 |   0.7600 |   0.7890 |    0.004s
    36 |   0.2535 |   1.0000 |   0.7600 |   0.7880 |    0.004s
    37 |   0.2635 |   1.0000 |   0.7620 |   0.7890 |    0.005s
    38 |   0.1541 |   1.0000 |   0.7640 |   0.7880 |    0.006s
    39 |   0.2288 |   1.0000 |   0.7660 |   0.7880 |    0.004s
    40 |   0.1767 |   1.0000 |   0.7660 |   0.7920 |    0.004s
    41 |   0.2276 |   1.0000 |   0.7660 |   0.7890 |    0.005s
    42 |   0.2115 |   1.0000 |   0.7660 |   0.7880 |    0.005s
    43 |   0.1938 |   1.0000 |   0.7640 |   0.7860 |    0.004s
    44 |   0.1567 |   1.0000 |   0.7600 |   0.7860 |    0.004s
    45 |   0.2494 |   1.0000 |   0.7580 |   0.7860 |    0.005s
    46 |   0.2314 |   1.0000 |   0.7580 |   0.7830 |    0.004s
    47 |   0.1990 |   1.0000 |   0.7600 |   0.7850 |    0.005s
    48 |   0.1742 |   1.0000 |   0.7600 |   0.7840 |    0.005s
    49 |   0.1589 |   1.0000 |   0.7600 |   0.7860 |    0.004s
    50 |   0.2104 |   1.0000 |   0.7600 |   0.7860 |    0.004s
    51 |   0.1618 |   1.0000 |   0.7620 |   0.7900 |    0.004s
    52 |   0.2501 |   1.0000 |   0.7620 |   0.7890 |    0.004s
    53 |   0.1610 |   1.0000 |   0.7620 |   0.7900 |    0.004s
    54 |   0.2502 |   1.0000 |   0.7620 |   0.7910 |    0.004s
    55 |   0.2208 |   1.0000 |   0.7640 |   0.7910 |    0.004s
    56 |   0.1187 |   1.0000 |   0.7660 |   0.7920 |    0.004s
    57 |   0.1513 |   1.0000 |   0.7680 |   0.7900 |    0.004s
    58 |   0.1891 |   1.0000 |   0.7660 |   0.7890 |    0.004s
    59 |   0.1686 |   1.0000 |   0.7640 |   0.7870 |    0.004s
    60 |   0.1594 |   1.0000 |   0.7640 |   0.7880 |    0.004s
    61 |   0.1710 |   1.0000 |   0.7600 |   0.7890 |    0.004s
    62 |   0.1189 |   1.0000 |   0.7620 |   0.7900 |    0.004s
    63 |   0.1551 |   1.0000 |   0.7640 |   0.7890 |    0.006s
    64 |   0.1868 |   1.0000 |   0.7660 |   0.7870 |    0.004s
    65 |   0.1975 |   1.0000 |   0.7680 |   0.7870 |    0.005s
    66 |   0.2017 |   1.0000 |   0.7700 |   0.7870 |    0.006s
    67 |   0.2567 |   1.0000 |   0.7700 |   0.7870 |    0.004s
    68 |   0.1745 |   1.0000 |   0.7640 |   0.7870 |    0.004s
    69 |   0.2184 |   1.0000 |   0.7640 |   0.7870 |    0.004s
    70 |   0.2237 |   1.0000 |   0.7620 |   0.7890 |    0.004s
    71 |   0.1810 |   1.0000 |   0.7620 |   0.7890 |    0.005s
    72 |   0.2158 |   1.0000 |   0.7620 |   0.7900 |    0.004s
    73 |   0.2125 |   1.0000 |   0.7620 |   0.7910 |    0.005s
    74 |   0.1907 |   1.0000 |   0.7580 |   0.7890 |    0.006s
    75 |   0.1770 |   1.0000 |   0.7560 |   0.7900 |    0.006s
    76 |   0.2251 |   1.0000 |   0.7540 |   0.7880 |    0.005s
    77 |   0.2392 |   1.0000 |   0.7540 |   0.7840 |    0.004s
    78 |   0.1385 |   1.0000 |   0.7540 |   0.7830 |    0.004s
    79 |   0.1522 |   1.0000 |   0.7600 |   0.7820 |    0.003s
    80 |   0.1815 |   1.0000 |   0.7600 |   0.7810 |    0.005s
    81 |   0.1946 |   1.0000 |   0.7600 |   0.7820 |    0.005s
    82 |   0.2410 |   1.0000 |   0.7520 |   0.7820 |    0.004s
    83 |   0.1018 |   1.0000 |   0.7520 |   0.7780 |    0.005s
    84 |   0.2468 |   1.0000 |   0.7520 |   0.7790 |    0.005s
    85 |   0.1640 |   1.0000 |   0.7520 |   0.7790 |    0.003s
    86 |   0.1487 |   1.0000 |   0.7520 |   0.7810 |    0.004s
    87 |   0.1923 |   1.0000 |   0.7540 |   0.7820 |    0.004s
    88 |   0.2141 |   1.0000 |   0.7560 |   0.7830 |    0.004s
    89 |   0.1870 |   1.0000 |   0.7520 |   0.7830 |    0.006s
    90 |   0.1096 |   1.0000 |   0.7500 |   0.7810 |    0.004s
    91 |   0.2171 |   1.0000 |   0.7480 |   0.7810 |    0.005s
    92 |   0.0820 |   1.0000 |   0.7480 |   0.7840 |    0.005s
    93 |   0.1676 |   1.0000 |   0.7460 |   0.7870 |    0.005s
    94 |   0.1710 |   1.0000 |   0.7460 |   0.7870 |    0.004s
    95 |   0.1187 |   1.0000 |   0.7460 |   0.7830 |    0.005s
    96 |   0.1941 |   1.0000 |   0.7460 |   0.7820 |    0.004s
    97 |   0.1720 |   1.0000 |   0.7440 |   0.7850 |    0.005s
    98 |   0.1947 |   1.0000 |   0.7460 |   0.7870 |    0.005s
    99 |   0.2115 |   1.0000 |   0.7500 |   0.7870 |    0.004s
   100 |   0.1488 |   1.0000 |   0.7560 |   0.7870 |    0.004s
   101 |   0.1210 |   1.0000 |   0.7560 |   0.7880 |    0.005s
   102 |   0.0959 |   1.0000 |   0.7560 |   0.7880 |    0.006s
   103 |   0.2185 |   1.0000 |   0.7520 |   0.7870 |    0.005s
   104 |   0.1010 |   1.0000 |   0.7540 |   0.7890 |    0.007s
   105 |   0.1592 |   1.0000 |   0.7520 |   0.7840 |    0.004s
   106 |   0.1884 |   1.0000 |   0.7520 |   0.7830 |    0.006s
   107 |   0.1347 |   1.0000 |   0.7580 |   0.7800 |    0.005s
   108 |   0.2123 |   1.0000 |   0.7620 |   0.7810 |    0.004s
   109 |   0.1947 |   1.0000 |   0.7620 |   0.7810 |    0.004s
   110 |   0.2391 |   1.0000 |   0.7640 |   0.7830 |    0.004s
   111 |   0.1822 |   1.0000 |   0.7640 |   0.7830 |    0.004s
   112 |   0.1999 |   1.0000 |   0.7640 |   0.7810 |    0.004s
   113 |   0.1355 |   1.0000 |   0.7640 |   0.7800 |    0.004s
   114 |   0.2012 |   1.0000 |   0.7620 |   0.7810 |    0.005s
   115 |   0.1468 |   1.0000 |   0.7620 |   0.7820 |    0.005s
   116 |   0.1796 |   1.0000 |   0.7620 |   0.7830 |    0.005s
   117 |   0.0928 |   1.0000 |   0.7620 |   0.7860 |    0.004s
   118 |   0.1626 |   1.0000 |   0.7660 |   0.7870 |    0.004s
   119 |   0.1806 |   1.0000 |   0.7700 |   0.7850 |    0.004s
   120 |   0.1415 |   1.0000 |   0.7660 |   0.7820 |    0.004s
   121 |   0.3135 |   1.0000 |   0.7640 |   0.7830 |    0.005s
   122 |   0.1552 |   1.0000 |   0.7660 |   0.7900 |    0.005s
   123 |   0.2560 |   1.0000 |   0.7640 |   0.7860 |    0.006s
   124 |   0.1880 |   1.0000 |   0.7640 |   0.7800 |    0.005s
   125 |   0.2112 |   1.0000 |   0.7660 |   0.7750 |    0.004s
   126 |   0.1434 |   1.0000 |   0.7700 |   0.7730 |    0.004s
   127 |   0.2253 |   1.0000 |   0.7680 |   0.7740 |    0.006s
   128 |   0.2127 |   1.0000 |   0.7720 |   0.7720 |    0.006s
   129 |   0.1919 |   1.0000 |   0.7740 |   0.7700 |    0.005s
   130 |   0.1924 |   1.0000 |   0.7740 |   0.7690 |    0.005s
   131 |   0.1770 |   1.0000 |   0.7760 |   0.7700 |    0.004s
   132 |   0.1787 |   1.0000 |   0.7740 |   0.7730 |    0.004s
   133 |   0.2044 |   1.0000 |   0.7640 |   0.7710 |    0.005s
   134 |   0.2013 |   1.0000 |   0.7560 |   0.7720 |    0.005s
   135 |   0.2092 |   1.0000 |   0.7600 |   0.7710 |    0.006s
   136 |   0.1401 |   1.0000 |   0.7560 |   0.7730 |    0.006s
   137 |   0.2383 |   1.0000 |   0.7560 |   0.7740 |    0.004s
   138 |   0.1808 |   1.0000 |   0.7500 |   0.7740 |    0.006s
   139 |   0.2126 |   1.0000 |   0.7500 |   0.7700 |    0.004s
   140 |   0.3127 |   1.0000 |   0.7480 |   0.7690 |    0.005s
   141 |   0.1365 |   1.0000 |   0.7480 |   0.7720 |    0.004s
   142 |   0.1905 |   1.0000 |   0.7460 |   0.7710 |    0.004s
   143 |   0.1205 |   1.0000 |   0.7460 |   0.7700 |    0.004s
   144 |   0.1726 |   1.0000 |   0.7420 |   0.7710 |    0.005s
   145 |   0.1629 |   1.0000 |   0.7460 |   0.7720 |    0.004s
   146 |   0.1897 |   1.0000 |   0.7480 |   0.7710 |    0.004s
   147 |   0.1678 |   1.0000 |   0.7460 |   0.7720 |    0.004s
   148 |   0.1441 |   1.0000 |   0.7460 |   0.7700 |    0.005s
   149 |   0.1565 |   1.0000 |   0.7460 |   0.7750 |    0.005s
   150 |   0.1634 |   1.0000 |   0.7540 |   0.7760 |    0.004s
------------------------------------------------------------------------------
【结果汇总】
  最佳验证准确率 : 0.7760  (第 131 轮)
  对应的测试准确率: 0.7700
  训练总耗时     : 1.65s (不含评估) / 整体墙钟时间 2.66s
  平均每轮训练耗时: 0.01s (每轮 1 次参数更新)
  全图推理耗时   : 0.00s
  模型参数量     : 184,981
结果已追加保存到：D:\PHD\博一\入学任务\任务一_节点分类\results\results.jsonl
