==============================================================================
任务一 节点分类 | 数据集=Cora 模型=GCN 训练方式=sample 学习率=0.01 层数=2
==============================================================================
超参数：hidden=128, dropout=0.5, weight_decay=0.0005, epochs=20, seed=42
数据集信息：节点数=2708, 边数=10556, 特征维度=1433, 类别数=7, 训练/验证/测试 = 140/500/1000
模型参数量：184,711
采样设置：batch_size=64, num_neighbors=[10, 10], 每轮 batch 数=3
------------------------------------------------------------------------------
 Epoch |     Loss |    Train |      Val |     Test |      时间/轮
------------------------------------------------------------------------------
     1 |   1.3002 |   0.9714 |   0.7180 |   0.7410 |    0.183s
     2 |   0.1324 |   0.9643 |   0.7360 |   0.7480 |    0.016s
     3 |   0.0685 |   0.9857 |   0.7680 |   0.7910 |    0.015s
     4 |   0.0592 |   1.0000 |   0.7860 |   0.8160 |    0.016s
     5 |   0.0395 |   0.9929 |   0.7900 |   0.8150 |    0.013s
     6 |   0.0240 |   0.9929 |   0.8000 |   0.8110 |    0.015s
     7 |   0.0117 |   1.0000 |   0.7940 |   0.8060 |    0.013s
     8 |   0.0190 |   0.9929 |   0.7980 |   0.8080 |    0.015s
     9 |   0.0117 |   0.9929 |   0.7900 |   0.8060 |    0.014s
    10 |   0.0127 |   0.9929 |   0.7880 |   0.8030 |    0.015s
    11 |   0.0069 |   1.0000 |   0.7900 |   0.8060 |    0.013s
    12 |   0.0060 |   1.0000 |   0.7860 |   0.7980 |    0.013s
    13 |   0.0148 |   1.0000 |   0.7900 |   0.8060 |    0.013s
    14 |   0.0130 |   1.0000 |   0.7820 |   0.8110 |    0.015s
    15 |   0.0038 |   1.0000 |   0.7700 |   0.7940 |    0.013s
    16 |   0.0096 |   1.0000 |   0.7740 |   0.7900 |    0.014s
    17 |   0.0135 |   1.0000 |   0.7720 |   0.7960 |    0.013s
    18 |   0.0029 |   1.0000 |   0.7820 |   0.8040 |    0.016s
    19 |   0.0059 |   1.0000 |   0.7720 |   0.8110 |    0.014s
    20 |   0.0039 |   1.0000 |   0.7660 |   0.8110 |    0.014s
------------------------------------------------------------------------------
【结果汇总】
  最佳验证准确率 : 0.8000  (第 6 轮)
  对应的测试准确率: 0.8110
  训练总耗时     : 0.45s (不含评估) / 整体墙钟时间 0.52s
  平均每轮训练耗时: 0.01s (每轮 3 次参数更新)
  全图推理耗时   : 0.00s
  模型参数量     : 184,711
结果已追加保存到：D:\PHD\博一\入学任务\任务一_节点分类\results\results.jsonl
==============================================================================
任务一 节点分类 | 数据集=Cora 模型=GCN 训练方式=sample 学习率=0.01 层数=2
==============================================================================
超参数：hidden=128, dropout=0.5, weight_decay=0.0005, epochs=150, seed=42
数据集信息：节点数=2708, 边数=10556, 特征维度=1433, 类别数=7, 训练/验证/测试 = 140/500/1000
模型参数量：184,711
采样设置：batch_size=128, num_neighbors=[10, 10], 每轮 batch 数=2
------------------------------------------------------------------------------
 Epoch |     Loss |    Train |      Val |     Test |      时间/轮
------------------------------------------------------------------------------
     1 |   1.5169 |   0.9286 |   0.7000 |   0.7000 |    0.162s
     2 |   0.2859 |   0.9571 |   0.7280 |   0.7230 |    0.009s
     3 |   0.1659 |   0.9643 |   0.7280 |   0.7450 |    0.008s
     4 |   0.0958 |   0.9786 |   0.7340 |   0.7490 |    0.008s
     5 |   0.0889 |   0.9929 |   0.7560 |   0.7700 |    0.009s
     6 |   0.0313 |   0.9929 |   0.7640 |   0.7940 |    0.008s
     7 |   0.0405 |   0.9929 |   0.7700 |   0.8100 |    0.008s
     8 |   0.0261 |   1.0000 |   0.7740 |   0.8050 |    0.010s
     9 |   0.0278 |   1.0000 |   0.7760 |   0.8110 |    0.007s
    10 |   0.0925 |   1.0000 |   0.7740 |   0.8060 |    0.009s
    11 |   0.0324 |   1.0000 |   0.7640 |   0.8000 |    0.009s
    12 |   0.0130 |   1.0000 |   0.7800 |   0.8100 |    0.008s
    13 |   0.0096 |   1.0000 |   0.7740 |   0.8050 |    0.009s
    14 |   0.0156 |   1.0000 |   0.7820 |   0.8030 |    0.008s
    15 |   0.0086 |   1.0000 |   0.7800 |   0.7980 |    0.007s
    16 |   0.0064 |   1.0000 |   0.7700 |   0.7990 |    0.007s
    17 |   0.0084 |   1.0000 |   0.7740 |   0.7990 |    0.011s
    18 |   0.0065 |   1.0000 |   0.7740 |   0.8000 |    0.008s
    19 |   0.0067 |   1.0000 |   0.7680 |   0.7990 |    0.008s
    20 |   0.0103 |   1.0000 |   0.7640 |   0.7950 |    0.009s
    21 |   0.0028 |   1.0000 |   0.7660 |   0.7920 |    0.009s
    22 |   0.0064 |   1.0000 |   0.7720 |   0.7940 |    0.010s
    23 |   0.0467 |   1.0000 |   0.7640 |   0.7940 |    0.008s
    24 |   0.0036 |   1.0000 |   0.7580 |   0.7880 |    0.008s
    25 |   0.0038 |   1.0000 |   0.7560 |   0.7840 |    0.010s
    26 |   0.0030 |   1.0000 |   0.7600 |   0.7800 |    0.008s
    27 |   0.0045 |   0.9929 |   0.7640 |   0.7830 |    0.008s
    28 |   0.0140 |   0.9929 |   0.7700 |   0.7840 |    0.009s
    29 |   0.0099 |   1.0000 |   0.7660 |   0.7910 |    0.009s
    30 |   0.0089 |   1.0000 |   0.7660 |   0.7930 |    0.008s
    31 |   0.0237 |   1.0000 |   0.7700 |   0.8010 |    0.008s
    32 |   0.0040 |   0.9929 |   0.7700 |   0.8000 |    0.008s
    33 |   0.0301 |   0.9929 |   0.7740 |   0.8030 |    0.008s
    34 |   0.0069 |   1.0000 |   0.7680 |   0.8010 |    0.007s
    35 |   0.0054 |   1.0000 |   0.7720 |   0.7970 |    0.008s
    36 |   0.0101 |   1.0000 |   0.7720 |   0.7990 |    0.009s
    37 |   0.0057 |   1.0000 |   0.7660 |   0.7950 |    0.008s
    38 |   0.0033 |   1.0000 |   0.7600 |   0.7990 |    0.008s
    39 |   0.0087 |   1.0000 |   0.7580 |   0.7970 |    0.009s
    40 |   0.0043 |   1.0000 |   0.7680 |   0.7970 |    0.008s
    41 |   0.0299 |   1.0000 |   0.7680 |   0.7990 |    0.008s
    42 |   0.0051 |   1.0000 |   0.7700 |   0.8010 |    0.010s
    43 |   0.0075 |   1.0000 |   0.7680 |   0.8030 |    0.009s
    44 |   0.0058 |   1.0000 |   0.7700 |   0.7960 |    0.008s
    45 |   0.0037 |   1.0000 |   0.7580 |   0.7910 |    0.008s
    46 |   0.0049 |   0.9929 |   0.7520 |   0.7910 |    0.009s
    47 |   0.0026 |   0.9929 |   0.7500 |   0.7910 |    0.008s
    48 |   0.0066 |   0.9929 |   0.7640 |   0.7900 |    0.008s
    49 |   0.0084 |   1.0000 |   0.7600 |   0.7870 |    0.008s
    50 |   0.0090 |   1.0000 |   0.7540 |   0.7900 |    0.008s
    51 |   0.0039 |   1.0000 |   0.7540 |   0.7850 |    0.008s
    52 |   0.0023 |   1.0000 |   0.7540 |   0.7850 |    0.009s
    53 |   0.0026 |   1.0000 |   0.7520 |   0.7870 |    0.009s
    54 |   0.0049 |   1.0000 |   0.7580 |   0.7850 |    0.008s
    55 |   0.0025 |   1.0000 |   0.7500 |   0.7840 |    0.008s
    56 |   0.0017 |   1.0000 |   0.7520 |   0.7840 |    0.007s
    57 |   0.0052 |   1.0000 |   0.7540 |   0.7920 |    0.007s
    58 |   0.0026 |   1.0000 |   0.7480 |   0.7880 |    0.008s
    59 |   0.0033 |   1.0000 |   0.7560 |   0.7910 |    0.008s
    60 |   0.0014 |   1.0000 |   0.7520 |   0.7850 |    0.007s
    61 |   0.0028 |   1.0000 |   0.7420 |   0.7890 |    0.008s
    62 |   0.0045 |   1.0000 |   0.7480 |   0.7840 |    0.010s
    63 |   0.0021 |   1.0000 |   0.7520 |   0.7830 |    0.009s
    64 |   0.0042 |   1.0000 |   0.7520 |   0.7820 |    0.008s
    65 |   0.0018 |   1.0000 |   0.7540 |   0.7790 |    0.010s
    66 |   0.0047 |   1.0000 |   0.7500 |   0.7810 |    0.008s
    67 |   0.0019 |   1.0000 |   0.7540 |   0.7850 |    0.009s
    68 |   0.0024 |   1.0000 |   0.7500 |   0.7860 |    0.009s
    69 |   0.0015 |   1.0000 |   0.7520 |   0.7850 |    0.008s
    70 |   0.0021 |   1.0000 |   0.7440 |   0.7820 |    0.009s
    71 |   0.0025 |   1.0000 |   0.7480 |   0.7880 |    0.008s
    72 |   0.0185 |   1.0000 |   0.7460 |   0.7880 |    0.008s
    73 |   0.0222 |   1.0000 |   0.7480 |   0.7920 |    0.010s
    74 |   0.0050 |   1.0000 |   0.7500 |   0.7920 |    0.008s
    75 |   0.0045 |   0.9929 |   0.7440 |   0.7820 |    0.007s
    76 |   0.0362 |   0.9929 |   0.7440 |   0.7860 |    0.008s
    77 |   0.0126 |   0.9929 |   0.7420 |   0.7760 |    0.008s
    78 |   0.0080 |   0.9929 |   0.7320 |   0.7760 |    0.007s
    79 |   0.0197 |   1.0000 |   0.7220 |   0.7740 |    0.008s
    80 |   0.0058 |   1.0000 |   0.7300 |   0.7780 |    0.008s
    81 |   0.0058 |   1.0000 |   0.7320 |   0.7760 |    0.008s
    82 |   0.0047 |   1.0000 |   0.7320 |   0.7780 |    0.008s
    83 |   0.0038 |   1.0000 |   0.7300 |   0.7770 |    0.012s
    84 |   0.0055 |   1.0000 |   0.7280 |   0.7790 |    0.011s
    85 |   0.0141 |   1.0000 |   0.7340 |   0.7820 |    0.009s
    86 |   0.0040 |   1.0000 |   0.7280 |   0.7800 |    0.009s
    87 |   0.0028 |   1.0000 |   0.7240 |   0.7830 |    0.008s
    88 |   0.0040 |   1.0000 |   0.7140 |   0.7740 |    0.009s
    89 |   0.0079 |   1.0000 |   0.7260 |   0.7800 |    0.009s
    90 |   0.0037 |   1.0000 |   0.7180 |   0.7710 |    0.008s
    91 |   0.0028 |   1.0000 |   0.7340 |   0.7670 |    0.008s
    92 |   0.0052 |   1.0000 |   0.7340 |   0.7680 |    0.009s
    93 |   0.0115 |   1.0000 |   0.7340 |   0.7680 |    0.008s
    94 |   0.0059 |   1.0000 |   0.7400 |   0.7750 |    0.008s
    95 |   0.0039 |   1.0000 |   0.7400 |   0.7660 |    0.007s
    96 |   0.0051 |   1.0000 |   0.7360 |   0.7630 |    0.007s
    97 |   0.0032 |   1.0000 |   0.7320 |   0.7640 |    0.008s
    98 |   0.0055 |   1.0000 |   0.7320 |   0.7590 |    0.008s
    99 |   0.0030 |   1.0000 |   0.7400 |   0.7630 |    0.007s
   100 |   0.0063 |   1.0000 |   0.7460 |   0.7650 |    0.009s
   101 |   0.0024 |   1.0000 |   0.7400 |   0.7690 |    0.008s
   102 |   0.0029 |   1.0000 |   0.7320 |   0.7660 |    0.008s
   103 |   0.0039 |   1.0000 |   0.7360 |   0.7680 |    0.010s
   104 |   0.0085 |   1.0000 |   0.7460 |   0.7740 |    0.009s
   105 |   0.0022 |   1.0000 |   0.7460 |   0.7820 |    0.007s
   106 |   0.0024 |   1.0000 |   0.7460 |   0.7860 |    0.007s
   107 |   0.0021 |   1.0000 |   0.7460 |   0.7760 |    0.010s
   108 |   0.0025 |   1.0000 |   0.7440 |   0.7810 |    0.009s
   109 |   0.0016 |   1.0000 |   0.7420 |   0.7800 |    0.009s
   110 |   0.0733 |   1.0000 |   0.7380 |   0.7740 |    0.008s
   111 |   0.0040 |   0.9929 |   0.7300 |   0.7560 |    0.008s
   112 |   0.0275 |   0.9929 |   0.7260 |   0.7470 |    0.007s
   113 |   0.0458 |   0.9929 |   0.7160 |   0.7380 |    0.008s
   114 |   0.0322 |   0.9929 |   0.7160 |   0.7500 |    0.008s
   115 |   0.0354 |   0.9929 |   0.7100 |   0.7460 |    0.008s
   116 |   0.0676 |   1.0000 |   0.7100 |   0.7510 |    0.008s
   117 |   0.0110 |   0.9929 |   0.7180 |   0.7530 |    0.009s
   118 |   0.0160 |   0.9929 |   0.7120 |   0.7600 |    0.009s
   119 |   0.0552 |   0.9929 |   0.7060 |   0.7610 |    0.008s
   120 |   0.0130 |   1.0000 |   0.7300 |   0.7570 |    0.007s
   121 |   0.0192 |   1.0000 |   0.7340 |   0.7540 |    0.007s
   122 |   0.0246 |   1.0000 |   0.7400 |   0.7610 |    0.008s
   123 |   0.0203 |   1.0000 |   0.7400 |   0.7620 |    0.008s
   124 |   0.0815 |   1.0000 |   0.7500 |   0.7650 |    0.008s
   125 |   0.0087 |   0.9929 |   0.7620 |   0.7730 |    0.007s
   126 |   0.0182 |   0.9929 |   0.7620 |   0.7750 |    0.007s
   127 |   0.0832 |   0.9929 |   0.7640 |   0.7750 |    0.008s
   128 |   0.0076 |   0.9929 |   0.7540 |   0.7620 |    0.008s
   129 |   0.0084 |   0.9929 |   0.7420 |   0.7570 |    0.009s
   130 |   0.0156 |   1.0000 |   0.7400 |   0.7580 |    0.010s
   131 |   0.0069 |   1.0000 |   0.7380 |   0.7500 |    0.009s
   132 |   0.0130 |   1.0000 |   0.7420 |   0.7540 |    0.008s
   133 |   0.0199 |   1.0000 |   0.7320 |   0.7550 |    0.008s
   134 |   0.1886 |   1.0000 |   0.7380 |   0.7500 |    0.009s
   135 |   0.1152 |   1.0000 |   0.7220 |   0.7510 |    0.009s
   136 |   0.0088 |   0.9929 |   0.7180 |   0.7530 |    0.009s
   137 |   0.0377 |   0.9929 |   0.7320 |   0.7610 |    0.008s
   138 |   0.0161 |   1.0000 |   0.7260 |   0.7510 |    0.008s
   139 |   0.0872 |   1.0000 |   0.7480 |   0.7600 |    0.008s
   140 |   0.0121 |   0.9929 |   0.7640 |   0.7470 |    0.008s
   141 |   0.0138 |   0.9857 |   0.7440 |   0.7410 |    0.007s
   142 |   0.0308 |   0.9857 |   0.7460 |   0.7380 |    0.007s
   143 |   0.0359 |   0.9929 |   0.7480 |   0.7430 |    0.008s
   144 |   0.0374 |   0.9929 |   0.7560 |   0.7650 |    0.008s
   145 |   0.0090 |   1.0000 |   0.7540 |   0.7760 |    0.007s
   146 |   0.0191 |   1.0000 |   0.7560 |   0.7750 |    0.008s
   147 |   0.0446 |   0.9929 |   0.7500 |   0.7730 |    0.007s
   148 |   0.0079 |   0.9929 |   0.7460 |   0.7790 |    0.008s
   149 |   0.0052 |   0.9929 |   0.7500 |   0.7800 |    0.010s
   150 |   0.0180 |   1.0000 |   0.7460 |   0.7730 |    0.009s
------------------------------------------------------------------------------
【结果汇总】
  最佳验证准确率 : 0.7820  (第 14 轮)
  对应的测试准确率: 0.8030
  训练总耗时     : 1.40s (不含评估) / 整体墙钟时间 1.83s
  平均每轮训练耗时: 0.01s (每轮 2 次参数更新)
  全图推理耗时   : 0.00s
  模型参数量     : 184,711
结果已追加保存到：D:\PHD\博一\入学任务\任务一_节点分类\results\results.jsonl
