==============================================================================
任务一 节点分类 | 数据集=Flickr 模型=GraphSAGE 训练方式=full 学习率=0.01 层数=2
==============================================================================
超参数：hidden=128, dropout=0.5, weight_decay=0.0005, epochs=5, seed=42
数据集信息：节点数=89250, 边数=899756, 特征维度=500, 类别数=7, 训练/验证/测试 = 44625/22312/22313
模型参数量：130,183
全图训练：每个 epoch 做 1 次全图前向 + 反向
------------------------------------------------------------------------------
 Epoch |     Loss |    Train |      Val |     Test |      时间/轮
------------------------------------------------------------------------------
     1 |   2.1772 |   0.1385 |   0.1334 |   0.1321 |    0.209s
     2 |   1.6629 |   0.2892 |   0.2821 |   0.2813 |    0.034s
     3 |   1.5915 |   0.4157 |   0.4099 |   0.4079 |    0.033s
     4 |   1.6084 |   0.4040 |   0.3980 |   0.3952 |    0.031s
     5 |   1.5630 |   0.3993 |   0.3890 |   0.3882 |    0.031s
------------------------------------------------------------------------------
【结果汇总】
  最佳验证准确率 : 0.4099  (第 3 轮)
  对应的测试准确率: 0.4079
  训练总耗时     : 0.34s (不含评估) / 整体墙钟时间 0.57s
  平均每轮训练耗时: 0.03s (每轮 1 次参数更新)
  全图推理耗时   : 0.00s
  模型参数量     : 130,183
结果已追加保存到：D:\PHD\博一\入学任务\任务一_节点分类\results\results.jsonl
==============================================================================
任务一 节点分类 | 数据集=Flickr 模型=GraphSAGE 训练方式=full 学习率=0.01 层数=2
==============================================================================
超参数：hidden=128, dropout=0.5, weight_decay=0.0005, epochs=150, seed=42
数据集信息：节点数=89250, 边数=899756, 特征维度=500, 类别数=7, 训练/验证/测试 = 44625/22312/22313
模型参数量：130,183
全图训练：每个 epoch 做 1 次全图前向 + 反向
------------------------------------------------------------------------------
 Epoch |     Loss |    Train |      Val |     Test |      时间/轮
------------------------------------------------------------------------------
     1 |   2.1772 |   0.1385 |   0.1334 |   0.1321 |    0.481s
     2 |   1.6629 |   0.2892 |   0.2821 |   0.2814 |    0.098s
     3 |   1.5915 |   0.4157 |   0.4099 |   0.4079 |    0.099s
     4 |   1.6084 |   0.4041 |   0.3981 |   0.3952 |    0.098s
     5 |   1.5630 |   0.3993 |   0.3891 |   0.3882 |    0.098s
     6 |   1.5187 |   0.3097 |   0.3002 |   0.2953 |    0.098s
     7 |   1.4834 |   0.3582 |   0.3476 |   0.3463 |    0.096s
     8 |   1.4578 |   0.4389 |   0.4299 |   0.4292 |    0.097s
     9 |   1.4438 |   0.4694 |   0.4623 |   0.4606 |    0.098s
    10 |   1.4284 |   0.4825 |   0.4746 |   0.4741 |    0.100s
    11 |   1.4262 |   0.4941 |   0.4808 |   0.4821 |    0.069s
    12 |   1.4126 |   0.4899 |   0.4753 |   0.4768 |    0.062s
    13 |   1.4009 |   0.4725 |   0.4582 |   0.4620 |    0.064s
    14 |   1.3937 |   0.4580 |   0.4455 |   0.4472 |    0.063s
    15 |   1.3860 |   0.4554 |   0.4416 |   0.4445 |    0.063s
    16 |   1.3844 |   0.4553 |   0.4438 |   0.4467 |    0.065s
    17 |   1.3776 |   0.4558 |   0.4437 |   0.4462 |    0.064s
    18 |   1.3766 |   0.4566 |   0.4474 |   0.4481 |    0.065s
    19 |   1.3676 |   0.4655 |   0.4588 |   0.4587 |    0.067s
    20 |   1.3611 |   0.4845 |   0.4755 |   0.4781 |    0.065s
    21 |   1.3590 |   0.5027 |   0.4933 |   0.4950 |    0.063s
    22 |   1.3525 |   0.5129 |   0.5064 |   0.5074 |    0.065s
    23 |   1.3508 |   0.5158 |   0.5117 |   0.5108 |    0.063s
    24 |   1.3453 |   0.5156 |   0.5116 |   0.5111 |    0.063s
    25 |   1.3432 |   0.5168 |   0.5129 |   0.5118 |    0.063s
    26 |   1.3393 |   0.5187 |   0.5140 |   0.5135 |    0.063s
    27 |   1.3353 |   0.5215 |   0.5145 |   0.5148 |    0.064s
    28 |   1.3310 |   0.5237 |   0.5143 |   0.5143 |    0.094s
    29 |   1.3267 |   0.5239 |   0.5132 |   0.5129 |    0.098s
    30 |   1.3232 |   0.5227 |   0.5107 |   0.5119 |    0.098s
    31 |   1.3191 |   0.5222 |   0.5097 |   0.5095 |    0.098s
    32 |   1.3156 |   0.5231 |   0.5105 |   0.5096 |    0.097s
    33 |   1.3112 |   0.5262 |   0.5127 |   0.5135 |    0.097s
    34 |   1.3067 |   0.5273 |   0.5155 |   0.5166 |    0.096s
    35 |   1.3005 |   0.5252 |   0.5163 |   0.5146 |    0.095s
    36 |   1.2980 |   0.5202 |   0.5098 |   0.5097 |    0.098s
    37 |   1.2966 |   0.5120 |   0.5017 |   0.5007 |    0.097s
    38 |   1.2905 |   0.5028 |   0.4934 |   0.4937 |    0.098s
    39 |   1.2845 |   0.4958 |   0.4878 |   0.4876 |    0.096s
    40 |   1.2813 |   0.4900 |   0.4826 |   0.4819 |    0.099s
    41 |   1.2742 |   0.4906 |   0.4821 |   0.4812 |    0.098s
    42 |   1.2712 |   0.4912 |   0.4817 |   0.4814 |    0.101s
    43 |   1.2661 |   0.4931 |   0.4823 |   0.4826 |    0.101s
    44 |   1.2620 |   0.4875 |   0.4783 |   0.4785 |    0.098s
    45 |   1.2558 |   0.4802 |   0.4736 |   0.4724 |    0.099s
    46 |   1.2501 |   0.4727 |   0.4673 |   0.4656 |    0.100s
    47 |   1.2480 |   0.4777 |   0.4708 |   0.4691 |    0.100s
    48 |   1.2417 |   0.4899 |   0.4790 |   0.4778 |    0.099s
    49 |   1.2321 |   0.4817 |   0.4721 |   0.4712 |    0.099s
    50 |   1.2319 |   0.4642 |   0.4592 |   0.4589 |    0.102s
    51 |   1.2240 |   0.4678 |   0.4618 |   0.4615 |    0.099s
    52 |   1.2203 |   0.4749 |   0.4658 |   0.4673 |    0.105s
    53 |   1.2145 |   0.4735 |   0.4652 |   0.4664 |    0.100s
    54 |   1.2095 |   0.4777 |   0.4674 |   0.4680 |    0.100s
    55 |   1.2046 |   0.4694 |   0.4610 |   0.4617 |    0.100s
    56 |   1.1958 |   0.4591 |   0.4539 |   0.4535 |    0.099s
    57 |   1.1919 |   0.5057 |   0.4864 |   0.4873 |    0.099s
    58 |   1.1875 |   0.4834 |   0.4696 |   0.4707 |    0.097s
    59 |   1.1849 |   0.5281 |   0.4999 |   0.5015 |    0.098s
    60 |   1.1734 |   0.5184 |   0.4937 |   0.4950 |    0.100s
    61 |   1.1705 |   0.5562 |   0.5144 |   0.5135 |    0.099s
    62 |   1.1680 |   0.4555 |   0.4497 |   0.4490 |    0.098s
    63 |   1.1635 |   0.5510 |   0.5055 |   0.5067 |    0.099s
    64 |   1.1637 |   0.4326 |   0.4329 |   0.4332 |    0.097s
    65 |   1.1624 |   0.5212 |   0.4772 |   0.4765 |    0.098s
    66 |   1.1608 |   0.4621 |   0.4526 |   0.4529 |    0.098s
    67 |   1.1547 |   0.5432 |   0.5105 |   0.5082 |    0.098s
    68 |   1.1456 |   0.5862 |   0.5066 |   0.5059 |    0.098s
    69 |   1.1407 |   0.4610 |   0.4533 |   0.4535 |    0.098s
    70 |   1.1412 |   0.5453 |   0.4983 |   0.4972 |    0.099s
    71 |   1.1347 |   0.5591 |   0.4955 |   0.4974 |    0.098s
    72 |   1.1272 |   0.5058 |   0.4790 |   0.4781 |    0.096s
    73 |   1.1243 |   0.6001 |   0.5160 |   0.5152 |    0.097s
    74 |   1.1149 |   0.5475 |   0.4949 |   0.4972 |    0.097s
    75 |   1.1183 |   0.5640 |   0.5143 |   0.5125 |    0.097s
    76 |   1.1122 |   0.5411 |   0.4784 |   0.4793 |    0.098s
    77 |   1.1029 |   0.5855 |   0.4979 |   0.4995 |    0.097s
    78 |   1.0995 |   0.5789 |   0.5196 |   0.5171 |    0.098s
    79 |   1.0910 |   0.5478 |   0.4939 |   0.4955 |    0.098s
    80 |   1.0919 |   0.5872 |   0.4990 |   0.4977 |    0.098s
    81 |   1.0852 |   0.5401 |   0.4916 |   0.4948 |    0.098s
    82 |   1.0779 |   0.6082 |   0.5000 |   0.5005 |    0.100s
    83 |   1.0810 |   0.4483 |   0.4416 |   0.4416 |    0.097s
    84 |   1.0825 |   0.5620 |   0.4883 |   0.4871 |    0.099s
    85 |   1.0804 |   0.5706 |   0.4991 |   0.5006 |    0.095s
    86 |   1.0769 |   0.5625 |   0.4826 |   0.4767 |    0.096s
    87 |   1.0627 |   0.6034 |   0.5159 |   0.5159 |    0.096s
    88 |   1.0624 |   0.5479 |   0.4708 |   0.4717 |    0.097s
    89 |   1.0654 |   0.5174 |   0.4595 |   0.4585 |    0.097s
    90 |   1.0581 |   0.4726 |   0.4529 |   0.4539 |    0.097s
    91 |   1.0538 |   0.6202 |   0.4933 |   0.4938 |    0.099s
    92 |   1.0483 |   0.5483 |   0.5035 |   0.5032 |    0.100s
    93 |   1.0527 |   0.5242 |   0.4295 |   0.4264 |    0.102s
    94 |   1.0481 |   0.5759 |   0.5068 |   0.5079 |    0.097s
    95 |   1.0386 |   0.6149 |   0.5104 |   0.5111 |    0.090s
    96 |   1.0254 |   0.5536 |   0.4526 |   0.4483 |    0.085s
    97 |   1.0287 |   0.5733 |   0.5009 |   0.5024 |    0.087s
    98 |   1.0266 |   0.6624 |   0.5138 |   0.5110 |    0.087s
    99 |   1.0160 |   0.5297 |   0.4722 |   0.4720 |    0.089s
   100 |   1.0200 |   0.4305 |   0.3914 |   0.3901 |    0.088s
   101 |   1.0311 |   0.4707 |   0.4443 |   0.4454 |    0.090s
   102 |   1.0397 |   0.5047 |   0.4136 |   0.4151 |    0.089s
   103 |   1.0243 |   0.6001 |   0.5162 |   0.5125 |    0.088s
   104 |   1.0142 |   0.6061 |   0.4957 |   0.4951 |    0.088s
   105 |   1.0073 |   0.5545 |   0.4492 |   0.4517 |    0.087s
   106 |   1.0021 |   0.5909 |   0.5192 |   0.5158 |    0.088s
   107 |   1.0019 |   0.6259 |   0.4805 |   0.4778 |    0.088s
   108 |   0.9936 |   0.6303 |   0.5049 |   0.5025 |    0.089s
   109 |   0.9892 |   0.6081 |   0.5184 |   0.5148 |    0.093s
   110 |   0.9888 |   0.6562 |   0.4937 |   0.4957 |    0.096s
   111 |   0.9818 |   0.5921 |   0.5084 |   0.5095 |    0.095s
   112 |   0.9730 |   0.5870 |   0.4950 |   0.4981 |    0.087s
   113 |   0.9690 |   0.6665 |   0.4990 |   0.4974 |    0.088s
   114 |   0.9717 |   0.5548 |   0.4923 |   0.4924 |    0.087s
   115 |   0.9659 |   0.6500 |   0.4870 |   0.4837 |    0.088s
   116 |   0.9613 |   0.6378 |   0.5194 |   0.5191 |    0.089s
   117 |   0.9563 |   0.6737 |   0.5120 |   0.5119 |    0.090s
   118 |   0.9526 |   0.5845 |   0.4451 |   0.4433 |    0.089s
   119 |   0.9556 |   0.5016 |   0.4703 |   0.4718 |    0.092s
   120 |   0.9600 |   0.5772 |   0.4433 |   0.4434 |    0.090s
   121 |   0.9564 |   0.6487 |   0.5208 |   0.5129 |    0.089s
   122 |   0.9472 |   0.6459 |   0.5057 |   0.5049 |    0.089s
   123 |   0.9478 |   0.5560 |   0.4377 |   0.4382 |    0.089s
   124 |   0.9497 |   0.5740 |   0.4764 |   0.4752 |    0.088s
   125 |   0.9493 |   0.6871 |   0.5156 |   0.5165 |    0.089s
   126 |   0.9350 |   0.6813 |   0.5180 |   0.5189 |    0.090s
   127 |   0.9274 |   0.6108 |   0.5117 |   0.5121 |    0.089s
   128 |   0.9348 |   0.5591 |   0.4177 |   0.4112 |    0.087s
   129 |   0.9297 |   0.6767 |   0.5087 |   0.5110 |    0.088s
   130 |   0.9242 |   0.4839 |   0.4558 |   0.4541 |    0.089s
   131 |   0.9242 |   0.5110 |   0.4099 |   0.4099 |    0.089s
   132 |   0.9281 |   0.5294 |   0.4820 |   0.4813 |    0.089s
   133 |   0.9435 |   0.4811 |   0.3768 |   0.3781 |    0.088s
   134 |   0.9310 |   0.6217 |   0.5096 |   0.5079 |    0.087s
   135 |   0.9161 |   0.6561 |   0.5168 |   0.5121 |    0.088s
   136 |   0.9106 |   0.5520 |   0.4192 |   0.4201 |    0.087s
   137 |   0.9197 |   0.4970 |   0.4655 |   0.4644 |    0.088s
   138 |   0.9079 |   0.6685 |   0.4952 |   0.4957 |    0.089s
   139 |   0.9040 |   0.6764 |   0.4766 |   0.4748 |    0.090s
   140 |   0.9012 |   0.6631 |   0.4939 |   0.4916 |    0.087s
   141 |   0.9013 |   0.6492 |   0.4852 |   0.4873 |    0.088s
   142 |   0.8927 |   0.6071 |   0.4708 |   0.4672 |    0.056s
   143 |   0.9000 |   0.6763 |   0.5110 |   0.5080 |    0.059s
   144 |   0.8848 |   0.6559 |   0.5085 |   0.5064 |    0.056s
   145 |   0.8803 |   0.6872 |   0.5217 |   0.5180 |    0.057s
   146 |   0.8778 |   0.7067 |   0.5156 |   0.5138 |    0.058s
   147 |   0.8702 |   0.7115 |   0.5033 |   0.5019 |    0.060s
   148 |   0.8674 |   0.6728 |   0.5200 |   0.5150 |    0.058s
   149 |   0.8674 |   0.7103 |   0.5180 |   0.5162 |    0.058s
   150 |   0.8636 |   0.7107 |   0.4731 |   0.4743 |    0.060s
------------------------------------------------------------------------------
【结果汇总】
  最佳验证准确率 : 0.5217  (第 145 轮)
  对应的测试准确率: 0.5180
  训练总耗时     : 13.73s (不含评估) / 整体墙钟时间 30.27s
  平均每轮训练耗时: 0.09s (每轮 1 次参数更新)
  全图推理耗时   : 0.00s
  模型参数量     : 130,183
结果已追加保存到：D:\PHD\博一\入学任务\任务一_节点分类\results\results.jsonl
