==============================================================================
任务一 节点分类 | 数据集=Flickr 模型=GCN 训练方式=full 学习率=0.01 层数=3
==============================================================================
超参数：hidden=128, dropout=0.5, weight_decay=0.0005, epochs=150, seed=42
数据集信息：节点数=89250, 边数=899756, 特征维度=500, 类别数=7, 训练/验证/测试 = 44625/22312/22313
模型参数量：82,055
全图训练：每个 epoch 做 1 次全图前向 + 反向
------------------------------------------------------------------------------
 Epoch |     Loss |    Train |      Val |     Test |      时间/轮
------------------------------------------------------------------------------
     1 |   2.1239 |   0.0997 |   0.0977 |   0.0956 |    0.396s
     2 |   1.7302 |   0.2583 |   0.2580 |   0.2547 |    0.049s
     3 |   1.6792 |   0.4763 |   0.4799 |   0.4747 |    0.044s
     4 |   1.6344 |   0.4216 |   0.4239 |   0.4237 |    0.042s
     5 |   1.5967 |   0.4219 |   0.4240 |   0.4237 |    0.043s
     6 |   1.5791 |   0.4319 |   0.4334 |   0.4345 |    0.042s
     7 |   1.5560 |   0.4807 |   0.4813 |   0.4792 |    0.041s
     8 |   1.5506 |   0.2908 |   0.2901 |   0.2884 |    0.040s
     9 |   1.5344 |   0.2584 |   0.2582 |   0.2550 |    0.042s
    10 |   1.5222 |   0.2583 |   0.2580 |   0.2547 |    0.042s
    11 |   1.5137 |   0.2583 |   0.2580 |   0.2548 |    0.042s
    12 |   1.5019 |   0.2583 |   0.2580 |   0.2548 |    0.040s
    13 |   1.5012 |   0.2598 |   0.2594 |   0.2564 |    0.041s
    14 |   1.4928 |   0.3001 |   0.2983 |   0.2948 |    0.042s
    15 |   1.4922 |   0.3240 |   0.3205 |   0.3182 |    0.041s
    16 |   1.4823 |   0.3462 |   0.3439 |   0.3414 |    0.045s
    17 |   1.4828 |   0.3870 |   0.3859 |   0.3851 |    0.042s
    18 |   1.4734 |   0.4139 |   0.4165 |   0.4155 |    0.042s
    19 |   1.4687 |   0.4122 |   0.4142 |   0.4123 |    0.040s
    20 |   1.4690 |   0.3922 |   0.3905 |   0.3877 |    0.045s
    21 |   1.4611 |   0.3879 |   0.3860 |   0.3838 |    0.043s
    22 |   1.4583 |   0.4071 |   0.4060 |   0.4030 |    0.041s
    23 |   1.4578 |   0.4306 |   0.4286 |   0.4276 |    0.041s
    24 |   1.4555 |   0.4466 |   0.4437 |   0.4429 |    0.041s
    25 |   1.4481 |   0.4640 |   0.4608 |   0.4596 |    0.040s
    26 |   1.4494 |   0.4924 |   0.4878 |   0.4870 |    0.039s
    27 |   1.4442 |   0.5005 |   0.4999 |   0.4947 |    0.042s
    28 |   1.4412 |   0.4777 |   0.4763 |   0.4778 |    0.039s
    29 |   1.4359 |   0.4900 |   0.4882 |   0.4875 |    0.041s
    30 |   1.4370 |   0.5040 |   0.5043 |   0.4989 |    0.042s
    31 |   1.4315 |   0.5092 |   0.5089 |   0.5024 |    0.039s
    32 |   1.4276 |   0.4969 |   0.4959 |   0.4923 |    0.041s
    33 |   1.4300 |   0.4724 |   0.4718 |   0.4729 |    0.040s
    34 |   1.4254 |   0.4715 |   0.4704 |   0.4712 |    0.041s
    35 |   1.4249 |   0.5110 |   0.5103 |   0.5063 |    0.043s
    36 |   1.4208 |   0.5124 |   0.5118 |   0.5061 |    0.041s
    37 |   1.4204 |   0.4874 |   0.4841 |   0.4841 |    0.041s
    38 |   1.4160 |   0.4480 |   0.4502 |   0.4496 |    0.042s
    39 |   1.4169 |   0.5040 |   0.5006 |   0.4976 |    0.040s
    40 |   1.4110 |   0.5118 |   0.5119 |   0.5058 |    0.041s
    41 |   1.4133 |   0.5001 |   0.4934 |   0.4948 |    0.042s
    42 |   1.4080 |   0.4806 |   0.4807 |   0.4807 |    0.042s
    43 |   1.4070 |   0.4685 |   0.4683 |   0.4693 |    0.041s
    44 |   1.4069 |   0.4499 |   0.4515 |   0.4519 |    0.043s
    45 |   1.4046 |   0.4957 |   0.4912 |   0.4879 |    0.064s
    46 |   1.4026 |   0.5096 |   0.5066 |   0.5045 |    0.044s
    47 |   1.3964 |   0.4230 |   0.4254 |   0.4246 |    0.044s
    48 |   1.4009 |   0.5120 |   0.5084 |   0.5044 |    0.039s
    49 |   1.4008 |   0.4630 |   0.4593 |   0.4581 |    0.044s
    50 |   1.3968 |   0.5205 |   0.5147 |   0.5118 |    0.046s
    51 |   1.3983 |   0.4293 |   0.4303 |   0.4284 |    0.042s
    52 |   1.3935 |   0.4332 |   0.4358 |   0.4347 |    0.041s
    53 |   1.3941 |   0.4969 |   0.4959 |   0.4929 |    0.041s
    54 |   1.3932 |   0.4704 |   0.4691 |   0.4677 |    0.041s
    55 |   1.3875 |   0.4585 |   0.4582 |   0.4567 |    0.042s
    56 |   1.3875 |   0.4418 |   0.4444 |   0.4433 |    0.040s
    57 |   1.3856 |   0.4244 |   0.4269 |   0.4252 |    0.041s
    58 |   1.3847 |   0.4649 |   0.4592 |   0.4592 |    0.040s
    59 |   1.3857 |   0.4400 |   0.4356 |   0.4366 |    0.040s
    60 |   1.3816 |   0.4311 |   0.4329 |   0.4323 |    0.044s
    61 |   1.3773 |   0.4497 |   0.4515 |   0.4490 |    0.040s
    62 |   1.3774 |   0.4216 |   0.4239 |   0.4235 |    0.041s
    63 |   1.3793 |   0.4904 |   0.4884 |   0.4881 |    0.042s
    64 |   1.3790 |   0.4602 |   0.4602 |   0.4601 |    0.039s
    65 |   1.3763 |   0.4216 |   0.4239 |   0.4234 |    0.041s
    66 |   1.3827 |   0.4250 |   0.4275 |   0.4263 |    0.041s
    67 |   1.3783 |   0.4719 |   0.4703 |   0.4704 |    0.040s
    68 |   1.3753 |   0.4333 |   0.4366 |   0.4352 |    0.041s
    69 |   1.3778 |   0.4216 |   0.4239 |   0.4234 |    0.040s
    70 |   1.3750 |   0.4261 |   0.4284 |   0.4278 |    0.043s
    71 |   1.3743 |   0.4468 |   0.4416 |   0.4437 |    0.043s
    72 |   1.3757 |   0.4047 |   0.3980 |   0.3999 |    0.043s
    73 |   1.3726 |   0.4250 |   0.4262 |   0.4253 |    0.049s
    74 |   1.3711 |   0.4755 |   0.4763 |   0.4744 |    0.050s
    75 |   1.3787 |   0.4244 |   0.4268 |   0.4254 |    0.047s
    76 |   1.3687 |   0.4354 |   0.4280 |   0.4290 |    0.050s
    77 |   1.3688 |   0.4418 |   0.4349 |   0.4380 |    0.047s
    78 |   1.3701 |   0.4342 |   0.4335 |   0.4336 |    0.047s
    79 |   1.3630 |   0.4283 |   0.4294 |   0.4283 |    0.046s
    80 |   1.3598 |   0.4301 |   0.4289 |   0.4289 |    0.048s
    81 |   1.3630 |   0.4326 |   0.4293 |   0.4312 |    0.050s
    82 |   1.3620 |   0.5059 |   0.5025 |   0.4997 |    0.050s
    83 |   1.3664 |   0.4257 |   0.4277 |   0.4265 |    0.047s
    84 |   1.3594 |   0.4612 |   0.4574 |   0.4590 |    0.049s
    85 |   1.3625 |   0.5131 |   0.4991 |   0.5005 |    0.047s
    86 |   1.3623 |   0.4719 |   0.4637 |   0.4649 |    0.051s
    87 |   1.3586 |   0.4442 |   0.4406 |   0.4414 |    0.049s
    88 |   1.3569 |   0.5040 |   0.4905 |   0.4887 |    0.051s
    89 |   1.3603 |   0.4227 |   0.4251 |   0.4242 |    0.048s
    90 |   1.3610 |   0.4217 |   0.4241 |   0.4236 |    0.049s
    91 |   1.3597 |   0.5119 |   0.5047 |   0.5027 |    0.048s
    92 |   1.3648 |   0.4456 |   0.4460 |   0.4453 |    0.050s
    93 |   1.3591 |   0.4242 |   0.4259 |   0.4247 |    0.049s
    94 |   1.3725 |   0.4373 |   0.4321 |   0.4310 |    0.049s
    95 |   1.3824 |   0.4302 |   0.4264 |   0.4286 |    0.048s
    96 |   1.3718 |   0.4078 |   0.4082 |   0.4081 |    0.048s
    97 |   1.3684 |   0.4131 |   0.4151 |   0.4137 |    0.047s
    98 |   1.3692 |   0.4135 |   0.4156 |   0.4142 |    0.049s
    99 |   1.3658 |   0.4211 |   0.4224 |   0.4218 |    0.049s
   100 |   1.3733 |   0.3712 |   0.3660 |   0.3699 |    0.050s
   101 |   1.3802 |   0.4291 |   0.4309 |   0.4298 |    0.048s
   102 |   1.3726 |   0.4222 |   0.4245 |   0.4237 |    0.048s
   103 |   1.3688 |   0.4210 |   0.4234 |   0.4227 |    0.050s
   104 |   1.3710 |   0.4210 |   0.4234 |   0.4228 |    0.049s
   105 |   1.3627 |   0.4218 |   0.4239 |   0.4232 |    0.049s
   106 |   1.3638 |   0.4219 |   0.4242 |   0.4236 |    0.050s
   107 |   1.3581 |   0.4260 |   0.4268 |   0.4263 |    0.049s
   108 |   1.3600 |   0.4241 |   0.4263 |   0.4244 |    0.049s
   109 |   1.3605 |   0.4210 |   0.4224 |   0.4223 |    0.048s
   110 |   1.3581 |   0.4247 |   0.4262 |   0.4252 |    0.049s
   111 |   1.3550 |   0.4353 |   0.4298 |   0.4316 |    0.047s
   112 |   1.3559 |   0.4270 |   0.4271 |   0.4256 |    0.051s
   113 |   1.3566 |   0.4217 |   0.4239 |   0.4236 |    0.048s
   114 |   1.3538 |   0.4239 |   0.4268 |   0.4255 |    0.049s
   115 |   1.3559 |   0.4243 |   0.4262 |   0.4249 |    0.048s
   116 |   1.3601 |   0.4211 |   0.4168 |   0.4119 |    0.051s
   117 |   1.3628 |   0.4161 |   0.4080 |   0.4090 |    0.048s
   118 |   1.3582 |   0.4240 |   0.4257 |   0.4251 |    0.048s
   119 |   1.3575 |   0.4241 |   0.4250 |   0.4241 |    0.051s
   120 |   1.3561 |   0.3991 |   0.3857 |   0.3914 |    0.048s
   121 |   1.3572 |   0.3771 |   0.3657 |   0.3737 |    0.049s
   122 |   1.3570 |   0.4840 |   0.4799 |   0.4780 |    0.049s
   123 |   1.3503 |   0.5089 |   0.5054 |   0.5050 |    0.050s
   124 |   1.3524 |   0.4782 |   0.4696 |   0.4665 |    0.050s
   125 |   1.3499 |   0.5058 |   0.5030 |   0.5020 |    0.050s
   126 |   1.3486 |   0.4836 |   0.4835 |   0.4822 |    0.052s
   127 |   1.3461 |   0.4811 |   0.4739 |   0.4691 |    0.048s
   128 |   1.3450 |   0.4968 |   0.4957 |   0.4942 |    0.049s
   129 |   1.3417 |   0.4534 |   0.4546 |   0.4533 |    0.047s
   130 |   1.3453 |   0.4607 |   0.4554 |   0.4535 |    0.049s
   131 |   1.3480 |   0.4185 |   0.4092 |   0.4097 |    0.058s
   132 |   1.3524 |   0.4689 |   0.4699 |   0.4712 |    0.048s
   133 |   1.3435 |   0.4356 |   0.4362 |   0.4358 |    0.047s
   134 |   1.3523 |   0.3532 |   0.3493 |   0.3461 |    0.049s
   135 |   1.3543 |   0.3485 |   0.3430 |   0.3407 |    0.049s
   136 |   1.3446 |   0.3644 |   0.3573 |   0.3558 |    0.049s
   137 |   1.3447 |   0.4316 |   0.4297 |   0.4291 |    0.051s
   138 |   1.3452 |   0.4559 |   0.4507 |   0.4539 |    0.049s
   139 |   1.3479 |   0.4799 |   0.4740 |   0.4717 |    0.050s
   140 |   1.3445 |   0.4497 |   0.4490 |   0.4489 |    0.050s
   141 |   1.3396 |   0.4532 |   0.4460 |   0.4497 |    0.051s
   142 |   1.3443 |   0.4441 |   0.4447 |   0.4444 |    0.053s
   143 |   1.3412 |   0.4601 |   0.4610 |   0.4603 |    0.051s
   144 |   1.3374 |   0.4866 |   0.4814 |   0.4817 |    0.047s
   145 |   1.3371 |   0.4948 |   0.4799 |   0.4789 |    0.050s
   146 |   1.3363 |   0.4590 |   0.4597 |   0.4591 |    0.049s
   147 |   1.3348 |   0.4276 |   0.4304 |   0.4299 |    0.049s
   148 |   1.3371 |   0.5248 |   0.5191 |   0.5167 |    0.049s
   149 |   1.3336 |   0.5204 |   0.5126 |   0.5084 |    0.049s
   150 |   1.3358 |   0.4376 |   0.4393 |   0.4384 |    0.052s
------------------------------------------------------------------------------
【结果汇总】
  最佳验证准确率 : 0.5191  (第 148 轮)
  对应的测试准确率: 0.5167
  训练总耗时     : 7.20s (不含评估) / 整体墙钟时间 18.25s
  平均每轮训练耗时: 0.05s (每轮 1 次参数更新)
  全图推理耗时   : 0.04s
  模型参数量     : 82,055
结果已追加保存到：D:\PHD\博一\入学任务\任务一_节点分类\results\results.jsonl
