==============================================================================
任务一 节点分类 | 数据集=Flickr 模型=GAT 训练方式=sample 学习率=0.01 层数=2
==============================================================================
超参数：hidden=128, dropout=0.5, weight_decay=0.0005, epochs=5, seed=42
数据集信息：节点数=89250, 边数=899756, 特征维度=500, 类别数=7, 训练/验证/测试 = 44625/22312/22313
模型参数量：65,557
采样设置：batch_size=1024, num_neighbors=[10, 10], 每轮 batch 数=44
------------------------------------------------------------------------------
 Epoch |     Loss |    Train |      Val |     Test |      时间/轮
------------------------------------------------------------------------------
     1 |   1.6205 |   0.4969 |   0.4979 |   0.4974 |    4.154s
     2 |   1.5111 |   0.4906 |   0.4869 |   0.4871 |    2.397s
     3 |   1.4804 |   0.4826 |   0.4811 |   0.4800 |    2.374s
     4 |   1.4674 |   0.5063 |   0.5055 |   0.5001 |    2.444s
     5 |   1.4607 |   0.5035 |   0.5015 |   0.5000 |    2.534s
------------------------------------------------------------------------------
【结果汇总】
  最佳验证准确率 : 0.5055  (第 4 轮)
  对应的测试准确率: 0.5001
  训练总耗时     : 13.90s (不含评估) / 整体墙钟时间 14.37s
  平均每轮训练耗时: 2.44s (每轮 44 次参数更新)
  全图推理耗时   : 0.01s
  模型参数量     : 65,557
结果已追加保存到：D:\PHD\博一\入学任务\任务一_节点分类\results\results.jsonl
==============================================================================
任务一 节点分类 | 数据集=Flickr 模型=GAT 训练方式=sample 学习率=0.01 层数=2
==============================================================================
超参数：hidden=128, dropout=0.5, weight_decay=0.0005, epochs=150, seed=42
数据集信息：节点数=89250, 边数=899756, 特征维度=500, 类别数=7, 训练/验证/测试 = 44625/22312/22313
模型参数量：65,557
采样设置：batch_size=4096, num_neighbors=[10, 10], 每轮 batch 数=11
------------------------------------------------------------------------------
 Epoch |     Loss |    Train |      Val |     Test |      时间/轮
------------------------------------------------------------------------------
     1 |   1.7519 |   0.4810 |   0.4794 |   0.4768 |    6.518s
     2 |   1.5904 |   0.4899 |   0.4889 |   0.4865 |    3.378s
     3 |   1.5628 |   0.4969 |   0.4965 |   0.4937 |    3.577s
     4 |   1.5353 |   0.4974 |   0.4991 |   0.4961 |    3.638s
     5 |   1.5122 |   0.5014 |   0.5026 |   0.4984 |    3.681s
     6 |   1.4965 |   0.5067 |   0.5061 |   0.5045 |    3.471s
     7 |   1.4823 |   0.4828 |   0.4824 |   0.4789 |    3.709s
     8 |   1.4756 |   0.5087 |   0.5063 |   0.5012 |    3.545s
     9 |   1.4721 |   0.5038 |   0.4985 |   0.4961 |    3.266s
    10 |   1.4635 |   0.5146 |   0.5105 |   0.5073 |    3.557s
    11 |   1.4609 |   0.5165 |   0.5116 |   0.5092 |    3.517s
    12 |   1.4576 |   0.5112 |   0.5096 |   0.5062 |    2.423s
    13 |   1.4546 |   0.5117 |   0.5079 |   0.5031 |    1.513s
    14 |   1.4508 |   0.5057 |   0.5012 |   0.5009 |    1.511s
    15 |   1.4503 |   0.4764 |   0.4733 |   0.4737 |    1.519s
    16 |   1.4522 |   0.5083 |   0.5015 |   0.4962 |    1.514s
    17 |   1.4478 |   0.4981 |   0.4939 |   0.4921 |    1.528s
    18 |   1.4468 |   0.4473 |   0.4443 |   0.4417 |    1.531s
    19 |   1.4464 |   0.5219 |   0.5179 |   0.5135 |    1.550s
    20 |   1.4443 |   0.4626 |   0.4606 |   0.4619 |    2.522s
    21 |   1.4484 |   0.5005 |   0.4938 |   0.4950 |    3.356s
    22 |   1.4434 |   0.5177 |   0.5123 |   0.5086 |    3.430s
    23 |   1.4459 |   0.5154 |   0.5113 |   0.5069 |    3.164s
    24 |   1.4434 |   0.5050 |   0.4988 |   0.4972 |    3.560s
    25 |   1.4428 |   0.5118 |   0.5050 |   0.5028 |    3.604s
    26 |   1.4417 |   0.4687 |   0.4650 |   0.4671 |    3.474s
    27 |   1.4430 |   0.4928 |   0.4902 |   0.4846 |    3.598s
    28 |   1.4440 |   0.5173 |   0.5111 |   0.5094 |    3.313s
    29 |   1.4393 |   0.5175 |   0.5125 |   0.5079 |    3.502s
    30 |   1.4408 |   0.4791 |   0.4753 |   0.4759 |    3.632s
    31 |   1.4411 |   0.5202 |   0.5130 |   0.5083 |    3.759s
    32 |   1.4406 |   0.4977 |   0.4926 |   0.4913 |    3.794s
    33 |   1.4394 |   0.4927 |   0.4867 |   0.4871 |    3.551s
    34 |   1.4368 |   0.4644 |   0.4631 |   0.4624 |    3.724s
    35 |   1.4380 |   0.5213 |   0.5115 |   0.5097 |    3.594s
    36 |   1.4390 |   0.4899 |   0.4809 |   0.4807 |    3.704s
    37 |   1.4400 |   0.5217 |   0.5145 |   0.5125 |    3.673s
    38 |   1.4398 |   0.4983 |   0.4941 |   0.4917 |    3.709s
    39 |   1.4378 |   0.5154 |   0.5106 |   0.5064 |    3.829s
    40 |   1.4375 |   0.5169 |   0.5141 |   0.5095 |    3.743s
    41 |   1.4357 |   0.5231 |   0.5154 |   0.5147 |    3.567s
    42 |   1.4379 |   0.4840 |   0.4778 |   0.4794 |    3.667s
    43 |   1.4362 |   0.5175 |   0.5141 |   0.5093 |    3.648s
    44 |   1.4357 |   0.5104 |   0.5035 |   0.4985 |    3.790s
    45 |   1.4351 |   0.4908 |   0.4805 |   0.4813 |    3.588s
    46 |   1.4384 |   0.4537 |   0.4543 |   0.4535 |    3.548s
    47 |   1.4357 |   0.5007 |   0.4920 |   0.4948 |    3.781s
    48 |   1.4385 |   0.4656 |   0.4563 |   0.4558 |    3.564s
    49 |   1.4413 |   0.5129 |   0.5092 |   0.5053 |    3.657s
    50 |   1.4352 |   0.5023 |   0.4970 |   0.4950 |    3.736s
    51 |   1.4358 |   0.5249 |   0.5171 |   0.5148 |    3.714s
    52 |   1.4332 |   0.5165 |   0.5110 |   0.5058 |    3.689s
    53 |   1.4358 |   0.5138 |   0.5070 |   0.5060 |    3.660s
    54 |   1.4386 |   0.5279 |   0.5182 |   0.5154 |    3.621s
    55 |   1.4365 |   0.4918 |   0.4840 |   0.4811 |    3.457s
    56 |   1.4347 |   0.4755 |   0.4690 |   0.4673 |    3.839s
    57 |   1.4372 |   0.5252 |   0.5158 |   0.5123 |    3.783s
    58 |   1.4373 |   0.5040 |   0.4978 |   0.4971 |    3.693s
    59 |   1.4357 |   0.4761 |   0.4719 |   0.4725 |    3.750s
    60 |   1.4342 |   0.5200 |   0.5139 |   0.5112 |    3.650s
    61 |   1.4375 |   0.5149 |   0.5099 |   0.5051 |    3.726s
    62 |   1.4345 |   0.5157 |   0.5075 |   0.5060 |    3.664s
    63 |   1.4318 |   0.5116 |   0.5032 |   0.5022 |    3.779s
    64 |   1.4374 |   0.4608 |   0.4513 |   0.4507 |    3.700s
    65 |   1.4362 |   0.4507 |   0.4501 |   0.4501 |    3.618s
    66 |   1.4347 |   0.4866 |   0.4758 |   0.4782 |    3.776s
    67 |   1.4359 |   0.5017 |   0.4947 |   0.4929 |    4.212s
    68 |   1.4341 |   0.4933 |   0.4892 |   0.4877 |    4.213s
    69 |   1.4361 |   0.5259 |   0.5138 |   0.5141 |    3.978s
    70 |   1.4334 |   0.5057 |   0.5026 |   0.4982 |    3.865s
    71 |   1.4322 |   0.4990 |   0.4960 |   0.4933 |    3.780s
    72 |   1.4374 |   0.5151 |   0.5092 |   0.5067 |    3.695s
    73 |   1.4320 |   0.4851 |   0.4784 |   0.4798 |    3.764s
    74 |   1.4368 |   0.4979 |   0.4948 |   0.4937 |   17.907s
    75 |   1.4373 |   0.5229 |   0.5169 |   0.5133 |   10.662s
    76 |   1.4361 |   0.5259 |   0.5162 |   0.5138 |   18.438s
    77 |   1.4378 |   0.5275 |   0.5199 |   0.5166 |    3.873s
    78 |   1.4348 |   0.4808 |   0.4761 |   0.4771 |    4.077s
    79 |   1.4329 |   0.5173 |   0.5067 |   0.5083 |    4.153s
    80 |   1.4344 |   0.5095 |   0.5020 |   0.5011 |    4.581s
    81 |   1.4356 |   0.5187 |   0.5094 |   0.5088 |  201.712s
    82 |   1.4406 |   0.5039 |   0.4959 |   0.4957 |    3.842s
    83 |   1.4341 |   0.5201 |   0.5147 |   0.5113 |    4.085s
    84 |   1.4358 |   0.5086 |   0.5052 |   0.5013 |    3.681s
    85 |   1.4381 |   0.4372 |   0.4391 |   0.4377 |    3.487s
    86 |   1.4360 |   0.4898 |   0.4849 |   0.4841 |    3.547s
    87 |   1.4363 |   0.4916 |   0.4860 |   0.4846 |    3.480s
    88 |   1.4368 |   0.5182 |   0.5120 |   0.5090 |    3.480s
    89 |   1.4388 |   0.5185 |   0.5104 |   0.5093 |    3.751s
    90 |   1.4329 |   0.5221 |   0.5166 |   0.5123 |    3.432s
    91 |   1.4364 |   0.4866 |   0.4813 |   0.4799 |    3.400s
    92 |   1.4359 |   0.5185 |   0.5086 |   0.5094 |    3.458s
    93 |   1.4360 |   0.4508 |   0.4524 |   0.4505 |    3.493s
    94 |   1.4355 |   0.5165 |   0.5104 |   0.5087 |    3.617s
    95 |   1.4366 |   0.5179 |   0.5138 |   0.5101 |    3.750s
    96 |   1.4366 |   0.5000 |   0.4957 |   0.4937 |    3.827s
    97 |   1.4368 |   0.5161 |   0.5084 |   0.5082 |    4.002s
    98 |   1.4342 |   0.5235 |   0.5153 |   0.5134 |    4.174s
    99 |   1.4353 |   0.4794 |   0.4745 |   0.4746 |    3.985s
   100 |   1.4369 |   0.5152 |   0.5045 |   0.5020 |    3.923s
   101 |   1.4325 |   0.5231 |   0.5180 |   0.5114 |    4.090s
   102 |   1.4375 |   0.4978 |   0.4936 |   0.4920 |    4.272s
   103 |   1.4367 |   0.5222 |   0.5155 |   0.5115 |    4.032s
   104 |   1.4332 |   0.5200 |   0.5112 |   0.5104 |    3.898s
   105 |   1.4379 |   0.5101 |   0.5024 |   0.5002 |    4.084s
   106 |   1.4363 |   0.4814 |   0.4781 |   0.4789 |    3.849s
   107 |   1.4358 |   0.4008 |   0.3931 |   0.3943 |    4.065s
   108 |   1.4373 |   0.5032 |   0.4982 |   0.4981 |    3.933s
   109 |   1.4325 |   0.4808 |   0.4774 |   0.4780 |    3.958s
   110 |   1.4312 |   0.4783 |   0.4740 |   0.4751 |    4.139s
   111 |   1.4338 |   0.5049 |   0.4964 |   0.4961 |    4.016s
   112 |   1.4370 |   0.5281 |   0.5195 |   0.5172 |    3.897s
   113 |   1.4322 |   0.5101 |   0.5052 |   0.4998 |    3.953s
   114 |   1.4339 |   0.5011 |   0.4963 |   0.4961 |    3.786s
   115 |   1.4329 |   0.4383 |   0.4402 |   0.4391 |    3.621s
   116 |   1.4366 |   0.4480 |   0.4473 |   0.4466 |    3.565s
   117 |   1.4365 |   0.4410 |   0.4358 |   0.4354 |    3.545s
   118 |   1.4333 |   0.4977 |   0.4841 |   0.4870 |    3.600s
   119 |   1.4343 |   0.4748 |   0.4712 |   0.4719 |    3.615s
   120 |   1.4332 |   0.5199 |   0.5139 |   0.5090 |    3.596s
   121 |   1.4336 |   0.4778 |   0.4695 |   0.4676 |    3.654s
   122 |   1.4331 |   0.5110 |   0.5054 |   0.5031 |    3.808s
   123 |   1.4359 |   0.4834 |   0.4771 |   0.4763 |    3.916s
   124 |   1.4389 |   0.5194 |   0.5014 |   0.5055 |    4.063s
   125 |   1.4394 |   0.5246 |   0.5138 |   0.5114 |    3.928s
   126 |   1.4317 |   0.5293 |   0.5177 |   0.5170 |    3.946s
   127 |   1.4371 |   0.5221 |   0.5132 |   0.5105 |    3.906s
   128 |   1.4320 |   0.5234 |   0.5148 |   0.5136 |    4.104s
   129 |   1.4343 |   0.4775 |   0.4721 |   0.4721 |    3.940s
   130 |   1.4358 |   0.4993 |   0.4946 |   0.4946 |    3.950s
   131 |   1.4366 |   0.5191 |   0.5091 |   0.5100 |    4.023s
   132 |   1.4403 |   0.5285 |   0.5186 |   0.5160 |    3.922s
   133 |   1.4361 |   0.5198 |   0.5156 |   0.5104 |    3.812s
   134 |   1.4392 |   0.5105 |   0.5014 |   0.4984 |    3.946s
   135 |   1.4373 |   0.4979 |   0.4928 |   0.4905 |    3.864s
   136 |   1.4373 |   0.5240 |   0.5141 |   0.5118 |    2.254s
   137 |   1.4386 |   0.4685 |   0.4594 |   0.4582 |    1.882s
   138 |   1.4377 |   0.4915 |   0.4877 |   0.4863 |    1.835s
   139 |   1.4339 |   0.5249 |   0.5171 |   0.5111 |    1.853s
   140 |   1.4358 |   0.5085 |   0.5027 |   0.5015 |    1.912s
   141 |   1.4317 |   0.4774 |   0.4720 |   0.4724 |    1.891s
   142 |   1.4310 |   0.4326 |   0.4335 |   0.4335 |    1.920s
   143 |   1.4382 |   0.5226 |   0.5146 |   0.5124 |    1.806s
   144 |   1.4339 |   0.5222 |   0.5155 |   0.5112 |    1.781s
   145 |   1.4333 |   0.5070 |   0.4978 |   0.4975 |    1.801s
   146 |   1.4335 |   0.5025 |   0.4956 |   0.4956 |    1.879s
   147 |   1.4319 |   0.5290 |   0.5176 |   0.5151 |    1.811s
   148 |   1.4320 |   0.5235 |   0.5121 |   0.5119 |    1.867s
   149 |   1.4333 |   0.5040 |   0.4972 |   0.4950 |    1.809s
   150 |   1.4336 |   0.4609 |   0.4482 |   0.4500 |    1.868s
------------------------------------------------------------------------------
【结果汇总】
  最佳验证准确率 : 0.5199  (第 77 轮)
  对应的测试准确率: 0.5166
  训练总耗时     : 12m32.6s (不含评估) / 整体墙钟时间 12m43.7s
  平均每轮训练耗时: 5.01s (每轮 11 次参数更新)
  全图推理耗时   : 0.04s
  模型参数量     : 65,557
结果已追加保存到：D:\PHD\博一\入学任务\任务一_节点分类\results\results.jsonl
