==============================================================================
任务一 节点分类 | 数据集=Flickr 模型=GCN 训练方式=full 学习率=0.01 层数=2
==============================================================================
超参数：hidden=128, dropout=0.5, weight_decay=0.0005, epochs=5, seed=42
数据集信息：节点数=89250, 边数=899756, 特征维度=500, 类别数=7, 训练/验证/测试 = 44625/22312/22313
模型参数量：65,287
全图训练：每个 epoch 做 1 次全图前向 + 反向
------------------------------------------------------------------------------
 Epoch |     Loss |    Train |      Val |     Test |      时间/轮
------------------------------------------------------------------------------
     1 |   1.8922 |   0.4216 |   0.4239 |   0.4234 |    0.226s
     2 |   1.9913 |   0.4794 |   0.4814 |   0.4804 |    0.014s
     3 |   1.8138 |   0.3247 |   0.3222 |   0.3199 |    0.014s
     4 |   1.7602 |   0.3849 |   0.3851 |   0.3822 |    0.014s
     5 |   1.6867 |   0.4818 |   0.4854 |   0.4803 |    0.014s
------------------------------------------------------------------------------
【结果汇总】
  最佳验证准确率 : 0.4854  (第 5 轮)
  对应的测试准确率: 0.4803
  训练总耗时     : 0.28s (不含评估) / 整体墙钟时间 0.38s
  平均每轮训练耗时: 0.01s (每轮 1 次参数更新)
  全图推理耗时   : 0.01s
  模型参数量     : 65,287
结果已追加保存到：D:\PHD\博一\入学任务\任务一_节点分类\results\results.jsonl
==============================================================================
任务一 节点分类 | 数据集=Flickr 模型=GCN 训练方式=full 学习率=0.01 层数=2
==============================================================================
超参数：hidden=128, dropout=0.5, weight_decay=0.0005, epochs=150, seed=42
数据集信息：节点数=89250, 边数=899756, 特征维度=500, 类别数=7, 训练/验证/测试 = 44625/22312/22313
模型参数量：65,287
全图训练：每个 epoch 做 1 次全图前向 + 反向
------------------------------------------------------------------------------
 Epoch |     Loss |    Train |      Val |     Test |      时间/轮
------------------------------------------------------------------------------
     1 |   1.8922 |   0.4216 |   0.4239 |   0.4234 |    0.240s
     2 |   1.9913 |   0.4794 |   0.4812 |   0.4803 |    0.017s
     3 |   1.8138 |   0.3247 |   0.3222 |   0.3197 |    0.015s
     4 |   1.7602 |   0.3846 |   0.3849 |   0.3821 |    0.015s
     5 |   1.6867 |   0.4817 |   0.4856 |   0.4804 |    0.015s
     6 |   1.6417 |   0.4879 |   0.4888 |   0.4868 |    0.014s
     7 |   1.6052 |   0.4740 |   0.4764 |   0.4744 |    0.015s
     8 |   1.5731 |   0.4744 |   0.4766 |   0.4743 |    0.014s
     9 |   1.5419 |   0.4824 |   0.4836 |   0.4816 |    0.015s
    10 |   1.5305 |   0.4956 |   0.4983 |   0.4949 |    0.015s
    11 |   1.5075 |   0.4779 |   0.4820 |   0.4762 |    0.015s
    12 |   1.5120 |   0.4618 |   0.4600 |   0.4569 |    0.015s
    13 |   1.5142 |   0.4736 |   0.4744 |   0.4706 |    0.014s
    14 |   1.5103 |   0.4979 |   0.4978 |   0.4939 |    0.015s
    15 |   1.5002 |   0.4940 |   0.4935 |   0.4916 |    0.014s
    16 |   1.4934 |   0.4825 |   0.4841 |   0.4821 |    0.014s
    17 |   1.4937 |   0.4870 |   0.4884 |   0.4866 |    0.013s
    18 |   1.4881 |   0.5006 |   0.5008 |   0.4977 |    0.014s
    19 |   1.4796 |   0.4998 |   0.5012 |   0.4964 |    0.015s
    20 |   1.4742 |   0.4855 |   0.4887 |   0.4850 |    0.015s
    21 |   1.4739 |   0.4736 |   0.4715 |   0.4727 |    0.016s
    22 |   1.4678 |   0.4775 |   0.4758 |   0.4754 |    0.015s
    23 |   1.4665 |   0.4859 |   0.4892 |   0.4851 |    0.016s
    24 |   1.4632 |   0.4975 |   0.4997 |   0.4956 |    0.015s
    25 |   1.4561 |   0.5017 |   0.5035 |   0.4998 |    0.014s
    26 |   1.4485 |   0.5015 |   0.5033 |   0.4984 |    0.015s
    27 |   1.4477 |   0.4977 |   0.4991 |   0.4953 |    0.014s
    28 |   1.4448 |   0.4964 |   0.4992 |   0.4967 |    0.016s
    29 |   1.4412 |   0.4925 |   0.4947 |   0.4905 |    0.017s
    30 |   1.4387 |   0.4881 |   0.4887 |   0.4851 |    0.016s
    31 |   1.4352 |   0.4962 |   0.4964 |   0.4921 |    0.015s
    32 |   1.4343 |   0.5014 |   0.5015 |   0.4986 |    0.015s
    33 |   1.4345 |   0.5032 |   0.5045 |   0.5011 |    0.014s
    34 |   1.4271 |   0.5027 |   0.5040 |   0.4998 |    0.015s
    35 |   1.4281 |   0.5006 |   0.4993 |   0.4962 |    0.015s
    36 |   1.4285 |   0.4969 |   0.4964 |   0.4942 |    0.015s
    37 |   1.4259 |   0.5028 |   0.5016 |   0.4973 |    0.016s
    38 |   1.4208 |   0.5045 |   0.5028 |   0.4998 |    0.015s
    39 |   1.4217 |   0.5031 |   0.5010 |   0.4989 |    0.015s
    40 |   1.4182 |   0.5025 |   0.4996 |   0.4974 |    0.014s
    41 |   1.4182 |   0.5058 |   0.5039 |   0.5008 |    0.016s
    42 |   1.4160 |   0.5076 |   0.5067 |   0.5020 |    0.015s
    43 |   1.4116 |   0.5086 |   0.5096 |   0.5050 |    0.015s
    44 |   1.4114 |   0.5103 |   0.5113 |   0.5063 |    0.015s
    45 |   1.4113 |   0.5102 |   0.5100 |   0.5063 |    0.015s
    46 |   1.4065 |   0.5096 |   0.5087 |   0.5041 |    0.015s
    47 |   1.4070 |   0.5063 |   0.5042 |   0.4993 |    0.017s
    48 |   1.4029 |   0.5084 |   0.5054 |   0.5011 |    0.014s
    49 |   1.4002 |   0.5156 |   0.5140 |   0.5105 |    0.015s
    50 |   1.4002 |   0.5164 |   0.5154 |   0.5121 |    0.015s
    51 |   1.3987 |   0.5131 |   0.5089 |   0.5042 |    0.015s
    52 |   1.3954 |   0.5163 |   0.5114 |   0.5062 |    0.015s
    53 |   1.3916 |   0.5175 |   0.5141 |   0.5083 |    0.014s
    54 |   1.3956 |   0.5074 |   0.5046 |   0.5002 |    0.014s
    55 |   1.3902 |   0.5086 |   0.5054 |   0.5001 |    0.015s
    56 |   1.3900 |   0.5221 |   0.5174 |   0.5150 |    0.016s
    57 |   1.3881 |   0.5208 |   0.5155 |   0.5107 |    0.016s
    58 |   1.3868 |   0.5155 |   0.5115 |   0.5068 |    0.014s
    59 |   1.3849 |   0.5192 |   0.5148 |   0.5111 |    0.015s
    60 |   1.3831 |   0.5181 |   0.5126 |   0.5085 |    0.015s
    61 |   1.3810 |   0.5163 |   0.5151 |   0.5108 |    0.015s
    62 |   1.3835 |   0.5051 |   0.5013 |   0.4969 |    0.015s
    63 |   1.3799 |   0.5215 |   0.5173 |   0.5131 |    0.016s
    64 |   1.3774 |   0.5213 |   0.5164 |   0.5112 |    0.015s
    65 |   1.3794 |   0.5202 |   0.5175 |   0.5149 |    0.015s
    66 |   1.3799 |   0.4689 |   0.4634 |   0.4618 |    0.016s
    67 |   1.3791 |   0.5137 |   0.5100 |   0.5059 |    0.014s
    68 |   1.3830 |   0.5223 |   0.5168 |   0.5132 |    0.015s
    69 |   1.3728 |   0.5246 |   0.5212 |   0.5153 |    0.014s
    70 |   1.3711 |   0.5266 |   0.5167 |   0.5149 |    0.016s
    71 |   1.3709 |   0.5075 |   0.5035 |   0.4995 |    0.015s
    72 |   1.3681 |   0.5120 |   0.5064 |   0.5010 |    0.015s
    73 |   1.3761 |   0.5067 |   0.5040 |   0.5005 |    0.014s
    74 |   1.3727 |   0.5217 |   0.5138 |   0.5115 |    0.014s
    75 |   1.3692 |   0.5110 |   0.5075 |   0.5041 |    0.016s
    76 |   1.3705 |   0.5280 |   0.5205 |   0.5169 |    0.015s
    77 |   1.3646 |   0.4958 |   0.4851 |   0.4864 |    0.014s
    78 |   1.3684 |   0.4449 |   0.4451 |   0.4440 |    0.015s
    79 |   1.3784 |   0.5200 |   0.5161 |   0.5129 |    0.014s
    80 |   1.3709 |   0.4839 |   0.4814 |   0.4792 |    0.013s
    81 |   1.3650 |   0.4865 |   0.4838 |   0.4807 |    0.014s
    82 |   1.3653 |   0.4952 |   0.4912 |   0.4883 |    0.014s
    83 |   1.3653 |   0.5239 |   0.5201 |   0.5153 |    0.015s
    84 |   1.3591 |   0.4874 |   0.4850 |   0.4838 |    0.015s
    85 |   1.3618 |   0.5145 |   0.5110 |   0.5069 |    0.015s
    86 |   1.3693 |   0.5163 |   0.5134 |   0.5093 |    0.015s
    87 |   1.3581 |   0.4945 |   0.4918 |   0.4899 |    0.014s
    88 |   1.3603 |   0.4200 |   0.4164 |   0.4158 |    0.015s
    89 |   1.3646 |   0.5128 |   0.5046 |   0.5021 |    0.015s
    90 |   1.3611 |   0.4918 |   0.4802 |   0.4790 |    0.015s
    91 |   1.3610 |   0.4688 |   0.4618 |   0.4624 |    0.014s
    92 |   1.3820 |   0.4493 |   0.4444 |   0.4422 |    0.015s
    93 |   1.3667 |   0.4976 |   0.4913 |   0.4922 |    0.014s
    94 |   1.3844 |   0.3935 |   0.3884 |   0.3861 |    0.016s
    95 |   1.3720 |   0.4756 |   0.4666 |   0.4673 |    0.014s
    96 |   1.3725 |   0.5092 |   0.5047 |   0.5016 |    0.016s
    97 |   1.3765 |   0.5290 |   0.5177 |   0.5136 |    0.015s
    98 |   1.3728 |   0.5157 |   0.5035 |   0.5016 |    0.015s
    99 |   1.3683 |   0.5152 |   0.5106 |   0.5073 |    0.015s
   100 |   1.3650 |   0.5226 |   0.5161 |   0.5128 |    0.015s
   101 |   1.3619 |   0.5242 |   0.5174 |   0.5134 |    0.014s
   102 |   1.3638 |   0.5062 |   0.5030 |   0.4998 |    0.014s
   103 |   1.3597 |   0.5334 |   0.5237 |   0.5225 |    0.013s
   104 |   1.3639 |   0.5166 |   0.5074 |   0.5071 |    0.015s
   105 |   1.3601 |   0.5213 |   0.5135 |   0.5115 |    0.014s
   106 |   1.3584 |   0.5052 |   0.4985 |   0.4987 |    0.015s
   107 |   1.3579 |   0.4911 |   0.4847 |   0.4839 |    0.013s
   108 |   1.3573 |   0.5018 |   0.4962 |   0.4955 |    0.014s
   109 |   1.3558 |   0.5088 |   0.5021 |   0.5024 |    0.014s
   110 |   1.3558 |   0.4983 |   0.4907 |   0.4886 |    0.014s
   111 |   1.3593 |   0.4544 |   0.4529 |   0.4513 |    0.015s
   112 |   1.3619 |   0.5161 |   0.5124 |   0.5080 |    0.014s
   113 |   1.3599 |   0.5210 |   0.5198 |   0.5151 |    0.014s
   114 |   1.3562 |   0.5218 |   0.5190 |   0.5168 |    0.015s
   115 |   1.3562 |   0.5177 |   0.5112 |   0.5082 |    0.015s
   116 |   1.3554 |   0.5240 |   0.5169 |   0.5141 |    0.014s
   117 |   1.3474 |   0.4949 |   0.4922 |   0.4911 |    0.015s
   118 |   1.3531 |   0.4456 |   0.4401 |   0.4397 |    0.016s
   119 |   1.3560 |   0.5142 |   0.5055 |   0.5051 |    0.014s
   120 |   1.3495 |   0.4541 |   0.4455 |   0.4465 |    0.014s
   121 |   1.3456 |   0.4620 |   0.4572 |   0.4559 |    0.014s
   122 |   1.3448 |   0.5116 |   0.5001 |   0.5009 |    0.015s
   123 |   1.3463 |   0.4764 |   0.4682 |   0.4684 |    0.016s
   124 |   1.3492 |   0.5341 |   0.5240 |   0.5233 |    0.014s
   125 |   1.3479 |   0.4955 |   0.4860 |   0.4836 |    0.015s
   126 |   1.3456 |   0.5192 |   0.5114 |   0.5081 |    0.015s
   127 |   1.3424 |   0.4798 |   0.4676 |   0.4691 |    0.015s
   128 |   1.3478 |   0.4885 |   0.4831 |   0.4830 |    0.014s
   129 |   1.3463 |   0.5230 |   0.5131 |   0.5107 |    0.015s
   130 |   1.3448 |   0.5320 |   0.5225 |   0.5223 |    0.015s
   131 |   1.3388 |   0.4870 |   0.4784 |   0.4812 |    0.013s
   132 |   1.3455 |   0.5039 |   0.4896 |   0.4893 |    0.015s
   133 |   1.3481 |   0.4301 |   0.4320 |   0.4300 |    0.016s
   134 |   1.3729 |   0.4986 |   0.4910 |   0.4897 |    0.014s
   135 |   1.3607 |   0.5032 |   0.4954 |   0.4958 |    0.016s
   136 |   1.3604 |   0.5149 |   0.5125 |   0.5078 |    0.015s
   137 |   1.3684 |   0.5152 |   0.5120 |   0.5078 |    0.015s
   138 |   1.3536 |   0.4760 |   0.4675 |   0.4654 |    0.016s
   139 |   1.3609 |   0.5057 |   0.5016 |   0.4986 |    0.015s
   140 |   1.3654 |   0.5206 |   0.5126 |   0.5082 |    0.014s
   141 |   1.3522 |   0.4346 |   0.4284 |   0.4266 |    0.014s
   142 |   1.3621 |   0.5262 |   0.5155 |   0.5168 |    0.015s
   143 |   1.3566 |   0.5306 |   0.5189 |   0.5169 |    0.014s
   144 |   1.3527 |   0.4996 |   0.4894 |   0.4907 |    0.014s
   145 |   1.3568 |   0.5229 |   0.5153 |   0.5163 |    0.016s
   146 |   1.3558 |   0.5251 |   0.5154 |   0.5141 |    0.015s
   147 |   1.3539 |   0.5295 |   0.5221 |   0.5236 |    0.016s
   148 |   1.3491 |   0.5241 |   0.5149 |   0.5146 |    0.015s
   149 |   1.3441 |   0.5156 |   0.5067 |   0.5051 |    0.015s
   150 |   1.3521 |   0.5293 |   0.5222 |   0.5214 |    0.015s
------------------------------------------------------------------------------
【结果汇总】
  最佳验证准确率 : 0.5240  (第 124 轮)
  对应的测试准确率: 0.5233
  训练总耗时     : 2.42s (不含评估) / 整体墙钟时间 5.76s
  平均每轮训练耗时: 0.01s (每轮 1 次参数更新)
  全图推理耗时   : 0.01s
  模型参数量     : 65,287
结果已追加保存到：D:\PHD\博一\入学任务\任务一_节点分类\results\results.jsonl
