==============================================================================
任务一 节点分类 | 数据集=Flickr 模型=GCN 训练方式=full 学习率=0.001 层数=2
==============================================================================
超参数：hidden=128, dropout=0.5, weight_decay=0.0005, epochs=150, seed=42
数据集信息：节点数=89250, 边数=899756, 特征维度=500, 类别数=7, 训练/验证/测试 = 44625/22312/22313
模型参数量：65,287
全图训练：每个 epoch 做 1 次全图前向 + 反向
------------------------------------------------------------------------------
 Epoch |     Loss |    Train |      Val |     Test |      时间/轮
------------------------------------------------------------------------------
     1 |   1.8922 |   0.4216 |   0.4239 |   0.4234 |    0.347s
     2 |   1.7914 |   0.4216 |   0.4238 |   0.4233 |    0.025s
     3 |   1.7223 |   0.4350 |   0.4364 |   0.4342 |    0.026s
     4 |   1.6795 |   0.4508 |   0.4531 |   0.4463 |    0.031s
     5 |   1.6440 |   0.4509 |   0.4518 |   0.4476 |    0.031s
     6 |   1.6207 |   0.4784 |   0.4817 |   0.4751 |    0.032s
     7 |   1.5920 |   0.4854 |   0.4861 |   0.4842 |    0.026s
     8 |   1.5788 |   0.4850 |   0.4861 |   0.4842 |    0.026s
     9 |   1.5612 |   0.4841 |   0.4843 |   0.4838 |    0.027s
    10 |   1.5538 |   0.4908 |   0.4899 |   0.4906 |    0.026s
    11 |   1.5444 |   0.4913 |   0.4926 |   0.4894 |    0.026s
    12 |   1.5314 |   0.4889 |   0.4918 |   0.4881 |    0.025s
    13 |   1.5199 |   0.4877 |   0.4899 |   0.4868 |    0.025s
    14 |   1.5145 |   0.4901 |   0.4916 |   0.4889 |    0.026s
    15 |   1.5046 |   0.4905 |   0.4922 |   0.4881 |    0.032s
    16 |   1.5026 |   0.4875 |   0.4902 |   0.4850 |    0.030s
    17 |   1.5012 |   0.4838 |   0.4841 |   0.4790 |    0.027s
    18 |   1.4915 |   0.4826 |   0.4818 |   0.4778 |    0.027s
    19 |   1.4860 |   0.4893 |   0.4890 |   0.4847 |    0.028s
    20 |   1.4857 |   0.4934 |   0.4945 |   0.4901 |    0.030s
    21 |   1.4825 |   0.4965 |   0.4957 |   0.4911 |    0.033s
    22 |   1.4756 |   0.4990 |   0.4990 |   0.4935 |    0.027s
    23 |   1.4790 |   0.4992 |   0.4987 |   0.4930 |    0.026s
    24 |   1.4732 |   0.5014 |   0.4982 |   0.4971 |    0.027s
    25 |   1.4699 |   0.5024 |   0.4994 |   0.4987 |    0.031s
    26 |   1.4623 |   0.5014 |   0.4990 |   0.4984 |    0.028s
    27 |   1.4632 |   0.5009 |   0.4989 |   0.4973 |    0.026s
    28 |   1.4630 |   0.5024 |   0.4997 |   0.4992 |    0.026s
    29 |   1.4561 |   0.5021 |   0.5000 |   0.4977 |    0.028s
    30 |   1.4586 |   0.5022 |   0.5004 |   0.4975 |    0.025s
    31 |   1.4552 |   0.5022 |   0.5009 |   0.4993 |    0.026s
    32 |   1.4526 |   0.5024 |   0.5013 |   0.4995 |    0.027s
    33 |   1.4515 |   0.5026 |   0.5013 |   0.4989 |    0.029s
    34 |   1.4473 |   0.5039 |   0.5016 |   0.5000 |    0.025s
    35 |   1.4444 |   0.5046 |   0.5028 |   0.4995 |    0.025s
    36 |   1.4427 |   0.5052 |   0.5034 |   0.5003 |    0.026s
    37 |   1.4431 |   0.5054 |   0.5043 |   0.5006 |    0.025s
    38 |   1.4346 |   0.5047 |   0.5014 |   0.5002 |    0.026s
    39 |   1.4387 |   0.5047 |   0.5022 |   0.5005 |    0.026s
    40 |   1.4345 |   0.5052 |   0.5026 |   0.5007 |    0.027s
    41 |   1.4391 |   0.5068 |   0.5044 |   0.5020 |    0.025s
    42 |   1.4351 |   0.5078 |   0.5073 |   0.5030 |    0.026s
    43 |   1.4332 |   0.5080 |   0.5075 |   0.5040 |    0.027s
    44 |   1.4298 |   0.5088 |   0.5080 |   0.5047 |    0.027s
    45 |   1.4277 |   0.5068 |   0.5049 |   0.5027 |    0.025s
    46 |   1.4263 |   0.5032 |   0.5028 |   0.4990 |    0.026s
    47 |   1.4269 |   0.5076 |   0.5059 |   0.5032 |    0.026s
    48 |   1.4297 |   0.5106 |   0.5100 |   0.5056 |    0.026s
    49 |   1.4217 |   0.5092 |   0.5090 |   0.5035 |    0.027s
    50 |   1.4233 |   0.5092 |   0.5081 |   0.5025 |    0.025s
    51 |   1.4251 |   0.5126 |   0.5104 |   0.5054 |    0.027s
    52 |   1.4190 |   0.5081 |   0.5049 |   0.5027 |    0.022s
    53 |   1.4181 |   0.5068 |   0.5035 |   0.5013 |    0.021s
    54 |   1.4228 |   0.5129 |   0.5104 |   0.5073 |    0.020s
    55 |   1.4165 |   0.5072 |   0.5019 |   0.4979 |    0.022s
    56 |   1.4188 |   0.5091 |   0.5049 |   0.5008 |    0.020s
    57 |   1.4158 |   0.5134 |   0.5105 |   0.5071 |    0.021s
    58 |   1.4171 |   0.5062 |   0.5039 |   0.5018 |    0.021s
    59 |   1.4142 |   0.5070 |   0.5048 |   0.5024 |    0.021s
    60 |   1.4130 |   0.5140 |   0.5119 |   0.5088 |    0.022s
    61 |   1.4091 |   0.5143 |   0.5100 |   0.5051 |    0.023s
    62 |   1.4132 |   0.5139 |   0.5080 |   0.5050 |    0.021s
    63 |   1.4065 |   0.5159 |   0.5127 |   0.5075 |    0.022s
    64 |   1.4085 |   0.5161 |   0.5145 |   0.5100 |    0.021s
    65 |   1.4038 |   0.5163 |   0.5143 |   0.5091 |    0.023s
    66 |   1.4091 |   0.5155 |   0.5129 |   0.5078 |    0.021s
    67 |   1.4069 |   0.5150 |   0.5111 |   0.5056 |    0.022s
    68 |   1.4044 |   0.5142 |   0.5094 |   0.5036 |    0.021s
    69 |   1.4056 |   0.5165 |   0.5121 |   0.5060 |    0.022s
    70 |   1.4054 |   0.5175 |   0.5121 |   0.5067 |    0.021s
    71 |   1.4002 |   0.5170 |   0.5115 |   0.5057 |    0.020s
    72 |   1.4018 |   0.5172 |   0.5123 |   0.5064 |    0.022s
    73 |   1.4017 |   0.5175 |   0.5118 |   0.5060 |    0.021s
    74 |   1.4003 |   0.5151 |   0.5072 |   0.5037 |    0.022s
    75 |   1.3970 |   0.5174 |   0.5115 |   0.5057 |    0.022s
    76 |   1.3966 |   0.5174 |   0.5112 |   0.5058 |    0.021s
    77 |   1.3976 |   0.5179 |   0.5115 |   0.5052 |    0.021s
    78 |   1.3967 |   0.5196 |   0.5126 |   0.5071 |    0.021s
    79 |   1.3963 |   0.5198 |   0.5133 |   0.5078 |    0.022s
    80 |   1.3947 |   0.5200 |   0.5132 |   0.5070 |    0.024s
    81 |   1.3956 |   0.5151 |   0.5066 |   0.5013 |    0.023s
    82 |   1.3941 |   0.5077 |   0.4992 |   0.4951 |    0.025s
    83 |   1.3934 |   0.5080 |   0.4994 |   0.4951 |    0.023s
    84 |   1.3914 |   0.5135 |   0.5050 |   0.5001 |    0.020s
    85 |   1.3912 |   0.5183 |   0.5113 |   0.5052 |    0.021s
    86 |   1.3897 |   0.5173 |   0.5074 |   0.5035 |    0.025s
    87 |   1.3865 |   0.5185 |   0.5087 |   0.5040 |    0.025s
    88 |   1.3891 |   0.5191 |   0.5103 |   0.5039 |    0.025s
    89 |   1.3878 |   0.5189 |   0.5093 |   0.5044 |    0.024s
    90 |   1.3875 |   0.5190 |   0.5094 |   0.5033 |    0.021s
    91 |   1.3848 |   0.5209 |   0.5124 |   0.5080 |    0.024s
    92 |   1.3850 |   0.5214 |   0.5139 |   0.5097 |    0.025s
    93 |   1.3837 |   0.5229 |   0.5151 |   0.5097 |    0.024s
    94 |   1.3827 |   0.5235 |   0.5167 |   0.5111 |    0.020s
    95 |   1.3828 |   0.5244 |   0.5156 |   0.5107 |    0.021s
    96 |   1.3813 |   0.5213 |   0.5085 |   0.5071 |    0.024s
    97 |   1.3810 |   0.5222 |   0.5104 |   0.5086 |    0.024s
    98 |   1.3802 |   0.5236 |   0.5143 |   0.5106 |    0.024s
    99 |   1.3818 |   0.5229 |   0.5169 |   0.5148 |    0.025s
   100 |   1.3793 |   0.5235 |   0.5170 |   0.5139 |    0.025s
   101 |   1.3792 |   0.5233 |   0.5121 |   0.5086 |    0.024s
   102 |   1.3779 |   0.5196 |   0.5071 |   0.5048 |    0.024s
   103 |   1.3804 |   0.5261 |   0.5147 |   0.5115 |    0.024s
   104 |   1.3756 |   0.5241 |   0.5179 |   0.5146 |    0.022s
   105 |   1.3763 |   0.5256 |   0.5172 |   0.5142 |    0.024s
   106 |   1.3737 |   0.5190 |   0.5048 |   0.5044 |    0.024s
   107 |   1.3775 |   0.5272 |   0.5147 |   0.5124 |    0.023s
   108 |   1.3730 |   0.5252 |   0.5177 |   0.5146 |    0.025s
   109 |   1.3767 |   0.5269 |   0.5150 |   0.5115 |    0.022s
   110 |   1.3729 |   0.5232 |   0.5084 |   0.5102 |    0.024s
   111 |   1.3747 |   0.5261 |   0.5188 |   0.5153 |    0.023s
   112 |   1.3741 |   0.5263 |   0.5183 |   0.5153 |    0.025s
   113 |   1.3733 |   0.5194 |   0.5051 |   0.5044 |    0.021s
   114 |   1.3702 |   0.5180 |   0.5038 |   0.5025 |    0.020s
   115 |   1.3729 |   0.5266 |   0.5178 |   0.5150 |    0.025s
   116 |   1.3697 |   0.5272 |   0.5182 |   0.5146 |    0.026s
   117 |   1.3686 |   0.5278 |   0.5156 |   0.5119 |    0.026s
   118 |   1.3683 |   0.5231 |   0.5082 |   0.5076 |    0.021s
   119 |   1.3695 |   0.5287 |   0.5163 |   0.5140 |    0.033s
   120 |   1.3672 |   0.5291 |   0.5152 |   0.5137 |    0.033s
   121 |   1.3668 |   0.5260 |   0.5104 |   0.5106 |    0.024s
   122 |   1.3678 |   0.5292 |   0.5170 |   0.5131 |    0.022s
   123 |   1.3658 |   0.5283 |   0.5157 |   0.5127 |    0.022s
   124 |   1.3677 |   0.5297 |   0.5170 |   0.5153 |    0.023s
   125 |   1.3657 |   0.5303 |   0.5175 |   0.5156 |    0.025s
   126 |   1.3631 |   0.5294 |   0.5156 |   0.5148 |    0.025s
   127 |   1.3615 |   0.5272 |   0.5137 |   0.5119 |    0.026s
   128 |   1.3634 |   0.5288 |   0.5153 |   0.5135 |    0.024s
   129 |   1.3607 |   0.5299 |   0.5177 |   0.5148 |    0.025s
   130 |   1.3606 |   0.5271 |   0.5091 |   0.5119 |    0.027s
   131 |   1.3603 |   0.5295 |   0.5139 |   0.5130 |    0.024s
   132 |   1.3631 |   0.5289 |   0.5200 |   0.5172 |    0.021s
   133 |   1.3608 |   0.5281 |   0.5127 |   0.5124 |    0.026s
   134 |   1.3613 |   0.5244 |   0.5077 |   0.5086 |    0.024s
   135 |   1.3610 |   0.5293 |   0.5155 |   0.5129 |    0.026s
   136 |   1.3595 |   0.5296 |   0.5177 |   0.5144 |    0.022s
   137 |   1.3564 |   0.5298 |   0.5191 |   0.5156 |    0.022s
   138 |   1.3566 |   0.5299 |   0.5139 |   0.5124 |    0.023s
   139 |   1.3566 |   0.5308 |   0.5146 |   0.5130 |    0.026s
   140 |   1.3554 |   0.5323 |   0.5174 |   0.5156 |    0.026s
   141 |   1.3548 |   0.5319 |   0.5184 |   0.5148 |    0.024s
   142 |   1.3550 |   0.5310 |   0.5171 |   0.5139 |    0.024s
   143 |   1.3561 |   0.5319 |   0.5168 |   0.5152 |    0.024s
   144 |   1.3535 |   0.5318 |   0.5161 |   0.5148 |    0.027s
   145 |   1.3526 |   0.5328 |   0.5174 |   0.5179 |    0.024s
   146 |   1.3525 |   0.5323 |   0.5147 |   0.5143 |    0.022s
   147 |   1.3528 |   0.5322 |   0.5149 |   0.5151 |    0.022s
   148 |   1.3508 |   0.5326 |   0.5182 |   0.5163 |    0.024s
   149 |   1.3511 |   0.5317 |   0.5190 |   0.5168 |    0.027s
   150 |   1.3511 |   0.5331 |   0.5167 |   0.5151 |    0.024s
------------------------------------------------------------------------------
【结果汇总】
  最佳验证准确率 : 0.5200  (第 132 轮)
  对应的测试准确率: 0.5172
  训练总耗时     : 4.00s (不含评估) / 整体墙钟时间 9.62s
  平均每轮训练耗时: 0.02s (每轮 1 次参数更新)
  全图推理耗时   : 0.02s
  模型参数量     : 65,287
结果已追加保存到：D:\PHD\博一\入学任务\任务一_节点分类\results\results.jsonl
