==============================================================================
任务一 节点分类 | 数据集=Flickr 模型=GCN 训练方式=full 学习率=0.01 层数=4
==============================================================================
超参数：hidden=128, dropout=0.5, weight_decay=0.0005, epochs=150, seed=42
数据集信息：节点数=89250, 边数=899756, 特征维度=500, 类别数=7, 训练/验证/测试 = 44625/22312/22313
模型参数量：98,823
全图训练：每个 epoch 做 1 次全图前向 + 反向
------------------------------------------------------------------------------
 Epoch |     Loss |    Train |      Val |     Test |      时间/轮
------------------------------------------------------------------------------
     1 |   2.0512 |   0.4216 |   0.4239 |   0.4234 |    0.436s
     2 |   1.7138 |   0.4216 |   0.4239 |   0.4234 |    0.056s
     3 |   1.6246 |   0.4747 |   0.4760 |   0.4728 |    0.057s
     4 |   1.5655 |   0.0960 |   0.0945 |   0.0913 |    0.056s
     5 |   1.5346 |   0.4210 |   0.4233 |   0.4226 |    0.055s
     6 |   1.5056 |   0.4216 |   0.4239 |   0.4234 |    0.057s
     7 |   1.4952 |   0.4216 |   0.4239 |   0.4234 |    0.056s
     8 |   1.4870 |   0.4216 |   0.4239 |   0.4235 |    0.052s
     9 |   1.4760 |   0.4216 |   0.4239 |   0.4234 |    0.055s
    10 |   1.4623 |   0.4217 |   0.4239 |   0.4235 |    0.045s
    11 |   1.4545 |   0.4212 |   0.4234 |   0.4231 |    0.041s
    12 |   1.4555 |   0.4151 |   0.4157 |   0.4159 |    0.040s
    13 |   1.4501 |   0.3630 |   0.3639 |   0.3573 |    0.041s
    14 |   1.4485 |   0.3796 |   0.3806 |   0.3768 |    0.040s
    15 |   1.4428 |   0.4154 |   0.4177 |   0.4175 |    0.040s
    16 |   1.4421 |   0.4185 |   0.4203 |   0.4198 |    0.041s
    17 |   1.4325 |   0.4174 |   0.4188 |   0.4191 |    0.039s
    18 |   1.4364 |   0.4173 |   0.4202 |   0.4211 |    0.041s
    19 |   1.4275 |   0.4364 |   0.4379 |   0.4413 |    0.041s
    20 |   1.4253 |   0.4647 |   0.4650 |   0.4667 |    0.042s
    21 |   1.4235 |   0.4824 |   0.4814 |   0.4825 |    0.038s
    22 |   1.4264 |   0.4781 |   0.4768 |   0.4778 |    0.041s
    23 |   1.4177 |   0.4395 |   0.4417 |   0.4405 |    0.040s
    24 |   1.4159 |   0.4131 |   0.4129 |   0.4142 |    0.040s
    25 |   1.4177 |   0.4356 |   0.4331 |   0.4355 |    0.041s
    26 |   1.4120 |   0.4216 |   0.4198 |   0.4218 |    0.039s
    27 |   1.4124 |   0.4174 |   0.4173 |   0.4195 |    0.040s
    28 |   1.4049 |   0.4068 |   0.4073 |   0.4086 |    0.042s
    29 |   1.4054 |   0.4189 |   0.4222 |   0.4198 |    0.039s
    30 |   1.4017 |   0.4519 |   0.4542 |   0.4509 |    0.039s
    31 |   1.4028 |   0.4528 |   0.4548 |   0.4516 |    0.039s
    32 |   1.4002 |   0.4454 |   0.4478 |   0.4465 |    0.039s
    33 |   1.4005 |   0.4480 |   0.4503 |   0.4493 |    0.041s
    34 |   1.3950 |   0.5068 |   0.5074 |   0.5006 |    0.039s
    35 |   1.3960 |   0.4775 |   0.4745 |   0.4725 |    0.039s
    36 |   1.3916 |   0.4178 |   0.4171 |   0.4126 |    0.040s
    37 |   1.3919 |   0.3914 |   0.3906 |   0.3854 |    0.039s
    38 |   1.3897 |   0.4128 |   0.4099 |   0.4064 |    0.038s
    39 |   1.3848 |   0.4675 |   0.4656 |   0.4656 |    0.039s
    40 |   1.3889 |   0.5176 |   0.5159 |   0.5110 |    0.038s
    41 |   1.3862 |   0.4639 |   0.4660 |   0.4645 |    0.040s
    42 |   1.3824 |   0.4788 |   0.4800 |   0.4778 |    0.040s
    43 |   1.3802 |   0.4990 |   0.4984 |   0.4957 |    0.042s
    44 |   1.3847 |   0.4723 |   0.4712 |   0.4695 |    0.041s
    45 |   1.3747 |   0.4812 |   0.4779 |   0.4781 |    0.042s
    46 |   1.3749 |   0.5050 |   0.5068 |   0.5029 |    0.043s
    47 |   1.3794 |   0.4242 |   0.4274 |   0.4261 |    0.070s
    48 |   1.3727 |   0.4234 |   0.4260 |   0.4252 |    0.041s
    49 |   1.3743 |   0.4246 |   0.4266 |   0.4248 |    0.045s
    50 |   1.3711 |   0.4517 |   0.4512 |   0.4495 |    0.041s
    51 |   1.3695 |   0.5073 |   0.5092 |   0.5078 |    0.042s
    52 |   1.3676 |   0.3697 |   0.3681 |   0.3655 |    0.041s
    53 |   1.3700 |   0.4438 |   0.4437 |   0.4423 |    0.039s
    54 |   1.3713 |   0.4346 |   0.4366 |   0.4356 |    0.040s
    55 |   1.3637 |   0.4230 |   0.4251 |   0.4237 |    0.041s
    56 |   1.3637 |   0.4535 |   0.4531 |   0.4508 |    0.039s
    57 |   1.3631 |   0.4879 |   0.4896 |   0.4865 |    0.041s
    58 |   1.3645 |   0.4218 |   0.4244 |   0.4235 |    0.040s
    59 |   1.3622 |   0.4574 |   0.4571 |   0.4570 |    0.039s
    60 |   1.3576 |   0.4843 |   0.4848 |   0.4824 |    0.038s
    61 |   1.3574 |   0.5052 |   0.5062 |   0.5041 |    0.041s
    62 |   1.3535 |   0.4790 |   0.4810 |   0.4788 |    0.042s
    63 |   1.3565 |   0.4216 |   0.4240 |   0.4235 |    0.040s
    64 |   1.3603 |   0.4416 |   0.4406 |   0.4405 |    0.041s
    65 |   1.3583 |   0.5013 |   0.5033 |   0.4983 |    0.039s
    66 |   1.3590 |   0.4414 |   0.4334 |   0.4368 |    0.040s
    67 |   1.3627 |   0.5319 |   0.5268 |   0.5236 |    0.040s
    68 |   1.3518 |   0.4947 |   0.4953 |   0.4936 |    0.042s
    69 |   1.3562 |   0.4229 |   0.4262 |   0.4246 |    0.041s
    70 |   1.3569 |   0.4444 |   0.4464 |   0.4443 |    0.039s
    71 |   1.3556 |   0.5227 |   0.5195 |   0.5172 |    0.039s
    72 |   1.3547 |   0.4327 |   0.4321 |   0.4313 |    0.041s
    73 |   1.3502 |   0.4254 |   0.4271 |   0.4254 |    0.049s
    74 |   1.3493 |   0.4450 |   0.4472 |   0.4466 |    0.057s
    75 |   1.3455 |   0.4898 |   0.4853 |   0.4821 |    0.055s
    76 |   1.3482 |   0.5133 |   0.5127 |   0.5087 |    0.058s
    77 |   1.3448 |   0.4216 |   0.4239 |   0.4235 |    0.058s
    78 |   1.3438 |   0.5125 |   0.5074 |   0.5060 |    0.056s
    79 |   1.3443 |   0.5093 |   0.5064 |   0.5030 |    0.057s
    80 |   1.3506 |   0.4216 |   0.4239 |   0.4235 |    0.056s
    81 |   1.3466 |   0.4078 |   0.4079 |   0.4046 |    0.056s
    82 |   1.3420 |   0.2700 |   0.2707 |   0.2672 |    0.059s
    83 |   1.3500 |   0.3111 |   0.3075 |   0.3058 |    0.054s
    84 |   1.3494 |   0.3581 |   0.3528 |   0.3511 |    0.055s
    85 |   1.3436 |   0.4529 |   0.4484 |   0.4464 |    0.057s
    86 |   1.3467 |   0.5151 |   0.5133 |   0.5118 |    0.056s
    87 |   1.3419 |   0.4729 |   0.4689 |   0.4655 |    0.057s
    88 |   1.3429 |   0.4799 |   0.4778 |   0.4722 |    0.054s
    89 |   1.3483 |   0.5103 |   0.5105 |   0.5085 |    0.059s
    90 |   1.3417 |   0.4216 |   0.4239 |   0.4234 |    0.057s
    91 |   1.3438 |   0.4286 |   0.4233 |   0.4255 |    0.056s
    92 |   1.3466 |   0.4259 |   0.4268 |   0.4259 |    0.056s
    93 |   1.3377 |   0.4231 |   0.4246 |   0.4239 |    0.056s
    94 |   1.3372 |   0.4316 |   0.4301 |   0.4302 |    0.057s
    95 |   1.3420 |   0.4216 |   0.4239 |   0.4235 |    0.058s
    96 |   1.3365 |   0.4219 |   0.4242 |   0.4237 |    0.056s
    97 |   1.3355 |   0.4223 |   0.4243 |   0.4238 |    0.058s
    98 |   1.3357 |   0.4217 |   0.4240 |   0.4234 |    0.059s
    99 |   1.3329 |   0.4232 |   0.4253 |   0.4246 |    0.059s
   100 |   1.3373 |   0.4062 |   0.4045 |   0.4012 |    0.056s
   101 |   1.3311 |   0.5090 |   0.5070 |   0.5050 |    0.056s
   102 |   1.3343 |   0.5054 |   0.5033 |   0.5042 |    0.059s
   103 |   1.3279 |   0.3680 |   0.3629 |   0.3658 |    0.058s
   104 |   1.3302 |   0.3302 |   0.3255 |   0.3245 |    0.058s
   105 |   1.3303 |   0.4881 |   0.4810 |   0.4782 |    0.057s
   106 |   1.3260 |   0.4672 |   0.4687 |   0.4673 |    0.056s
   107 |   1.3238 |   0.4977 |   0.5005 |   0.4966 |    0.057s
   108 |   1.3257 |   0.5273 |   0.5212 |   0.5197 |    0.057s
   109 |   1.3308 |   0.3744 |   0.3651 |   0.3679 |    0.056s
   110 |   1.3268 |   0.4315 |   0.4342 |   0.4341 |    0.055s
   111 |   1.3222 |   0.5249 |   0.5189 |   0.5182 |    0.058s
   112 |   1.3259 |   0.4457 |   0.4412 |   0.4423 |    0.057s
   113 |   1.3205 |   0.4848 |   0.4828 |   0.4810 |    0.058s
   114 |   1.3208 |   0.4353 |   0.4365 |   0.4360 |    0.057s
   115 |   1.3241 |   0.4352 |   0.4232 |   0.4259 |    0.055s
   116 |   1.3213 |   0.4269 |   0.4281 |   0.4265 |    0.056s
   117 |   1.3272 |   0.2587 |   0.2587 |   0.2554 |    0.055s
   118 |   1.3286 |   0.4234 |   0.4211 |   0.4195 |    0.058s
   119 |   1.3236 |   0.4293 |   0.4292 |   0.4258 |    0.057s
   120 |   1.3317 |   0.4216 |   0.4239 |   0.4235 |    0.058s
   121 |   1.3323 |   0.4294 |   0.4285 |   0.4287 |    0.057s
   122 |   1.3247 |   0.2807 |   0.2805 |   0.2759 |    0.063s
   123 |   1.3367 |   0.4681 |   0.4686 |   0.4689 |    0.069s
   124 |   1.3300 |   0.1879 |   0.1851 |   0.1884 |    0.060s
   125 |   1.3344 |   0.3645 |   0.3627 |   0.3616 |    0.057s
   126 |   1.3315 |   0.5180 |   0.5156 |   0.5141 |    0.058s
   127 |   1.3331 |   0.4413 |   0.4412 |   0.4384 |    0.058s
   128 |   1.3286 |   0.2940 |   0.2920 |   0.2888 |    0.055s
   129 |   1.3340 |   0.3372 |   0.3342 |   0.3307 |    0.057s
   130 |   1.3263 |   0.4978 |   0.4911 |   0.4924 |    0.057s
   131 |   1.3285 |   0.4126 |   0.4115 |   0.4126 |    0.058s
   132 |   1.3247 |   0.5276 |   0.5234 |   0.5209 |    0.058s
   133 |   1.3294 |   0.5018 |   0.5000 |   0.4978 |    0.053s
   134 |   1.3255 |   0.4568 |   0.4530 |   0.4562 |    0.054s
   135 |   1.3259 |   0.4026 |   0.3970 |   0.3962 |    0.059s
   136 |   1.3239 |   0.5078 |   0.4957 |   0.4942 |    0.055s
   137 |   1.3270 |   0.5253 |   0.5143 |   0.5114 |    0.058s
   138 |   1.3208 |   0.4460 |   0.4426 |   0.4427 |    0.056s
   139 |   1.3196 |   0.5387 |   0.5308 |   0.5287 |    0.058s
   140 |   1.3165 |   0.2270 |   0.2210 |   0.2232 |    0.059s
   141 |   1.3234 |   0.0709 |   0.0721 |   0.0735 |    0.057s
   142 |   1.3370 |   0.1936 |   0.1915 |   0.1873 |    0.058s
   143 |   1.3286 |   0.1869 |   0.1849 |   0.1818 |    0.057s
   144 |   1.3248 |   0.1989 |   0.1987 |   0.1926 |    0.059s
   145 |   1.3396 |   0.2885 |   0.2864 |   0.2814 |    0.059s
   146 |   1.3319 |   0.3810 |   0.3713 |   0.3703 |    0.057s
   147 |   1.3291 |   0.1714 |   0.1678 |   0.1701 |    0.058s
   148 |   1.3271 |   0.3230 |   0.3194 |   0.3169 |    0.058s
   149 |   1.3294 |   0.2911 |   0.2818 |   0.2860 |    0.057s
   150 |   1.3216 |   0.2702 |   0.2609 |   0.2646 |    0.057s
------------------------------------------------------------------------------
【结果汇总】
  最佳验证准确率 : 0.5308  (第 139 轮)
  对应的测试准确率: 0.5287
  训练总耗时     : 7.91s (不含评估) / 整体墙钟时间 19.94s
  平均每轮训练耗时: 0.05s (每轮 1 次参数更新)
  全图推理耗时   : 0.05s
  模型参数量     : 98,823
结果已追加保存到：D:\PHD\博一\入学任务\任务一_节点分类\results\results.jsonl
