==============================================================================
任务一 节点分类 | 数据集=Flickr 模型=GIN 训练方式=sample 学习率=0.01 层数=2
==============================================================================
超参数：hidden=128, dropout=0.5, weight_decay=0.0005, epochs=5, seed=42
数据集信息：节点数=89250, 边数=899756, 特征维度=500, 类别数=7, 训练/验证/测试 = 44625/22312/22313
模型参数量：81,857
采样设置：batch_size=1024, num_neighbors=[10, 10], 每轮 batch 数=44
------------------------------------------------------------------------------
 Epoch |     Loss |    Train |      Val |     Test |      时间/轮
------------------------------------------------------------------------------
     1 |   1.9529 |   0.4216 |   0.4239 |   0.4234 |    2.485s
     2 |   1.6085 |   0.4216 |   0.4239 |   0.4234 |    2.294s
     3 |   1.5981 |   0.3434 |   0.3453 |   0.3441 |    2.349s
     4 |   1.5909 |   0.3433 |   0.3455 |   0.3440 |    2.326s
==============================================================================
任务一 节点分类 | 数据集=Flickr 模型=GIN 训练方式=sample 学习率=0.01 层数=2
==============================================================================
超参数：hidden=128, dropout=0.5, weight_decay=0.0005, epochs=150, seed=42
数据集信息：节点数=89250, 边数=899756, 特征维度=500, 类别数=7, 训练/验证/测试 = 44625/22312/22313
模型参数量：81,857
采样设置：batch_size=4096, num_neighbors=[10, 10], 每轮 batch 数=11
------------------------------------------------------------------------------
 Epoch |     Loss |    Train |      Val |     Test |      时间/轮
------------------------------------------------------------------------------
     1 |   2.2917 |   0.2583 |   0.2580 |   0.2547 |    4.106s
     2 |   1.7086 |   0.4216 |   0.4239 |   0.4234 |    3.900s
     3 |   1.6262 |   0.4216 |   0.4239 |   0.4234 |    3.742s
     4 |   1.6214 |   0.4216 |   0.4239 |   0.4234 |    3.777s
     5 |   1.6082 |   0.4216 |   0.4239 |   0.4234 |    3.953s
     6 |   1.6024 |   0.4216 |   0.4239 |   0.4234 |    3.816s
     7 |   1.6003 |   0.4216 |   0.4239 |   0.4234 |    2.308s
     8 |   1.5974 |   0.3825 |   0.3876 |   0.3897 |    2.247s
     9 |   1.5934 |   0.3857 |   0.3882 |   0.3906 |    2.377s
    10 |   1.5903 |   0.3749 |   0.3755 |   0.3766 |    2.226s
    11 |   1.5865 |   0.3655 |   0.3651 |   0.3671 |    2.296s
    12 |   1.5828 |   0.3503 |   0.3514 |   0.3513 |    1.869s
    13 |   1.5794 |   0.2859 |   0.2872 |   0.2837 |    1.735s
    14 |   1.5765 |   0.3184 |   0.3216 |   0.3212 |    1.738s
    15 |   1.5690 |   0.3314 |   0.3340 |   0.3346 |    1.842s
    16 |   1.5673 |   0.3378 |   0.3396 |   0.3423 |    1.841s
    17 |   1.5613 |   0.3364 |   0.3372 |   0.3400 |    1.679s
    18 |   1.5538 |   0.3628 |   0.3651 |   0.3652 |    1.719s
    19 |   1.5429 |   0.3156 |   0.3186 |   0.3175 |    1.764s
    20 |   1.5321 |   0.3403 |   0.3418 |   0.3421 |    2.319s
    21 |   1.5237 |   0.4786 |   0.4773 |   0.4796 |    2.779s
    22 |   1.5178 |   0.3350 |   0.3363 |   0.3369 |    4.020s
    23 |   1.5329 |   0.4997 |   0.4992 |   0.5004 |    4.150s
    24 |   1.5206 |   0.3167 |   0.3197 |   0.3176 |    4.052s
    25 |   1.5054 |   0.4696 |   0.4706 |   0.4718 |    4.212s
    26 |   1.4971 |   0.4794 |   0.4790 |   0.4821 |    4.216s
    27 |   1.4919 |   0.4558 |   0.4570 |   0.4593 |    4.038s
    28 |   1.4913 |   0.4346 |   0.4362 |   0.4374 |    3.650s
    29 |   1.4825 |   0.4832 |   0.4828 |   0.4854 |    3.749s
    30 |   1.4812 |   0.4659 |   0.4678 |   0.4681 |    3.907s
    31 |   1.4801 |   0.4437 |   0.4462 |   0.4450 |    3.858s
    32 |   1.4721 |   0.4740 |   0.4741 |   0.4772 |    4.085s
    33 |   1.4761 |   0.4924 |   0.4919 |   0.4929 |    3.894s
    34 |   1.4716 |   0.4871 |   0.4879 |   0.4892 |    4.291s
    35 |   1.4733 |   0.3375 |   0.3368 |   0.3372 |    4.366s
    36 |   1.4776 |   0.4668 |   0.4668 |   0.4681 |    4.749s
    37 |   1.4744 |   0.4514 |   0.4520 |   0.4531 |    4.265s
    38 |   1.4731 |   0.4545 |   0.4555 |   0.4561 |    4.136s
    39 |   1.4724 |   0.3034 |   0.3038 |   0.3024 |    4.263s
    40 |   1.4686 |   0.4800 |   0.4808 |   0.4839 |    4.216s
    41 |   1.4688 |   0.4911 |   0.4910 |   0.4929 |    3.863s
    42 |   1.4648 |   0.4658 |   0.4674 |   0.4688 |    3.887s
    43 |   1.4670 |   0.4950 |   0.4955 |   0.4962 |    3.877s
    44 |   1.4675 |   0.4892 |   0.4906 |   0.4918 |    3.711s
    45 |   1.4668 |   0.4002 |   0.3989 |   0.4009 |    4.412s
    46 |   1.4601 |   0.4530 |   0.4529 |   0.4548 |    4.750s
    47 |   1.4589 |   0.4486 |   0.4479 |   0.4509 |    4.240s
    48 |   1.4621 |   0.3122 |   0.3118 |   0.3111 |    4.367s
    49 |   1.4631 |   0.4793 |   0.4810 |   0.4815 |    4.264s
    50 |   1.4585 |   0.4636 |   0.4640 |   0.4670 |    4.354s
    51 |   1.4591 |   0.4629 |   0.4627 |   0.4659 |    4.034s
    52 |   1.4584 |   0.2949 |   0.2960 |   0.2926 |    3.834s
    53 |   1.4646 |   0.5105 |   0.5082 |   0.5103 |    3.918s
    54 |   1.4623 |   0.4415 |   0.4400 |   0.4429 |    3.843s
    55 |   1.4586 |   0.4718 |   0.4728 |   0.4755 |    4.154s
    56 |   1.4613 |   0.4816 |   0.4842 |   0.4834 |    4.967s
    57 |   1.4592 |   0.4675 |   0.4671 |   0.4700 |    4.921s
    58 |   1.4575 |   0.4702 |   0.4704 |   0.4733 |    4.775s
    59 |   1.4554 |   0.5021 |   0.5021 |   0.5032 |    4.963s
    60 |   1.4596 |   0.4225 |   0.4220 |   0.4241 |    5.011s
    61 |   1.4567 |   0.4528 |   0.4526 |   0.4568 |    5.049s
    62 |   1.4583 |   0.4999 |   0.4996 |   0.5014 |    4.188s
    63 |   1.4590 |   0.4962 |   0.4967 |   0.4985 |    3.703s
    64 |   1.4582 |   0.4458 |   0.4438 |   0.4481 |    3.712s
    65 |   1.4593 |   0.4824 |   0.4821 |   0.4835 |    3.711s
    66 |   1.4600 |   0.4277 |   0.4268 |   0.4298 |    3.663s
    67 |   1.4594 |   0.4689 |   0.4686 |   0.4715 |    3.671s
    68 |   1.4599 |   0.4153 |   0.4133 |   0.4147 |    3.620s
    69 |   1.4571 |   0.4770 |   0.4764 |   0.4793 |    3.727s
    70 |   1.4569 |   0.2667 |   0.2677 |   0.2631 |    3.995s
    71 |   1.4618 |   0.5110 |   0.5087 |   0.5102 |    3.956s
    72 |   1.4595 |   0.3376 |   0.3352 |   0.3356 |    3.974s
    73 |   1.4562 |   0.5005 |   0.5008 |   0.5017 |    4.176s
    74 |   1.4566 |   0.4608 |   0.4601 |   0.4633 |    3.972s
    75 |   1.4560 |   0.4249 |   0.4224 |   0.4250 |    3.904s
    76 |   1.4528 |   0.4491 |   0.4473 |   0.4516 |    3.931s
    77 |   1.4534 |   0.4355 |   0.4344 |   0.4379 |    3.932s
    78 |   1.4545 |   0.4683 |   0.4680 |   0.4708 |    3.837s
    79 |   1.4535 |   0.4089 |   0.4068 |   0.4089 |    3.977s
    80 |   1.4554 |   0.4213 |   0.4193 |   0.4236 |    3.943s
    81 |   1.4598 |   0.4881 |   0.4897 |   0.4903 |    3.877s
    82 |   1.4584 |   0.4495 |   0.4494 |   0.4517 |    3.779s
    83 |   1.4538 |   0.4769 |   0.4780 |   0.4802 |    4.015s
    84 |   1.4517 |   0.5031 |   0.5036 |   0.5031 |    3.946s
    85 |   1.4536 |   0.4649 |   0.4651 |   0.4671 |    3.966s
    86 |   1.4554 |   0.4646 |   0.4647 |   0.4676 |    3.857s
    87 |   1.4553 |   0.5066 |   0.5053 |   0.5061 |    4.392s
    88 |   1.4582 |   0.5117 |   0.5101 |   0.5110 |    4.045s
    89 |   1.4559 |   0.4296 |   0.4289 |   0.4332 |    3.955s
    90 |   1.4530 |   0.4350 |   0.4338 |   0.4367 |    4.015s
    91 |   1.4529 |   0.5127 |   0.5105 |   0.5113 |    4.047s
    92 |   1.4551 |   0.4718 |   0.4725 |   0.4729 |    2.959s
    93 |   1.4531 |   0.4391 |   0.4374 |   0.4417 |    1.663s
    94 |   1.4525 |   0.4362 |   0.4356 |   0.4394 |    1.747s
    95 |   1.4535 |   0.3961 |   0.3930 |   0.3946 |    1.639s
    96 |   1.4528 |   0.4688 |   0.4682 |   0.4713 |    1.597s
    97 |   1.4532 |   0.4228 |   0.4218 |   0.4256 |    1.583s
    98 |   1.4527 |   0.4720 |   0.4712 |   0.4725 |    2.111s
    99 |   1.4506 |   0.4719 |   0.4701 |   0.4734 |    3.693s
   100 |   1.4548 |   0.4953 |   0.4952 |   0.4969 |    3.610s
   101 |   1.4526 |   0.4572 |   0.4569 |   0.4609 |    3.717s
   102 |   1.4501 |   0.5064 |   0.5051 |   0.5065 |    3.772s
   103 |   1.4507 |   0.4947 |   0.4946 |   0.4958 |    3.787s
   104 |   1.4510 |   0.4973 |   0.4974 |   0.4985 |    3.781s
   105 |   1.4502 |   0.5135 |   0.5096 |   0.5126 |    3.676s
   106 |   1.4509 |   0.4397 |   0.4384 |   0.4420 |    3.818s
   107 |   1.4504 |   0.4925 |   0.4921 |   0.4927 |    4.006s
   108 |   1.4510 |   0.4799 |   0.4805 |   0.4808 |    4.147s
   109 |   1.4497 |   0.4855 |   0.4862 |   0.4862 |    4.177s
   110 |   1.4506 |   0.4182 |   0.4158 |   0.4195 |    4.127s
   111 |   1.4505 |   0.3827 |   0.3804 |   0.3796 |    3.981s
   112 |   1.4518 |   0.4977 |   0.4963 |   0.4963 |    3.972s
   113 |   1.4583 |   0.3349 |   0.3331 |   0.3320 |    4.072s
   114 |   1.4597 |   0.4465 |   0.4441 |   0.4495 |    4.246s
   115 |   1.4537 |   0.4541 |   0.4560 |   0.4552 |    4.000s
   116 |   1.4534 |   0.5002 |   0.4997 |   0.5001 |    3.928s
   117 |   1.4505 |   0.4350 |   0.4339 |   0.4377 |    4.069s
   118 |   1.4522 |   0.4791 |   0.4810 |   0.4818 |    4.145s
   119 |   1.4496 |   0.4781 |   0.4776 |   0.4797 |    4.064s
   120 |   1.4485 |   0.5018 |   0.5009 |   0.5024 |    3.868s
   121 |   1.4488 |   0.5015 |   0.4992 |   0.4993 |    4.120s
   122 |   1.4487 |   0.4852 |   0.4847 |   0.4829 |    4.085s
   123 |   1.4479 |   0.3861 |   0.3844 |   0.3845 |    4.104s
   124 |   1.4444 |   0.5123 |   0.5097 |   0.5102 |    4.078s
   125 |   1.4466 |   0.5025 |   0.5022 |   0.5024 |    4.076s
   126 |   1.4429 |   0.4926 |   0.4936 |   0.4947 |    3.983s
   127 |   1.4395 |   0.4464 |   0.4460 |   0.4458 |    4.027s
   128 |   1.4290 |   0.4546 |   0.4548 |   0.4574 |    3.932s
   129 |   1.4208 |   0.4959 |   0.4945 |   0.4935 |    4.040s
   130 |   1.4139 |   0.4236 |   0.4240 |   0.4198 |    4.030s
   131 |   1.4094 |   0.4378 |   0.4378 |   0.4381 |    4.062s
   132 |   1.4110 |   0.4335 |   0.4332 |   0.4326 |    4.139s
   133 |   1.4060 |   0.3721 |   0.3696 |   0.3696 |    4.101s
   134 |   1.4020 |   0.4091 |   0.4089 |   0.4053 |    3.979s
   135 |   1.4030 |   0.4177 |   0.4168 |   0.4176 |    4.085s
   136 |   1.4042 |   0.4435 |   0.4420 |   0.4432 |    4.081s
   137 |   1.4109 |   0.3019 |   0.2997 |   0.2986 |    4.095s
   138 |   1.4060 |   0.2836 |   0.2849 |   0.2884 |    4.030s
   139 |   1.3993 |   0.3808 |   0.3796 |   0.3813 |    4.126s
   140 |   1.3960 |   0.4274 |   0.4270 |   0.4262 |    3.842s
   141 |   1.3945 |   0.3882 |   0.3885 |   0.3911 |    3.813s
   142 |   1.3943 |   0.3442 |   0.3418 |   0.3441 |    4.076s
   143 |   1.3953 |   0.3622 |   0.3609 |   0.3610 |    3.925s
   144 |   1.3950 |   0.3650 |   0.3616 |   0.3653 |    3.991s
   145 |   1.3943 |   0.2214 |   0.2231 |   0.2247 |    4.059s
   146 |   1.3930 |   0.4144 |   0.4174 |   0.4162 |    4.053s
   147 |   1.3903 |   0.3222 |   0.3200 |   0.3235 |    4.069s
   148 |   1.3859 |   0.4301 |   0.4302 |   0.4271 |    4.054s
   149 |   1.3959 |   0.3627 |   0.3607 |   0.3611 |    4.020s
   150 |   1.3901 |   0.4106 |   0.4095 |   0.4060 |    4.151s
------------------------------------------------------------------------------
【结果汇总】
  最佳验证准确率 : 0.5105  (第 91 轮)
  对应的测试准确率: 0.5113
  训练总耗时     : 9m22.0s (不含评估) / 整体墙钟时间 9m30.5s
  平均每轮训练耗时: 3.74s (每轮 11 次参数更新)
  全图推理耗时   : 0.00s
  模型参数量     : 81,857
结果已追加保存到：D:\PHD\博一\入学任务\任务一_节点分类\results\results.jsonl
