==============================================================================
任务一 节点分类 | 数据集=Flickr 模型=GraphSAGE 训练方式=sample 学习率=0.01 层数=2
==============================================================================
超参数：hidden=128, dropout=0.5, weight_decay=0.0005, epochs=5, seed=42
数据集信息：节点数=89250, 边数=899756, 特征维度=500, 类别数=7, 训练/验证/测试 = 44625/22312/22313
模型参数量：130,183
采样设置：batch_size=1024, num_neighbors=[10, 10], 每轮 batch 数=44
------------------------------------------------------------------------------
 Epoch |     Loss |    Train |      Val |     Test |      时间/轮
------------------------------------------------------------------------------
     1 |   1.6857 |   0.4785 |   0.4773 |   0.4778 |    2.590s
     2 |   1.4692 |   0.5075 |   0.5039 |   0.5062 |    2.392s
     3 |   1.4259 |   0.5103 |   0.5048 |   0.5038 |    2.297s
     4 |   1.4082 |   0.5132 |   0.5025 |   0.5032 |    2.315s
     5 |   1.3951 |   0.5195 |   0.5095 |   0.5099 |    2.287s
------------------------------------------------------------------------------
【结果汇总】
  最佳验证准确率 : 0.5095  (第 5 轮)
  对应的测试准确率: 0.5099
  训练总耗时     : 11.88s (不含评估) / 整体墙钟时间 12.08s
  平均每轮训练耗时: 2.32s (每轮 44 次参数更新)
  全图推理耗时   : 0.00s
  模型参数量     : 130,183
结果已追加保存到：D:\PHD\博一\入学任务\任务一_节点分类\results\results.jsonl
==============================================================================
任务一 节点分类 | 数据集=Flickr 模型=GraphSAGE 训练方式=sample 学习率=0.01 层数=2
==============================================================================
超参数：hidden=128, dropout=0.5, weight_decay=0.0005, epochs=150, seed=42
数据集信息：节点数=89250, 边数=899756, 特征维度=500, 类别数=7, 训练/验证/测试 = 44625/22312/22313
模型参数量：130,183
采样设置：batch_size=4096, num_neighbors=[10, 10], 每轮 batch 数=11
------------------------------------------------------------------------------
 Epoch |     Loss |    Train |      Val |     Test |      时间/轮
------------------------------------------------------------------------------
     1 |   1.8528 |   0.4009 |   0.3958 |   0.3954 |    4.006s
     2 |   1.5538 |   0.4685 |   0.4655 |   0.4683 |    3.769s
     3 |   1.5078 |   0.4855 |   0.4814 |   0.4827 |    3.713s
     4 |   1.4774 |   0.4966 |   0.4929 |   0.4940 |    3.730s
     5 |   1.4507 |   0.5019 |   0.5001 |   0.5006 |    3.741s
     6 |   1.4288 |   0.4806 |   0.4779 |   0.4799 |    3.814s
     7 |   1.4104 |   0.4927 |   0.4901 |   0.4900 |    4.193s
     8 |   1.3940 |   0.5123 |   0.5078 |   0.5057 |    4.158s
     9 |   1.3790 |   0.5277 |   0.5139 |   0.5146 |    3.937s
    10 |   1.3751 |   0.5098 |   0.4987 |   0.4961 |    3.921s
    11 |   1.3633 |   0.5294 |   0.5146 |   0.5142 |    4.055s
    12 |   1.3574 |   0.5337 |   0.5184 |   0.5188 |    4.038s
    13 |   1.3470 |   0.5282 |   0.5130 |   0.5115 |    3.878s
    14 |   1.3416 |   0.5390 |   0.5200 |   0.5200 |    3.775s
    15 |   1.3341 |   0.5374 |   0.5094 |   0.5092 |    3.712s
    16 |   1.3350 |   0.4618 |   0.4399 |   0.4430 |    3.727s
    17 |   1.3355 |   0.4962 |   0.4868 |   0.4878 |    3.715s
    18 |   1.3225 |   0.5294 |   0.5087 |   0.5086 |    3.725s
    19 |   1.3196 |   0.5479 |   0.5173 |   0.5149 |    3.735s
    20 |   1.3198 |   0.5469 |   0.5208 |   0.5193 |    3.700s
    21 |   1.3265 |   0.5412 |   0.5204 |   0.5192 |    3.681s
    22 |   1.3160 |   0.5432 |   0.5124 |   0.5115 |    3.601s
    23 |   1.3071 |   0.5359 |   0.5146 |   0.5138 |    3.678s
    24 |   1.3055 |   0.5120 |   0.4960 |   0.4966 |    3.689s
    25 |   1.3046 |   0.5277 |   0.5046 |   0.5036 |    3.692s
    26 |   1.2960 |   0.5440 |   0.5185 |   0.5197 |    3.663s
    27 |   1.2980 |   0.5544 |   0.5225 |   0.5231 |    3.732s
    28 |   1.2952 |   0.5340 |   0.5072 |   0.5085 |    3.699s
    29 |   1.2837 |   0.5488 |   0.5188 |   0.5199 |    3.721s
    30 |   1.2877 |   0.5349 |   0.5080 |   0.5076 |    3.685s
    31 |   1.2852 |   0.5538 |   0.5203 |   0.5218 |    3.739s
    32 |   1.2783 |   0.5494 |   0.5209 |   0.5189 |    3.703s
    33 |   1.2792 |   0.5545 |   0.5200 |   0.5231 |    3.701s
    34 |   1.2748 |   0.5552 |   0.5171 |   0.5182 |    3.719s
    35 |   1.2819 |   0.5325 |   0.4977 |   0.4981 |    3.693s
    36 |   1.2888 |   0.5538 |   0.5182 |   0.5215 |    3.714s
    37 |   1.2744 |   0.5490 |   0.5152 |   0.5167 |    3.686s
    38 |   1.2738 |   0.5390 |   0.5077 |   0.5090 |    3.752s
    39 |   1.2747 |   0.5498 |   0.5085 |   0.5106 |    3.712s
    40 |   1.2650 |   0.5553 |   0.5195 |   0.5207 |    3.799s
    41 |   1.2545 |   0.5440 |   0.5080 |   0.5071 |    3.735s
    42 |   1.2552 |   0.5619 |   0.5145 |   0.5186 |    3.714s
    43 |   1.2551 |   0.5596 |   0.5139 |   0.5149 |    3.384s
    44 |   1.2592 |   0.5680 |   0.5179 |   0.5201 |    3.405s
    45 |   1.2597 |   0.5581 |   0.5125 |   0.5142 |    3.395s
    46 |   1.2553 |   0.5586 |   0.5075 |   0.5110 |    3.355s
    47 |   1.2533 |   0.5584 |   0.5201 |   0.5192 |    3.343s
    48 |   1.2456 |   0.5250 |   0.4961 |   0.4937 |    3.345s
    49 |   1.2590 |   0.5237 |   0.4712 |   0.4730 |    3.389s
    50 |   1.2599 |   0.5584 |   0.5111 |   0.5125 |    3.373s
    51 |   1.2489 |   0.5742 |   0.5227 |   0.5200 |    3.332s
    52 |   1.2508 |   0.5266 |   0.4943 |   0.4942 |    3.381s
    53 |   1.2474 |   0.5684 |   0.5173 |   0.5155 |    3.353s
    54 |   1.2452 |   0.5605 |   0.5112 |   0.5105 |    3.162s
    55 |   1.2471 |   0.5784 |   0.5229 |   0.5220 |    3.272s
    56 |   1.2388 |   0.5635 |   0.5220 |   0.5209 |    3.306s
    57 |   1.2307 |   0.5332 |   0.4950 |   0.4973 |    3.190s
    58 |   1.2299 |   0.5164 |   0.4701 |   0.4680 |    3.111s
    59 |   1.2439 |   0.5713 |   0.5219 |   0.5212 |    3.262s
    60 |   1.2414 |   0.5555 |   0.5137 |   0.5132 |    3.252s
    61 |   1.2382 |   0.5291 |   0.4752 |   0.4821 |    3.290s
    62 |   1.2275 |   0.5816 |   0.5229 |   0.5251 |    3.141s
    63 |   1.2179 |   0.5663 |   0.5099 |   0.5088 |    3.055s
    64 |   1.2271 |   0.5840 |   0.5163 |   0.5207 |    2.994s
    65 |   1.2244 |   0.5594 |   0.5005 |   0.5003 |    1.456s
    66 |   1.2228 |   0.5758 |   0.5091 |   0.5127 |    1.453s
    67 |   1.2171 |   0.5420 |   0.4795 |   0.4820 |    1.429s
    68 |   1.2282 |   0.5671 |   0.5108 |   0.5125 |    1.423s
    69 |   1.2263 |   0.5620 |   0.5119 |   0.5141 |    1.461s
    70 |   1.2143 |   0.5776 |   0.5113 |   0.5081 |    1.435s
    71 |   1.2064 |   0.5656 |   0.5082 |   0.5074 |    1.428s
    72 |   1.2034 |   0.5226 |   0.4851 |   0.4851 |    1.426s
    73 |   1.2062 |   0.5923 |   0.5218 |   0.5237 |    1.464s
    74 |   1.2109 |   0.5687 |   0.5183 |   0.5167 |    1.462s
    75 |   1.2056 |   0.5796 |   0.5142 |   0.5146 |    1.479s
    76 |   1.2073 |   0.5894 |   0.5198 |   0.5191 |    1.501s
    77 |   1.2057 |   0.5917 |   0.5195 |   0.5181 |    3.211s
    78 |   1.1995 |   0.5802 |   0.5166 |   0.5172 |    3.254s
    79 |   1.2068 |   0.5514 |   0.5052 |   0.5047 |    3.277s
    80 |   1.1993 |   0.5681 |   0.5101 |   0.5085 |    3.192s
    81 |   1.2083 |   0.5905 |   0.5172 |   0.5153 |    3.139s
    82 |   1.2136 |   0.5655 |   0.5193 |   0.5175 |    3.067s
    83 |   1.1994 |   0.5939 |   0.5223 |   0.5221 |    3.157s
    84 |   1.1884 |   0.5916 |   0.5225 |   0.5199 |    3.283s
    85 |   1.1951 |   0.5693 |   0.5108 |   0.5113 |    3.121s
    86 |   1.2072 |   0.5932 |   0.5173 |   0.5171 |    3.203s
    87 |   1.1994 |   0.5973 |   0.5151 |   0.5195 |    3.311s
    88 |   1.1914 |   0.5888 |   0.5177 |   0.5205 |    3.238s
==============================================================================
任务一 节点分类 | 数据集=Flickr 模型=GraphSAGE 训练方式=sample 学习率=0.01 层数=2
==============================================================================
超参数：hidden=128, dropout=0.5, weight_decay=0.0005, epochs=150, seed=42
数据集信息：节点数=89250, 边数=899756, 特征维度=500, 类别数=7, 训练/验证/测试 = 44625/22312/22313
模型参数量：130,183
    89 |   1.1946 |   0.5625 |   0.5038 |   0.5017 |    3.312s
采样设置：batch_size=4096, num_neighbors=[10, 10], 每轮 batch 数=11
------------------------------------------------------------------------------
 Epoch |     Loss |    Train |      Val |     Test |      时间/轮
------------------------------------------------------------------------------
    90 |   1.1970 |   0.5668 |   0.5134 |   0.5139 |    3.496s
     1 |   1.8528 |   0.4009 |   0.3958 |   0.3954 |    3.839s
    91 |   1.1900 |   0.5663 |   0.5078 |   0.5099 |    3.664s
     2 |   1.5538 |   0.4685 |   0.4655 |   0.4683 |    3.788s
    92 |   1.1931 |   0.5747 |   0.5091 |   0.5084 |    3.969s
     3 |   1.5078 |   0.4855 |   0.4814 |   0.4827 |    7.800s
    93 |   1.1858 |   0.5871 |   0.5099 |   0.5088 |   10.072s
     4 |   1.4774 |   0.4966 |   0.4929 |   0.4940 |   14.829s
    94 |   1.1866 |   0.5857 |   0.5188 |   0.5175 |   12.378s
    95 |   1.1874 |   0.5321 |   0.4867 |   0.4882 |   10.468s
     5 |   1.4507 |   0.5019 |   0.5001 |   0.5006 |   10.818s
    96 |   1.1926 |   0.5757 |   0.5020 |   0.5052 |   11.916s
     6 |   1.4288 |   0.4806 |   0.4779 |   0.4799 |   15.455s
    97 |   1.1938 |   0.5955 |   0.5058 |   0.5100 |   10.497s
     7 |   1.4104 |   0.4925 |   0.4897 |   0.4894 |   12.241s
    98 |   1.1805 |   0.5862 |   0.5157 |   0.5137 |   10.804s
     8 |   1.3940 |   0.5133 |   0.5088 |   0.5067 |   10.475s
    99 |   1.1798 |   0.5924 |   0.5167 |   0.5129 |   10.526s
     9 |   1.3788 |   0.5277 |   0.5138 |   0.5150 |   12.316s
   100 |   1.1705 |   0.5676 |   0.5063 |   0.5069 |   10.492s
    10 |   1.3750 |   0.5084 |   0.4963 |   0.4950 |   12.227s
   101 |   1.1750 |   0.5950 |   0.5029 |   0.5025 |   11.921s
    11 |   1.3633 |   0.5266 |   0.5104 |   0.5109 |   15.842s
   102 |   1.1746 |   0.6065 |   0.5250 |   0.5230 |   10.879s
    12 |   1.3581 |   0.5326 |   0.5182 |   0.5165 |   14.010s
   103 |   1.1762 |   0.5873 |   0.5209 |   0.5145 |   10.522s
   104 |   1.1880 |   0.5787 |   0.5143 |   0.5172 |   10.894s
    13 |   1.3478 |   0.5255 |   0.5116 |   0.5091 |   15.901s
   105 |   1.1917 |   0.5750 |   0.5067 |   0.5093 |   12.260s
    14 |   1.3423 |   0.5358 |   0.5180 |   0.5186 |   12.247s
   106 |   1.1757 |   0.5536 |   0.4940 |   0.4976 |   10.542s
    15 |   1.3356 |   0.5366 |   0.5099 |   0.5114 |   14.055s
   107 |   1.1780 |   0.5939 |   0.5192 |   0.5207 |   10.490s
    16 |   1.3405 |   0.4945 |   0.4716 |   0.4737 |   15.788s
   108 |   1.1719 |   0.5769 |   0.5196 |   0.5185 |   10.881s
    17 |   1.3372 |   0.4977 |   0.4874 |   0.4879 |   14.060s
   109 |   1.1600 |   0.5804 |   0.5091 |   0.5021 |   12.264s
    18 |   1.3241 |   0.5397 |   0.5168 |   0.5191 |   12.277s
   110 |   1.1615 |   0.6038 |   0.5255 |   0.5241 |   10.485s
    19 |   1.3207 |   0.5488 |   0.5152 |   0.5145 |   10.790s
   111 |   1.1607 |   0.5982 |   0.5180 |   0.5190 |   10.180s
   112 |   1.1602 |   0.5936 |   0.5081 |   0.5106 |   10.531s
    20 |   1.3178 |   0.5447 |   0.5151 |   0.5137 |   10.509s
   113 |   1.1588 |   0.5933 |   0.5191 |   0.5179 |   10.574s
    21 |   1.3187 |   0.5406 |   0.5201 |   0.5189 |   14.419s
   114 |   1.1750 |   0.5943 |   0.5084 |   0.5072 |   10.851s
    22 |   1.3077 |   0.5491 |   0.5216 |   0.5203 |   13.706s
   115 |   1.1729 |   0.5934 |   0.5126 |   0.5153 |   14.115s
    23 |   1.3010 |   0.5378 |   0.5180 |   0.5145 |   14.437s
   116 |   1.1906 |   0.5803 |   0.5134 |   0.5109 |   10.888s
    24 |   1.3042 |   0.5354 |   0.5075 |   0.5100 |   13.702s
   117 |   1.1849 |   0.5703 |   0.5034 |   0.5016 |   11.868s
    25 |   1.3007 |   0.4946 |   0.4814 |   0.4802 |   13.993s
   118 |   1.1774 |   0.5934 |   0.5091 |   0.5122 |   12.568s
    26 |   1.2982 |   0.5411 |   0.5114 |   0.5093 |   13.997s
   119 |   1.1639 |   0.6028 |   0.5184 |   0.5168 |   11.870s
    27 |   1.2994 |   0.5559 |   0.5223 |   0.5212 |   14.284s
   120 |   1.1578 |   0.5888 |   0.5110 |   0.5121 |   10.870s
    28 |   1.2926 |   0.5567 |   0.5163 |   0.5215 |   14.525s
   121 |   1.1580 |   0.6178 |   0.5186 |   0.5144 |   12.377s
   122 |   1.1545 |   0.6078 |   0.4988 |   0.5014 |   12.315s
    29 |   1.2817 |   0.5297 |   0.4957 |   0.4969 |   19.019s
   123 |   1.1558 |   0.5879 |   0.5108 |   0.5087 |   10.941s
    30 |   1.2829 |   0.5462 |   0.5165 |   0.5176 |   14.083s
   124 |   1.1520 |   0.5726 |   0.5072 |   0.5055 |   10.222s
    31 |   1.2804 |   0.5424 |   0.5151 |   0.5134 |   14.517s
   125 |   1.1591 |   0.6019 |   0.5102 |   0.5129 |   11.006s
   126 |   1.1577 |   0.6042 |   0.5183 |   0.5212 |   10.573s
    32 |   1.2800 |   0.5548 |   0.5229 |   0.5219 |   14.161s
   127 |   1.1525 |   0.6138 |   0.5168 |   0.5181 |   10.955s
    33 |   1.2794 |   0.5563 |   0.5200 |   0.5207 |   14.161s
   128 |   1.1529 |   0.5976 |   0.5169 |   0.5192 |   12.071s
    34 |   1.2765 |   0.5625 |   0.5201 |   0.5216 |   14.138s
   129 |   1.1557 |   0.6011 |   0.5174 |   0.5177 |   10.673s
    35 |   1.2783 |   0.5444 |   0.5034 |   0.5044 |   18.220s
   130 |   1.1472 |   0.5952 |   0.5128 |   0.5127 |   12.784s
    36 |   1.2878 |   0.5622 |   0.5211 |   0.5206 |   15.608s
   131 |   1.1555 |   0.6153 |   0.5109 |   0.5115 |   10.631s
   132 |   1.1538 |   0.6105 |   0.5059 |   0.5070 |   10.517s
    37 |   1.2737 |   0.5574 |   0.5199 |   0.5204 |   17.992s
   133 |   1.1489 |   0.5900 |   0.5142 |   0.5174 |   16.058s
    38 |   1.2686 |   0.5506 |   0.5138 |   0.5139 |   21.098s
   134 |   1.1487 |   0.6089 |   0.5207 |   0.5205 |   15.926s
    39 |   1.2706 |   0.5624 |   0.5170 |   0.5172 |   21.098s
   135 |   1.1576 |   0.5836 |   0.5091 |   0.5060 |   15.782s
   136 |   1.1490 |   0.5989 |   0.5042 |   0.5020 |   17.348s
    40 |   1.2666 |   0.5595 |   0.5184 |   0.5184 |   26.692s
   137 |   1.1436 |   0.6226 |   0.5078 |   0.5054 |   19.197s
    41 |   1.2584 |   0.5282 |   0.4974 |   0.4968 |   19.567s
   138 |   1.1449 |   0.5935 |   0.5150 |   0.5118 |   14.295s
    42 |   1.2527 |   0.5606 |   0.5100 |   0.5136 |   17.412s
   139 |   1.1454 |   0.6014 |   0.5139 |   0.5138 |   15.627s
    43 |   1.2505 |   0.5474 |   0.5072 |   0.5063 |   19.495s
   140 |   1.1450 |   0.6031 |   0.5125 |   0.5117 |   15.716s
    44 |   1.2581 |   0.5706 |   0.5160 |   0.5206 |   22.404s
   141 |   1.1358 |   0.5866 |   0.5146 |   0.5147 |   15.723s
    45 |   1.2555 |   0.5635 |   0.5214 |   0.5207 |   19.471s
   142 |   1.1417 |   0.6204 |   0.5042 |   0.5022 |   15.619s
    46 |   1.2503 |   0.5734 |   0.5206 |   0.5179 |   20.526s
   143 |   1.1544 |   0.5594 |   0.4995 |   0.5022 |   15.770s
   144 |   1.1503 |   0.6145 |   0.5125 |   0.5143 |   15.618s
    47 |   1.2474 |   0.5665 |   0.5185 |   0.5195 |   24.461s
   145 |   1.1371 |   0.6111 |   0.5154 |   0.5138 |   15.922s
    48 |   1.2433 |   0.5293 |   0.4979 |   0.4972 |   15.917s
   146 |   1.1324 |   0.6176 |   0.5084 |   0.5077 |   10.545s
    49 |   1.2542 |   0.5551 |   0.4991 |   0.5004 |   13.157s
   147 |   1.1391 |   0.5910 |   0.4940 |   0.4924 |   15.166s
    50 |   1.2523 |   0.5623 |   0.5201 |   0.5205 |   20.591s
   148 |   1.1355 |   0.5751 |   0.5056 |   0.5054 |   13.292s
   149 |   1.1370 |   0.6017 |   0.5151 |   0.5142 |   14.807s
    51 |   1.2429 |   0.5770 |   0.5199 |   0.5208 |   17.037s
   150 |   1.1433 |   0.5979 |   0.5120 |   0.5120 |   14.809s
------------------------------------------------------------------------------
【结果汇总】
  最佳验证准确率 : 0.5255  (第 110 轮)
  对应的测试准确率: 0.5241
  训练总耗时     : 17m5.8s (不含评估) / 整体墙钟时间 18m23.9s
  平均每轮训练耗时: 6.86s (每轮 11 次参数更新)
  全图推理耗时   : 0.00s
  模型参数量     : 130,183
结果已追加保存到：D:\PHD\博一\入学任务\任务一_节点分类\results\results.jsonl
    52 |   1.2455 |   0.5477 |   0.5019 |   0.5030 |   22.352s
    53 |   1.2511 |   0.5715 |   0.5217 |   0.5195 |    3.848s
    54 |   1.2414 |   0.5443 |   0.5095 |   0.5096 |    3.579s
    55 |   1.2391 |   0.5747 |   0.5237 |   0.5244 |    3.464s
    56 |   1.2323 |   0.5710 |   0.5230 |   0.5205 |    3.481s
    57 |   1.2264 |   0.5550 |   0.5097 |   0.5121 |    3.262s
    58 |   1.2303 |   0.5311 |   0.4791 |   0.4770 |    3.349s
    59 |   1.2334 |   0.5679 |   0.5231 |   0.5230 |    3.415s
    60 |   1.2307 |   0.5821 |   0.5212 |   0.5185 |    3.503s
    61 |   1.2353 |   0.5287 |   0.4766 |   0.4795 |    3.491s
    62 |   1.2239 |   0.5857 |   0.5216 |   0.5201 |    3.449s
    63 |   1.2185 |   0.5704 |   0.5156 |   0.5159 |    3.506s
    64 |   1.2197 |   0.5633 |   0.4974 |   0.5007 |    3.454s
    65 |   1.2245 |   0.5615 |   0.5060 |   0.5059 |    3.498s
    66 |   1.2195 |   0.5844 |   0.5198 |   0.5214 |    3.449s
    67 |   1.2177 |   0.5564 |   0.4919 |   0.4957 |    1.923s
    68 |   1.2288 |   0.5634 |   0.5032 |   0.5012 |    1.560s
    69 |   1.2240 |   0.5759 |   0.5171 |   0.5196 |    3.571s
    70 |   1.2210 |   0.5792 |   0.5107 |   0.5152 |    3.443s
    71 |   1.2121 |   0.5841 |   0.5221 |   0.5213 |    3.388s
    72 |   1.2055 |   0.5382 |   0.4954 |   0.4928 |    3.420s
    73 |   1.2061 |   0.5841 |   0.5043 |   0.5086 |    3.446s
    74 |   1.2144 |   0.5237 |   0.4906 |   0.4912 |    3.381s
    75 |   1.2076 |   0.5644 |   0.4974 |   0.5000 |    3.310s
    76 |   1.2078 |   0.5965 |   0.5213 |   0.5202 |    3.280s
    77 |   1.1949 |   0.5749 |   0.5119 |   0.5110 |    3.324s
    78 |   1.1983 |   0.5598 |   0.4918 |   0.4913 |    3.428s
    79 |   1.2086 |   0.5403 |   0.5013 |   0.5002 |    3.545s
    80 |   1.1967 |   0.5594 |   0.5057 |   0.5041 |    3.617s
    81 |   1.2032 |   0.6067 |   0.5223 |   0.5200 |    2.977s
    82 |   1.2061 |   0.5762 |   0.5223 |   0.5204 |    1.575s
    83 |   1.1939 |   0.5498 |   0.5013 |   0.5023 |    1.553s
    84 |   1.1932 |   0.6011 |   0.5188 |   0.5193 |    1.572s
    85 |   1.1927 |   0.5779 |   0.5138 |   0.5118 |    1.552s
    86 |   1.1943 |   0.5752 |   0.5111 |   0.5132 |    1.533s
    87 |   1.2018 |   0.5924 |   0.5188 |   0.5184 |    1.565s
    88 |   1.1895 |   0.5626 |   0.5133 |   0.5116 |    1.559s
    89 |   1.1981 |   0.6032 |   0.5201 |   0.5218 |    1.556s
    90 |   1.1946 |   0.5576 |   0.5104 |   0.5081 |    1.590s
    91 |   1.1871 |   0.5805 |   0.5153 |   0.5166 |    3.640s
    92 |   1.1852 |   0.5827 |   0.5061 |   0.5042 |    3.654s
    93 |   1.1833 |   0.5820 |   0.5111 |   0.5151 |    3.510s
    94 |   1.1834 |   0.5943 |   0.5218 |   0.5210 |    3.498s
    95 |   1.1898 |   0.5366 |   0.4905 |   0.4920 |    3.521s
    96 |   1.1959 |   0.6039 |   0.5158 |   0.5205 |    3.509s
    97 |   1.1904 |   0.5997 |   0.5169 |   0.5192 |    3.551s
    98 |   1.1827 |   0.5866 |   0.5138 |   0.5124 |    3.439s
    99 |   1.1866 |   0.5925 |   0.5126 |   0.5134 |    3.653s
   100 |   1.1757 |   0.5387 |   0.4879 |   0.4881 |    3.608s
   101 |   1.1816 |   0.6015 |   0.5127 |   0.5094 |    3.588s
   102 |   1.1739 |   0.5845 |   0.5143 |   0.5136 |    3.707s
   103 |   1.1795 |   0.5823 |   0.5220 |   0.5193 |    3.852s
   104 |   1.1834 |   0.5671 |   0.5094 |   0.5066 |    3.888s
   105 |   1.1854 |   0.5616 |   0.4909 |   0.4888 |    3.484s
   106 |   1.1843 |   0.5700 |   0.5070 |   0.5091 |    3.531s
   107 |   1.1754 |   0.5961 |   0.5222 |   0.5193 |    3.713s
   108 |   1.1692 |   0.5888 |   0.5216 |   0.5188 |    3.521s
   109 |   1.1629 |   0.5980 |   0.5133 |   0.5100 |    3.684s
   110 |   1.1623 |   0.6108 |   0.5210 |   0.5216 |    3.563s
   111 |   1.1611 |   0.5983 |   0.5155 |   0.5161 |    3.563s
   112 |   1.1723 |   0.5885 |   0.5120 |   0.5112 |    3.574s
   113 |   1.1676 |   0.5894 |   0.5185 |   0.5162 |    3.520s
   114 |   1.1736 |   0.6000 |   0.5135 |   0.5148 |    3.497s
   115 |   1.1696 |   0.6072 |   0.5125 |   0.5166 |    3.507s
   116 |   1.1798 |   0.5827 |   0.4976 |   0.4964 |    3.595s
   117 |   1.1746 |   0.5092 |   0.4656 |   0.4643 |    3.638s
   118 |   1.1858 |   0.5641 |   0.4925 |   0.4925 |    3.506s
   119 |   1.1684 |   0.5999 |   0.5191 |   0.5179 |    3.439s
   120 |   1.1630 |   0.5990 |   0.5190 |   0.5188 |    3.480s
   121 |   1.1555 |   0.6067 |   0.5224 |   0.5179 |    3.447s
   122 |   1.1509 |   0.6114 |   0.5150 |   0.5125 |    3.546s
   123 |   1.1489 |   0.5857 |   0.5152 |   0.5144 |    3.480s
   124 |   1.1421 |   0.6064 |   0.5172 |   0.5193 |    3.470s
   125 |   1.1540 |   0.5959 |   0.5073 |   0.5100 |    3.660s
   126 |   1.1625 |   0.6004 |   0.5085 |   0.5086 |    3.804s
   127 |   1.1528 |   0.6201 |   0.5124 |   0.5174 |    3.595s
   128 |   1.1495 |   0.6071 |   0.5158 |   0.5176 |    3.610s
   129 |   1.1486 |   0.5862 |   0.5130 |   0.5144 |    3.716s
   130 |   1.1469 |   0.6186 |   0.5178 |   0.5147 |    3.545s
   131 |   1.1503 |   0.5921 |   0.5118 |   0.5101 |    3.719s
   132 |   1.1512 |   0.6106 |   0.5086 |   0.5097 |    3.937s
   133 |   1.1577 |   0.5942 |   0.5177 |   0.5176 |    3.725s
   134 |   1.1571 |   0.6145 |   0.5200 |   0.5204 |    3.869s
   135 |   1.1486 |   0.5934 |   0.5071 |   0.5046 |    3.837s
   136 |   1.1460 |   0.6109 |   0.5189 |   0.5164 |    3.650s
   137 |   1.1514 |   0.6171 |   0.5121 |   0.5119 |    3.571s
   138 |   1.1486 |   0.6106 |   0.5172 |   0.5144 |    3.674s
   139 |   1.1454 |   0.6198 |   0.5205 |   0.5189 |    3.617s
   140 |   1.1416 |   0.6122 |   0.5147 |   0.5150 |    4.012s
   141 |   1.1352 |   0.5905 |   0.5056 |   0.5044 |    3.524s
   142 |   1.1347 |   0.6185 |   0.5211 |   0.5205 |    3.587s
   143 |   1.1388 |   0.5932 |   0.5129 |   0.5131 |    3.640s
   144 |   1.1481 |   0.5949 |   0.4837 |   0.4887 |    3.867s
   145 |   1.1522 |   0.5987 |   0.5152 |   0.5145 |    3.770s
   146 |   1.1467 |   0.6139 |   0.5109 |   0.5123 |    3.853s
   147 |   1.1425 |   0.5742 |   0.4851 |   0.4872 |    3.853s
   148 |   1.1369 |   0.5493 |   0.4904 |   0.4909 |    3.681s
   149 |   1.1398 |   0.6112 |   0.5160 |   0.5184 |    3.826s
   150 |   1.1325 |   0.6086 |   0.5157 |   0.5196 |    3.585s
------------------------------------------------------------------------------
【结果汇总】
  最佳验证准确率 : 0.5237  (第 55 轮)
  对应的测试准确率: 0.5244
  训练总耗时     : 18m44.0s (不含评估) / 整体墙钟时间 19m7.7s
  平均每轮训练耗时: 7.52s (每轮 11 次参数更新)
  全图推理耗时   : 0.00s
  模型参数量     : 130,183
结果已追加保存到：D:\PHD\博一\入学任务\任务一_节点分类\results\results.jsonl
