==============================================================================
任务一 节点分类 | 数据集=Flickr 模型=GIN 训练方式=full 学习率=0.01 层数=2
==============================================================================
超参数：hidden=128, dropout=0.5, weight_decay=0.0005, epochs=5, seed=42
数据集信息：节点数=89250, 边数=899756, 特征维度=500, 类别数=7, 训练/验证/测试 = 44625/22312/22313
模型参数量：81,857
全图训练：每个 epoch 做 1 次全图前向 + 反向
------------------------------------------------------------------------------
 Epoch |     Loss |    Train |      Val |     Test |      时间/轮
------------------------------------------------------------------------------
     1 |  12.1579 |   0.0390 |   0.0385 |   0.0393 |    0.202s
     2 |  10.0898 |   0.0398 |   0.0389 |   0.0409 |    0.033s
     3 |   2.9383 |   0.0709 |   0.0721 |   0.0735 |    0.030s
     4 |   2.0426 |   0.0709 |   0.0721 |   0.0735 |    0.031s
     5 |   2.0342 |   0.0709 |   0.0721 |   0.0735 |    0.033s
------------------------------------------------------------------------------
【结果汇总】
  最佳验证准确率 : 0.0721  (第 3 轮)
  对应的测试准确率: 0.0735
  训练总耗时     : 0.33s (不含评估) / 整体墙钟时间 0.57s
  平均每轮训练耗时: 0.03s (每轮 1 次参数更新)
  全图推理耗时   : 0.00s
  模型参数量     : 81,857
结果已追加保存到：D:\PHD\博一\入学任务\任务一_节点分类\results\results.jsonl
==============================================================================
任务一 节点分类 | 数据集=Flickr 模型=GIN 训练方式=full 学习率=0.01 层数=2
==============================================================================
超参数：hidden=128, dropout=0.5, weight_decay=0.0005, epochs=150, seed=42
数据集信息：节点数=89250, 边数=899756, 特征维度=500, 类别数=7, 训练/验证/测试 = 44625/22312/22313
模型参数量：81,857
全图训练：每个 epoch 做 1 次全图前向 + 反向
------------------------------------------------------------------------------
 Epoch |     Loss |    Train |      Val |     Test |      时间/轮
------------------------------------------------------------------------------
     1 |  12.1579 |   0.0390 |   0.0385 |   0.0393 |    0.318s
     2 |  10.0898 |   0.0398 |   0.0389 |   0.0409 |    0.054s
     3 |   2.9383 |   0.0709 |   0.0721 |   0.0735 |    0.045s
     4 |   2.0426 |   0.0709 |   0.0721 |   0.0735 |    0.049s
     5 |   2.0342 |   0.0709 |   0.0721 |   0.0735 |    0.046s
     6 |   2.0276 |   0.0709 |   0.0721 |   0.0735 |    0.047s
     7 |   2.0202 |   0.0709 |   0.0721 |   0.0735 |    0.048s
     8 |   2.0127 |   0.0709 |   0.0721 |   0.0735 |    0.047s
     9 |   2.0052 |   0.0709 |   0.0721 |   0.0735 |    0.046s
    10 |   1.9978 |   0.0709 |   0.0721 |   0.0735 |    0.046s
    11 |   1.9904 |   0.0709 |   0.0721 |   0.0735 |    0.047s
    12 |   1.9830 |   0.0709 |   0.0721 |   0.0735 |    0.046s
    13 |   1.9756 |   0.0709 |   0.0721 |   0.0735 |    0.045s
    14 |   1.9683 |   0.0709 |   0.0721 |   0.0735 |    0.048s
    15 |   1.9611 |   0.0709 |   0.0721 |   0.0735 |    0.046s
    16 |   1.9539 |   0.0709 |   0.0721 |   0.0735 |    0.048s
    17 |   1.9468 |   0.0709 |   0.0721 |   0.0735 |    0.051s
    18 |   1.9397 |   0.0709 |   0.0721 |   0.0735 |    0.048s
    19 |   1.9328 |   0.0709 |   0.0721 |   0.0735 |    0.047s
    20 |   1.9258 |   0.0709 |   0.0721 |   0.0735 |    0.047s
    21 |   1.9190 |   0.0709 |   0.0721 |   0.0735 |    0.047s
    22 |   1.9122 |   0.4216 |   0.4239 |   0.4234 |    0.048s
    23 |   1.9055 |   0.4216 |   0.4239 |   0.4234 |    0.047s
    24 |   1.8989 |   0.4216 |   0.4239 |   0.4234 |    0.051s
    25 |   1.8923 |   0.4216 |   0.4239 |   0.4234 |    0.059s
    26 |   1.8859 |   0.4216 |   0.4239 |   0.4234 |    0.057s
    27 |   1.8795 |   0.4216 |   0.4239 |   0.4234 |    0.055s
    28 |   1.8732 |   0.4216 |   0.4239 |   0.4234 |    0.058s
    29 |   1.8670 |   0.4216 |   0.4239 |   0.4234 |    0.058s
    30 |   1.8609 |   0.4216 |   0.4239 |   0.4234 |    0.057s
    31 |   1.8548 |   0.4216 |   0.4239 |   0.4234 |    0.059s
    32 |   1.8489 |   0.4216 |   0.4239 |   0.4234 |    0.058s
    33 |   1.8430 |   0.4216 |   0.4239 |   0.4234 |    0.059s
    34 |   1.8373 |   0.4216 |   0.4239 |   0.4234 |    0.057s
    35 |   1.8316 |   0.4216 |   0.4239 |   0.4234 |    0.056s
    36 |   1.8260 |   0.4216 |   0.4239 |   0.4234 |    0.057s
    37 |   1.8205 |   0.4216 |   0.4239 |   0.4234 |    0.061s
    38 |   1.8151 |   0.4216 |   0.4239 |   0.4234 |    0.059s
    39 |   1.8097 |   0.4216 |   0.4239 |   0.4234 |    0.056s
    40 |   1.8045 |   0.4216 |   0.4239 |   0.4234 |    0.060s
    41 |   1.7994 |   0.4216 |   0.4239 |   0.4234 |    0.055s
    42 |   1.7943 |   0.4216 |   0.4239 |   0.4234 |    0.063s
    43 |   1.7894 |   0.4216 |   0.4239 |   0.4234 |    0.055s
    44 |   1.7845 |   0.4216 |   0.4239 |   0.4234 |    0.060s
    45 |   1.7797 |   0.4216 |   0.4239 |   0.4234 |    0.045s
    46 |   1.7750 |   0.4216 |   0.4239 |   0.4234 |    0.051s
    47 |   1.7704 |   0.4216 |   0.4239 |   0.4234 |    0.046s
    48 |   1.7659 |   0.4216 |   0.4239 |   0.4234 |    0.046s
    49 |   1.7614 |   0.4216 |   0.4239 |   0.4234 |    0.045s
    50 |   1.7571 |   0.4216 |   0.4239 |   0.4234 |    0.045s
    51 |   1.7528 |   0.4216 |   0.4239 |   0.4234 |    0.045s
    52 |   1.7487 |   0.4216 |   0.4239 |   0.4234 |    0.045s
    53 |   1.7445 |   0.4216 |   0.4239 |   0.4234 |    0.047s
    54 |   1.7405 |   0.4216 |   0.4239 |   0.4234 |    0.048s
    55 |   1.7366 |   0.4216 |   0.4239 |   0.4234 |    0.050s
    56 |   1.7328 |   0.4216 |   0.4239 |   0.4234 |    0.047s
    57 |   1.7290 |   0.4216 |   0.4239 |   0.4234 |    0.050s
    58 |   1.7253 |   0.4216 |   0.4239 |   0.4234 |    0.047s
    59 |   1.7217 |   0.4216 |   0.4239 |   0.4234 |    0.044s
    60 |   1.7181 |   0.4216 |   0.4239 |   0.4234 |    0.046s
    61 |   1.7147 |   0.4216 |   0.4239 |   0.4234 |    0.046s
    62 |   1.7113 |   0.4216 |   0.4239 |   0.4234 |    0.045s
    63 |   1.7080 |   0.4216 |   0.4239 |   0.4234 |    0.047s
    64 |   1.7048 |   0.4216 |   0.4239 |   0.4234 |    0.047s
    65 |   1.7016 |   0.4216 |   0.4239 |   0.4234 |    0.046s
    66 |   1.6985 |   0.4216 |   0.4239 |   0.4234 |    0.048s
    67 |   1.6955 |   0.4216 |   0.4239 |   0.4234 |    0.046s
    68 |   1.6925 |   0.4216 |   0.4239 |   0.4234 |    0.051s
    69 |   1.6896 |   0.4216 |   0.4239 |   0.4234 |    0.047s
    70 |   1.6868 |   0.4216 |   0.4239 |   0.4234 |    0.046s
    71 |   1.6841 |   0.4216 |   0.4239 |   0.4234 |    0.047s
    72 |   1.6814 |   0.4216 |   0.4239 |   0.4234 |    0.046s
    73 |   1.6787 |   0.4216 |   0.4239 |   0.4234 |    0.045s
    74 |   1.6762 |   0.4216 |   0.4239 |   0.4234 |    0.047s
    75 |   1.6736 |   0.4216 |   0.4239 |   0.4234 |    0.044s
    76 |   1.6712 |   0.4216 |   0.4239 |   0.4234 |    0.044s
    77 |   1.6688 |   0.4216 |   0.4239 |   0.4234 |    0.051s
    78 |   1.6665 |   0.4216 |   0.4239 |   0.4234 |    0.045s
    79 |   1.6642 |   0.4216 |   0.4239 |   0.4234 |    0.044s
    80 |   1.6620 |   0.4216 |   0.4239 |   0.4234 |    0.045s
    81 |   1.6598 |   0.4216 |   0.4239 |   0.4234 |    0.048s
    82 |   1.6577 |   0.4216 |   0.4239 |   0.4234 |    0.036s
    83 |   1.6556 |   0.4216 |   0.4239 |   0.4234 |    0.050s
    84 |   1.6536 |   0.4216 |   0.4239 |   0.4234 |    0.045s
    85 |   1.6517 |   0.4216 |   0.4239 |   0.4234 |    0.055s
    86 |   1.6498 |   0.4216 |   0.4239 |   0.4234 |    0.046s
    87 |   1.6479 |   0.4216 |   0.4239 |   0.4234 |    0.046s
    88 |   1.6461 |   0.4216 |   0.4239 |   0.4234 |    0.046s
    89 |   1.6443 |   0.4216 |   0.4239 |   0.4234 |    0.047s
    90 |   1.6426 |   0.4216 |   0.4239 |   0.4234 |    0.047s
    91 |   1.6409 |   0.4216 |   0.4239 |   0.4234 |    0.042s
    92 |   1.6392 |   0.4216 |   0.4239 |   0.4234 |    0.049s
    93 |   1.6376 |   0.4216 |   0.4239 |   0.4234 |    0.046s
    94 |   1.6360 |   0.4216 |   0.4239 |   0.4234 |    0.044s
    95 |   1.6345 |   0.4216 |   0.4239 |   0.4234 |    0.048s
    96 |   1.6331 |   0.4216 |   0.4239 |   0.4234 |    0.040s
    97 |   1.6316 |   0.4216 |   0.4239 |   0.4234 |    0.047s
    98 |   1.6302 |   0.4216 |   0.4239 |   0.4234 |    0.045s
    99 |   1.6288 |   0.4216 |   0.4239 |   0.4234 |    0.045s
   100 |   1.6275 |   0.4216 |   0.4239 |   0.4234 |    0.047s
   101 |   1.6262 |   0.4216 |   0.4239 |   0.4234 |    0.046s
   102 |   1.6249 |   0.4216 |   0.4239 |   0.4234 |    0.051s
   103 |   1.6237 |   0.4216 |   0.4239 |   0.4234 |    0.046s
   104 |   1.6225 |   0.4216 |   0.4239 |   0.4234 |    0.049s
   105 |   1.6213 |   0.4216 |   0.4239 |   0.4234 |    0.045s
   106 |   1.6202 |   0.4216 |   0.4239 |   0.4234 |    0.048s
   107 |   1.6190 |   0.4216 |   0.4239 |   0.4234 |    0.046s
   108 |   1.6179 |   0.4216 |   0.4239 |   0.4234 |    0.048s
   109 |   1.6169 |   0.4216 |   0.4239 |   0.4234 |    0.049s
   110 |   1.6159 |   0.4216 |   0.4239 |   0.4234 |    0.058s
   111 |   1.6149 |   0.4216 |   0.4239 |   0.4234 |    0.059s
   112 |   1.6139 |   0.4216 |   0.4239 |   0.4234 |    0.059s
   113 |   1.6130 |   0.4216 |   0.4239 |   0.4234 |    0.055s
   114 |   1.6120 |   0.4216 |   0.4239 |   0.4234 |    0.057s
   115 |   1.6111 |   0.4216 |   0.4239 |   0.4234 |    0.059s
   116 |   1.6103 |   0.4216 |   0.4239 |   0.4234 |    0.061s
   117 |   1.6094 |   0.4216 |   0.4239 |   0.4234 |    0.060s
   118 |   1.6086 |   0.4216 |   0.4239 |   0.4234 |    0.064s
   119 |   1.6078 |   0.4216 |   0.4239 |   0.4234 |    0.056s
   120 |   1.6070 |   0.4216 |   0.4239 |   0.4234 |    0.059s
   121 |   1.6063 |   0.4216 |   0.4239 |   0.4234 |    0.056s
   122 |   1.6055 |   0.4216 |   0.4239 |   0.4234 |    0.058s
   123 |   1.6048 |   0.4216 |   0.4239 |   0.4234 |    0.059s
   124 |   1.6041 |   0.4216 |   0.4239 |   0.4234 |    0.061s
   125 |   1.6034 |   0.4216 |   0.4239 |   0.4234 |    0.056s
   126 |   1.6028 |   0.4216 |   0.4239 |   0.4234 |    0.057s
   127 |   1.6021 |   0.4216 |   0.4239 |   0.4234 |    0.055s
   128 |   1.6015 |   0.4216 |   0.4239 |   0.4234 |    0.059s
   129 |   1.6009 |   0.4216 |   0.4239 |   0.4234 |    0.056s
   130 |   1.6003 |   0.4216 |   0.4239 |   0.4234 |    0.056s
   131 |   1.5997 |   0.4216 |   0.4239 |   0.4234 |    0.060s
   132 |   1.5992 |   0.4216 |   0.4239 |   0.4234 |    0.056s
   133 |   1.5986 |   0.4216 |   0.4239 |   0.4234 |    0.064s
   134 |   1.5981 |   0.4216 |   0.4239 |   0.4234 |    0.062s
   135 |   1.5976 |   0.4216 |   0.4239 |   0.4234 |    0.063s
   136 |   1.5971 |   0.4079 |   0.4124 |   0.4113 |    0.056s
   137 |   1.5966 |   0.4216 |   0.4239 |   0.4234 |    0.059s
   138 |   1.5961 |   0.4216 |   0.4239 |   0.4234 |    0.060s
   139 |   1.5957 |   0.4216 |   0.4239 |   0.4234 |    0.060s
   140 |   1.5952 |   0.4216 |   0.4239 |   0.4234 |    0.062s
   141 |   1.5948 |   0.4216 |   0.4239 |   0.4234 |    0.056s
   142 |   1.5944 |   0.4216 |   0.4239 |   0.4234 |    0.055s
   143 |   1.5940 |   0.4216 |   0.4239 |   0.4234 |    0.056s
   144 |   1.5936 |   0.4216 |   0.4239 |   0.4234 |    0.057s
   145 |   1.5932 |   0.4216 |   0.4239 |   0.4234 |    0.060s
   146 |   1.5928 |   0.4216 |   0.4239 |   0.4234 |    0.060s
   147 |   1.5924 |   0.4216 |   0.4239 |   0.4234 |    0.061s
   148 |   1.5921 |   0.4216 |   0.4239 |   0.4234 |    0.058s
   149 |   1.5917 |   0.4216 |   0.4239 |   0.4234 |    0.047s
   150 |   1.5914 |   0.4216 |   0.4239 |   0.4234 |    0.045s
------------------------------------------------------------------------------
【结果汇总】
  最佳验证准确率 : 0.4239  (第 22 轮)
  对应的测试准确率: 0.4234
  训练总耗时     : 7.96s (不含评估) / 整体墙钟时间 17.64s
  平均每轮训练耗时: 0.05s (每轮 1 次参数更新)
  全图推理耗时   : 0.00s
  模型参数量     : 81,857
结果已追加保存到：D:\PHD\博一\入学任务\任务一_节点分类\results\results.jsonl
