==============================================================================
任务一 节点分类 | 数据集=Flickr 模型=GCN 训练方式=full 学习率=0.005 层数=2
==============================================================================
超参数：hidden=128, dropout=0.5, weight_decay=0.0005, epochs=150, seed=42
数据集信息：节点数=89250, 边数=899756, 特征维度=500, 类别数=7, 训练/验证/测试 = 44625/22312/22313
模型参数量：65,287
全图训练：每个 epoch 做 1 次全图前向 + 反向
------------------------------------------------------------------------------
 Epoch |     Loss |    Train |      Val |     Test |      时间/轮
------------------------------------------------------------------------------
     1 |   1.8922 |   0.4216 |   0.4239 |   0.4234 |    0.353s
     2 |   1.9004 |   0.4773 |   0.4789 |   0.4775 |    0.030s
     3 |   1.7213 |   0.2603 |   0.2597 |   0.2561 |    0.029s
     4 |   1.6836 |   0.3124 |   0.3085 |   0.3053 |    0.027s
     5 |   1.6245 |   0.4417 |   0.4399 |   0.4402 |    0.029s
     6 |   1.5867 |   0.4914 |   0.4913 |   0.4903 |    0.030s
     7 |   1.5653 |   0.4890 |   0.4896 |   0.4884 |    0.030s
     8 |   1.5481 |   0.4860 |   0.4883 |   0.4850 |    0.025s
     9 |   1.5290 |   0.4552 |   0.4578 |   0.4550 |    0.029s
    10 |   1.5254 |   0.4039 |   0.4042 |   0.4032 |    0.030s
    11 |   1.5103 |   0.3827 |   0.3822 |   0.3793 |    0.031s
    12 |   1.5034 |   0.3966 |   0.3962 |   0.3949 |    0.027s
    13 |   1.5000 |   0.4334 |   0.4323 |   0.4302 |    0.026s
    14 |   1.5005 |   0.4716 |   0.4708 |   0.4678 |    0.031s
    15 |   1.4848 |   0.4912 |   0.4953 |   0.4889 |    0.032s
    16 |   1.4761 |   0.4991 |   0.5008 |   0.4960 |    0.031s
    17 |   1.4768 |   0.4995 |   0.5009 |   0.4967 |    0.027s
    18 |   1.4695 |   0.4965 |   0.5002 |   0.4942 |    0.031s
    19 |   1.4645 |   0.4942 |   0.4952 |   0.4891 |    0.031s
    20 |   1.4612 |   0.4883 |   0.4883 |   0.4857 |    0.026s
    21 |   1.4616 |   0.4801 |   0.4785 |   0.4762 |    0.026s
    22 |   1.4498 |   0.4811 |   0.4799 |   0.4768 |    0.026s
    23 |   1.4533 |   0.4903 |   0.4885 |   0.4858 |    0.025s
    24 |   1.4514 |   0.5025 |   0.5014 |   0.5002 |    0.025s
    25 |   1.4426 |   0.5058 |   0.5070 |   0.5028 |    0.026s
    26 |   1.4377 |   0.5061 |   0.5068 |   0.5023 |    0.026s
    27 |   1.4408 |   0.5070 |   0.5082 |   0.5036 |    0.026s
    28 |   1.4351 |   0.5067 |   0.5075 |   0.5030 |    0.025s
    29 |   1.4370 |   0.5065 |   0.5056 |   0.5009 |    0.041s
    30 |   1.4360 |   0.5057 |   0.5041 |   0.4987 |    0.023s
    31 |   1.4333 |   0.5078 |   0.5057 |   0.5002 |    0.027s
    32 |   1.4313 |   0.5074 |   0.5054 |   0.4997 |    0.028s
    33 |   1.4298 |   0.5053 |   0.5036 |   0.4986 |    0.025s
    34 |   1.4266 |   0.5029 |   0.5007 |   0.4968 |    0.026s
    35 |   1.4228 |   0.5067 |   0.5041 |   0.5014 |    0.027s
    36 |   1.4235 |   0.5098 |   0.5069 |   0.5053 |    0.031s
    37 |   1.4240 |   0.5118 |   0.5091 |   0.5063 |    0.030s
    38 |   1.4200 |   0.5111 |   0.5092 |   0.5051 |    0.027s
    39 |   1.4189 |   0.5043 |   0.5020 |   0.4965 |    0.027s
    40 |   1.4188 |   0.5067 |   0.5040 |   0.4984 |    0.031s
    41 |   1.4176 |   0.5124 |   0.5101 |   0.5066 |    0.031s
    42 |   1.4156 |   0.5120 |   0.5111 |   0.5054 |    0.027s
    43 |   1.4108 |   0.5072 |   0.5057 |   0.5002 |    0.024s
    44 |   1.4100 |   0.5054 |   0.5017 |   0.4959 |    0.026s
    45 |   1.4096 |   0.5077 |   0.5050 |   0.4986 |    0.030s
    46 |   1.4075 |   0.5112 |   0.5091 |   0.5023 |    0.031s
    47 |   1.4065 |   0.5118 |   0.5086 |   0.5029 |    0.029s
    48 |   1.4056 |   0.5130 |   0.5097 |   0.5040 |    0.026s
    49 |   1.4035 |   0.5119 |   0.5086 |   0.5037 |    0.027s
    50 |   1.4028 |   0.5036 |   0.4994 |   0.4962 |    0.026s
    51 |   1.4013 |   0.5106 |   0.5064 |   0.5012 |    0.029s
    52 |   1.3980 |   0.5157 |   0.5125 |   0.5071 |    0.030s
    53 |   1.3964 |   0.5167 |   0.5138 |   0.5084 |    0.030s
    54 |   1.3976 |   0.5111 |   0.5054 |   0.5003 |    0.029s
    55 |   1.3948 |   0.4914 |   0.4842 |   0.4837 |    0.025s
    56 |   1.3958 |   0.5112 |   0.5036 |   0.4994 |    0.026s
    57 |   1.3916 |   0.5188 |   0.5137 |   0.5104 |    0.031s
    58 |   1.3932 |   0.5184 |   0.5143 |   0.5079 |    0.030s
    59 |   1.3916 |   0.4912 |   0.4828 |   0.4834 |    0.028s
    60 |   1.3891 |   0.5005 |   0.4934 |   0.4907 |    0.025s
    61 |   1.3867 |   0.5190 |   0.5135 |   0.5084 |    0.026s
    62 |   1.3897 |   0.5107 |   0.5030 |   0.5009 |    0.026s
    63 |   1.3830 |   0.5085 |   0.5011 |   0.4991 |    0.026s
    64 |   1.3871 |   0.5204 |   0.5171 |   0.5132 |    0.027s
    65 |   1.3817 |   0.5203 |   0.5147 |   0.5114 |    0.026s
    66 |   1.3849 |   0.4809 |   0.4740 |   0.4716 |    0.026s
    67 |   1.3841 |   0.5148 |   0.5081 |   0.5026 |    0.029s
    68 |   1.3803 |   0.5224 |   0.5173 |   0.5130 |    0.030s
    69 |   1.3789 |   0.5225 |   0.5162 |   0.5131 |    0.030s
    70 |   1.3786 |   0.4975 |   0.4887 |   0.4879 |    0.026s
    71 |   1.3773 |   0.5099 |   0.5019 |   0.4996 |    0.026s
    72 |   1.3748 |   0.5215 |   0.5165 |   0.5133 |    0.027s
    73 |   1.3793 |   0.5235 |   0.5182 |   0.5138 |    0.027s
    74 |   1.3764 |   0.4972 |   0.4883 |   0.4877 |    0.026s
    75 |   1.3768 |   0.5022 |   0.4935 |   0.4933 |    0.027s
    76 |   1.3717 |   0.5247 |   0.5175 |   0.5149 |    0.025s
    77 |   1.3721 |   0.5248 |   0.5183 |   0.5148 |    0.026s
    78 |   1.3677 |   0.5183 |   0.5078 |   0.5058 |    0.027s
    79 |   1.3691 |   0.5246 |   0.5194 |   0.5141 |    0.026s
    80 |   1.3682 |   0.4912 |   0.4886 |   0.4861 |    0.027s
    81 |   1.3739 |   0.5186 |   0.5136 |   0.5099 |    0.028s
    82 |   1.3680 |   0.5178 |   0.5134 |   0.5100 |    0.028s
    83 |   1.3665 |   0.4893 |   0.4877 |   0.4852 |    0.030s
    84 |   1.3641 |   0.5133 |   0.5109 |   0.5067 |    0.029s
    85 |   1.3635 |   0.5105 |   0.5086 |   0.5049 |    0.029s
    86 |   1.3630 |   0.5145 |   0.5103 |   0.5047 |    0.027s
    87 |   1.3597 |   0.5078 |   0.5033 |   0.5002 |    0.037s
    88 |   1.3629 |   0.5176 |   0.5097 |   0.5050 |    0.033s
    89 |   1.3619 |   0.5229 |   0.5173 |   0.5133 |    0.030s
    90 |   1.3590 |   0.5233 |   0.5152 |   0.5135 |    0.030s
    91 |   1.3597 |   0.5074 |   0.4957 |   0.4937 |    0.029s
    92 |   1.3612 |   0.5203 |   0.5150 |   0.5116 |    0.029s
    93 |   1.3610 |   0.5273 |   0.5205 |   0.5169 |    0.030s
    94 |   1.3549 |   0.4813 |   0.4675 |   0.4691 |    0.029s
    95 |   1.3606 |   0.5028 |   0.4984 |   0.4959 |    0.029s
    96 |   1.3622 |   0.5274 |   0.5228 |   0.5177 |    0.029s
    97 |   1.3562 |   0.4746 |   0.4632 |   0.4639 |    0.029s
    98 |   1.3649 |   0.5077 |   0.5039 |   0.4995 |    0.030s
    99 |   1.3552 |   0.5201 |   0.5137 |   0.5102 |    0.029s
   100 |   1.3537 |   0.4937 |   0.4820 |   0.4818 |    0.028s
   101 |   1.3596 |   0.5261 |   0.5147 |   0.5135 |    0.028s
   102 |   1.3516 |   0.5098 |   0.5028 |   0.4995 |    0.029s
   103 |   1.3554 |   0.5224 |   0.5096 |   0.5064 |    0.029s
   104 |   1.3509 |   0.4903 |   0.4778 |   0.4764 |    0.028s
   105 |   1.3516 |   0.5178 |   0.5131 |   0.5084 |    0.031s
   106 |   1.3562 |   0.5260 |   0.5123 |   0.5102 |    0.028s
   107 |   1.3529 |   0.5304 |   0.5185 |   0.5184 |    0.028s
   108 |   1.3501 |   0.5223 |   0.5173 |   0.5122 |    0.027s
   109 |   1.3522 |   0.5126 |   0.4987 |   0.4998 |    0.027s
   110 |   1.3489 |   0.5204 |   0.5044 |   0.5058 |    0.030s
   111 |   1.3503 |   0.4956 |   0.4913 |   0.4901 |    0.028s
   112 |   1.3496 |   0.5226 |   0.5156 |   0.5100 |    0.032s
   113 |   1.3499 |   0.5202 |   0.5076 |   0.5053 |    0.029s
   114 |   1.3487 |   0.4911 |   0.4847 |   0.4853 |    0.029s
   115 |   1.3549 |   0.5275 |   0.5198 |   0.5173 |    0.029s
   116 |   1.3456 |   0.4893 |   0.4762 |   0.4754 |    0.030s
   117 |   1.3467 |   0.5128 |   0.5082 |   0.5036 |    0.028s
   118 |   1.3464 |   0.5026 |   0.4980 |   0.4945 |    0.027s
   119 |   1.3471 |   0.5126 |   0.4961 |   0.4960 |    0.027s
   120 |   1.3494 |   0.5288 |   0.5195 |   0.5166 |    0.028s
   121 |   1.3434 |   0.5230 |   0.5138 |   0.5124 |    0.030s
   122 |   1.3430 |   0.5259 |   0.5178 |   0.5162 |    0.026s
   123 |   1.3454 |   0.5124 |   0.5079 |   0.5054 |    0.028s
   124 |   1.3435 |   0.5229 |   0.5157 |   0.5132 |    0.027s
   125 |   1.3408 |   0.5280 |   0.5175 |   0.5158 |    0.026s
   126 |   1.3389 |   0.5330 |   0.5227 |   0.5195 |    0.027s
   127 |   1.3366 |   0.5157 |   0.5099 |   0.5058 |    0.026s
   128 |   1.3394 |   0.5247 |   0.5085 |   0.5082 |    0.022s
   129 |   1.3408 |   0.5329 |   0.5215 |   0.5190 |    0.024s
   130 |   1.3362 |   0.5235 |   0.5108 |   0.5118 |    0.023s
   131 |   1.3349 |   0.5280 |   0.5173 |   0.5158 |    0.027s
   132 |   1.3383 |   0.5294 |   0.5196 |   0.5188 |    0.027s
   133 |   1.3360 |   0.5324 |   0.5251 |   0.5205 |    0.025s
   134 |   1.3345 |   0.5322 |   0.5228 |   0.5197 |    0.027s
   135 |   1.3354 |   0.5306 |   0.5191 |   0.5152 |    0.029s
   136 |   1.3332 |   0.5365 |   0.5216 |   0.5201 |    0.026s
   137 |   1.3334 |   0.5384 |   0.5223 |   0.5208 |    0.022s
   138 |   1.3291 |   0.5377 |   0.5216 |   0.5196 |    0.024s
   139 |   1.3318 |   0.5306 |   0.5233 |   0.5185 |    0.023s
   140 |   1.3295 |   0.5228 |   0.5060 |   0.5062 |    0.023s
   141 |   1.3352 |   0.4828 |   0.4770 |   0.4773 |    0.025s
   142 |   1.3351 |   0.5297 |   0.5210 |   0.5159 |    0.025s
   143 |   1.3342 |   0.5206 |   0.5151 |   0.5119 |    0.023s
   144 |   1.3321 |   0.5062 |   0.4996 |   0.4967 |    0.024s
   145 |   1.3341 |   0.5353 |   0.5225 |   0.5217 |    0.025s
   146 |   1.3343 |   0.5122 |   0.5065 |   0.5028 |    0.023s
   147 |   1.3322 |   0.5308 |   0.5215 |   0.5171 |    0.023s
   148 |   1.3302 |   0.5385 |   0.5222 |   0.5205 |    0.025s
   149 |   1.3304 |   0.5021 |   0.4967 |   0.4940 |    0.025s
   150 |   1.3358 |   0.4092 |   0.4038 |   0.4019 |    0.025s
------------------------------------------------------------------------------
【结果汇总】
  最佳验证准确率 : 0.5251  (第 133 轮)
  对应的测试准确率: 0.5205
  训练总耗时     : 4.46s (不含评估) / 整体墙钟时间 10.87s
  平均每轮训练耗时: 0.03s (每轮 1 次参数更新)
  全图推理耗时   : 0.02s
  模型参数量     : 65,287
结果已追加保存到：D:\PHD\博一\入学任务\任务一_节点分类\results\results.jsonl
