==============================================================================
任务一 节点分类 | 数据集=Flickr 模型=GAT 训练方式=full 学习率=0.01 层数=2
==============================================================================
超参数：hidden=128, dropout=0.5, weight_decay=0.0005, epochs=5, seed=42
数据集信息：节点数=89250, 边数=899756, 特征维度=500, 类别数=7, 训练/验证/测试 = 44625/22312/22313
模型参数量：65,557
全图训练：每个 epoch 做 1 次全图前向 + 反向
------------------------------------------------------------------------------
 Epoch |     Loss |    Train |      Val |     Test |      时间/轮
------------------------------------------------------------------------------
     1 |   3.4324 |   0.1015 |   0.0999 |   0.0968 |    0.333s
     2 |   2.1766 |   0.3689 |   0.3671 |   0.3667 |    0.385s
     3 |   1.7839 |   0.4342 |   0.4365 |   0.4312 |    0.370s
     4 |   1.7774 |   0.4311 |   0.4329 |   0.4279 |    0.018s
     5 |   1.7811 |   0.4030 |   0.4018 |   0.3973 |    0.018s
------------------------------------------------------------------------------
【结果汇总】
  最佳验证准确率 : 0.4365  (第 3 轮)
  对应的测试准确率: 0.4312
  训练总耗时     : 1.12s (不含评估) / 整体墙钟时间 2.01s
  平均每轮训练耗时: 0.20s (每轮 1 次参数更新)
  全图推理耗时   : 0.01s
  模型参数量     : 65,557
结果已追加保存到：D:\PHD\博一\入学任务\任务一_节点分类\results\results.jsonl
==============================================================================
任务一 节点分类 | 数据集=Flickr 模型=GAT 训练方式=full 学习率=0.01 层数=2
==============================================================================
超参数：hidden=128, dropout=0.5, weight_decay=0.0005, epochs=150, seed=42
数据集信息：节点数=89250, 边数=899756, 特征维度=500, 类别数=7, 训练/验证/测试 = 44625/22312/22313
模型参数量：65,557
全图训练：每个 epoch 做 1 次全图前向 + 反向
------------------------------------------------------------------------------
 Epoch |     Loss |    Train |      Val |     Test |      时间/轮
------------------------------------------------------------------------------
     1 |   3.4324 |   0.1015 |   0.0999 |   0.0968 |    0.440s
     2 |   2.1766 |   0.3677 |   0.3658 |   0.3652 |    0.578s
     3 |   1.7839 |   0.4342 |   0.4365 |   0.4313 |    0.615s
     4 |   1.7774 |   0.4309 |   0.4327 |   0.4280 |    0.021s
     5 |   1.7811 |   0.4029 |   0.4017 |   0.3973 |    0.024s
     6 |   1.7857 |   0.3691 |   0.3678 |   0.3621 |    0.022s
     7 |   1.7772 |   0.3550 |   0.3530 |   0.3495 |    0.021s
     8 |   1.7502 |   0.3556 |   0.3529 |   0.3497 |    0.022s
     9 |   1.7222 |   0.3559 |   0.3524 |   0.3499 |    0.022s
    10 |   1.6877 |   0.3587 |   0.3553 |   0.3505 |    0.021s
    11 |   1.6728 |   0.3613 |   0.3571 |   0.3528 |    0.022s
    12 |   1.6548 |   0.3700 |   0.3670 |   0.3628 |    0.020s
    13 |   1.6547 |   0.3813 |   0.3786 |   0.3739 |    0.022s
    14 |   1.6516 |   0.3909 |   0.3891 |   0.3831 |    0.021s
    15 |   1.6478 |   0.4050 |   0.4016 |   0.3976 |    0.023s
    16 |   1.6445 |   0.4177 |   0.4174 |   0.4119 |    0.022s
    17 |   1.6353 |   0.4331 |   0.4346 |   0.4276 |    0.020s
    18 |   1.6187 |   0.4451 |   0.4462 |   0.4403 |    0.021s
    19 |   1.6158 |   0.4548 |   0.4564 |   0.4495 |    0.021s
    20 |   1.6093 |   0.4640 |   0.4657 |   0.4602 |    0.020s
    21 |   1.6065 |   0.4713 |   0.4741 |   0.4690 |    0.022s
    22 |   1.5964 |   0.4774 |   0.4814 |   0.4760 |    0.024s
    23 |   1.5943 |   0.4828 |   0.4860 |   0.4812 |    0.022s
    24 |   1.5920 |   0.4857 |   0.4894 |   0.4852 |    0.021s
    25 |   1.5930 |   0.4877 |   0.4919 |   0.4872 |    0.023s
    26 |   1.5877 |   0.4904 |   0.4931 |   0.4887 |    0.022s
    27 |   1.5843 |   0.4909 |   0.4947 |   0.4890 |    0.023s
    28 |   1.5770 |   0.4921 |   0.4957 |   0.4898 |    0.023s
    29 |   1.5764 |   0.4926 |   0.4963 |   0.4909 |    0.021s
    30 |   1.5669 |   0.4929 |   0.4964 |   0.4920 |    0.021s
    31 |   1.5709 |   0.4935 |   0.4973 |   0.4920 |    0.021s
    32 |   1.5653 |   0.4934 |   0.4966 |   0.4926 |    0.021s
    33 |   1.5666 |   0.4936 |   0.4959 |   0.4927 |    0.022s
    34 |   1.5600 |   0.4933 |   0.4954 |   0.4901 |    0.022s
    35 |   1.5554 |   0.4917 |   0.4938 |   0.4893 |    0.021s
    36 |   1.5528 |   0.4903 |   0.4909 |   0.4875 |    0.022s
    37 |   1.5454 |   0.4886 |   0.4892 |   0.4854 |    0.021s
    38 |   1.5463 |   0.4876 |   0.4888 |   0.4836 |    0.020s
    39 |   1.5432 |   0.4867 |   0.4875 |   0.4827 |    0.024s
    40 |   1.5505 |   0.4854 |   0.4872 |   0.4817 |    0.024s
    41 |   1.5375 |   0.4856 |   0.4865 |   0.4814 |    0.023s
    42 |   1.5415 |   0.4861 |   0.4871 |   0.4834 |    0.022s
    43 |   1.5382 |   0.4871 |   0.4883 |   0.4840 |    0.023s
    44 |   1.5304 |   0.4894 |   0.4908 |   0.4858 |    0.023s
    45 |   1.5279 |   0.4929 |   0.4938 |   0.4877 |    0.021s
    46 |   1.5300 |   0.4956 |   0.4955 |   0.4910 |    0.022s
    47 |   1.5288 |   0.4974 |   0.4976 |   0.4937 |    0.022s
    48 |   1.5265 |   0.4993 |   0.5000 |   0.4968 |    0.024s
    49 |   1.5210 |   0.5010 |   0.5025 |   0.4982 |    0.023s
    50 |   1.5178 |   0.5006 |   0.5020 |   0.4987 |    0.022s
    51 |   1.5157 |   0.4990 |   0.4994 |   0.4967 |    0.021s
    52 |   1.5176 |   0.4949 |   0.4951 |   0.4894 |    0.024s
    53 |   1.5105 |   0.4935 |   0.4929 |   0.4878 |    0.023s
    54 |   1.5089 |   0.4976 |   0.4971 |   0.4920 |    0.021s
    55 |   1.5063 |   0.5013 |   0.5020 |   0.4975 |    0.023s
    56 |   1.5081 |   0.5028 |   0.5037 |   0.5002 |    0.022s
    57 |   1.5029 |   0.5037 |   0.5051 |   0.5014 |    0.022s
    58 |   1.5002 |   0.5021 |   0.5015 |   0.4963 |    0.020s
    59 |   1.5084 |   0.5026 |   0.5014 |   0.4976 |    0.021s
    60 |   1.4958 |   0.5046 |   0.5059 |   0.5028 |    0.020s
    61 |   1.4949 |   0.5038 |   0.5049 |   0.5002 |    0.022s
    62 |   1.4968 |   0.5037 |   0.5039 |   0.4992 |    0.021s
    63 |   1.4917 |   0.5050 |   0.5050 |   0.5003 |    0.021s
    64 |   1.4896 |   0.5070 |   0.5082 |   0.5041 |    0.021s
    65 |   1.4891 |   0.5112 |   0.5114 |   0.5055 |    0.021s
    66 |   1.4888 |   0.5116 |   0.5115 |   0.5074 |    0.021s
    67 |   1.4880 |   0.5121 |   0.5116 |   0.5085 |    0.021s
    68 |   1.4841 |   0.5112 |   0.5120 |   0.5083 |    0.021s
    69 |   1.4818 |   0.5100 |   0.5087 |   0.5056 |    0.021s
    70 |   1.4820 |   0.5057 |   0.5054 |   0.5009 |    0.023s
    71 |   1.4798 |   0.5054 |   0.5047 |   0.5010 |    0.023s
    72 |   1.4761 |   0.5118 |   0.5116 |   0.5072 |    0.023s
    73 |   1.4744 |   0.5139 |   0.5126 |   0.5078 |    0.023s
    74 |   1.4725 |   0.5154 |   0.5120 |   0.5090 |    0.029s
    75 |   1.4715 |   0.5123 |   0.5103 |   0.5074 |    0.022s
    76 |   1.4705 |   0.5135 |   0.5116 |   0.5093 |    0.027s
    77 |   1.4684 |   0.5141 |   0.5118 |   0.5094 |    0.019s
    78 |   1.4686 |   0.5127 |   0.5099 |   0.5067 |    0.020s
    79 |   1.4636 |   0.5133 |   0.5108 |   0.5080 |    0.021s
    80 |   1.4635 |   0.5169 |   0.5126 |   0.5111 |    0.021s
    81 |   1.4614 |   0.5178 |   0.5141 |   0.5110 |    0.020s
    82 |   1.4639 |   0.5174 |   0.5157 |   0.5113 |    0.023s
    83 |   1.4609 |   0.5157 |   0.5114 |   0.5069 |    0.023s
    84 |   1.4607 |   0.5173 |   0.5149 |   0.5103 |    0.020s
    85 |   1.4576 |   0.5164 |   0.5132 |   0.5107 |    0.022s
    86 |   1.4625 |   0.4937 |   0.4910 |   0.4884 |    0.021s
    87 |   1.4547 |   0.5044 |   0.5004 |   0.4971 |    0.023s
    88 |   1.4579 |   0.5181 |   0.5132 |   0.5122 |    0.021s
    89 |   1.4543 |   0.4797 |   0.4740 |   0.4728 |    0.022s
    90 |   1.4569 |   0.4680 |   0.4637 |   0.4622 |    0.020s
    91 |   1.4543 |   0.5145 |   0.5111 |   0.5070 |    0.022s
    92 |   1.4474 |   0.5158 |   0.5116 |   0.5079 |    0.020s
    93 |   1.4536 |   0.5172 |   0.5121 |   0.5088 |    0.022s
    94 |   1.4526 |   0.5217 |   0.5168 |   0.5132 |    0.020s
    95 |   1.4475 |   0.5195 |   0.5120 |   0.5090 |    0.021s
    96 |   1.4457 |   0.5232 |   0.5161 |   0.5125 |    0.023s
    97 |   1.4494 |   0.5220 |   0.5167 |   0.5136 |    0.021s
    98 |   1.4512 |   0.5070 |   0.5025 |   0.4990 |    0.021s
    99 |   1.4485 |   0.5174 |   0.5128 |   0.5103 |    0.022s
   100 |   1.4414 |   0.5192 |   0.5138 |   0.5093 |    0.020s
   101 |   1.4459 |   0.4962 |   0.4883 |   0.4865 |    0.021s
   102 |   1.4436 |   0.5230 |   0.5155 |   0.5119 |    0.021s
   103 |   1.4404 |   0.5265 |   0.5183 |   0.5177 |    0.021s
   104 |   1.4423 |   0.5234 |   0.5171 |   0.5151 |    0.021s
   105 |   1.4388 |   0.5196 |   0.5137 |   0.5136 |    0.022s
   106 |   1.4414 |   0.5143 |   0.5102 |   0.5066 |    0.021s
   107 |   1.4378 |   0.5215 |   0.5134 |   0.5113 |    0.021s
   108 |   1.4352 |   0.5308 |   0.5200 |   0.5188 |    0.021s
   109 |   1.4371 |   0.5295 |   0.5202 |   0.5181 |    0.021s
   110 |   1.4382 |   0.5265 |   0.5198 |   0.5167 |    0.021s
   111 |   1.4358 |   0.5263 |   0.5196 |   0.5157 |    0.021s
   112 |   1.4348 |   0.5143 |   0.5060 |   0.5037 |    0.022s
   113 |   1.4334 |   0.5066 |   0.4980 |   0.4953 |    0.022s
   114 |   1.4333 |   0.5230 |   0.5149 |   0.5116 |    0.022s
   115 |   1.4322 |   0.5266 |   0.5197 |   0.5184 |    0.021s
   116 |   1.4306 |   0.5239 |   0.5172 |   0.5153 |    0.022s
   117 |   1.4273 |   0.5294 |   0.5201 |   0.5151 |    0.022s
   118 |   1.4263 |   0.5140 |   0.5053 |   0.5018 |    0.023s
   119 |   1.4257 |   0.5264 |   0.5193 |   0.5149 |    0.023s
   120 |   1.4287 |   0.5294 |   0.5210 |   0.5205 |    0.022s
   121 |   1.4246 |   0.5289 |   0.5203 |   0.5194 |    0.021s
   122 |   1.4274 |   0.5296 |   0.5206 |   0.5185 |    0.020s
   123 |   1.4265 |   0.5290 |   0.5202 |   0.5161 |    0.022s
   124 |   1.4222 |   0.5294 |   0.5180 |   0.5163 |    0.021s
   125 |   1.4294 |   0.5091 |   0.4998 |   0.4972 |    0.022s
   126 |   1.4224 |   0.5153 |   0.5067 |   0.5030 |    0.021s
   127 |   1.4228 |   0.5283 |   0.5211 |   0.5173 |    0.023s
   128 |   1.4240 |   0.5341 |   0.5223 |   0.5203 |    0.021s
   129 |   1.4259 |   0.5374 |   0.5228 |   0.5224 |    0.022s
   130 |   1.4232 |   0.5350 |   0.5217 |   0.5198 |    0.021s
   131 |   1.4233 |   0.5236 |   0.5167 |   0.5116 |    0.022s
   132 |   1.4233 |   0.5283 |   0.5194 |   0.5144 |    0.022s
   133 |   1.4199 |   0.5300 |   0.5201 |   0.5160 |    0.020s
   134 |   1.4199 |   0.5328 |   0.5222 |   0.5181 |    0.022s
   135 |   1.4211 |   0.5306 |   0.5197 |   0.5168 |    0.022s
   136 |   1.4218 |   0.5167 |   0.5074 |   0.5047 |    0.023s
   137 |   1.4195 |   0.5332 |   0.5214 |   0.5184 |    0.020s
   138 |   1.4173 |   0.5345 |   0.5221 |   0.5204 |    0.020s
   139 |   1.4193 |   0.5360 |   0.5215 |   0.5197 |    0.021s
   140 |   1.4180 |   0.5261 |   0.5170 |   0.5095 |    0.021s
   141 |   1.4162 |   0.5134 |   0.5054 |   0.4985 |    0.021s
   142 |   1.4177 |   0.5194 |   0.5117 |   0.5081 |    0.022s
   143 |   1.4170 |   0.5197 |   0.5110 |   0.5081 |    0.021s
   144 |   1.4151 |   0.5364 |   0.5266 |   0.5237 |    0.021s
   145 |   1.4157 |   0.5288 |   0.5153 |   0.5130 |    0.021s
   146 |   1.4165 |   0.5254 |   0.5136 |   0.5109 |    0.021s
   147 |   1.4139 |   0.5330 |   0.5238 |   0.5219 |    0.022s
   148 |   1.4151 |   0.5190 |   0.5085 |   0.5078 |    0.021s
   149 |   1.4142 |   0.5163 |   0.5069 |   0.5042 |    0.022s
   150 |   1.4124 |   0.5390 |   0.5252 |   0.5269 |    0.022s
------------------------------------------------------------------------------
【结果汇总】
  最佳验证准确率 : 0.5266  (第 144 轮)
  对应的测试准确率: 0.5237
  训练总耗时     : 4.81s (不含评估) / 整体墙钟时间 11.15s
  平均每轮训练耗时: 0.03s (每轮 1 次参数更新)
  全图推理耗时   : 0.01s
  模型参数量     : 65,557
结果已追加保存到：D:\PHD\博一\入学任务\任务一_节点分类\results\results.jsonl
