==============================================================================
任务一 节点分类 | 数据集=Flickr 模型=GCN 训练方式=sample 学习率=0.01 层数=2
==============================================================================
超参数：hidden=128, dropout=0.5, weight_decay=0.0005, epochs=5, seed=42
数据集信息：节点数=89250, 边数=899756, 特征维度=500, 类别数=7, 训练/验证/测试 = 44625/22312/22313
模型参数量：65,287
采样设置：batch_size=1024, num_neighbors=[10, 10], 每轮 batch 数=44
------------------------------------------------------------------------------
 Epoch |     Loss |    Train |      Val |     Test |      时间/轮
------------------------------------------------------------------------------
     1 |   1.6805 |   0.4216 |   0.4239 |   0.4234 |    2.484s
     2 |   1.4581 |   0.4217 |   0.4239 |   0.4236 |    2.302s
     3 |   1.4381 |   0.4218 |   0.4243 |   0.4237 |    2.348s
     4 |   1.4278 |   0.4216 |   0.4239 |   0.4235 |    2.281s
     5 |   1.4175 |   0.4216 |   0.4239 |   0.4235 |    2.382s
------------------------------------------------------------------------------
【结果汇总】
  最佳验证准确率 : 0.4243  (第 3 轮)
  对应的测试准确率: 0.4237
  训练总耗时     : 11.80s (不含评估) / 整体墙钟时间 11.89s
  平均每轮训练耗时: 2.33s (每轮 44 次参数更新)
  全图推理耗时   : 0.01s
  模型参数量     : 65,287
结果已追加保存到：D:\PHD\博一\入学任务\任务一_节点分类\results\results.jsonl
==============================================================================
任务一 节点分类 | 数据集=Flickr 模型=GCN 训练方式=sample 学习率=0.01 层数=2
==============================================================================
超参数：hidden=128, dropout=0.5, weight_decay=0.0005, epochs=5, seed=42
数据集信息：节点数=89250, 边数=899756, 特征维度=500, 类别数=7, 训练/验证/测试 = 44625/22312/22313
模型参数量：65,287
采样设置：batch_size=1024, num_neighbors=[10, 10], 每轮 batch 数=44
------------------------------------------------------------------------------
 Epoch |     Loss |    Train |      Val |     Test |      时间/轮
------------------------------------------------------------------------------
     1 |   1.6805 |   0.4216 |   0.4239 |   0.4234 |    5.762s
     2 |   1.4585 |   0.4216 |   0.4239 |   0.4235 |    5.212s
     3 |   1.4361 |   0.4216 |   0.4239 |   0.4235 |    5.272s
     4 |   1.4293 |   0.4217 |   0.4239 |   0.4235 |    5.219s
     5 |   1.4175 |   0.4216 |   0.4239 |   0.4235 |    5.209s
------------------------------------------------------------------------------
【结果汇总】
  最佳验证准确率 : 0.4239  (第 2 轮)
  对应的测试准确率: 0.4235
  训练总耗时     : 26.67s (不含评估) / 整体墙钟时间 26.77s
  平均每轮训练耗时: 5.23s (每轮 44 次参数更新)
  全图推理耗时   : 0.01s
  模型参数量     : 65,287
结果已追加保存到：D:\PHD\博一\入学任务\任务一_节点分类\results\results.jsonl
==============================================================================
任务一 节点分类 | 数据集=Flickr 模型=GCN 训练方式=sample 学习率=0.01 层数=2
==============================================================================
超参数：hidden=128, dropout=0.5, weight_decay=0.0005, epochs=6, seed=42
数据集信息：节点数=89250, 边数=899756, 特征维度=500, 类别数=7, 训练/验证/测试 = 44625/22312/22313
模型参数量：65,287
采样设置：batch_size=2048, num_neighbors=[10, 10], 每轮 batch 数=22
------------------------------------------------------------------------------
 Epoch |     Loss |    Train |      Val |     Test |      时间/轮
------------------------------------------------------------------------------
     1 |   1.7823 |   0.4565 |   0.4578 |   0.4575 |    4.488s
     2 |   1.4963 |   0.4218 |   0.4241 |   0.4235 |    4.147s
     3 |   1.4520 |   0.4223 |   0.4248 |   0.4240 |    4.110s
     4 |   1.4348 |   0.4218 |   0.4241 |   0.4235 |    4.138s
     5 |   1.4273 |   0.4227 |   0.4257 |   0.4246 |    4.009s
     6 |   1.4198 |   0.4238 |   0.4270 |   0.4259 |    4.303s
------------------------------------------------------------------------------
【结果汇总】
  最佳验证准确率 : 0.4578  (第 1 轮)
  对应的测试准确率: 0.4575
  训练总耗时     : 25.20s (不含评估) / 整体墙钟时间 25.31s
  平均每轮训练耗时: 4.14s (每轮 22 次参数更新)
  全图推理耗时   : 0.01s
  模型参数量     : 65,287
结果已追加保存到：D:\PHD\博一\入学任务\任务一_节点分类\results\results.jsonl
==============================================================================
任务一 节点分类 | 数据集=Flickr 模型=GCN 训练方式=sample 学习率=0.01 层数=2
==============================================================================
超参数：hidden=128, dropout=0.5, weight_decay=0.0005, epochs=6, seed=42
数据集信息：节点数=89250, 边数=899756, 特征维度=500, 类别数=7, 训练/验证/测试 = 44625/22312/22313
模型参数量：65,287
采样设置：batch_size=4096, num_neighbors=[10, 10], 每轮 batch 数=11
------------------------------------------------------------------------------
 Epoch |     Loss |    Train |      Val |     Test |      时间/轮
------------------------------------------------------------------------------
     1 |   1.7825 |   0.3876 |   0.3886 |   0.3839 |    3.336s
     2 |   1.5295 |   0.4507 |   0.4524 |   0.4515 |    3.284s
     3 |   1.4751 |   0.4407 |   0.4433 |   0.4415 |    3.286s
     4 |   1.4515 |   0.4411 |   0.4421 |   0.4405 |    3.114s
     5 |   1.4375 |   0.4238 |   0.4268 |   0.4254 |    3.261s
     6 |   1.4268 |   0.4234 |   0.4263 |   0.4250 |    2.998s
------------------------------------------------------------------------------
【结果汇总】
  最佳验证准确率 : 0.4524  (第 2 轮)
  对应的测试准确率: 0.4515
  训练总耗时     : 19.28s (不含评估) / 整体墙钟时间 19.39s
  平均每轮训练耗时: 3.19s (每轮 11 次参数更新)
  全图推理耗时   : 0.01s
  模型参数量     : 65,287
结果已追加保存到：D:\PHD\博一\入学任务\任务一_节点分类\results\results.jsonl
==============================================================================
任务一 节点分类 | 数据集=Flickr 模型=GCN 训练方式=sample 学习率=0.01 层数=2
==============================================================================
超参数：hidden=128, dropout=0.5, weight_decay=0.0005, epochs=150, seed=42
数据集信息：节点数=89250, 边数=899756, 特征维度=500, 类别数=7, 训练/验证/测试 = 44625/22312/22313
模型参数量：65,287
采样设置：batch_size=4096, num_neighbors=[10, 10], 每轮 batch 数=11
------------------------------------------------------------------------------
 Epoch |     Loss |    Train |      Val |     Test |      时间/轮
------------------------------------------------------------------------------
     1 |   1.7825 |   0.3876 |   0.3887 |   0.3839 |    3.647s
     2 |   1.5295 |   0.4506 |   0.4524 |   0.4515 |    3.433s
     3 |   1.4751 |   0.4407 |   0.4433 |   0.4415 |    3.452s
     4 |   1.4515 |   0.4411 |   0.4420 |   0.4405 |    3.391s
     5 |   1.4374 |   0.4237 |   0.4265 |   0.4254 |    3.316s
     6 |   1.4271 |   0.4318 |   0.4345 |   0.4334 |    3.530s
     7 |   1.4223 |   0.4307 |   0.4330 |   0.4324 |    3.290s
     8 |   1.4155 |   0.4221 |   0.4245 |   0.4239 |    3.256s
     9 |   1.4129 |   0.4565 |   0.4563 |   0.4550 |    3.331s
    10 |   1.4100 |   0.4225 |   0.4252 |   0.4244 |    3.354s
    11 |   1.4084 |   0.4221 |   0.4245 |   0.4239 |    3.245s
    12 |   1.3985 |   0.4257 |   0.4286 |   0.4270 |    3.367s
    13 |   1.4002 |   0.4863 |   0.4858 |   0.4848 |    3.250s
    14 |   1.4082 |   0.4262 |   0.4286 |   0.4273 |    3.511s
    15 |   1.3993 |   0.4322 |   0.4344 |   0.4339 |    3.377s
    16 |   1.3938 |   0.4387 |   0.4399 |   0.4397 |    3.201s
    17 |   1.3903 |   0.4669 |   0.4639 |   0.4653 |    3.202s
    18 |   1.3975 |   0.4562 |   0.4554 |   0.4553 |    3.222s
    19 |   1.3943 |   0.4262 |   0.4290 |   0.4271 |    1.557s
    20 |   1.3902 |   0.4348 |   0.4365 |   0.4358 |    1.470s
    21 |   1.3925 |   0.4507 |   0.4510 |   0.4494 |    1.484s
    22 |   1.4010 |   0.4676 |   0.4663 |   0.4647 |    1.460s
    23 |   1.3919 |   0.4260 |   0.4288 |   0.4277 |    1.517s
    24 |   1.3883 |   0.4792 |   0.4772 |   0.4764 |    1.582s
    25 |   1.3879 |   0.4217 |   0.4240 |   0.4236 |    1.514s
    26 |   1.3901 |   0.4424 |   0.4430 |   0.4431 |    1.471s
    27 |   1.3899 |   0.4220 |   0.4244 |   0.4238 |    1.443s
    28 |   1.3926 |   0.4232 |   0.4256 |   0.4246 |    1.444s
    29 |   1.3895 |   0.4327 |   0.4355 |   0.4328 |    1.431s
    30 |   1.3932 |   0.4639 |   0.4623 |   0.4617 |    1.453s
    31 |   1.3885 |   0.4994 |   0.4968 |   0.4954 |    1.467s
    32 |   1.3843 |   0.4288 |   0.4318 |   0.4302 |    1.498s
    33 |   1.3828 |   0.4364 |   0.4388 |   0.4371 |    1.454s
    34 |   1.3812 |   0.4233 |   0.4255 |   0.4240 |    1.469s
    35 |   1.3835 |   0.4250 |   0.4271 |   0.4247 |    1.494s
    36 |   1.3858 |   0.4335 |   0.4356 |   0.4349 |    1.510s
    37 |   1.3832 |   0.4261 |   0.4278 |   0.4263 |    1.533s
    38 |   1.3847 |   0.4601 |   0.4591 |   0.4574 |    1.584s
    39 |   1.3828 |   0.4227 |   0.4251 |   0.4237 |    1.592s
    40 |   1.3865 |   0.4236 |   0.4260 |   0.4250 |    1.581s
    41 |   1.3856 |   0.4579 |   0.4561 |   0.4561 |    1.585s
    42 |   1.3903 |   0.4254 |   0.4278 |   0.4272 |    1.673s
    43 |   1.3875 |   0.4538 |   0.4541 |   0.4535 |    1.739s
    44 |   1.3836 |   0.4468 |   0.4476 |   0.4475 |    2.102s
    45 |   1.3825 |   0.5075 |   0.5040 |   0.5041 |    2.039s
    46 |   1.3884 |   0.4226 |   0.4248 |   0.4242 |    1.477s
    47 |   1.3875 |   0.4353 |   0.4370 |   0.4368 |    1.469s
    48 |   1.3844 |   0.4392 |   0.4405 |   0.4401 |    1.488s
    49 |   1.3822 |   0.4287 |   0.4304 |   0.4292 |    1.481s
    50 |   1.3829 |   0.4248 |   0.4269 |   0.4261 |    1.483s
    51 |   1.3795 |   0.4217 |   0.4240 |   0.4235 |    1.480s
    52 |   1.3857 |   0.4697 |   0.4673 |   0.4652 |    1.498s
    53 |   1.3902 |   0.4235 |   0.4258 |   0.4247 |    1.487s
    54 |   1.3888 |   0.4432 |   0.4433 |   0.4429 |    1.452s
    55 |   1.3844 |   0.4286 |   0.4307 |   0.4292 |    1.445s
    56 |   1.3793 |   0.4303 |   0.4325 |   0.4322 |    1.422s
    57 |   1.3791 |   0.4389 |   0.4397 |   0.4392 |    1.462s
    58 |   1.3808 |   0.4284 |   0.4291 |   0.4273 |    1.439s
    59 |   1.3889 |   0.4261 |   0.4272 |   0.4256 |    1.780s
    60 |   1.4000 |   0.4828 |   0.4824 |   0.4794 |    3.278s
    61 |   1.3889 |   0.4321 |   0.4339 |   0.4331 |    3.062s
    62 |   1.3847 |   0.4270 |   0.4294 |   0.4287 |    3.201s
    63 |   1.3833 |   0.4578 |   0.4589 |   0.4583 |    3.613s
    64 |   1.3849 |   0.4466 |   0.4458 |   0.4446 |    3.330s
    65 |   1.3802 |   0.4249 |   0.4266 |   0.4254 |    3.302s
    66 |   1.3840 |   0.4229 |   0.4255 |   0.4241 |    3.233s
    67 |   1.3847 |   0.4260 |   0.4287 |   0.4276 |    3.316s
    68 |   1.3815 |   0.4265 |   0.4286 |   0.4280 |    3.238s
    69 |   1.3849 |   0.4557 |   0.4542 |   0.4533 |    3.312s
    70 |   1.3852 |   0.4250 |   0.4273 |   0.4268 |    3.240s
    71 |   1.3812 |   0.4238 |   0.4257 |   0.4242 |    3.197s
    72 |   1.3791 |   0.4307 |   0.4317 |   0.4318 |    3.108s
    73 |   1.3867 |   0.4582 |   0.4576 |   0.4580 |    3.264s
    74 |   1.3863 |   0.4258 |   0.4272 |   0.4255 |    3.364s
    75 |   1.3819 |   0.4296 |   0.4307 |   0.4302 |    2.021s
    76 |   1.3747 |   0.4225 |   0.4250 |   0.4237 |    1.476s
    77 |   1.3792 |   0.4220 |   0.4247 |   0.4239 |    1.490s
    78 |   1.3784 |   0.4359 |   0.4365 |   0.4365 |    1.491s
    79 |   1.3786 |   0.4657 |   0.4667 |   0.4667 |    1.463s
    80 |   1.3831 |   0.4525 |   0.4533 |   0.4531 |    1.481s
    81 |   1.3806 |   0.4424 |   0.4428 |   0.4430 |    1.507s
    82 |   1.3833 |   0.4399 |   0.4400 |   0.4400 |    1.469s
    83 |   1.3826 |   0.4564 |   0.4552 |   0.4547 |    1.503s
    84 |   1.3823 |   0.4235 |   0.4257 |   0.4242 |    1.556s
    85 |   1.3799 |   0.4615 |   0.4622 |   0.4618 |    1.527s
    86 |   1.3817 |   0.4514 |   0.4498 |   0.4482 |    1.499s
    87 |   1.3850 |   0.4236 |   0.4261 |   0.4255 |    1.495s
    88 |   1.3768 |   0.4435 |   0.4424 |   0.4415 |    1.493s
    89 |   1.3777 |   0.4249 |   0.4268 |   0.4265 |    1.495s
    90 |   1.3809 |   0.4675 |   0.4673 |   0.4659 |    1.496s
    91 |   1.3790 |   0.4270 |   0.4291 |   0.4287 |    1.494s
    92 |   1.3783 |   0.4307 |   0.4317 |   0.4322 |    1.490s
    93 |   1.3782 |   0.4329 |   0.4339 |   0.4334 |    1.513s
    94 |   1.3740 |   0.4285 |   0.4295 |   0.4286 |    1.511s
    95 |   1.3698 |   0.4455 |   0.4463 |   0.4468 |    1.502s
    96 |   1.3745 |   0.4257 |   0.4276 |   0.4269 |    1.509s
    97 |   1.3749 |   0.4593 |   0.4602 |   0.4587 |    1.495s
    98 |   1.3778 |   0.4630 |   0.4626 |   0.4612 |    1.486s
    99 |   1.3828 |   0.4304 |   0.4312 |   0.4302 |    1.502s
   100 |   1.3821 |   0.4273 |   0.4284 |   0.4275 |    1.504s
   101 |   1.3790 |   0.4281 |   0.4297 |   0.4282 |    1.494s
   102 |   1.3800 |   0.4751 |   0.4766 |   0.4744 |    1.518s
   103 |   1.3824 |   0.4328 |   0.4339 |   0.4336 |    1.555s
   104 |   1.3755 |   0.4615 |   0.4628 |   0.4612 |    1.479s
   105 |   1.3718 |   0.4478 |   0.4466 |   0.4463 |    1.497s
   106 |   1.3948 |   0.4958 |   0.4946 |   0.4926 |    1.575s
   107 |   1.3913 |   0.4287 |   0.4304 |   0.4305 |    1.494s
   108 |   1.3815 |   0.4674 |   0.4693 |   0.4674 |    1.573s
   109 |   1.3819 |   0.4419 |   0.4439 |   0.4423 |    1.479s
   110 |   1.3829 |   0.4418 |   0.4433 |   0.4418 |    1.589s
   111 |   1.3766 |   0.4312 |   0.4309 |   0.4310 |    1.486s
   112 |   1.3811 |   0.5004 |   0.4974 |   0.4940 |    1.488s
   113 |   1.3837 |   0.4327 |   0.4330 |   0.4324 |    1.472s
   114 |   1.3799 |   0.4649 |   0.4657 |   0.4626 |    1.498s
   115 |   1.3782 |   0.4495 |   0.4494 |   0.4484 |    1.482s
   116 |   1.3762 |   0.4285 |   0.4304 |   0.4302 |    1.492s
   117 |   1.3788 |   0.4242 |   0.4259 |   0.4247 |    1.501s
   118 |   1.3904 |   0.4692 |   0.4684 |   0.4663 |    1.524s
   119 |   1.3780 |   0.4517 |   0.4527 |   0.4509 |    1.619s
   120 |   1.3755 |   0.4375 |   0.4391 |   0.4377 |    1.543s
   121 |   1.3830 |   0.4281 |   0.4296 |   0.4300 |    1.557s
   122 |   1.3785 |   0.4557 |   0.4548 |   0.4531 |    1.554s
   123 |   1.3818 |   0.4609 |   0.4626 |   0.4611 |    1.494s
   124 |   1.3776 |   0.4842 |   0.4840 |   0.4822 |    1.511s
   125 |   1.3768 |   0.4746 |   0.4754 |   0.4733 |    1.479s
   126 |   1.3750 |   0.4558 |   0.4567 |   0.4555 |    1.505s
   127 |   1.3709 |   0.4320 |   0.4336 |   0.4323 |    1.510s
   128 |   1.3767 |   0.4550 |   0.4553 |   0.4542 |    1.490s
   129 |   1.3774 |   0.4240 |   0.4261 |   0.4254 |    1.484s
   130 |   1.3753 |   0.4401 |   0.4404 |   0.4385 |    1.503s
   131 |   1.3771 |   0.4639 |   0.4626 |   0.4613 |    1.590s
   132 |   1.3788 |   0.4424 |   0.4445 |   0.4432 |    1.583s
   133 |   1.3842 |   0.4837 |   0.4807 |   0.4815 |    1.566s
   134 |   1.3761 |   0.4474 |   0.4473 |   0.4470 |    1.547s
   135 |   1.3752 |   0.4372 |   0.4394 |   0.4388 |    1.551s
   136 |   1.3829 |   0.4432 |   0.4406 |   0.4414 |    1.602s
   137 |   1.3868 |   0.4579 |   0.4581 |   0.4555 |    1.567s
   138 |   1.3785 |   0.4580 |   0.4568 |   0.4553 |    1.563s
   139 |   1.3742 |   0.4249 |   0.4267 |   0.4263 |    1.522s
   140 |   1.3771 |   0.4372 |   0.4386 |   0.4371 |    1.562s
   141 |   1.3714 |   0.4310 |   0.4312 |   0.4310 |    3.182s
   142 |   1.3733 |   0.4553 |   0.4563 |   0.4555 |    3.433s
   143 |   1.3753 |   0.4469 |   0.4489 |   0.4479 |    3.274s
   144 |   1.3756 |   0.4558 |   0.4575 |   0.4563 |    3.332s
   145 |   1.3753 |   0.4238 |   0.4264 |   0.4247 |    3.390s
   146 |   1.3773 |   0.4329 |   0.4333 |   0.4325 |    3.039s
   147 |   1.3782 |   0.4427 |   0.4438 |   0.4436 |    3.262s
   148 |   1.3786 |   0.4523 |   0.4547 |   0.4529 |    3.097s
   149 |   1.3811 |   0.4389 |   0.4401 |   0.4406 |    3.397s
   150 |   1.3826 |   0.4760 |   0.4746 |   0.4714 |    3.296s
------------------------------------------------------------------------------
【结果汇总】
  最佳验证准确率 : 0.5040  (第 45 轮)
  对应的测试准确率: 0.5041
  训练总耗时     : 5m5.7s (不含评估) / 整体墙钟时间 5m7.9s
  平均每轮训练耗时: 2.03s (每轮 11 次参数更新)
  全图推理耗时   : 0.01s
  模型参数量     : 65,287
结果已追加保存到：D:\PHD\博一\入学任务\任务一_节点分类\results\results.jsonl
