==============================================================================
任务一 节点分类 | 数据集=Flickr 模型=GCN 训练方式=full 学习率=0.05 层数=2
==============================================================================
超参数：hidden=128, dropout=0.5, weight_decay=0.0005, epochs=150, seed=42
数据集信息：节点数=89250, 边数=899756, 特征维度=500, 类别数=7, 训练/验证/测试 = 44625/22312/22313
模型参数量：65,287
全图训练：每个 epoch 做 1 次全图前向 + 反向
------------------------------------------------------------------------------
 Epoch |     Loss |    Train |      Val |     Test |      时间/轮
------------------------------------------------------------------------------
     1 |   1.8922 |   0.4216 |   0.4239 |   0.4234 |    0.365s
     2 |   2.8907 |   0.2583 |   0.2580 |   0.2547 |    0.028s
     3 |   3.3599 |   0.3320 |   0.3302 |   0.3273 |    0.031s
     4 |   2.3596 |   0.4216 |   0.4239 |   0.4235 |    0.029s
     5 |   1.9346 |   0.4216 |   0.4239 |   0.4234 |    0.030s
     6 |   1.9720 |   0.4216 |   0.4239 |   0.4234 |    0.029s
     7 |   1.9726 |   0.4216 |   0.4239 |   0.4234 |    0.029s
     8 |   1.9183 |   0.4217 |   0.4238 |   0.4234 |    0.030s
     9 |   1.8270 |   0.3606 |   0.3642 |   0.3600 |    0.030s
    10 |   1.8089 |   0.1817 |   0.1785 |   0.1777 |    0.030s
    11 |   1.7732 |   0.3976 |   0.3999 |   0.3989 |    0.032s
    12 |   1.6824 |   0.4718 |   0.4733 |   0.4725 |    0.029s
    13 |   1.6162 |   0.4672 |   0.4693 |   0.4660 |    0.028s
    14 |   1.6110 |   0.4275 |   0.4298 |   0.4251 |    0.030s
    15 |   1.6201 |   0.4055 |   0.4074 |   0.4046 |    0.029s
    16 |   1.6241 |   0.4079 |   0.4091 |   0.4076 |    0.032s
    17 |   1.6282 |   0.4266 |   0.4286 |   0.4248 |    0.029s
    18 |   1.6066 |   0.4463 |   0.4477 |   0.4434 |    0.029s
    19 |   1.5936 |   0.4616 |   0.4636 |   0.4605 |    0.028s
    20 |   1.5852 |   0.4561 |   0.4582 |   0.4570 |    0.029s
    21 |   1.5775 |   0.4302 |   0.4311 |   0.4283 |    0.028s
    22 |   1.5714 |   0.4437 |   0.4462 |   0.4418 |    0.030s
    23 |   1.5626 |   0.4810 |   0.4835 |   0.4810 |    0.030s
    24 |   1.5495 |   0.4983 |   0.5014 |   0.4998 |    0.029s
    25 |   1.5331 |   0.5002 |   0.5021 |   0.5001 |    0.030s
    26 |   1.5154 |   0.4779 |   0.4798 |   0.4771 |    0.029s
    27 |   1.5060 |   0.4560 |   0.4585 |   0.4551 |    0.029s
    28 |   1.4950 |   0.4463 |   0.4486 |   0.4449 |    0.031s
    29 |   1.4900 |   0.4604 |   0.4619 |   0.4599 |    0.030s
    30 |   1.4783 |   0.4875 |   0.4901 |   0.4875 |    0.029s
    31 |   1.4767 |   0.4982 |   0.4979 |   0.4972 |    0.029s
    32 |   1.4753 |   0.4956 |   0.4963 |   0.4968 |    0.031s
    33 |   1.4738 |   0.4837 |   0.4858 |   0.4810 |    0.030s
    34 |   1.4597 |   0.4904 |   0.4908 |   0.4894 |    0.030s
    35 |   1.4560 |   0.5020 |   0.5036 |   0.5003 |    0.029s
    36 |   1.4516 |   0.4995 |   0.4997 |   0.4972 |    0.028s
    37 |   1.4499 |   0.5006 |   0.5030 |   0.5018 |    0.030s
    38 |   1.4435 |   0.4771 |   0.4795 |   0.4783 |    0.032s
    39 |   1.4411 |   0.4939 |   0.4948 |   0.4947 |    0.028s
    40 |   1.4395 |   0.4999 |   0.5002 |   0.4971 |    0.027s
    41 |   1.4378 |   0.4628 |   0.4649 |   0.4650 |    0.030s
    42 |   1.4376 |   0.4711 |   0.4726 |   0.4717 |    0.031s
    43 |   1.4325 |   0.4988 |   0.5025 |   0.5002 |    0.030s
    44 |   1.4301 |   0.4820 |   0.4838 |   0.4818 |    0.030s
    45 |   1.4265 |   0.4664 |   0.4680 |   0.4689 |    0.031s
    46 |   1.4188 |   0.4923 |   0.4965 |   0.4912 |    0.031s
    47 |   1.4211 |   0.5070 |   0.5099 |   0.5079 |    0.029s
    48 |   1.4218 |   0.4959 |   0.4991 |   0.4964 |    0.029s
    49 |   1.4115 |   0.4759 |   0.4751 |   0.4771 |    0.030s
    50 |   1.4162 |   0.4765 |   0.4745 |   0.4756 |    0.029s
    51 |   1.4190 |   0.4853 |   0.4869 |   0.4850 |    0.031s
    52 |   1.4078 |   0.4941 |   0.4964 |   0.4939 |    0.029s
    53 |   1.4032 |   0.5155 |   0.5155 |   0.5159 |    0.029s
    54 |   1.4067 |   0.4357 |   0.4387 |   0.4387 |    0.031s
    55 |   1.4170 |   0.4772 |   0.4726 |   0.4700 |    0.030s
    56 |   1.4313 |   0.4972 |   0.4997 |   0.4974 |    0.029s
    57 |   1.3986 |   0.4503 |   0.4529 |   0.4535 |    0.028s
    58 |   1.4112 |   0.4799 |   0.4805 |   0.4790 |    0.031s
    59 |   1.4133 |   0.4541 |   0.4545 |   0.4548 |    0.028s
    60 |   1.4079 |   0.4395 |   0.4417 |   0.4423 |    0.030s
    61 |   1.4008 |   0.4897 |   0.4931 |   0.4905 |    0.029s
    62 |   1.4054 |   0.4371 |   0.4371 |   0.4373 |    0.031s
    63 |   1.4075 |   0.5218 |   0.5184 |   0.5162 |    0.029s
    64 |   1.4039 |   0.5190 |   0.5173 |   0.5148 |    0.030s
    65 |   1.3973 |   0.5016 |   0.4990 |   0.4996 |    0.029s
    66 |   1.3949 |   0.5205 |   0.5186 |   0.5164 |    0.030s
    67 |   1.3947 |   0.4938 |   0.4934 |   0.4877 |    0.027s
    68 |   1.3971 |   0.5147 |   0.5144 |   0.5110 |    0.030s
    69 |   1.3924 |   0.5143 |   0.5127 |   0.5145 |    0.030s
    70 |   1.3885 |   0.4962 |   0.4961 |   0.4930 |    0.029s
    71 |   1.3896 |   0.4984 |   0.4975 |   0.4932 |    0.028s
    72 |   1.4050 |   0.4480 |   0.4504 |   0.4492 |    0.030s
    73 |   1.3953 |   0.4364 |   0.4387 |   0.4372 |    0.029s
    74 |   1.3838 |   0.4317 |   0.4345 |   0.4345 |    0.029s
    75 |   1.3917 |   0.4364 |   0.4394 |   0.4387 |    0.028s
    76 |   1.3819 |   0.4260 |   0.4275 |   0.4263 |    0.028s
    77 |   1.3886 |   0.4773 |   0.4771 |   0.4761 |    0.029s
    78 |   1.3925 |   0.4548 |   0.4532 |   0.4555 |    0.030s
    79 |   1.3969 |   0.5256 |   0.5229 |   0.5218 |    0.029s
    80 |   1.3967 |   0.5031 |   0.5016 |   0.4995 |    0.029s
    81 |   1.3937 |   0.4152 |   0.4161 |   0.4146 |    0.031s
    82 |   1.4129 |   0.3395 |   0.3367 |   0.3349 |    0.030s
    83 |   1.4116 |   0.4054 |   0.4064 |   0.4041 |    0.028s
    84 |   1.4339 |   0.4557 |   0.4547 |   0.4540 |    0.029s
    85 |   1.3994 |   0.4854 |   0.4843 |   0.4840 |    0.029s
    86 |   1.4318 |   0.5098 |   0.5122 |   0.5110 |    0.029s
    87 |   1.4188 |   0.5015 |   0.5051 |   0.5040 |    0.030s
    88 |   1.4162 |   0.5117 |   0.5135 |   0.5107 |    0.029s
    89 |   1.4195 |   0.4817 |   0.4816 |   0.4795 |    0.029s
    90 |   1.4175 |   0.4873 |   0.4835 |   0.4805 |    0.028s
    91 |   1.4240 |   0.4829 |   0.4779 |   0.4774 |    0.028s
    92 |   1.4153 |   0.5170 |   0.5148 |   0.5123 |    0.030s
    93 |   1.4047 |   0.4827 |   0.4809 |   0.4820 |    0.028s
    94 |   1.4121 |   0.5135 |   0.5156 |   0.5122 |    0.030s
    95 |   1.4052 |   0.5027 |   0.5056 |   0.5035 |    0.030s
    96 |   1.4083 |   0.5039 |   0.5039 |   0.5025 |    0.029s
    97 |   1.3989 |   0.5104 |   0.5069 |   0.5074 |    0.029s
    98 |   1.3972 |   0.4612 |   0.4583 |   0.4563 |    0.028s
    99 |   1.3962 |   0.4256 |   0.4246 |   0.4233 |    0.028s
   100 |   1.3960 |   0.5035 |   0.4991 |   0.4976 |    0.029s
   101 |   1.4027 |   0.4866 |   0.4813 |   0.4817 |    0.029s
   102 |   1.4005 |   0.5138 |   0.5092 |   0.5065 |    0.029s
   103 |   1.3958 |   0.4571 |   0.4569 |   0.4576 |    0.027s
   104 |   1.3997 |   0.5229 |   0.5195 |   0.5192 |    0.031s
   105 |   1.3886 |   0.5150 |   0.5102 |   0.5098 |    0.030s
   106 |   1.3970 |   0.5136 |   0.5127 |   0.5117 |    0.029s
   107 |   1.3938 |   0.4830 |   0.4856 |   0.4834 |    0.030s
   108 |   1.3929 |   0.5016 |   0.5034 |   0.5009 |    0.029s
   109 |   1.3958 |   0.4271 |   0.4309 |   0.4303 |    0.030s
   110 |   1.3960 |   0.4337 |   0.4283 |   0.4297 |    0.029s
   111 |   1.4422 |   0.4530 |   0.4544 |   0.4527 |    0.029s
   112 |   1.4047 |   0.4233 |   0.4250 |   0.4240 |    0.029s
   113 |   1.4270 |   0.4283 |   0.4295 |   0.4276 |    0.031s
   114 |   1.4017 |   0.5142 |   0.5138 |   0.5123 |    0.029s
   115 |   1.4076 |   0.4870 |   0.4895 |   0.4843 |    0.030s
   116 |   1.4128 |   0.4661 |   0.4670 |   0.4633 |    0.029s
   117 |   1.4072 |   0.5181 |   0.5173 |   0.5151 |    0.031s
   118 |   1.3969 |   0.5027 |   0.5051 |   0.5042 |    0.032s
   119 |   1.3972 |   0.5168 |   0.5160 |   0.5170 |    0.030s
   120 |   1.3981 |   0.5082 |   0.5106 |   0.5066 |    0.028s
   121 |   1.4034 |   0.4980 |   0.5000 |   0.4990 |    0.026s
   122 |   1.3979 |   0.4994 |   0.5008 |   0.4988 |    0.030s
   123 |   1.3985 |   0.5088 |   0.5099 |   0.5070 |    0.029s
   124 |   1.3989 |   0.5007 |   0.4974 |   0.4949 |    0.027s
   125 |   1.3998 |   0.5143 |   0.5111 |   0.5101 |    0.031s
   126 |   1.3976 |   0.4819 |   0.4810 |   0.4796 |    0.028s
   127 |   1.3905 |   0.5038 |   0.5014 |   0.4996 |    0.030s
   128 |   1.3876 |   0.5026 |   0.5016 |   0.4980 |    0.028s
   129 |   1.3889 |   0.4978 |   0.4994 |   0.4969 |    0.028s
   130 |   1.3863 |   0.4908 |   0.4920 |   0.4878 |    0.028s
   131 |   1.3835 |   0.4997 |   0.5001 |   0.4983 |    0.029s
   132 |   1.3933 |   0.4305 |   0.4304 |   0.4301 |    0.030s
   133 |   1.4170 |   0.5098 |   0.5086 |   0.5074 |    0.030s
   134 |   1.4120 |   0.4939 |   0.4938 |   0.4920 |    0.028s
   135 |   1.3918 |   0.5212 |   0.5165 |   0.5165 |    0.033s
   136 |   1.4021 |   0.5040 |   0.5023 |   0.5011 |    0.030s
   137 |   1.4179 |   0.5049 |   0.5082 |   0.5048 |    0.028s
   138 |   1.4218 |   0.5140 |   0.5147 |   0.5143 |    0.028s
   139 |   1.3994 |   0.5033 |   0.4969 |   0.4947 |    0.030s
   140 |   1.4068 |   0.4796 |   0.4797 |   0.4789 |    0.028s
   141 |   1.4037 |   0.4147 |   0.4166 |   0.4164 |    0.029s
   142 |   1.3995 |   0.3505 |   0.3486 |   0.3537 |    0.029s
   143 |   1.4038 |   0.4158 |   0.4176 |   0.4165 |    0.029s
   144 |   1.3956 |   0.4974 |   0.4980 |   0.4959 |    0.027s
   145 |   1.3998 |   0.4803 |   0.4819 |   0.4797 |    0.028s
   146 |   1.3926 |   0.4464 |   0.4480 |   0.4494 |    0.030s
   147 |   1.4048 |   0.5122 |   0.5141 |   0.5118 |    0.027s
   148 |   1.3968 |   0.5167 |   0.5146 |   0.5117 |    0.029s
   149 |   1.3870 |   0.5225 |   0.5192 |   0.5177 |    0.029s
   150 |   1.3923 |   0.5017 |   0.5000 |   0.4994 |    0.028s
------------------------------------------------------------------------------
【结果汇总】
  最佳验证准确率 : 0.5229  (第 79 轮)
  对应的测试准确率: 0.5218
  训练总耗时     : 4.72s (不含评估) / 整体墙钟时间 11.53s
  平均每轮训练耗时: 0.03s (每轮 1 次参数更新)
  全图推理耗时   : 0.02s
  模型参数量     : 65,287
结果已追加保存到：D:\PHD\博一\入学任务\任务一_节点分类\results\results.jsonl
