[设备] 使用 GPU: NVIDIA GeForce RTX 3070 Ti
[设备] 使用 GPU: NVIDIA GeForce RTX 3070 Ti
[设备] 使用 GPU: NVIDIA GeForce RTX 3070 Ti
[设备] 使用 GPU: NVIDIA GeForce RTX 3070 Ti
[设备] 使用 GPU: NVIDIA GeForce RTX 3070 Ti
[设备] 使用 GPU: NVIDIA GeForce RTX 3070 Ti
[设备] 使用 GPU: NVIDIA GeForce RTX 3070 Ti
[设备] 使用 GPU: NVIDIA GeForce RTX 3070 Ti
[设备] 使用 GPU: NVIDIA GeForce RTX 3070 Ti
[设备] 使用 GPU: NVIDIA GeForce RTX 3070 Ti
[设备] 使用 GPU: NVIDIA GeForce RTX 3070 Ti
[设备] 使用 GPU: NVIDIA GeForce RTX 3070 Ti
[设备] 使用 GPU: NVIDIA GeForce RTX 3070 Ti
[跳过] 有 25 个实验在 results.jsonl 里已经有结果了，本次不重复跑。想全部重跑请加 --no_skip_done。
==============================================================================
任务一 节点分类 —— 批量实验  (stage=all, 本次要跑 13/38 次实验)
每次训练 150 轮 | 结果会写入 results/results.jsonl
==============================================================================
    1. [主实验] Flickr    GraphSAGE  sample (bs=4096)
    2. [主实验] Flickr    GIN        full
    3. [主实验] Flickr    GIN        sample (bs=4096)
    4. [学习率] Cora      GCN full lr=0.001
    5. [学习率] Cora      GCN full lr=0.005
    6. [学习率] Cora      GCN full lr=0.05
    7. [学习率] Flickr    GCN full lr=0.001
    8. [学习率] Flickr    GCN full lr=0.005
    9. [学习率] Flickr    GCN full lr=0.05
   10. [层数]   Cora      GCN full layers=3
   11. [层数]   Cora      GCN full layers=4
   12. [层数]   Flickr    GCN full layers=3
   13. [层数]   Flickr    GCN full layers=4

开始执行……（可以按 Ctrl+C 中断，已完成的结果会保留）

------------------------------------------------------------------------------
[1/13] [主实验] Flickr    GraphSAGE  sample (bs=4096)
------------------------------------------------------------------------------
  -> 完成，用时 19m13.5s
------------------------------------------------------------------------------
[2/13] [主实验] Flickr    GIN        full
------------------------------------------------------------------------------
  -> 完成，用时 24.94s
------------------------------------------------------------------------------
[3/13] [主实验] Flickr    GIN        sample (bs=4096)
------------------------------------------------------------------------------
  -> 完成，用时 9m38.1s
------------------------------------------------------------------------------
[4/13] [学习率] Cora      GCN full lr=0.001
------------------------------------------------------------------------------
  -> 完成，用时 9.59s
------------------------------------------------------------------------------
[5/13] [学习率] Cora      GCN full lr=0.005
------------------------------------------------------------------------------
  -> 完成，用时 9.45s
------------------------------------------------------------------------------
[6/13] [学习率] Cora      GCN full lr=0.05
------------------------------------------------------------------------------
  -> 完成，用时 9.49s
------------------------------------------------------------------------------
[7/13] [学习率] Flickr    GCN full lr=0.001
------------------------------------------------------------------------------
  -> 完成，用时 16.62s
------------------------------------------------------------------------------
[8/13] [学习率] Flickr    GCN full lr=0.005
------------------------------------------------------------------------------
  -> 完成，用时 17.22s
------------------------------------------------------------------------------
[9/13] [学习率] Flickr    GCN full lr=0.05
------------------------------------------------------------------------------
  -> 完成，用时 18.98s
------------------------------------------------------------------------------
[10/13] [层数]   Cora      GCN full layers=3
------------------------------------------------------------------------------
  -> 完成，用时 11.41s
------------------------------------------------------------------------------
[11/13] [层数]   Cora      GCN full layers=4
------------------------------------------------------------------------------
  -> 完成，用时 12.09s
------------------------------------------------------------------------------
[12/13] [层数]   Flickr    GCN full layers=3
------------------------------------------------------------------------------
  -> 完成，用时 25.95s
------------------------------------------------------------------------------
[13/13] [层数]   Flickr    GCN full layers=4
------------------------------------------------------------------------------
  -> 完成，用时 28.24s

==============================================================================
批量实验结束：成功 13 次，失败 0 次，总用时 31m55.6s
==============================================================================
实验结果保存在：D:\PHD\博一\入学任务\任务一_节点分类\results\results.jsonl

下一步：运行  python plot_results.py  生成图表
