==============================================================================
任务三 图分类 —— ENZYMES_GraphSAGE_pool-avg_sample_L3_lr0.01
时间：2026-09-15 21:05:04
==============================================================================
数据集=ENZYMES  模型=GraphSAGE  池化=AvgPooling（平均池化）（avg）
层数=3  隐藏维度=128  dropout=0.5
学习率=0.01  权重衰减=0.0005  轮数=150
训练方式=分批次训练  批次大小设置=32  随机种子=42

------------------------------------------------------------------------------
第 1 步：加载数据
------------------------------------------------------------------------------
  数据加载用时 0.09s
  节点特征维度=21  输出维度=6  任务类型=classification
  训练集 480 张图 / 验证集 60 / 测试集 60
  训练批次大小=32  每个 epoch 有 15 个 batch

------------------------------------------------------------------------------
第 2 步：搭建模型
------------------------------------------------------------------------------
  GraphSAGE + AvgPooling（平均池化）
  可训练参数量 = 80,966
  模型结构：
GraphClassifier(
  (convs): ModuleList(
    (0): SAGEConv(21, 128)
    (1-2): 2 x SAGEConv(128, 128)
  )
  (norms): ModuleList(
    (0-2): 3 x BatchNorm1d(128, eps=1e-05, momentum=0.1, affine=True, track_running_stats=True)
  )
  (pool_norm): LayerNorm((128,), eps=1e-05, elementwise_affine=True)
  (classifier): Sequential(
    (0): Linear(in_features=128, out_features=64, bias=True)
    (1): ReLU()
    (2): Dropout(p=0.5, inplace=False)
    (3): Linear(in_features=64, out_features=6, bias=True)
  )
)

------------------------------------------------------------------------------
第 3 步：开始训练
------------------------------------------------------------------------------
    轮次        训练损失        训练指标        验证损失       验证准确率        耗时
     1      1.7989           -      1.7875      0.2333     0.27s
     2      1.7976           -      1.7164      0.2333     0.10s
     3      1.7517           -      1.7410      0.2667     0.10s
     4      1.7062           -      1.7446      0.1833     0.09s
     5      1.7047           -      1.7431      0.2500     0.10s
     6      1.7041           -      1.7566      0.2167     0.10s
     7      1.6999           -      1.7076      0.3167     0.10s
     8      1.6882           -      1.8178      0.2167     0.10s
     9      1.6969           -      1.6529      0.2833     0.10s
    10      1.6688           -      1.6307      0.3333     0.09s
    11      1.7339           -      1.7483      0.2833     0.10s
    12      1.7230           -      1.7222      0.3000     0.09s
    13      1.6947           -      1.6853      0.2833     0.09s
    14      1.6695           -      1.8151      0.2333     0.09s
    15      1.6919           -      1.7111      0.2500     0.09s
    16      1.6669           -      1.7137      0.3333     0.09s
    17      1.6741           -      1.8047      0.1833     0.09s
    18      1.6747           -      1.6919      0.2167     0.09s
    19      1.7131           -      1.7065      0.2833     0.09s
    20      1.6211           -      1.7769      0.1667     0.10s
    21      1.6899           -      1.6471      0.2667     0.09s
    22      1.6901           -      1.6302      0.2833     0.10s
    23      1.6760           -      1.6944      0.3333     0.10s
    24      1.6644           -      1.5467      0.3833     0.10s
    25      1.6521           -      1.6803      0.2833     0.10s
    26      1.6955           -      1.7841      0.2833     0.09s
    27      1.6627           -      1.5531      0.3833     0.09s
    28      1.6601           -      1.7546      0.2167     0.09s
    29      1.6384           -      1.7570      0.2667     0.10s
    30      1.6710           -      1.7902      0.3167     0.09s
    31      1.6647           -      1.7177      0.2167     0.10s
    32      1.6251           -      1.6420      0.3000     0.10s
    33      1.6664           -      1.6577      0.3833     0.10s
    34      1.6106           -      1.6743      0.2833     0.09s
    35      1.5785           -      1.7447      0.3167     0.10s
    36      1.6124           -      1.6134      0.3667     0.10s
    37      1.6327           -      1.7587      0.2667     0.09s
    38      1.5872           -      1.7688      0.3333     0.10s
    39      1.6665           -      1.6767      0.2667     0.09s
    40      1.6842           -      1.7756      0.2833     0.09s
    41      1.6393           -      1.6602      0.4000     0.09s
    42      1.6512           -      1.7751      0.3333     0.09s
    43      1.6451           -      1.6770      0.3167     0.14s
    44      1.6483           -      1.6775      0.3333     0.09s
    45      1.6057           -      1.5064      0.3500     0.11s
    46      1.5823           -      1.6248      0.3500     0.09s
    47      1.6302           -      1.6074      0.4167     0.09s
    48      1.5941           -      1.4825      0.4167     0.10s
    49      1.5950           -      1.5100      0.3333     0.09s
    50      1.5763           -      1.4786      0.3333     0.10s
    51      1.6401           -      1.6411      0.2833     0.09s
    52      1.5884           -      1.5800      0.4500     0.09s
    53      1.6092           -      1.7047      0.2333     0.09s
    54      1.5687           -      1.4459      0.4667     0.09s
    55      1.5696           -      1.6030      0.3333     0.10s
    56      1.5587           -      1.8923      0.2333     0.09s
    57      1.6062           -      1.5009      0.4167     0.10s
    58      1.5921           -      1.4712      0.3833     0.09s
    59      1.6004           -      1.7510      0.2333     0.09s
    60      1.5740           -      1.8377      0.2833     0.10s
    61      1.5978           -      1.6134      0.4167     0.09s
    62      1.5951           -      1.4690      0.4000     0.10s
    63      1.5500           -      1.6095      0.3167     0.09s
    64      1.5519           -      1.7395      0.3000     0.09s
    65      1.5490           -      1.4769      0.4333     0.10s
    66      1.5600           -      1.4778      0.4667     0.09s
    67      1.5625           -      1.5134      0.3833     0.08s
    68      1.5628           -      1.5319      0.4333     0.09s
    69      1.5499           -      1.5842      0.3833     0.09s
    70      1.5675           -      1.5032      0.4333     0.09s
    71      1.5869           -      1.4494      0.4167     0.09s
    72      1.5849           -      1.4941      0.4000     0.09s
    73      1.5732           -      1.6248      0.2500     0.09s
    74      1.5502           -      1.6240      0.3000     0.09s
    75      1.5031           -      1.3563      0.5167     0.09s
    76      1.5388           -      1.4693      0.3833     0.09s
    77      1.5713           -      1.5011      0.4833     0.09s
    78      1.5141           -      1.8634      0.2500     0.09s
    79      1.5458           -      2.1303      0.2500     0.09s
    80      1.5178           -      1.5710      0.3500     0.09s
    81      1.5239           -      1.4494      0.4667     0.10s
    82      1.5255           -      1.4183      0.5000     0.09s
    83      1.4922           -      1.5016      0.4000     0.10s
    84      1.4856           -      1.4385      0.4500     0.10s
    85      1.5474           -      1.5916      0.3833     0.09s
    86      1.4775           -      1.6840      0.3833     0.10s
    87      1.5237           -      1.5611      0.4167     0.09s
    88      1.4995           -      1.7298      0.3667     0.09s
    89      1.5144           -      1.4087      0.5333     0.08s
    90      1.5205           -      1.5041      0.4500     0.09s
    91      1.5133           -      1.5803      0.4167     0.09s
    92      1.5741           -      1.3939      0.4500     0.09s
    93      1.5310           -      1.4484      0.4500     0.09s
    94      1.5003           -      1.5967      0.3833     0.09s
    95      1.4905           -      1.4906      0.4167     0.08s
    96      1.5376           -      1.5119      0.4333     0.10s
    97      1.5092           -      1.5669      0.4333     0.08s
    98      1.4685           -      1.5782      0.4167     0.09s
    99      1.4803           -      1.4990      0.5000     0.09s
   100      1.5381           -      1.5497      0.3833     0.09s
   101      1.4705           -      1.4185      0.4333     0.09s
   102      1.4777           -      1.4869      0.3667     0.09s
   103      1.5127           -      3.0137      0.2333     0.09s
   104      1.4499           -      1.7563      0.2833     0.09s
   105      1.4415           -      1.8311      0.2833     0.08s
   106      1.5060           -      1.5762      0.3833     0.08s
   107      1.5357           -      1.6627      0.3667     0.09s
   108      1.4804           -      1.4560      0.5167     0.09s
   109      1.4453           -      1.7989      0.3000     0.09s
   110      1.5154           -      1.4654      0.4667     0.09s
   111      1.4837           -      1.4827      0.4833     0.09s
   112      1.4991           -      1.4739      0.4167     0.09s
   113      1.4502           -      1.4356      0.5000     0.08s
   114      1.4470           -      1.7586      0.4000     0.09s
   115      1.4498           -      1.6791      0.3833     0.08s
   116      1.5387           -      1.5632      0.4500     0.08s
   117      1.4925           -      1.6046      0.3500     0.09s
   118      1.4895           -      1.4462      0.5333     0.09s
   119      1.4800           -      1.4649      0.5333     0.09s
   120      1.4441           -      1.4508      0.4833     0.09s
   121      1.4194           -      1.3853      0.4667     0.09s
   122      1.4323           -      1.2859      0.5167     0.09s
   123      1.5197           -      1.3617      0.4833     0.09s
   124      1.5455           -      1.4254      0.4667     0.09s
   125      1.5446           -      2.7164      0.2500     0.10s
   126      1.5053           -      1.3702      0.4500     0.09s
   127      1.4611           -      1.5666      0.3833     0.09s
   128      1.4384           -      1.3767      0.4667     0.12s
   129      1.4655           -      1.5236      0.3500     0.10s
   130      1.4945           -      1.3881      0.5333     0.09s
   131      1.4526           -      1.3787      0.4500     0.09s
   132      1.4800           -      1.5006      0.4333     0.20s
   133      1.4961           -      1.5458      0.3333     0.19s
   134      1.4929           -      2.4934      0.3500     0.19s
   135      1.5405           -      1.5155      0.4167     0.17s
   136      1.4705           -      2.0747      0.2167     0.17s
   137      1.5083           -      1.5114      0.4000     0.17s
   138      1.4699           -      1.5136      0.4500     0.17s
   139      1.4508           -      1.2386      0.5167     0.16s

  验证集连续 50 轮没有提升，提前停止训练。

------------------------------------------------------------------------------
第 4 步：用验证集上最好的模型测测试集
------------------------------------------------------------------------------
  最好的一轮（第 89 轮）：验证集准确率 = 0.5333
  训练集准确率 = 0.4479   （和验证集差很多就说明过拟合了）
  测试集损失 = 1.4791
  测试集准确率 = 0.4333   <<< 这是最终成绩
  测试耗时 0.01s

------------------------------------------------------------------------------
时间统计
------------------------------------------------------------------------------
  纯训练总耗时      = 13.71s（不含评估，共 139 轮）
  平均每轮训练耗时  = 0.10s
  每个 epoch 的 batch 数 = 15
  整个脚本总耗时    = 14.75s

结果已追加到：D:\PHD\博一\入学任务\任务三_图分类\results\results.jsonl
逐轮历史已保存：D:\PHD\博一\入学任务\任务三_图分类\results\history\ENZYMES_GraphSAGE_pool-avg_sample_L3_lr0.01.json
==============================================================================
