==============================================================================
任务三 图分类 —— ENZYMES_GAT_pool-avg_sample_L3_lr0.01
时间：2026-09-15 21:04:41
==============================================================================
数据集=ENZYMES  模型=GAT  池化=AvgPooling（平均池化）（avg）
层数=3  隐藏维度=128  dropout=0.5
学习率=0.01  权重衰减=0.0005  轮数=150
训练方式=分批次训练  批次大小设置=32  随机种子=42

------------------------------------------------------------------------------
第 1 步：加载数据
------------------------------------------------------------------------------
  数据加载用时 0.09s
  节点特征维度=21  输出维度=6  任务类型=classification
  训练集 480 张图 / 验证集 60 / 测试集 60
  训练批次大小=32  每个 epoch 有 15 个 batch

------------------------------------------------------------------------------
第 2 步：搭建模型
------------------------------------------------------------------------------
  GAT + AvgPooling（平均池化）
  可训练参数量 = 46,278
  模型结构：
GraphClassifier(
  (convs): ModuleList(
    (0): GATConv(21, 16, heads=8)
    (1-2): 2 x GATConv(128, 16, heads=8)
  )
  (norms): ModuleList(
    (0-2): 3 x BatchNorm1d(128, eps=1e-05, momentum=0.1, affine=True, track_running_stats=True)
  )
  (pool_norm): LayerNorm((128,), eps=1e-05, elementwise_affine=True)
  (classifier): Sequential(
    (0): Linear(in_features=128, out_features=64, bias=True)
    (1): ReLU()
    (2): Dropout(p=0.5, inplace=False)
    (3): Linear(in_features=64, out_features=6, bias=True)
  )
)

------------------------------------------------------------------------------
第 3 步：开始训练
------------------------------------------------------------------------------
    轮次        训练损失        训练指标        验证损失       验证准确率        耗时
     1      1.8240           -      1.7640      0.2167     1.79s
     2      1.7893           -      1.8527      0.2167     0.15s
     3      1.8039           -      1.8456      0.1833     0.15s
     4      1.7338           -      1.9062      0.2167     0.16s
     5      1.7264           -      2.0636      0.2167     0.15s
     6      1.7038           -      2.0126      0.2167     0.15s
     7      1.7472           -      1.9602      0.2167     0.15s
     8      1.7574           -      1.9845      0.2167     0.15s
     9      1.7378           -      1.8949      0.2167     0.16s
    10      1.7559           -      1.8532      0.2333     0.15s
    11      1.7276           -      1.8263      0.2167     0.15s
    12      1.7031           -      1.8516      0.2167     0.16s
    13      1.7098           -      1.8834      0.1667     0.15s
    14      1.7324           -      1.8583      0.2167     0.14s
    15      1.7263           -      1.9394      0.2167     0.17s
    16      1.7142           -      1.8131      0.2167     0.16s
    17      1.7130           -      1.8809      0.2167     0.15s
    18      1.7003           -      2.0032      0.2167     0.17s
    19      1.7037           -      1.8863      0.2167     0.15s
    20      1.6903           -      1.9460      0.2167     0.15s
    21      1.7387           -      1.8953      0.2167     0.15s
    22      1.7006           -      1.8993      0.2167     0.15s
    23      1.7393           -      1.9016      0.2167     0.15s
    24      1.6955           -      1.8962      0.2167     0.15s
    25      1.7027           -      1.9751      0.2500     0.15s
    26      1.6885           -      1.9825      0.2333     0.15s
    27      1.7044           -      1.7698      0.2500     0.16s
    28      1.7142           -      1.8226      0.2500     0.15s
    29      1.7122           -      1.8500      0.2167     0.14s
    30      1.7236           -      1.9205      0.1833     0.16s
    31      1.7104           -      1.8632      0.2167     0.15s
    32      1.7014           -      1.9082      0.2167     0.15s
    33      1.7079           -      2.1326      0.2167     0.15s
    34      1.6891           -      2.0562      0.2500     0.14s
    35      1.6890           -      2.0454      0.2500     0.15s
    36      1.6736           -      1.9242      0.2500     0.14s
    37      1.6827           -      2.0855      0.2333     0.16s
    38      1.6662           -      1.9616      0.2500     0.15s
    39      1.6548           -      1.8073      0.2667     0.14s
    40      1.6762           -      1.7910      0.3000     0.14s
    41      1.6877           -      1.8440      0.2667     0.16s
    42      1.6821           -      1.8431      0.3000     0.14s
    43      1.6941           -      1.8098      0.2167     0.16s
    44      1.6730           -      1.8716      0.2333     0.18s
    45      1.6955           -      1.7621      0.2500     0.15s
    46      1.6860           -      2.0065      0.2333     0.15s
    47      1.6914           -      2.0637      0.3000     0.16s
    48      1.6711           -      2.0718      0.2167     0.15s
    49      1.6690           -      1.8796      0.3167     0.15s
    50      1.7104           -      1.8405      0.2333     0.17s
    51      1.6793           -      1.8842      0.2667     0.15s
    52      1.6523           -      2.0512      0.2167     0.15s
    53      1.6660           -      2.0811      0.2167     0.16s
    54      1.6957           -      1.9447      0.2167     0.15s
    55      1.6568           -      1.9099      0.1833     0.15s
    56      1.6626           -      2.0764      0.2167     0.15s
    57      1.6280           -      2.1694      0.2167     0.16s
    58      1.6796           -      1.9994      0.2167     0.15s
    59      1.6315           -      2.0439      0.2167     0.16s
    60      1.6500           -      1.9811      0.2167     0.15s
    61      1.6379           -      2.0661      0.2000     0.15s
    62      1.6476           -      2.0165      0.2333     0.14s
    63      1.6891           -      1.9350      0.2167     0.14s
    64      1.6807           -      1.9177      0.2833     0.14s
    65      1.6891           -      1.9756      0.2167     0.15s
    66      1.6331           -      2.2718      0.2167     0.15s
    67      1.6621           -      1.9104      0.2500     0.15s
    68      1.6697           -      2.0393      0.2167     0.14s
    69      1.6476           -      2.1995      0.2333     0.15s
    70      1.6374           -      2.1226      0.2333     0.15s
    71      1.6416           -      2.0512      0.2833     0.14s
    72      1.6545           -      1.9673      0.2333     0.15s
    73      1.6613           -      2.1016      0.2333     0.14s
    74      1.6475           -      1.7947      0.3167     0.16s
    75      1.6742           -      1.8406      0.2667     0.16s
    76      1.6858           -      1.9531      0.3000     0.14s
    77      1.6359           -      2.0576      0.2833     0.15s
    78      1.6262           -      2.2653      0.2833     0.15s
    79      1.6567           -      2.0959      0.2500     0.15s
    80      1.6117           -      2.0580      0.2500     0.15s
    81      1.6400           -      1.9846      0.2333     0.15s
    82      1.6169           -      1.9946      0.2833     0.15s
    83      1.6288           -      1.7567      0.3167     0.17s
    84      1.6401           -      1.8904      0.2667     0.16s
    85      1.6253           -      2.1370      0.2167     0.15s
    86      1.6664           -      1.9891      0.2167     0.16s
    87      1.6447           -      1.9352      0.2333     0.15s
    88      1.6364           -      2.1300      0.2500     0.15s
    89      1.6473           -      1.7906      0.2333     0.16s
    90      1.6350           -      1.9407      0.2667     0.18s
    91      1.6678           -      2.0239      0.2333     0.16s
    92      1.6392           -      1.9111      0.2667     0.16s
    93      1.6146           -      1.9330      0.2167     0.15s
    94      1.6413           -      2.0892      0.2167     0.16s
    95      1.6142           -      1.9754      0.2500     0.16s
    96      1.6023           -      2.0950      0.2333     0.17s
    97      1.6491           -      1.9894      0.2333     0.15s
    98      1.6560           -      1.8749      0.2333     0.15s
    99      1.6421           -      1.9077      0.3167     0.15s

  验证集连续 50 轮没有提升，提前停止训练。

------------------------------------------------------------------------------
第 4 步：用验证集上最好的模型测测试集
------------------------------------------------------------------------------
  最好的一轮（第 49 轮）：验证集准确率 = 0.3167
  训练集准确率 = 0.3021   （和验证集差很多就说明过拟合了）
  测试集损失 = 1.8921
  测试集准确率 = 0.1833   <<< 这是最终成绩
  测试耗时 0.01s

------------------------------------------------------------------------------
时间统计
------------------------------------------------------------------------------
  纯训练总耗时      = 16.77s（不含评估，共 99 轮）
  平均每轮训练耗时  = 0.15s
  每个 epoch 的 batch 数 = 15
  整个脚本总耗时    = 18.19s

结果已追加到：D:\PHD\博一\入学任务\任务三_图分类\results\results.jsonl
逐轮历史已保存：D:\PHD\博一\入学任务\任务三_图分类\results\history\ENZYMES_GAT_pool-avg_sample_L3_lr0.01.json
==============================================================================
