==============================================================================
任务三 图分类 —— PROTEINS_GCN_pool-avg_sample_L3_lr0.01
时间：2026-09-15 21:02:01
==============================================================================
数据集=PROTEINS  模型=GCN  池化=AvgPooling（平均池化）（avg）
层数=3  隐藏维度=128  dropout=0.5
学习率=0.01  权重衰减=0.0005  轮数=150
训练方式=分批次训练  批次大小设置=32  随机种子=42

------------------------------------------------------------------------------
第 1 步：加载数据
------------------------------------------------------------------------------
  数据加载用时 0.11s
  节点特征维度=4  输出维度=2  任务类型=classification
  训练集 891 张图 / 验证集 111 / 测试集 111
  训练批次大小=32  每个 epoch 有 28 个 batch

------------------------------------------------------------------------------
第 2 步：搭建模型
------------------------------------------------------------------------------
  GCN + AvgPooling（平均池化）
  可训练参数量 = 43,074
  模型结构：
GraphClassifier(
  (convs): ModuleList(
    (0): GCNConv(4, 128)
    (1-2): 2 x GCNConv(128, 128)
  )
  (norms): ModuleList(
    (0-2): 3 x BatchNorm1d(128, eps=1e-05, momentum=0.1, affine=True, track_running_stats=True)
  )
  (pool_norm): LayerNorm((128,), eps=1e-05, elementwise_affine=True)
  (classifier): Sequential(
    (0): Linear(in_features=128, out_features=64, bias=True)
    (1): ReLU()
    (2): Dropout(p=0.5, inplace=False)
    (3): Linear(in_features=64, out_features=2, bias=True)
  )
)

------------------------------------------------------------------------------
第 3 步：开始训练
------------------------------------------------------------------------------
    轮次        训练损失        训练指标        验证损失       验证准确率        耗时
     1      0.6979           -      0.6451      0.5856     0.46s
     2      0.6332           -      0.6493      0.6667     0.23s
     3      0.6336           -      0.6174      0.6577     0.23s
     4      0.6448           -      0.7451      0.4775     0.24s
     5      0.6359           -      0.6311      0.6126     0.23s
     6      0.6145           -      0.6192      0.6577     0.22s
     7      0.6194           -      0.6051      0.7027     0.23s
     8      0.6241           -      0.6382      0.6036     0.22s
     9      0.6279           -      0.6304      0.6216     0.23s
    10      0.6318           -      0.6386      0.6847     0.22s
    11      0.6328           -      0.5956      0.7027     0.22s
    12      0.6264           -      0.6270      0.6036     0.22s
    13      0.6074           -      0.6063      0.6577     0.23s
    14      0.6224           -      0.6102      0.6577     0.23s
    15      0.6158           -      0.6699      0.6216     0.23s
    16      0.6136           -      0.6972      0.5946     0.24s
    17      0.6022           -      0.6501      0.6216     0.24s
    18      0.6085           -      0.5881      0.7027     0.23s
    19      0.6436           -      0.6198      0.5946     0.29s
    20      0.6199           -      0.6235      0.6306     0.22s
    21      0.6206           -      0.6444      0.6667     0.22s
    22      0.6158           -      0.6238      0.6306     0.23s
    23      0.6230           -      0.5946      0.6937     0.23s
    24      0.6185           -      0.6151      0.7027     0.24s
    25      0.5983           -      0.5903      0.7027     0.23s
    26      0.6081           -      0.6403      0.7117     0.22s
    27      0.6180           -      0.6055      0.6937     0.22s
    28      0.6001           -      0.7039      0.6036     0.22s
    29      0.6018           -      0.5971      0.6937     0.22s
    30      0.5979           -      0.6089      0.6847     0.23s
    31      0.6001           -      0.6420      0.6216     0.22s
    32      0.6076           -      0.6212      0.6486     0.22s
    33      0.5928           -      0.6150      0.6396     0.22s
    34      0.5886           -      0.5929      0.6847     0.23s
    35      0.6350           -      0.5981      0.6757     0.21s
    36      0.6115           -      0.6175      0.6486     0.22s
    37      0.6011           -      0.6036      0.6847     0.21s
    38      0.6007           -      0.6052      0.6667     0.22s
    39      0.5951           -      0.6197      0.7027     0.22s
    40      0.5945           -      0.6351      0.6396     0.22s
    41      0.6022           -      0.6364      0.6396     0.22s
    42      0.5971           -      0.6010      0.6486     0.22s
    43      0.6034           -      0.6443      0.7117     0.23s
    44      0.5864           -      0.6464      0.7117     0.23s
    45      0.5856           -      0.5873      0.7117     0.22s
    46      0.5828           -      0.6055      0.6847     0.23s
    47      0.5906           -      0.6116      0.7117     0.22s
    48      0.5874           -      0.5928      0.7027     0.22s
    49      0.6072           -      0.5879      0.6757     0.24s
    50      0.5823           -      0.6658      0.6486     0.23s
    51      0.5871           -      0.6189      0.6396     0.23s
    52      0.6045           -      0.6250      0.5946     0.26s
    53      0.5762           -      0.6062      0.6937     0.24s
    54      0.5838           -      0.6215      0.6667     0.24s
    55      0.5613           -      0.6022      0.7117     0.24s
    56      0.6033           -      0.5892      0.7027     0.49s
    57      0.5816           -      0.6481      0.6937     0.53s
    58      0.6061           -      0.6002      0.6757     0.53s
    59      0.5920           -      0.5976      0.7297     0.52s
    60      0.5913           -      0.5709      0.7207     0.52s
    61      0.5681           -      0.6087      0.7207     0.54s
    62      0.6011           -      0.5856      0.6937     0.52s
    63      0.6160           -      0.6286      0.6306     0.53s
    64      0.5966           -      0.6005      0.6667     0.51s
    65      0.6018           -      0.6410      0.6667     0.34s
    66      0.5864           -      0.5767      0.7117     0.54s
    67      0.5722           -      0.5729      0.6847     0.53s
    68      0.6031           -      0.6457      0.7117     0.53s
    69      0.5854           -      0.5920      0.7027     0.54s
    70      0.5747           -      0.6348      0.7297     0.53s
    71      0.5924           -      0.6049      0.7027     0.54s
    72      0.5769           -      0.5838      0.7297     0.53s
    73      0.5791           -      0.6074      0.7027     0.54s
    74      0.5923           -      0.6058      0.6937     0.54s
    75      0.5861           -      0.6382      0.6757     0.53s
    76      0.5869           -      0.6005      0.7207     0.54s
    77      0.5895           -      0.6012      0.7387     0.54s
    78      0.5943           -      0.5878      0.6937     0.46s
    79      0.5782           -      0.5906      0.7117     0.24s
    80      0.5581           -      0.5766      0.7027     0.22s
    81      0.5760           -      0.5585      0.7207     0.23s
    82      0.5843           -      0.5695      0.7027     0.23s
    83      0.5712           -      0.6165      0.6937     0.22s
    84      0.5806           -      0.6176      0.6036     0.22s
    85      0.5674           -      0.5738      0.7207     0.22s
    86      0.5795           -      0.5756      0.7297     0.21s
    87      0.5743           -      0.5761      0.6937     0.27s
    88      0.5828           -      0.5874      0.7027     0.23s
    89      0.5765           -      0.5818      0.7117     0.22s
    90      0.5800           -      0.5841      0.7027     0.22s
    91      0.5827           -      0.5953      0.7117     0.22s
    92      0.5913           -      0.6152      0.6937     0.23s
    93      0.5808           -      0.5869      0.7117     0.23s
    94      0.5756           -      0.5885      0.6937     0.22s
    95      0.5859           -      0.5828      0.7117     0.22s
    96      0.5717           -      0.6144      0.6667     0.22s
    97      0.5835           -      0.5814      0.7207     0.22s
    98      0.5761           -      0.5890      0.7387     0.22s
    99      0.5974           -      0.5841      0.7027     0.24s
   100      0.5933           -      0.5784      0.7297     0.22s
   101      0.5963           -      0.5812      0.7207     0.22s
   102      0.5839           -      0.5668      0.7387     0.22s
   103      0.5730           -      0.5929      0.7117     0.22s
   104      0.5887           -      0.5946      0.6937     0.22s
   105      0.5791           -      0.6369      0.6396     0.22s
   106      0.5783           -      0.6224      0.6757     0.23s
   107      0.5637           -      0.5619      0.7297     0.22s
   108      0.5832           -      0.5796      0.7117     0.23s
   109      0.5782           -      0.5960      0.7568     0.21s
   110      0.5838           -      0.5973      0.6937     0.22s
   111      0.5866           -      0.5703      0.7207     0.23s
   112      0.5907           -      0.5638      0.7297     0.22s
   113      0.5705           -      0.6147      0.6757     0.23s
   114      0.5804           -      0.5711      0.7297     0.21s
   115      0.5686           -      0.5932      0.6847     0.23s
   116      0.5855           -      0.6791      0.5676     0.22s
   117      0.5686           -      0.5955      0.7027     0.23s
   118      0.5930           -      0.5832      0.7027     0.22s
   119      0.5552           -      0.5989      0.7117     0.22s
   120      0.5860           -      0.5924      0.6847     0.23s
   121      0.5875           -      0.5982      0.6937     0.23s
   122      0.5749           -      0.5955      0.7027     0.22s
   123      0.6036           -      0.5772      0.7027     0.21s
   124      0.5810           -      0.5992      0.6216     0.22s
   125      0.5877           -      0.5746      0.7117     0.22s
   126      0.5716           -      0.5883      0.7027     0.23s
   127      0.5687           -      0.6441      0.6847     0.21s
   128      0.5835           -      0.5962      0.7027     0.22s
   129      0.5987           -      0.5971      0.6577     0.22s
   130      0.5987           -      0.5955      0.6937     0.22s
   131      0.5802           -      0.5846      0.7297     0.21s
   132      0.5759           -      0.6376      0.5856     0.21s
   133      0.5976           -      0.6021      0.7207     0.23s
   134      0.5877           -      0.5952      0.7297     0.23s
   135      0.5875           -      0.5864      0.6757     0.21s
   136      0.5720           -      0.6009      0.7027     0.22s
   137      0.5731           -      0.5932      0.6937     0.21s
   138      0.5716           -      0.5836      0.7477     0.21s
   139      0.5851           -      0.6088      0.6847     0.21s
   140      0.5759           -      0.5834      0.7207     0.21s
   141      0.5849           -      0.7232      0.5225     0.21s
   142      0.5865           -      0.6271      0.7117     0.21s
   143      0.5817           -      0.6243      0.6847     0.23s
   144      0.5719           -      0.6653      0.6126     0.22s
   145      0.5854           -      0.6130      0.6216     0.22s
   146      0.5709           -      0.6304      0.6757     0.21s
   147      0.5875           -      0.5851      0.7027     0.21s
   148      0.5638           -      0.6191      0.6577     0.23s
   149      0.5608           -      0.5785      0.7387     0.29s
   150      0.5951           -      0.6167      0.6937     0.22s

------------------------------------------------------------------------------
第 4 步：用验证集上最好的模型测测试集
------------------------------------------------------------------------------
  最好的一轮（第 109 轮）：验证集准确率 = 0.7568
  训练集准确率 = 0.7351   （和验证集差很多就说明过拟合了）
  测试集损失 = 0.5939
  测试集准确率 = 0.7207   <<< 这是最终成绩
  测试耗时 0.02s

------------------------------------------------------------------------------
时间统计
------------------------------------------------------------------------------
  纯训练总耗时      = 40.77s（不含评估，共 150 轮）
  平均每轮训练耗时  = 0.27s
  每个 epoch 的 batch 数 = 28
  整个脚本总耗时    = 44.93s

结果已追加到：D:\PHD\博一\入学任务\任务三_图分类\results\results.jsonl
逐轮历史已保存：D:\PHD\博一\入学任务\任务三_图分类\results\history\PROTEINS_GCN_pool-avg_sample_L3_lr0.01.json
==============================================================================
