==============================================================================
任务三 图分类 —— PROTEINS_GraphSAGE_pool-avg_sample_L3_lr0.01
时间：2026-09-15 21:03:16
==============================================================================
数据集=PROTEINS  模型=GraphSAGE  池化=AvgPooling（平均池化）（avg）
层数=3  隐藏维度=128  dropout=0.5
学习率=0.01  权重衰减=0.0005  轮数=150
训练方式=分批次训练  批次大小设置=32  随机种子=42

------------------------------------------------------------------------------
第 1 步：加载数据
------------------------------------------------------------------------------
  数据加载用时 0.11s
  节点特征维度=4  输出维度=2  任务类型=classification
  训练集 891 张图 / 验证集 111 / 测试集 111
  训练批次大小=32  每个 epoch 有 28 个 batch

------------------------------------------------------------------------------
第 2 步：搭建模型
------------------------------------------------------------------------------
  GraphSAGE + AvgPooling（平均池化）
  可训练参数量 = 76,354
  模型结构：
GraphClassifier(
  (convs): ModuleList(
    (0): SAGEConv(4, 128)
    (1-2): 2 x SAGEConv(128, 128)
  )
  (norms): ModuleList(
    (0-2): 3 x BatchNorm1d(128, eps=1e-05, momentum=0.1, affine=True, track_running_stats=True)
  )
  (pool_norm): LayerNorm((128,), eps=1e-05, elementwise_affine=True)
  (classifier): Sequential(
    (0): Linear(in_features=128, out_features=64, bias=True)
    (1): ReLU()
    (2): Dropout(p=0.5, inplace=False)
    (3): Linear(in_features=64, out_features=2, bias=True)
  )
)

------------------------------------------------------------------------------
第 3 步：开始训练
------------------------------------------------------------------------------
    轮次        训练损失        训练指标        验证损失       验证准确率        耗时
     1      0.7049           -      0.6596      0.6577     0.35s
     2      0.6493           -      0.7020      0.4865     0.18s
     3      0.6552           -      0.7098      0.4144     0.19s
     4      0.6361           -      0.6641      0.6306     0.18s
     5      0.6397           -      0.6494      0.5766     0.17s
     6      0.6253           -      0.6764      0.6126     0.16s
     7      0.6330           -      0.6336      0.6847     0.18s
     8      0.6348           -      0.6473      0.6667     0.17s
     9      0.6257           -      0.6093      0.6577     0.17s
    10      0.6115           -      0.6293      0.6396     0.16s
    11      0.6275           -      0.6663      0.5946     0.17s
    12      0.6226           -      0.6393      0.6306     0.18s
    13      0.6270           -      0.6360      0.6396     0.17s
    14      0.6062           -      0.6436      0.6577     0.17s
    15      0.6157           -      0.6104      0.6847     0.17s
    16      0.6113           -      0.5930      0.6126     0.17s
    17      0.6115           -      0.6262      0.6577     0.17s
    18      0.6143           -      0.6048      0.6306     0.17s
    19      0.6119           -      0.6617      0.6396     0.21s
    20      0.6259           -      0.6160      0.6667     0.18s
    21      0.5996           -      0.6776      0.5946     0.17s
    22      0.6041           -      0.5978      0.6757     0.17s
    23      0.5943           -      0.6845      0.6396     0.18s
    24      0.6099           -      0.5953      0.6937     0.17s
    25      0.5847           -      0.6064      0.6396     0.17s
    26      0.6200           -      0.6516      0.7207     0.16s
    27      0.6118           -      0.5990      0.7207     0.17s
    28      0.6176           -      0.6056      0.7027     0.16s
    29      0.6016           -      0.6292      0.6486     0.17s
    30      0.6041           -      0.6313      0.6396     0.17s
    31      0.6152           -      0.6282      0.6847     0.17s
    32      0.6162           -      0.6101      0.5946     0.17s
    33      0.5967           -      0.6324      0.6757     0.16s
    34      0.6069           -      0.6196      0.5856     0.17s
    35      0.6008           -      0.6019      0.6757     0.16s
    36      0.6049           -      0.5869      0.6577     0.17s
    37      0.6241           -      0.6069      0.6306     0.17s
    38      0.5805           -      0.6092      0.6757     0.16s
    39      0.5923           -      0.6051      0.7027     0.16s
    40      0.5944           -      0.5756      0.6937     0.16s
    41      0.5959           -      0.5722      0.6937     0.16s
    42      0.6012           -      0.6075      0.6847     0.16s
    43      0.6002           -      0.5710      0.7117     0.16s
    44      0.5978           -      0.5746      0.6937     0.16s
    45      0.5905           -      0.5827      0.7027     0.16s
    46      0.5816           -      0.5905      0.7297     0.16s
    47      0.5882           -      0.5769      0.7297     0.17s
    48      0.5859           -      0.5723      0.6847     0.16s
    49      0.5972           -      0.6523      0.6216     0.16s
    50      0.5865           -      0.6639      0.5856     0.16s
    51      0.5822           -      0.6051      0.7207     0.16s
    52      0.5783           -      0.5972      0.6486     0.16s
    53      0.5898           -      0.5997      0.7207     0.16s
    54      0.5827           -      0.6483      0.6216     0.16s
    55      0.5777           -      0.6121      0.6757     0.16s
    56      0.5627           -      0.5697      0.6937     0.15s
    57      0.5749           -      0.6192      0.7027     0.16s
    58      0.5766           -      0.5626      0.7117     0.17s
    59      0.5759           -      0.5898      0.7387     0.16s
    60      0.5717           -      0.5479      0.7387     0.15s
    61      0.5798           -      0.5715      0.7027     0.16s
    62      0.5917           -      0.6157      0.6937     0.17s
    63      0.5940           -      0.6020      0.6847     0.16s
    64      0.5737           -      0.5990      0.6577     0.16s
    65      0.5838           -      0.5817      0.6937     0.16s
    66      0.5937           -      0.6346      0.6577     0.17s
    67      0.6042           -      0.5951      0.6306     0.16s
    68      0.5715           -      0.6290      0.6757     0.16s
    69      0.5629           -      0.6361      0.6757     0.17s
    70      0.5993           -      1.0424      0.4054     0.17s
    71      0.5581           -      0.5636      0.7297     0.16s
    72      0.5769           -      0.7174      0.4234     0.17s
    73      0.5738           -      0.5820      0.6847     0.17s
    74      0.5606           -      0.5566      0.7658     0.17s
    75      0.5744           -      0.5918      0.6757     0.17s
    76      0.5751           -      0.6086      0.6667     0.16s
    77      0.5876           -      0.5700      0.7027     0.17s
    78      0.5658           -      0.5787      0.7387     0.16s
    79      0.5622           -      0.5927      0.7027     0.16s
    80      0.5711           -      0.6029      0.7027     0.16s
    81      0.5771           -      0.6271      0.7117     0.16s
    82      0.5795           -      0.6215      0.6937     0.17s
    83      0.5648           -      0.5673      0.6937     0.16s
    84      0.5608           -      0.7275      0.4054     0.16s
    85      0.5934           -      0.6482      0.6036     0.18s
    86      0.5767           -      0.6771      0.5856     0.18s
    87      0.5649           -      0.5842      0.7117     0.17s
    88      0.5776           -      0.5920      0.7297     0.17s
    89      0.5636           -      0.5603      0.6847     0.17s
    90      0.5708           -      0.6285      0.6847     0.16s
    91      0.5732           -      0.6062      0.6216     0.17s
    92      0.5767           -      0.5802      0.7297     0.16s
    93      0.5722           -      0.5888      0.7477     0.16s
    94      0.5809           -      0.6040      0.6667     0.17s
    95      0.5597           -      0.5574      0.7207     0.16s
    96      0.5662           -      0.5655      0.7207     0.16s
    97      0.5774           -      0.6725      0.6036     0.16s
    98      0.5778           -      0.5816      0.7297     0.16s
    99      0.5603           -      0.5873      0.7117     0.15s
   100      0.5735           -      0.6552      0.6036     0.16s
   101      0.5584           -      0.5583      0.7207     0.16s
   102      0.5658           -      0.7775      0.4505     0.16s
   103      0.5784           -      0.5729      0.7207     0.17s
   104      0.5481           -      0.5784      0.7117     0.17s
   105      0.5596           -      0.6148      0.6937     0.16s
   106      0.5642           -      0.5806      0.7027     0.16s
   107      0.5723           -      0.5744      0.7027     0.16s
   108      0.5494           -      0.5768      0.7568     0.16s
   109      0.5681           -      0.6338      0.7117     0.16s
   110      0.5565           -      0.5607      0.7568     0.16s
   111      0.5653           -      0.5686      0.7297     0.16s
   112      0.5829           -      0.7269      0.3874     0.16s
   113      0.5525           -      0.5417      0.7297     0.16s
   114      0.5610           -      0.6153      0.7027     0.16s
   115      0.5743           -      0.6498      0.7387     0.16s
   116      0.5779           -      0.5972      0.6396     0.16s
   117      0.5590           -      0.6223      0.6847     0.16s
   118      0.5692           -      0.6514      0.6216     0.16s
   119      0.5852           -      0.8161      0.3964     0.16s
   120      0.5785           -      0.6057      0.6757     0.16s
   121      0.5617           -      0.6107      0.6667     0.16s
   122      0.5728           -      0.5636      0.7207     0.16s
   123      0.5592           -      0.6159      0.6486     0.15s
   124      0.5669           -      0.5778      0.7117     0.16s

  验证集连续 50 轮没有提升，提前停止训练。

------------------------------------------------------------------------------
第 4 步：用验证集上最好的模型测测试集
------------------------------------------------------------------------------
  最好的一轮（第 74 轮）：验证集准确率 = 0.7658
  训练集准确率 = 0.7520   （和验证集差很多就说明过拟合了）
  测试集损失 = 0.6113
  测试集准确率 = 0.6667   <<< 这是最终成绩
  测试耗时 0.01s

------------------------------------------------------------------------------
时间统计
------------------------------------------------------------------------------
  纯训练总耗时      = 20.67s（不含评估，共 124 轮）
  平均每轮训练耗时  = 0.17s
  每个 epoch 的 batch 数 = 28
  整个脚本总耗时    = 22.27s

结果已追加到：D:\PHD\博一\入学任务\任务三_图分类\results\results.jsonl
逐轮历史已保存：D:\PHD\博一\入学任务\任务三_图分类\results\history\PROTEINS_GraphSAGE_pool-avg_sample_L3_lr0.01.json
==============================================================================
