==============================================================================
任务三 图分类 —— MUTAG_GraphSAGE_pool-avg_sample_L3_lr0.01
时间：2026-09-15 21:01:46
==============================================================================
数据集=MUTAG  模型=GraphSAGE  池化=AvgPooling（平均池化）（avg）
层数=3  隐藏维度=128  dropout=0.5
学习率=0.01  权重衰减=0.0005  轮数=150
训练方式=分批次训练  批次大小设置=32  随机种子=42

------------------------------------------------------------------------------
第 1 步：加载数据
------------------------------------------------------------------------------
  数据加载用时 0.08s
  节点特征维度=7  输出维度=2  任务类型=classification
  训练集 152 张图 / 验证集 18 / 测试集 18
  训练批次大小=32  每个 epoch 有 5 个 batch

------------------------------------------------------------------------------
第 2 步：搭建模型
------------------------------------------------------------------------------
  GraphSAGE + AvgPooling（平均池化）
  可训练参数量 = 77,122
  模型结构：
GraphClassifier(
  (convs): ModuleList(
    (0): SAGEConv(7, 128)
    (1-2): 2 x SAGEConv(128, 128)
  )
  (norms): ModuleList(
    (0-2): 3 x BatchNorm1d(128, eps=1e-05, momentum=0.1, affine=True, track_running_stats=True)
  )
  (pool_norm): LayerNorm((128,), eps=1e-05, elementwise_affine=True)
  (classifier): Sequential(
    (0): Linear(in_features=128, out_features=64, bias=True)
    (1): ReLU()
    (2): Dropout(p=0.5, inplace=False)
    (3): Linear(in_features=64, out_features=2, bias=True)
  )
)

------------------------------------------------------------------------------
第 3 步：开始训练
------------------------------------------------------------------------------
    轮次        训练损失        训练指标        验证损失       验证准确率        耗时
     1      0.6419           -      0.7948      0.6667     0.22s
     2      0.6392           -      0.8042      0.6667     0.03s
     3      0.6398           -      0.7609      0.6667     0.03s
     4      0.5779           -      0.8551      0.6667     0.03s
     5      0.5371           -      0.7417      0.7222     0.03s
     6      0.5108           -      0.7699      0.7222     0.03s
     7      0.5094           -      0.8001      0.6667     0.03s
     8      0.5941           -      0.6801      0.7222     0.04s
     9      0.5263           -      0.5632      0.7222     0.03s
    10      0.5564           -      0.5831      0.7222     0.03s
    11      0.5537           -      0.5551      0.6667     0.03s
    12      0.5412           -      0.6055      0.6667     0.03s
    13      0.4817           -      0.5989      0.6667     0.03s
    14      0.5150           -      0.5645      0.6667     0.04s
    15      0.5420           -      0.5251      0.6667     0.03s
    16      0.5268           -      0.5465      0.6667     0.03s
    17      0.5804           -      0.5274      0.6667     0.03s
    18      0.5549           -      0.5256      0.6667     0.04s
    19      0.5441           -      0.5629      0.6667     0.03s
    20      0.5464           -      0.5370      0.7222     0.03s
    21      0.4827           -      0.5310      0.7222     0.03s
    22      0.5494           -      0.5471      0.7222     0.04s
    23      0.5203           -      0.5357      0.7222     0.03s
    24      0.5546           -      0.5341      0.7778     0.03s
    25      0.4972           -      0.5164      0.7778     0.03s
    26      0.5117           -      0.5094      0.7778     0.03s
    27      0.5588           -      0.5130      0.7778     0.03s
    28      0.5580           -      0.7345      0.4444     0.03s
    29      0.5123           -      0.7115      0.7778     0.03s
    30      0.5864           -      0.6116      0.7778     0.03s
    31      0.5168           -      0.5000      0.7778     0.03s
    32      0.5467           -      0.5110      0.7222     0.03s
    33      0.5229           -      0.5305      0.7222     0.04s
    34      0.4966           -      0.5747      0.7222     0.04s
    35      0.5300           -      0.4923      0.7778     0.03s
    36      0.5328           -      0.6004      0.7778     0.03s
    37      0.5409           -      0.5703      0.7778     0.03s
    38      0.5403           -      0.5134      0.7778     0.03s
    39      0.4905           -      0.5194      0.7222     0.03s
    40      0.4542           -      0.5186      0.7222     0.03s
    41      0.4708           -      0.5826      0.7222     0.03s
    42      0.5708           -      0.5788      0.7222     0.03s
    43      0.5487           -      0.5319      0.6667     0.03s
    44      0.5018           -      0.5278      0.6111     0.03s
    45      0.5458           -      0.5107      0.7222     0.03s
    46      0.5532           -      0.5335      0.7222     0.03s
    47      0.5253           -      0.5517      0.7222     0.03s
    48      0.5316           -      0.5365      0.7222     0.03s
    49      0.4843           -      0.5296      0.7778     0.03s
    50      0.5375           -      0.5040      0.6667     0.03s
    51      0.5241           -      0.4962      0.7222     0.03s
    52      0.5343           -      0.5115      0.7778     0.03s
    53      0.4975           -      0.6494      0.7778     0.03s
    54      0.5276           -      0.5101      0.7778     0.03s
    55      0.5274           -      0.4919      0.7222     0.03s
    56      0.5516           -      0.5708      0.7778     0.03s
    57      0.5706           -      0.6395      0.7778     0.03s
    58      0.5811           -      0.5182      0.7222     0.03s
    59      0.5215           -      0.5429      0.6667     0.03s
    60      0.5167           -      0.5595      0.7222     0.03s
    61      0.5824           -      0.5711      0.7222     0.03s
    62      0.5155           -      0.5511      0.7222     0.03s
    63      0.5374           -      0.5168      0.6667     0.03s
    64      0.5219           -      0.5084      0.6667     0.03s
    65      0.5390           -      0.5465      0.6667     0.03s
    66      0.5718           -      0.5386      0.7778     0.03s
    67      0.5133           -      0.5540      0.7222     0.03s
    68      0.5434           -      0.5480      0.7778     0.03s
    69      0.5669           -      0.5191      0.7778     0.03s
    70      0.5304           -      0.5101      0.7222     0.03s
    71      0.5373           -      0.5063      0.7222     0.03s
    72      0.5245           -      0.5114      0.7222     0.03s
    73      0.5225           -      0.5132      0.7222     0.03s
    74      0.5075           -      0.5027      0.7222     0.03s

  验证集连续 50 轮没有提升，提前停止训练。

------------------------------------------------------------------------------
第 4 步：用验证集上最好的模型测测试集
------------------------------------------------------------------------------
  最好的一轮（第 24 轮）：验证集准确率 = 0.7778
  训练集准确率 = 0.7763   （和验证集差很多就说明过拟合了）
  测试集损失 = 0.5648
  测试集准确率 = 0.7222   <<< 这是最终成绩
  测试耗时 0.00s

------------------------------------------------------------------------------
时间统计
------------------------------------------------------------------------------
  纯训练总耗时      = 2.49s（不含评估，共 74 轮）
  平均每轮训练耗时  = 0.03s
  每个 epoch 的 batch 数 = 5
  整个脚本总耗时    = 2.76s

结果已追加到：D:\PHD\博一\入学任务\任务三_图分类\results\results.jsonl
逐轮历史已保存：D:\PHD\博一\入学任务\任务三_图分类\results\history\MUTAG_GraphSAGE_pool-avg_sample_L3_lr0.01.json
==============================================================================
