==============================================================================
任务三 图分类 —— MUTAG_GIN_pool-avg_sample_L3_lr0.01
时间：2026-09-15 21:01:53
==============================================================================
数据集=MUTAG  模型=GIN  池化=AvgPooling（平均池化）（avg）
层数=3  隐藏维度=128  dropout=0.5
学习率=0.01  权重衰减=0.0005  轮数=150
训练方式=分批次训练  批次大小设置=32  随机种子=42

------------------------------------------------------------------------------
第 1 步：加载数据
------------------------------------------------------------------------------
  数据加载用时 0.07s
  节点特征维度=7  输出维度=2  任务类型=classification
  训练集 152 张图 / 验证集 18 / 测试集 18
  训练批次大小=32  每个 epoch 有 5 个 batch

------------------------------------------------------------------------------
第 2 步：搭建模型
------------------------------------------------------------------------------
  GIN + AvgPooling（平均池化）
  可训练参数量 = 92,997
  模型结构：
GraphClassifier(
  (convs): ModuleList(
    (0): GINConv(nn=Sequential(
      (0): Linear(in_features=7, out_features=128, bias=True)
      (1): ReLU()
      (2): Linear(in_features=128, out_features=128, bias=True)
    ))
    (1-2): 2 x GINConv(nn=Sequential(
      (0): Linear(in_features=128, out_features=128, bias=True)
      (1): ReLU()
      (2): Linear(in_features=128, out_features=128, bias=True)
    ))
  )
  (norms): ModuleList(
    (0-2): 3 x BatchNorm1d(128, eps=1e-05, momentum=0.1, affine=True, track_running_stats=True)
  )
  (pool_norm): LayerNorm((128,), eps=1e-05, elementwise_affine=True)
  (classifier): Sequential(
    (0): Linear(in_features=128, out_features=64, bias=True)
    (1): ReLU()
    (2): Dropout(p=0.5, inplace=False)
    (3): Linear(in_features=64, out_features=2, bias=True)
  )
)

------------------------------------------------------------------------------
第 3 步：开始训练
------------------------------------------------------------------------------
    轮次        训练损失        训练指标        验证损失       验证准确率        耗时
     1      0.6447           -      1.3177      0.6667     0.21s
     2      0.4786           -      1.7660      0.6667     0.03s
     3      0.4144           -      2.1462      0.6667     0.03s
     4      0.3434           -      2.3067      0.6667     0.03s
     5      0.4794           -      2.0037      0.6667     0.03s
     6      0.3975           -      1.1084      0.7222     0.03s
     7      0.3753           -      0.8897      0.6667     0.04s
     8      0.4087           -      0.8191      0.7222     0.04s
     9      0.4032           -      0.5652      0.8333     0.03s
    10      0.4147           -      0.2709      0.8333     0.03s
    11      0.3679           -      0.2784      0.8889     0.04s
    12      0.3961           -      0.2414      0.8889     0.03s
    13      0.3870           -      0.4424      0.7222     0.03s
    14      0.3942           -      0.4844      0.8333     0.03s
    15      0.3909           -      1.1122      0.7778     0.03s
    16      0.3798           -      0.6703      0.8333     0.03s
    17      0.3499           -      0.5436      0.8333     0.03s
    18      0.3524           -      0.3507      0.8333     0.03s
    19      0.3079           -      0.2616      0.8333     0.03s
    20      0.3219           -      0.2759      0.8333     0.03s
    21      0.5045           -      0.7401      0.3889     0.03s
    22      0.3577           -      1.3414      0.3333     0.03s
    23      0.4724           -      0.6799      0.4444     0.03s
    24      0.4027           -      0.3468      0.7778     0.03s
    25      0.4142           -      0.5316      0.7778     0.03s
    26      0.4121           -      0.3671      0.8333     0.03s
    27      0.3417           -      0.3314      0.8333     0.03s
    28      0.3540           -      0.3716      0.8889     0.03s
    29      0.3736           -      0.3463      0.8889     0.03s
    30      0.3305           -      0.6655      0.6111     0.03s
    31      0.3650           -      0.4756      0.8889     0.03s
    32      0.2984           -      1.1890      0.7778     0.03s
    33      0.4320           -      0.2906      0.8889     0.03s
    34      0.3350           -      0.3134      0.8333     0.03s
    35      0.3730           -      0.3035      0.7778     0.03s
    36      0.3512           -      0.3066      0.8333     0.03s
    37      0.3159           -      0.3204      0.8333     0.03s
    38      0.4009           -      0.2685      0.8333     0.03s
    39      0.3683           -      0.3308      0.8889     0.03s
    40      0.3927           -      0.6123      0.5556     0.03s
    41      0.3546           -      0.5938      0.6111     0.03s
    42      0.3769           -      0.2743      0.8889     0.04s
    43      0.3785           -      0.2791      0.8889     0.03s
    44      0.3496           -      1.3616      0.3333     0.06s
    45      0.4039           -      1.9465      0.3333     0.04s
    46      0.3444           -      1.0976      0.2778     0.03s
    47      0.3735           -      0.6418      0.6111     0.03s
    48      0.3739           -      0.4412      0.8889     0.03s
    49      0.3341           -      0.3680      0.8889     0.03s
    50      0.3642           -      0.4159      0.7222     0.03s
    51      0.3661           -      0.5913      0.6111     0.03s
    52      0.3576           -      0.2526      0.9444     0.03s
    53      0.3776           -      0.3063      0.8889     0.03s
    54      0.3628           -      0.3178      0.9444     0.03s
    55      0.3501           -      0.3122      1.0000     0.03s
    56      0.2812           -      0.2545      0.8333     0.03s
    57      0.3893           -      0.3183      0.8889     0.03s
    58      0.3230           -      0.7589      0.5556     0.03s
    59      0.3773           -      0.4179      0.8889     0.03s
    60      0.2738           -      0.5841      0.7222     0.03s
    61      0.3140           -      0.2813      0.8889     0.03s
    62      0.3519           -      0.3726      0.7778     0.03s
    63      0.3534           -      1.2362      0.3333     0.03s
    64      0.3591           -      0.5747      0.5556     0.03s
    65      0.2962           -      0.4177      0.8889     0.03s
    66      0.3199           -      0.3862      0.8889     0.03s
    67      0.2795           -      0.8556      0.5000     0.03s
    68      0.3461           -      2.2950      0.3333     0.03s
    69      0.3529           -      1.7696      0.3333     0.03s
    70      0.3532           -      1.3404      0.5556     0.03s
    71      0.3208           -      0.1840      0.8889     0.03s
    72      0.2805           -      0.3605      0.8889     0.03s
    73      0.3294           -      0.1816      0.8889     0.03s
    74      0.3439           -      0.1767      0.9444     0.03s
    75      0.3499           -      0.1835      0.8889     0.03s
    76      0.2993           -      0.3583      0.8333     0.03s
    77      0.3438           -      0.4930      0.8333     0.03s
    78      0.4171           -      0.2978      0.8333     0.03s
    79      0.2931           -      0.2856      0.8333     0.03s
    80      0.3477           -      1.7444      0.3333     0.03s
    81      0.3661           -      0.9520      0.5000     0.03s
    82      0.3154           -      0.3567      0.7778     0.03s
    83      0.4420           -      0.4199      0.7778     0.03s
    84      0.3732           -      0.3878      0.8889     0.03s
    85      0.3430           -      0.7026      0.6111     0.03s
    86      0.3384           -      0.6269      0.6111     0.03s
    87      0.3200           -      0.4264      0.8889     0.03s
    88      0.3074           -      0.2524      0.8889     0.03s
    89      0.3897           -      0.3976      0.7778     0.03s
    90      0.3500           -      0.5079      0.6667     0.03s
    91      0.2833           -      0.4895      0.6111     0.03s
    92      0.3083           -      0.4499      0.6111     0.03s
    93      0.3198           -      0.3510      0.8889     0.03s
    94      0.3284           -      1.1542      0.4444     0.03s
    95      0.2990           -      0.4603      0.8333     0.03s
    96      0.3213           -      0.2914      0.8889     0.03s
    97      0.2652           -      1.0006      0.6111     0.03s
    98      0.3962           -      0.2074      0.8889     0.03s
    99      0.2838           -      0.2764      0.8889     0.03s
   100      0.2987           -      2.1856      0.3333     0.03s
   101      0.2695           -      2.6816      0.3333     0.03s
   102      0.2607           -      2.7270      0.3333     0.04s
   103      0.3132           -      0.3581      0.7222     0.03s
   104      0.3040           -      0.4529      0.9444     0.03s
   105      0.2628           -      0.3458      0.8889     0.03s

  验证集连续 50 轮没有提升，提前停止训练。

------------------------------------------------------------------------------
第 4 步：用验证集上最好的模型测测试集
------------------------------------------------------------------------------
  最好的一轮（第 55 轮）：验证集准确率 = 1.0000
  训练集准确率 = 0.8947   （和验证集差很多就说明过拟合了）
  测试集损失 = 0.3213
  测试集准确率 = 0.8333   <<< 这是最终成绩
  测试耗时 0.00s

------------------------------------------------------------------------------
时间统计
------------------------------------------------------------------------------
  纯训练总耗时      = 3.50s（不含评估，共 105 轮）
  平均每轮训练耗时  = 0.03s
  每个 epoch 的 batch 数 = 5
  整个脚本总耗时    = 3.87s

结果已追加到：D:\PHD\博一\入学任务\任务三_图分类\results\results.jsonl
逐轮历史已保存：D:\PHD\博一\入学任务\任务三_图分类\results\history\MUTAG_GIN_pool-avg_sample_L3_lr0.01.json
==============================================================================
