==============================================================================
任务三 图分类 —— ENZYMES_GIN_pool-avg_sample_L3_lr0.01
时间：2026-09-15 21:05:23
==============================================================================
数据集=ENZYMES  模型=GIN  池化=AvgPooling（平均池化）（avg）
层数=3  隐藏维度=128  dropout=0.5
学习率=0.01  权重衰减=0.0005  轮数=150
训练方式=分批次训练  批次大小设置=32  随机种子=42

------------------------------------------------------------------------------
第 1 步：加载数据
------------------------------------------------------------------------------
  数据加载用时 0.19s
  节点特征维度=21  输出维度=6  任务类型=classification
  训练集 480 张图 / 验证集 60 / 测试集 60
  训练批次大小=32  每个 epoch 有 15 个 batch

------------------------------------------------------------------------------
第 2 步：搭建模型
------------------------------------------------------------------------------
  GIN + AvgPooling（平均池化）
  可训练参数量 = 95,049
  模型结构：
GraphClassifier(
  (convs): ModuleList(
    (0): GINConv(nn=Sequential(
      (0): Linear(in_features=21, out_features=128, bias=True)
      (1): ReLU()
      (2): Linear(in_features=128, out_features=128, bias=True)
    ))
    (1-2): 2 x GINConv(nn=Sequential(
      (0): Linear(in_features=128, out_features=128, bias=True)
      (1): ReLU()
      (2): Linear(in_features=128, out_features=128, bias=True)
    ))
  )
  (norms): ModuleList(
    (0-2): 3 x BatchNorm1d(128, eps=1e-05, momentum=0.1, affine=True, track_running_stats=True)
  )
  (pool_norm): LayerNorm((128,), eps=1e-05, elementwise_affine=True)
  (classifier): Sequential(
    (0): Linear(in_features=128, out_features=64, bias=True)
    (1): ReLU()
    (2): Dropout(p=0.5, inplace=False)
    (3): Linear(in_features=64, out_features=6, bias=True)
  )
)

------------------------------------------------------------------------------
第 3 步：开始训练
------------------------------------------------------------------------------
    轮次        训练损失        训练指标        验证损失       验证准确率        耗时
     1      1.8528           -      1.8753      0.1500     0.46s
     2      1.7808           -      1.7463      0.2000     0.16s
     3      1.7760           -      1.7622      0.1500     0.16s
     4      1.7552           -      1.7813      0.1833     0.17s
     5      1.7409           -      1.7594      0.2500     0.13s
     6      1.7251           -      1.7639      0.2500     0.17s
     7      1.7349           -      1.7606      0.2500     0.17s
     8      1.7492           -      1.7180      0.2500     0.17s
     9      1.7342           -      1.7661      0.2167     0.18s
    10      1.7277           -      1.7294      0.3333     0.17s
    11      1.7309           -      1.7892      0.2000     0.15s
    12      1.7229           -      2.5990      0.1667     0.17s
    13      1.7660           -      1.7940      0.1833     0.16s
    14      1.7523           -      1.9791      0.1667     0.17s
    15      1.7549           -      1.7712      0.2667     0.17s
    16      1.7224           -      1.7411      0.2333     0.19s
    17      1.7434           -      1.7032      0.2667     0.18s
    18      1.7047           -      1.7534      0.2000     0.11s
    19      1.7224           -      1.7226      0.2833     0.17s
    20      1.7423           -      1.7148      0.2667     0.16s
    21      1.7385           -      1.6972      0.3000     0.16s
    22      1.7186           -      1.6878      0.2667     0.17s
    23      1.7459           -      1.7761      0.2167     0.17s
    24      1.7208           -      1.7193      0.2833     0.15s
    25      1.7025           -      2.0262      0.2000     0.15s
    26      1.7057           -      1.7238      0.3500     0.18s
    27      1.7355           -      2.1223      0.2000     0.19s
    28      1.7100           -      1.7585      0.2500     0.15s
    29      1.7009           -      1.8204      0.2167     0.21s
    30      1.7095           -      1.8561      0.2167     0.18s
    31      1.7585           -      1.7856      0.2000     0.15s
    32      1.7896           -      1.7873      0.2000     0.16s
    33      1.7620           -      1.7374      0.3167     0.17s
    34      1.7180           -      2.1117      0.2167     0.17s
    35      1.6997           -      1.6395      0.3667     0.18s
    36      1.6892           -      1.6833      0.2333     0.18s
    37      1.7718           -      1.7501      0.2333     0.17s
    38      1.6917           -      1.7797      0.2333     0.17s
    39      1.7061           -      1.6687      0.3500     0.15s
    40      1.6809           -      1.7727      0.2500     0.17s
    41      1.6941           -      1.8042      0.3000     0.17s
    42      1.7180           -      1.6654      0.3667     0.17s
    43      1.6974           -      1.7406      0.2333     0.16s
    44      1.6907           -      1.6198      0.3333     0.17s
    45      1.6698           -      1.6950      0.2667     0.16s
    46      1.6779           -      1.7536      0.2667     0.13s
    47      1.7081           -      1.6968      0.3333     0.17s
    48      1.6733           -      1.6731      0.2667     0.15s
    49      1.6784           -      1.6310      0.3333     0.16s
    50      1.6818           -      1.8599      0.3167     0.17s
    51      1.6697           -      1.6880      0.2333     0.17s
    52      1.6729           -      1.5845      0.3000     0.15s
    53      1.6868           -      1.7049      0.3333     0.18s
    54      1.6571           -      1.7300      0.3000     0.10s
    55      1.6899           -      2.1056      0.3167     0.16s
    56      1.6546           -      2.0176      0.2333     0.17s
    57      1.6398           -      1.8343      0.2000     0.14s
    58      1.6734           -      1.7048      0.2500     0.15s
    59      1.6924           -      1.6466      0.3167     0.17s
    60      1.6838           -      1.6624      0.2500     0.17s
    61      1.6766           -      1.5293      0.4000     0.17s
    62      1.6705           -      1.8487      0.2333     0.17s
    63      1.6482           -      1.5729      0.3833     0.17s
    64      1.6552           -      1.6156      0.3000     0.17s
    65      1.6690           -      1.7752      0.1833     0.17s
    66      1.6599           -      1.6135      0.3333     0.17s
    67      1.6105           -      2.7205      0.3000     0.18s
    68      1.6995           -      1.7831      0.2000     0.17s
    69      1.7007           -      1.7868      0.2333     0.17s
    70      1.6986           -      2.3375      0.2000     0.17s
    71      1.6445           -      3.2215      0.2000     0.17s
    72      1.7653           -      1.6957      0.3167     0.17s
    73      1.6782           -      1.6446      0.3833     0.17s
    74      1.6439           -      1.7421      0.2667     0.19s
    75      1.6470           -      1.5231      0.3833     0.16s
    76      1.6509           -      2.6617      0.2833     0.16s
    77      1.6307           -      1.8949      0.1833     0.16s
    78      1.6233           -      2.0112      0.3167     0.17s
    79      1.6444           -      1.7603      0.2500     0.17s
    80      1.6274           -      1.7537      0.3000     0.17s
    81      1.5928           -      1.7533      0.2333     0.17s
    82      1.6355           -      2.0103      0.3500     0.17s
    83      1.6775           -      1.7462      0.2667     0.17s
    84      1.6405           -      1.8254      0.2667     0.19s
    85      1.6258           -      1.6290      0.3167     0.18s
    86      1.6490           -      1.6780      0.2500     0.19s
    87      1.6352           -      1.7699      0.2167     0.18s
    88      1.6089           -      1.9393      0.2167     0.19s
    89      1.6111           -      1.7328      0.3500     0.18s
    90      1.5942           -      2.7074      0.2833     0.19s
    91      1.5868           -      1.8838      0.2167     0.24s
    92      1.6499           -      1.7170      0.3000     0.21s
    93      1.6330           -      1.5858      0.3333     0.21s
    94      1.6146           -      3.1011      0.3000     0.21s
    95      1.6493           -      1.6755      0.2833     0.21s
    96      1.6297           -      3.4359      0.2833     0.21s
    97      1.6774           -      2.1454      0.1833     0.18s
    98      1.6367           -      1.5868      0.3167     0.18s
    99      1.6203           -      1.6290      0.3167     0.10s
   100      1.6016           -      1.6606      0.3167     0.09s
   101      1.5848           -      1.6192      0.4000     0.10s
   102      1.6010           -      1.5211      0.3833     0.10s
   103      1.6787           -      1.8414      0.2000     0.10s
   104      1.6102           -      1.5490      0.4000     0.10s
   105      1.5807           -      1.7395      0.1833     0.10s
   106      1.5918           -      1.8171      0.2333     0.09s
   107      1.6047           -      1.6622      0.3667     0.09s
   108      1.6794           -      1.7855      0.2167     0.08s
   109      1.6358           -      1.7003      0.3333     0.09s
   110      1.5866           -      5.4152      0.2333     0.09s
   111      1.6357           -      1.7592      0.2333     0.09s

  验证集连续 50 轮没有提升，提前停止训练。

------------------------------------------------------------------------------
第 4 步：用验证集上最好的模型测测试集
------------------------------------------------------------------------------
  最好的一轮（第 61 轮）：验证集准确率 = 0.4000
  训练集准确率 = 0.3187   （和验证集差很多就说明过拟合了）
  测试集损失 = 1.6627
  测试集准确率 = 0.3167   <<< 这是最终成绩
  测试耗时 0.01s

------------------------------------------------------------------------------
时间统计
------------------------------------------------------------------------------
  纯训练总耗时      = 18.19s（不含评估，共 111 轮）
  平均每轮训练耗时  = 0.16s
  每个 epoch 的 batch 数 = 15
  整个脚本总耗时    = 19.42s

结果已追加到：D:\PHD\博一\入学任务\任务三_图分类\results\results.jsonl
逐轮历史已保存：D:\PHD\博一\入学任务\任务三_图分类\results\history\ENZYMES_GIN_pool-avg_sample_L3_lr0.01.json
==============================================================================
