==============================================================================
任务三 图分类 —— MUTAG_GAT_pool-avg_sample_L3_lr0.01
时间：2026-09-15 21:01:36
==============================================================================
数据集=MUTAG  模型=GAT  池化=AvgPooling（平均池化）（avg）
层数=3  隐藏维度=128  dropout=0.5
学习率=0.01  权重衰减=0.0005  轮数=150
训练方式=分批次训练  批次大小设置=32  随机种子=42

------------------------------------------------------------------------------
第 1 步：加载数据
------------------------------------------------------------------------------
  数据加载用时 0.07s
  节点特征维度=7  输出维度=2  任务类型=classification
  训练集 152 张图 / 验证集 18 / 测试集 18
  训练批次大小=32  每个 epoch 有 5 个 batch

------------------------------------------------------------------------------
第 2 步：搭建模型
------------------------------------------------------------------------------
  GAT + AvgPooling（平均池化）
  可训练参数量 = 44,226
  模型结构：
GraphClassifier(
  (convs): ModuleList(
    (0): GATConv(7, 16, heads=8)
    (1-2): 2 x GATConv(128, 16, heads=8)
  )
  (norms): ModuleList(
    (0-2): 3 x BatchNorm1d(128, eps=1e-05, momentum=0.1, affine=True, track_running_stats=True)
  )
  (pool_norm): LayerNorm((128,), eps=1e-05, elementwise_affine=True)
  (classifier): Sequential(
    (0): Linear(in_features=128, out_features=64, bias=True)
    (1): ReLU()
    (2): Dropout(p=0.5, inplace=False)
    (3): Linear(in_features=64, out_features=2, bias=True)
  )
)

------------------------------------------------------------------------------
第 3 步：开始训练
------------------------------------------------------------------------------
    轮次        训练损失        训练指标        验证损失       验证准确率        耗时
     1      0.7791           -      0.6904      0.6667     1.69s
     2      0.6362           -      0.7076      0.6667     0.05s
     3      0.6930           -      0.6939      0.6667     0.05s
     4      0.6565           -      0.6150      0.6667     0.06s
     5      0.6376           -      0.6008      0.6667     0.05s
     6      0.6503           -      0.6107      0.6667     0.05s
     7      0.6526           -      0.5900      0.6667     0.05s
     8      0.6637           -      0.5358      0.7778     0.06s
     9      0.6489           -      0.5374      0.7778     0.05s
    10      0.6219           -      0.6512      0.7222     0.05s
    11      0.6328           -      0.6739      0.7222     0.05s
    12      0.6271           -      0.5407      0.7222     0.06s
    13      0.6163           -      0.6319      0.7778     0.05s
    14      0.5541           -      0.7105      0.7222     0.05s
    15      0.6062           -      0.7134      0.7222     0.05s
    16      0.5265           -      0.6998      0.7222     0.05s
    17      0.5962           -      0.7027      0.7778     0.06s
    18      0.5794           -      0.6889      0.7222     0.05s
    19      0.6437           -      0.5395      0.7222     0.05s
    20      0.5821           -      0.5271      0.7222     0.05s
    21      0.5689           -      0.6300      0.7222     0.05s
    22      0.6095           -      0.6947      0.7222     0.05s
    23      0.5982           -      0.5510      0.7222     0.05s
    24      0.5617           -      0.5455      0.7222     0.06s
    25      0.5965           -      0.5653      0.7222     0.05s
    26      0.5835           -      0.5681      0.7222     0.05s
    27      0.5501           -      0.4852      0.7222     0.05s
    28      0.5520           -      0.4960      0.7222     0.05s
    29      0.6275           -      0.4939      0.7222     0.05s
    30      0.5820           -      0.4882      0.7778     0.05s
    31      0.5898           -      0.4970      0.7778     0.05s
    32      0.6107           -      0.5487      0.7778     0.05s
    33      0.5430           -      0.5198      0.7222     0.05s
    34      0.5790           -      0.5161      0.7778     0.05s
    35      0.6118           -      0.5968      0.6667     0.05s
    36      0.6272           -      0.5710      0.6667     0.05s
    37      0.5823           -      0.5225      0.6667     0.05s
    38      0.5714           -      0.5668      0.7222     0.05s
    39      0.5781           -      0.6308      0.7222     0.06s
    40      0.5924           -      0.5882      0.7222     0.05s
    41      0.5653           -      0.4959      0.7222     0.05s
    42      0.5892           -      0.5421      0.7778     0.05s
    43      0.5891           -      0.5756      0.6667     0.05s
    44      0.5692           -      0.5842      0.6667     0.05s
    45      0.5297           -      0.6364      0.6667     0.05s
    46      0.5363           -      0.6823      0.6667     0.05s
    47      0.5479           -      0.7383      0.6667     0.05s
    48      0.5919           -      0.5636      0.7778     0.05s
    49      0.5531           -      0.5126      0.7222     0.05s
    50      0.5788           -      0.5188      0.7222     0.05s
    51      0.5219           -      0.5790      0.7222     0.05s
    52      0.5393           -      0.5584      0.7222     0.05s
    53      0.6570           -      0.4983      0.7222     0.06s
    54      0.5815           -      0.4958      0.6667     0.05s
    55      0.5612           -      0.5083      0.7778     0.06s
    56      0.5457           -      0.5836      0.7778     0.05s
    57      0.5805           -      0.6021      0.7778     0.05s
    58      0.5315           -      0.5598      0.7222     0.05s

  验证集连续 50 轮没有提升，提前停止训练。

------------------------------------------------------------------------------
第 4 步：用验证集上最好的模型测测试集
------------------------------------------------------------------------------
  最好的一轮（第 8 轮）：验证集准确率 = 0.7778
  训练集准确率 = 0.6974   （和验证集差很多就说明过拟合了）
  测试集损失 = 0.5028
  测试集准确率 = 0.7222   <<< 这是最终成绩
  测试耗时 0.25s

------------------------------------------------------------------------------
时间统计
------------------------------------------------------------------------------
  纯训练总耗时      = 4.66s（不含评估，共 58 轮）
  平均每轮训练耗时  = 0.05s
  每个 epoch 的 batch 数 = 5
  整个脚本总耗时    = 5.18s

结果已追加到：D:\PHD\博一\入学任务\任务三_图分类\results\results.jsonl
逐轮历史已保存：D:\PHD\博一\入学任务\任务三_图分类\results\history\MUTAG_GAT_pool-avg_sample_L3_lr0.01.json
==============================================================================
