==============================================================================
任务三 图分类 —— PROTEINS_GAT_pool-avg_sample_L3_lr0.01
时间：2026-09-15 21:02:51
==============================================================================
数据集=PROTEINS  模型=GAT  池化=AvgPooling（平均池化）（avg）
层数=3  隐藏维度=128  dropout=0.5
学习率=0.01  权重衰减=0.0005  轮数=150
训练方式=分批次训练  批次大小设置=32  随机种子=42

------------------------------------------------------------------------------
第 1 步：加载数据
------------------------------------------------------------------------------
  数据加载用时 0.11s
  节点特征维度=4  输出维度=2  任务类型=classification
  训练集 891 张图 / 验证集 111 / 测试集 111
  训练批次大小=32  每个 epoch 有 28 个 batch

------------------------------------------------------------------------------
第 2 步：搭建模型
------------------------------------------------------------------------------
  GAT + AvgPooling（平均池化）
  可训练参数量 = 43,842
  模型结构：
GraphClassifier(
  (convs): ModuleList(
    (0): GATConv(4, 16, heads=8)
    (1-2): 2 x GATConv(128, 16, heads=8)
  )
  (norms): ModuleList(
    (0-2): 3 x BatchNorm1d(128, eps=1e-05, momentum=0.1, affine=True, track_running_stats=True)
  )
  (pool_norm): LayerNorm((128,), eps=1e-05, elementwise_affine=True)
  (classifier): Sequential(
    (0): Linear(in_features=128, out_features=64, bias=True)
    (1): ReLU()
    (2): Dropout(p=0.5, inplace=False)
    (3): Linear(in_features=64, out_features=2, bias=True)
  )
)

------------------------------------------------------------------------------
第 3 步：开始训练
------------------------------------------------------------------------------
    轮次        训练损失        训练指标        验证损失       验证准确率        耗时
     1      0.6963           -      0.6894      0.5946     1.93s
     2      0.6700           -      0.6705      0.6486     0.29s
     3      0.6303           -      0.6609      0.6036     0.31s
     4      0.6472           -      0.6726      0.5946     0.30s
     5      0.6484           -      0.6371      0.6126     0.30s
     6      0.6553           -      0.6498      0.6126     0.29s
     7      0.6509           -      0.6700      0.5946     0.28s
     8      0.6375           -      0.6640      0.5946     0.30s
     9      0.6350           -      0.6402      0.6847     0.31s
    10      0.6390           -      0.6625      0.7297     0.31s
    11      0.6304           -      0.6680      0.6667     0.30s
    12      0.6366           -      0.6739      0.6577     0.29s
    13      0.6320           -      0.6693      0.6667     0.30s
    14      0.6218           -      0.6610      0.6396     0.29s
    15      0.6076           -      0.6726      0.6577     0.28s
    16      0.6268           -      0.6904      0.3964     0.29s
    17      0.6006           -      0.6689      0.6216     0.29s
    18      0.6122           -      0.6760      0.6667     0.30s
    19      0.6043           -      0.7052      0.4234     0.30s
    20      0.6219           -      0.6593      0.6937     0.29s
    21      0.6154           -      0.6589      0.7027     0.27s
    22      0.6195           -      0.6732      0.6757     0.29s
    23      0.6095           -      0.7015      0.4144     0.27s
    24      0.6025           -      0.6450      0.7027     0.29s
    25      0.6308           -      0.6886      0.6216     0.28s
    26      0.6118           -      0.6643      0.6126     0.28s
    27      0.6164           -      0.6625      0.6036     0.28s
    28      0.6302           -      0.6569      0.6577     0.28s
    29      0.6193           -      0.6569      0.6486     0.29s
    30      0.6207           -      0.6657      0.6847     0.29s
    31      0.6161           -      0.6624      0.7117     0.28s
    32      0.6099           -      0.6702      0.6937     0.29s
    33      0.6145           -      0.6643      0.7027     0.28s
    34      0.6093           -      0.6256      0.6757     0.28s
    35      0.6247           -      0.6534      0.6216     0.28s
    36      0.6119           -      0.6493      0.6757     0.28s
    37      0.6200           -      0.6533      0.6216     0.27s
    38      0.6177           -      0.6688      0.7117     0.27s
    39      0.5920           -      0.6210      0.6486     0.29s
    40      0.6031           -      0.6582      0.6486     0.33s
    41      0.5965           -      0.6182      0.6396     0.29s
    42      0.6089           -      0.6797      0.6306     0.29s
    43      0.6366           -      0.6761      0.6577     0.29s
    44      0.5852           -      0.6540      0.6847     0.27s
    45      0.6041           -      0.6733      0.5946     0.30s
    46      0.6032           -      0.6433      0.6216     0.30s
    47      0.6138           -      0.6487      0.6126     0.29s
    48      0.6150           -      0.6394      0.6126     0.29s
    49      0.5808           -      0.6291      0.6306     0.30s
    50      0.5973           -      0.5985      0.6396     0.31s
    51      0.6117           -      0.6501      0.6937     0.32s
    52      0.5937           -      0.6965      0.4685     0.29s
    53      0.6124           -      0.6289      0.6757     0.29s
    54      0.5751           -      0.6871      0.5405     0.31s
    55      0.6055           -      0.7949      0.4054     0.29s
    56      0.5995           -      0.6649      0.5946     0.29s
    57      0.5935           -      0.6556      0.6847     0.29s
    58      0.5787           -      0.6639      0.6036     0.30s
    59      0.5754           -      0.7315      0.4054     0.30s
    60      0.5931           -      0.8154      0.4054     0.30s

  验证集连续 50 轮没有提升，提前停止训练。

------------------------------------------------------------------------------
第 4 步：用验证集上最好的模型测测试集
------------------------------------------------------------------------------
  最好的一轮（第 10 轮）：验证集准确率 = 0.7297
  训练集准确率 = 0.6824   （和验证集差很多就说明过拟合了）
  测试集损失 = 0.6748
  测试集准确率 = 0.5766   <<< 这是最终成绩
  测试耗时 0.02s

------------------------------------------------------------------------------
时间统计
------------------------------------------------------------------------------
  纯训练总耗时      = 19.12s（不含评估，共 60 轮）
  平均每轮训练耗时  = 0.29s
  每个 epoch 的 batch 数 = 28
  整个脚本总耗时    = 20.72s

结果已追加到：D:\PHD\博一\入学任务\任务三_图分类\results\results.jsonl
逐轮历史已保存：D:\PHD\博一\入学任务\任务三_图分类\results\history\PROTEINS_GAT_pool-avg_sample_L3_lr0.01.json
==============================================================================
