==============================================================================
任务三 图分类 —— MUTAG_GCN_pool-avg_sample_L3_lr0.01
时间：2026-09-15 21:01:28
==============================================================================
数据集=MUTAG  模型=GCN  池化=AvgPooling（平均池化）（avg）
层数=3  隐藏维度=128  dropout=0.5
学习率=0.01  权重衰减=0.0005  轮数=150
训练方式=分批次训练  批次大小设置=32  随机种子=42

------------------------------------------------------------------------------
第 1 步：加载数据
------------------------------------------------------------------------------
  数据加载用时 0.08s
  节点特征维度=7  输出维度=2  任务类型=classification
  训练集 152 张图 / 验证集 18 / 测试集 18
  训练批次大小=32  每个 epoch 有 5 个 batch

------------------------------------------------------------------------------
第 2 步：搭建模型
------------------------------------------------------------------------------
  GCN + AvgPooling（平均池化）
  可训练参数量 = 43,458
  模型结构：
GraphClassifier(
  (convs): ModuleList(
    (0): GCNConv(7, 128)
    (1-2): 2 x GCNConv(128, 128)
  )
  (norms): ModuleList(
    (0-2): 3 x BatchNorm1d(128, eps=1e-05, momentum=0.1, affine=True, track_running_stats=True)
  )
  (pool_norm): LayerNorm((128,), eps=1e-05, elementwise_affine=True)
  (classifier): Sequential(
    (0): Linear(in_features=128, out_features=64, bias=True)
    (1): ReLU()
    (2): Dropout(p=0.5, inplace=False)
    (3): Linear(in_features=64, out_features=2, bias=True)
  )
)

------------------------------------------------------------------------------
第 3 步：开始训练
------------------------------------------------------------------------------
    轮次        训练损失        训练指标        验证损失       验证准确率        耗时
     1      0.7279           -      0.9768      0.6667     0.26s
     2      0.6281           -      0.5989      0.6667     0.05s
     3      0.6149           -      0.6800      0.6667     0.05s
     4      0.5609           -      0.6510      0.6667     0.04s
     5      0.6106           -      0.5563      0.6667     0.04s
     6      0.6291           -      0.5404      0.7778     0.04s
     7      0.5531           -      0.5841      0.7778     0.04s
     8      0.5317           -      0.7290      0.7778     0.04s
     9      0.5325           -      0.5882      0.7222     0.04s
    10      0.5313           -      0.5244      0.7222     0.05s
    11      0.5914           -      0.5587      0.7778     0.05s
    12      0.5130           -      0.7047      0.7778     0.04s
    13      0.4971           -      0.7957      0.7778     0.04s
    14      0.5315           -      0.6664      0.7778     0.04s
    15      0.5186           -      0.6849      0.7222     0.04s
    16      0.4984           -      0.7247      0.7222     0.04s
    17      0.4876           -      0.6737      0.7222     0.04s
    18      0.4898           -      0.6156      0.7222     0.05s
    19      0.5826           -      0.5343      0.7222     0.04s
    20      0.5892           -      0.5491      0.7222     0.04s
    21      0.5790           -      0.5845      0.7222     0.04s
    22      0.5368           -      0.5421      0.7222     0.05s
    23      0.5372           -      0.5115      0.7222     0.05s
    24      0.5676           -      0.4965      0.7222     0.04s
    25      0.5241           -      0.4835      0.6667     0.04s
    26      0.5267           -      0.5137      0.7778     0.04s
    27      0.5329           -      0.4875      0.7778     0.05s
    28      0.4974           -      0.4747      0.7778     0.04s
    29      0.4901           -      0.5111      0.7778     0.04s
    30      0.5240           -      0.5072      0.7778     0.04s
    31      0.5232           -      0.5162      0.6667     0.04s
    32      0.5231           -      0.5332      0.7222     0.04s
    33      0.5423           -      0.6060      0.7222     0.04s
    34      0.5486           -      0.6162      0.7222     0.04s
    35      0.5131           -      0.5200      0.7222     0.04s
    36      0.5112           -      0.5001      0.7222     0.04s
    37      0.5483           -      0.4896      0.7778     0.04s
    38      0.5350           -      0.5171      0.7778     0.04s
    39      0.5215           -      0.4777      0.7778     0.04s
    40      0.5737           -      0.5114      0.7778     0.04s
    41      0.5912           -      0.5404      0.7778     0.04s
    42      0.5428           -      0.6003      0.7222     0.04s
    43      0.5153           -      0.5998      0.6667     0.05s
    44      0.5405           -      0.6170      0.6667     0.04s
    45      0.5013           -      0.6447      0.6667     0.04s
    46      0.5026           -      0.5688      0.6667     0.04s
    47      0.5211           -      0.5383      0.6667     0.04s
    48      0.5131           -      0.5406      0.7222     0.04s
    49      0.5689           -      0.5003      0.7778     0.05s
    50      0.5006           -      0.5143      0.6667     0.04s
    51      0.5089           -      0.5385      0.7222     0.04s
    52      0.5278           -      0.5349      0.7222     0.04s
    53      0.5141           -      0.5123      0.7778     0.04s
    54      0.5399           -      0.5057      0.7222     0.05s
    55      0.5675           -      0.4818      0.7222     0.04s
    56      0.5522           -      0.5007      0.7222     0.04s

  验证集连续 50 轮没有提升，提前停止训练。

------------------------------------------------------------------------------
第 4 步：用验证集上最好的模型测测试集
------------------------------------------------------------------------------
  最好的一轮（第 6 轮）：验证集准确率 = 0.7778
  训练集准确率 = 0.6974   （和验证集差很多就说明过拟合了）
  测试集损失 = 0.5241
  测试集准确率 = 0.7778   <<< 这是最终成绩
  测试耗时 0.01s

------------------------------------------------------------------------------
时间统计
------------------------------------------------------------------------------
  纯训练总耗时      = 2.56s（不含评估，共 56 轮）
  平均每轮训练耗时  = 0.04s
  每个 epoch 的 batch 数 = 5
  整个脚本总耗时    = 2.88s

结果已追加到：D:\PHD\博一\入学任务\任务三_图分类\results\results.jsonl
逐轮历史已保存：D:\PHD\博一\入学任务\任务三_图分类\results\history\MUTAG_GCN_pool-avg_sample_L3_lr0.01.json
==============================================================================
