==============================================================================
任务三 图分类 —— PROTEINS_GIN_pool-avg_sample_L3_lr0.01
时间：2026-09-15 21:03:43
==============================================================================
数据集=PROTEINS  模型=GIN  池化=AvgPooling（平均池化）（avg）
层数=3  隐藏维度=128  dropout=0.5
学习率=0.01  权重衰减=0.0005  轮数=150
训练方式=分批次训练  批次大小设置=32  随机种子=42

------------------------------------------------------------------------------
第 1 步：加载数据
------------------------------------------------------------------------------
  数据加载用时 0.11s
  节点特征维度=4  输出维度=2  任务类型=classification
  训练集 891 张图 / 验证集 111 / 测试集 111
  训练批次大小=32  每个 epoch 有 28 个 batch

------------------------------------------------------------------------------
第 2 步：搭建模型
------------------------------------------------------------------------------
  GIN + AvgPooling（平均池化）
  可训练参数量 = 92,613
  模型结构：
GraphClassifier(
  (convs): ModuleList(
    (0): GINConv(nn=Sequential(
      (0): Linear(in_features=4, out_features=128, bias=True)
      (1): ReLU()
      (2): Linear(in_features=128, out_features=128, bias=True)
    ))
    (1-2): 2 x GINConv(nn=Sequential(
      (0): Linear(in_features=128, out_features=128, bias=True)
      (1): ReLU()
      (2): Linear(in_features=128, out_features=128, bias=True)
    ))
  )
  (norms): ModuleList(
    (0-2): 3 x BatchNorm1d(128, eps=1e-05, momentum=0.1, affine=True, track_running_stats=True)
  )
  (pool_norm): LayerNorm((128,), eps=1e-05, elementwise_affine=True)
  (classifier): Sequential(
    (0): Linear(in_features=128, out_features=64, bias=True)
    (1): ReLU()
    (2): Dropout(p=0.5, inplace=False)
    (3): Linear(in_features=64, out_features=2, bias=True)
  )
)

------------------------------------------------------------------------------
第 3 步：开始训练
------------------------------------------------------------------------------
    轮次        训练损失        训练指标        验证损失       验证准确率        耗时
     1      0.7162           -      0.6833      0.5946     0.37s
     2      0.6730           -      0.6862      0.5946     0.19s
     3      0.6721           -      0.6597      0.5946     0.18s
     4      0.6621           -      0.6640      0.6036     0.18s
     5      0.6600           -      0.6789      0.5946     0.18s
     6      0.6472           -      0.6416      0.6757     0.17s
     7      0.6415           -      0.6822      0.5766     0.18s
     8      0.6429           -      0.6563      0.6126     0.18s
     9      0.6379           -      0.6577      0.6216     0.17s
    10      0.6225           -      0.6858      0.6036     0.19s
    11      0.6298           -      0.6279      0.6577     0.18s
    12      0.6208           -      0.7110      0.4414     0.18s
    13      0.6313           -      0.7007      0.6036     0.18s
    14      0.6257           -      0.6355      0.6757     0.18s
    15      0.6191           -      0.6345      0.6486     0.18s
    16      0.6350           -      0.6900      0.5946     0.18s
    17      0.6443           -      0.6568      0.6126     0.18s
    18      0.6272           -      0.6259      0.6937     0.18s
    19      0.6161           -      0.6283      0.6577     0.17s
    20      0.6191           -      0.6834      0.6757     0.18s
    21      0.6248           -      0.6468      0.5946     0.17s
    22      0.6163           -      0.6662      0.6306     0.17s
    23      0.6177           -      0.6270      0.6757     0.18s
    24      0.6365           -      0.6404      0.6216     0.18s
    25      0.6181           -      0.6290      0.6757     0.17s
    26      0.6143           -      0.6281      0.7027     0.18s
    27      0.6315           -      0.6843      0.5946     0.18s
    28      0.6125           -      0.6236      0.6757     0.18s
    29      0.6188           -      0.7456      0.3964     0.17s
    30      0.6079           -      0.6179      0.6847     0.18s
    31      0.6232           -      0.6177      0.6757     0.18s
    32      0.6110           -      0.6608      0.6486     0.17s
    33      0.6290           -      0.6489      0.6667     0.17s
    34      0.6268           -      0.6489      0.6036     0.18s
    35      0.6145           -      0.6138      0.6937     0.18s
    36      0.6129           -      0.6246      0.6847     0.18s
    37      0.5797           -      0.6134      0.6577     0.17s
    38      0.6225           -      0.6574      0.6126     0.17s
    39      0.5981           -      0.6070      0.7117     0.17s
    40      0.6159           -      0.6333      0.6937     0.17s
    41      0.6179           -      0.6529      0.6036     0.17s
    42      0.6108           -      0.6167      0.6937     0.17s
    43      0.6305           -      0.6118      0.6937     0.17s
    44      0.5937           -      0.6284      0.6847     0.16s
    45      0.5912           -      0.8150      0.4324     0.18s
    46      0.6351           -      0.6628      0.5946     0.18s
    47      0.6150           -      0.6751      0.5946     0.17s
    48      0.5991           -      0.6398      0.6757     0.16s
    49      0.5820           -      0.7001      0.5946     0.17s
    50      0.5821           -      0.6395      0.6396     0.17s
    51      0.5977           -      0.6178      0.7027     0.18s
    52      0.6140           -      0.6787      0.6396     0.17s
    53      0.6192           -      0.6350      0.6486     0.16s
    54      0.6006           -      0.6622      0.6306     0.17s
    55      0.6183           -      0.6844      0.6036     0.17s
    56      0.6066           -      0.6228      0.6667     0.17s
    57      0.5911           -      0.7031      0.5766     0.17s
    58      0.6264           -      0.6299      0.6486     0.18s
    59      0.6070           -      0.6121      0.6937     0.17s
    60      0.5983           -      0.6373      0.6396     0.17s
    61      0.6019           -      0.5999      0.6847     0.17s
    62      0.5886           -      0.5921      0.7117     0.17s
    63      0.5826           -      0.5934      0.7117     0.17s
    64      0.6020           -      0.6450      0.6306     0.17s
    65      0.6019           -      0.6423      0.6667     0.17s
    66      0.6047           -      0.6236      0.6847     0.17s
    67      0.5976           -      0.6324      0.6937     0.17s
    68      0.6113           -      0.6286      0.6667     0.17s
    69      0.5722           -      0.7678      0.5315     0.19s
    70      0.5962           -      0.6205      0.6667     0.18s
    71      0.5747           -      0.5815      0.7027     0.17s
    72      0.6011           -      0.6064      0.7207     0.19s
    73      0.6072           -      0.6708      0.6126     0.19s
    74      0.5873           -      0.6066      0.7117     0.18s
    75      0.5741           -      0.5891      0.7117     0.18s
    76      0.5801           -      0.6244      0.6667     0.18s
    77      0.5685           -      0.6052      0.7027     0.17s
    78      0.5864           -      0.6120      0.7117     0.18s
    79      0.5887           -      0.6006      0.7027     0.17s
    80      0.5944           -      0.6315      0.6486     0.17s
    81      0.5896           -      0.5780      0.7207     0.17s
    82      0.5806           -      0.6157      0.7027     0.17s
    83      0.5955           -      0.6511      0.7027     0.17s
    84      0.5835           -      0.6123      0.7207     0.17s
    85      0.5555           -      0.5996      0.6486     0.16s
    86      0.5959           -      0.6225      0.5946     0.17s
    87      0.6033           -      0.5733      0.7027     0.17s
    88      0.5814           -      0.6804      0.6396     0.18s
    89      0.5817           -      0.6035      0.6937     0.17s
    90      0.5769           -      0.5874      0.6847     0.17s
    91      0.5988           -      0.5937      0.7027     0.17s
    92      0.5781           -      0.5920      0.7027     0.17s
    93      0.5664           -      0.5830      0.7117     0.17s
    94      0.5943           -      0.5959      0.7027     0.18s
    95      0.5835           -      0.7705      0.4595     0.17s
    96      0.5729           -      0.6312      0.7117     0.17s
    97      0.5820           -      0.5880      0.7027     0.16s
    98      0.5717           -      0.5948      0.7117     0.16s
    99      0.5711           -      0.6221      0.6937     0.18s
   100      0.5953           -      0.7436      0.4505     0.19s
   101      0.5930           -      0.5948      0.6847     0.17s
   102      0.5709           -      0.6066      0.7027     0.16s
   103      0.5754           -      0.6476      0.6486     0.17s
   104      0.5951           -      0.5972      0.7117     0.18s
   105      0.5976           -      0.6031      0.6847     0.17s
   106      0.5831           -      0.5830      0.7117     0.17s
   107      0.5856           -      0.6237      0.7117     0.17s
   108      0.5810           -      0.6025      0.6847     0.17s
   109      0.5692           -      0.6127      0.6577     0.17s
   110      0.5804           -      0.5882      0.7117     0.16s
   111      0.5691           -      0.6004      0.6847     0.16s
   112      0.5816           -      0.6306      0.6306     0.17s
   113      0.5767           -      0.5811      0.7027     0.16s
   114      0.5923           -      0.5977      0.7117     0.16s
   115      0.5705           -      0.6649      0.6306     0.17s
   116      0.5763           -      0.6021      0.6847     0.21s
   117      0.5711           -      0.6311      0.6757     0.17s
   118      0.5838           -      0.6077      0.6937     0.17s
   119      0.5706           -      0.6061      0.6757     0.17s
   120      0.5884           -      0.6115      0.6757     0.17s
   121      0.5683           -      0.5821      0.7297     0.18s
   122      0.5792           -      0.6078      0.6937     0.17s
   123      0.5841           -      0.6403      0.6216     0.17s
   124      0.5704           -      0.6276      0.6937     0.17s
   125      0.5743           -      0.6793      0.5766     0.17s
   126      0.5687           -      0.6023      0.6847     0.17s
   127      0.5845           -      0.5919      0.6937     0.17s
   128      0.5631           -      0.5592      0.7477     0.17s
   129      0.5911           -      0.5722      0.7027     0.17s
   130      0.5778           -      0.5612      0.7207     0.17s
   131      0.5596           -      0.6150      0.6937     0.16s
   132      0.5715           -      0.6121      0.6757     0.17s
   133      0.5958           -      0.7615      0.4144     0.18s
   134      0.5996           -      0.5567      0.7297     0.18s
   135      0.5599           -      0.6033      0.6757     0.17s
   136      0.5822           -      0.6146      0.6667     0.17s
   137      0.5886           -      0.5832      0.7027     0.17s
   138      0.5793           -      0.5752      0.7117     0.17s
   139      0.5701           -      0.6129      0.6667     0.17s
   140      0.5704           -      0.5931      0.7117     0.17s
   141      0.5816           -      0.5558      0.7207     0.18s
   142      0.6203           -      0.6378      0.6216     0.18s
   143      0.6014           -      0.6417      0.6396     0.18s
   144      0.6094           -      0.6035      0.6847     0.19s
   145      0.5924           -      0.6254      0.6667     0.18s
   146      0.5746           -      0.6001      0.6667     0.18s
   147      0.6066           -      0.6059      0.6937     0.18s
   148      0.5848           -      0.5742      0.7117     0.18s
   149      0.6035           -      0.6408      0.6577     0.18s
   150      0.6111           -      0.6054      0.6937     0.19s

------------------------------------------------------------------------------
第 4 步：用验证集上最好的模型测测试集
------------------------------------------------------------------------------
  最好的一轮（第 128 轮）：验证集准确率 = 0.7477
  训练集准确率 = 0.7464   （和验证集差很多就说明过拟合了）
  测试集损失 = 0.5971
  测试集准确率 = 0.6667   <<< 这是最终成绩
  测试耗时 0.01s

------------------------------------------------------------------------------
时间统计
------------------------------------------------------------------------------
  纯训练总耗时      = 26.30s（不含评估，共 150 轮）
  平均每轮训练耗时  = 0.17s
  每个 epoch 的 batch 数 = 28
  整个脚本总耗时    = 28.17s

结果已追加到：D:\PHD\博一\入学任务\任务三_图分类\results\results.jsonl
逐轮历史已保存：D:\PHD\博一\入学任务\任务三_图分类\results\history\PROTEINS_GIN_pool-avg_sample_L3_lr0.01.json
==============================================================================
