==============================================================================
任务三 图分类 —— ENZYMES_GCN_pool-avg_sample_L3_lr0.01
时间：2026-09-15 21:04:16
==============================================================================
数据集=ENZYMES  模型=GCN  池化=AvgPooling（平均池化）（avg）
层数=3  隐藏维度=128  dropout=0.5
学习率=0.01  权重衰减=0.0005  轮数=150
训练方式=分批次训练  批次大小设置=32  随机种子=42

------------------------------------------------------------------------------
第 1 步：加载数据
------------------------------------------------------------------------------
  数据加载用时 0.09s
  节点特征维度=21  输出维度=6  任务类型=classification
  训练集 480 张图 / 验证集 60 / 测试集 60
  训练批次大小=32  每个 epoch 有 15 个 batch

------------------------------------------------------------------------------
第 2 步：搭建模型
------------------------------------------------------------------------------
  GCN + AvgPooling（平均池化）
  可训练参数量 = 45,510
  模型结构：
GraphClassifier(
  (convs): ModuleList(
    (0): GCNConv(21, 128)
    (1-2): 2 x GCNConv(128, 128)
  )
  (norms): ModuleList(
    (0-2): 3 x BatchNorm1d(128, eps=1e-05, momentum=0.1, affine=True, track_running_stats=True)
  )
  (pool_norm): LayerNorm((128,), eps=1e-05, elementwise_affine=True)
  (classifier): Sequential(
    (0): Linear(in_features=128, out_features=64, bias=True)
    (1): ReLU()
    (2): Dropout(p=0.5, inplace=False)
    (3): Linear(in_features=64, out_features=6, bias=True)
  )
)

------------------------------------------------------------------------------
第 3 步：开始训练
------------------------------------------------------------------------------
    轮次        训练损失        训练指标        验证损失       验证准确率        耗时
     1      1.8162           -      1.8700      0.1667     0.34s
     2      1.7663           -      1.6424      0.2667     0.13s
     3      1.7167           -      1.6217      0.3667     0.14s
     4      1.7030           -      1.6421      0.3500     0.13s
     5      1.7100           -      1.6606      0.2667     0.13s
     6      1.6680           -      1.7014      0.3167     0.12s
     7      1.6771           -      1.6115      0.3500     0.13s
     8      1.6944           -      1.7846      0.2833     0.12s
     9      1.6054           -      1.9545      0.2333     0.13s
    10      1.6833           -      1.7272      0.3167     0.13s
    11      1.6630           -      1.7123      0.2167     0.12s
    12      1.6285           -      1.5207      0.4000     0.13s
    13      1.6329           -      1.7612      0.2833     0.13s
    14      1.6534           -      1.6535      0.3500     0.12s
    15      1.6649           -      1.7293      0.2167     0.12s
    16      1.6707           -      1.5917      0.3333     0.11s
    17      1.6664           -      1.6684      0.3667     0.12s
    18      1.6380           -      1.6857      0.2500     0.13s
    19      1.6518           -      1.7997      0.2667     0.13s
    20      1.6541           -      1.5800      0.3667     0.12s
    21      1.5869           -      1.6816      0.3333     0.12s
    22      1.6057           -      1.7893      0.3000     0.12s
    23      1.6004           -      1.7126      0.2667     0.12s
    24      1.5835           -      1.6127      0.3833     0.13s
    25      1.6097           -      1.4841      0.3833     0.13s
    26      1.5963           -      1.6294      0.3333     0.12s
    27      1.6231           -      1.5434      0.4667     0.12s
    28      1.5755           -      1.6058      0.3833     0.12s
    29      1.5695           -      1.4702      0.4500     0.12s
    30      1.5545           -      1.4791      0.4000     0.13s
    31      1.5989           -      1.5133      0.4167     0.12s
    32      1.5519           -      1.5290      0.4333     0.12s
    33      1.5345           -      1.6921      0.3667     0.12s
    34      1.5659           -      1.6274      0.3167     0.12s
    35      1.5681           -      1.5383      0.4000     0.13s
    36      1.5649           -      1.7312      0.2500     0.11s
    37      1.5263           -      1.9482      0.2667     0.14s
    38      1.5749           -      1.5615      0.3833     0.12s
    39      1.6038           -      1.6595      0.3333     0.12s
    40      1.5577           -      1.5394      0.4333     0.11s
    41      1.5076           -      1.4118      0.4333     0.12s
    42      1.5228           -      1.7385      0.2000     0.13s
    43      1.5825           -      1.8471      0.3000     0.12s
    44      1.5225           -      1.5008      0.4833     0.13s
    45      1.5477           -      1.6375      0.3667     0.12s
    46      1.4962           -      1.7273      0.3167     0.12s
    47      1.5955           -      1.6412      0.3833     0.12s
    48      1.5230           -      2.6067      0.3333     0.12s
    49      1.5129           -      1.6663      0.4000     0.12s
    50      1.5166           -      3.0289      0.2500     0.12s
    51      1.5380           -      1.6537      0.3167     0.12s
    52      1.5007           -      1.8273      0.2167     0.12s
    53      1.4630           -      2.9434      0.3000     0.12s
    54      1.5068           -      1.6573      0.3167     0.12s
    55      1.5128           -      1.5451      0.4333     0.12s
    56      1.4962           -      1.5995      0.3000     0.12s
    57      1.4996           -      1.5127      0.4000     0.12s
    58      1.5087           -      1.3881      0.5000     0.11s
    59      1.4839           -      1.7870      0.3333     0.12s
    60      1.4829           -      1.4659      0.5167     0.12s
    61      1.4555           -      1.4024      0.4833     0.11s
    62      1.4700           -      1.3998      0.4500     0.12s
    63      1.4995           -      2.1062      0.2000     0.12s
    64      1.5043           -      1.3920      0.4167     0.12s
    65      1.4459           -      1.5016      0.4000     0.11s
    66      1.4814           -      1.6882      0.3167     0.11s
    67      1.4469           -      1.7536      0.3000     0.12s
    68      1.4932           -      1.3854      0.4333     0.12s
    69      1.4623           -      1.4002      0.4333     0.12s
    70      1.4345           -      1.6660      0.2833     0.12s
    71      1.4781           -      1.4441      0.4000     0.12s
    72      1.4978           -      1.4897      0.4667     0.11s
    73      1.4966           -      1.5593      0.3500     0.12s
    74      1.4571           -      1.5611      0.3833     0.11s
    75      1.4718           -      1.5887      0.3000     0.12s
    76      1.4907           -      1.5657      0.3333     0.11s
    77      1.4437           -      1.5776      0.4333     0.12s
    78      1.4057           -      1.4796      0.4833     0.12s
    79      1.4309           -      1.7570      0.2500     0.11s
    80      1.4456           -      1.5844      0.4167     0.12s
    81      1.5012           -      1.7980      0.3833     0.12s
    82      1.4059           -      1.6017      0.3167     0.12s
    83      1.4890           -      1.4166      0.5167     0.12s
    84      1.4833           -      1.7512      0.3333     0.11s
    85      1.5246           -      2.1254      0.2667     0.12s
    86      1.4833           -      1.4111      0.4333     0.12s
    87      1.5085           -      2.0061      0.1500     0.12s
    88      1.4732           -      3.3870      0.2333     0.11s
    89      1.5013           -      1.4311      0.4667     0.12s
    90      1.4478           -      2.0231      0.2667     0.12s
    91      1.5245           -      1.4969      0.3667     0.12s
    92      1.4582           -      1.4807      0.4667     0.12s
    93      1.4239           -      1.7259      0.3500     0.12s
    94      1.4184           -      1.5986      0.4167     0.12s
    95      1.5073           -      1.7628      0.2833     0.12s
    96      1.4852           -      1.5811      0.3333     0.12s
    97      1.4732           -      1.5872      0.3500     0.12s
    98      1.4375           -      2.3691      0.3167     0.12s
    99      1.4785           -      1.7334      0.4000     0.13s
   100      1.4860           -      1.6962      0.3333     0.13s
   101      1.4345           -      1.9743      0.4167     0.16s
   102      1.4652           -      1.6478      0.3167     0.11s
   103      1.4771           -      1.5365      0.5000     0.11s
   104      1.4161           -      1.6445      0.4500     0.11s
   105      1.4822           -      1.4073      0.5333     0.12s
   106      1.4045           -      1.6386      0.4000     0.12s
   107      1.4654           -      1.6082      0.4333     0.12s
   108      1.4004           -      2.1618      0.3000     0.12s
   109      1.4089           -      1.5953      0.4000     0.12s
   110      1.4908           -      1.9864      0.1667     0.11s
   111      1.4864           -      1.9108      0.3167     0.12s
   112      1.5140           -      1.4555      0.4167     0.13s
   113      1.4658           -      1.6198      0.2833     0.12s
   114      1.4737           -      1.4718      0.4333     0.12s
   115      1.4363           -      1.4173      0.5000     0.13s
   116      1.4340           -      2.1574      0.3000     0.12s
   117      1.4716           -      1.4909      0.4667     0.12s
   118      1.4199           -      3.1265      0.2500     0.11s
   119      1.4448           -      1.7632      0.4500     0.12s
   120      1.4108           -      1.4517      0.4667     0.11s
   121      1.4445           -      1.4984      0.5000     0.13s
   122      1.4123           -      2.7168      0.3667     0.12s
   123      1.4330           -      2.0268      0.2500     0.12s
   124      1.4222           -      1.7911      0.3167     0.11s
   125      1.4133           -      1.5593      0.4333     0.12s
   126      1.3796           -      1.6440      0.4333     0.12s
   127      1.4443           -      1.7651      0.3333     0.12s
   128      1.5054           -      1.6228      0.3667     0.12s
   129      1.4561           -      2.4159      0.3333     0.12s
   130      1.3937           -      1.5484      0.3500     0.12s
   131      1.3554           -      1.4393      0.4167     0.12s
   132      1.3247           -      3.1031      0.2000     0.12s
   133      1.3808           -      1.4455      0.3833     0.12s
   134      1.4612           -      1.5633      0.4833     0.12s
   135      1.4314           -      1.4863      0.4167     0.12s
   136      1.3937           -      1.6205      0.2667     0.12s
   137      1.4242           -      1.4415      0.5000     0.12s
   138      1.4216           -      1.4240      0.4500     0.12s
   139      1.4468           -      1.3830      0.5000     0.11s
   140      1.4061           -      1.5152      0.4333     0.11s
   141      1.4310           -      2.4083      0.4333     0.12s
   142      1.4550           -      1.5188      0.4500     0.13s
   143      1.4198           -      1.4906      0.4167     0.12s
   144      1.4284           -      1.4258      0.5500     0.12s
   145      1.3951           -      1.5014      0.4333     0.12s
   146      1.3556           -      1.5603      0.3667     0.13s
   147      1.3935           -      2.5663      0.3833     0.12s
   148      1.4065           -      1.5482      0.4833     0.12s
   149      1.3663           -      1.4610      0.5167     0.12s
   150      1.3711           -      1.5440      0.4667     0.12s

------------------------------------------------------------------------------
第 4 步：用验证集上最好的模型测测试集
------------------------------------------------------------------------------
  最好的一轮（第 144 轮）：验证集准确率 = 0.5500
  训练集准确率 = 0.5208   （和验证集差很多就说明过拟合了）
  测试集损失 = 1.4616
  测试集准确率 = 0.4500   <<< 这是最终成绩
  测试耗时 0.01s

------------------------------------------------------------------------------
时间统计
------------------------------------------------------------------------------
  纯训练总耗时      = 18.32s（不含评估，共 150 轮）
  平均每轮训练耗时  = 0.12s
  每个 epoch 的 batch 数 = 15
  整个脚本总耗时    = 19.96s

结果已追加到：D:\PHD\博一\入学任务\任务三_图分类\results\results.jsonl
逐轮历史已保存：D:\PHD\博一\入学任务\任务三_图分类\results\history\ENZYMES_GCN_pool-avg_sample_L3_lr0.01.json
==============================================================================
