==============================================================================
任务三 图分类 —— IMDB-BINARY_GIN_pool-max_sample_L3_lr0.01
时间：2026-09-15 21:00:33
==============================================================================
数据集=IMDB-BINARY  模型=GIN  池化=MaxPooling（最大池化）（max）
层数=3  隐藏维度=128  dropout=0.5
学习率=0.01  权重衰减=0.0005  轮数=150
训练方式=分批次训练  批次大小设置=32  随机种子=42

------------------------------------------------------------------------------
第 1 步：加载数据
------------------------------------------------------------------------------
  数据加载用时 0.38s
  节点特征维度=101  输出维度=2  任务类型=classification
  训练集 800 张图 / 验证集 100 / 测试集 100
  训练批次大小=32  每个 epoch 有 25 个 batch

------------------------------------------------------------------------------
第 2 步：搭建模型
------------------------------------------------------------------------------
  GIN + MaxPooling（最大池化）
  可训练参数量 = 105,029
  模型结构：
GraphClassifier(
  (convs): ModuleList(
    (0): GINConv(nn=Sequential(
      (0): Linear(in_features=101, out_features=128, bias=True)
      (1): ReLU()
      (2): Linear(in_features=128, out_features=128, bias=True)
    ))
    (1-2): 2 x GINConv(nn=Sequential(
      (0): Linear(in_features=128, out_features=128, bias=True)
      (1): ReLU()
      (2): Linear(in_features=128, out_features=128, bias=True)
    ))
  )
  (norms): ModuleList(
    (0-2): 3 x BatchNorm1d(128, eps=1e-05, momentum=0.1, affine=True, track_running_stats=True)
  )
  (pool_norm): BatchNorm1d(128, eps=1e-05, momentum=0.1, affine=True, track_running_stats=True)
  (classifier): Sequential(
    (0): Linear(in_features=128, out_features=64, bias=True)
    (1): ReLU()
    (2): Dropout(p=0.5, inplace=False)
    (3): Linear(in_features=64, out_features=2, bias=True)
  )
)

------------------------------------------------------------------------------
第 3 步：开始训练
------------------------------------------------------------------------------
    轮次        训练损失        训练指标        验证损失       验证准确率        耗时
     1      0.6770           -      0.6401      0.5600     0.62s
     2      0.6350           -      0.6338      0.5600     0.35s
     3      0.6113           -      0.6579      0.5600     0.34s
     4      0.5898           -      0.6337      0.5600     0.33s
     5      0.5898           -      0.6580      0.5600     0.34s
     6      0.5474           -      0.6334      0.5600     0.33s
     7      0.5695           -      0.6320      0.5600     0.37s
     8      0.5773           -      0.6362      0.5700     0.33s
     9      0.5439           -      0.6372      0.5600     0.33s
    10      0.5347           -      0.6155      0.5800     0.32s
    11      0.5576           -      0.6075      0.5900     0.34s
    12      0.5190           -      0.6366      0.5700     0.34s
    13      0.5392           -      0.6079      0.6900     0.33s
    14      0.5461           -      0.5951      0.5900     0.33s
    15      0.5595           -      0.5966      0.5700     0.34s
    16      0.5116           -      0.6309      0.5400     0.34s
    17      0.5129           -      0.6237      0.6000     0.34s
    18      0.5064           -      0.6242      0.5700     0.34s
    19      0.5174           -      0.6123      0.5700     0.36s
    20      0.5148           -      0.6344      0.5700     0.36s
    21      0.5254           -      0.6439      0.6100     0.42s
    22      0.5503           -      0.5985      0.6700     0.34s
    23      0.5192           -      0.6087      0.7300     0.35s
    24      0.5061           -      0.5915      0.7100     0.34s
    25      0.5142           -      0.6422      0.6200     0.33s
    26      0.4984           -      0.5766      0.6900     0.34s
    27      0.5129           -      0.6271      0.6400     0.37s
    28      0.5249           -      0.6341      0.6300     0.36s
    29      0.5090           -      0.6120      0.7400     0.37s
    30      0.4761           -      0.6231      0.6200     0.39s
    31      0.5389           -      0.6401      0.6000     0.36s
    32      0.5178           -      0.5863      0.6900     0.36s
    33      0.5027           -      0.6219      0.7000     0.38s
    34      0.4968           -      0.5958      0.7100     0.35s
    35      0.4882           -      0.6266      0.6800     0.32s
    36      0.4796           -      0.6146      0.6700     0.31s
    37      0.4863           -      0.6414      0.6200     0.33s
    38      0.4700           -      0.6330      0.6800     0.31s
    39      0.4775           -      0.6133      0.6600     0.30s
    40      0.5257           -      0.6310      0.6400     0.28s
    41      0.4838           -      0.6292      0.6500     0.28s
    42      0.4937           -      0.6504      0.6500     0.29s
    43      0.4999           -      0.6220      0.7000     0.28s
    44      0.4911           -      0.6262      0.6400     0.29s
    45      0.4712           -      0.6102      0.5100     0.27s
    46      0.4871           -      0.5839      0.7000     0.28s
    47      0.5019           -      0.6137      0.6500     0.28s
    48      0.4775           -      0.5911      0.6800     0.29s
    49      0.4884           -      0.5790      0.5800     0.29s
    50      0.4796           -      0.5751      0.6800     0.28s
    51      0.4619           -      0.5563      0.7700     0.28s
    52      0.4799           -      0.5571      0.7100     0.32s
    53      0.4734           -      0.6023      0.6700     0.33s
    54      0.4866           -      0.6107      0.7200     0.32s
    55      0.4963           -      0.5915      0.7100     0.32s
    56      0.4825           -      0.6030      0.6700     0.32s
    57      0.5007           -      0.6159      0.6400     0.33s
    58      0.4817           -      0.6163      0.6600     0.30s
    59      0.5096           -      0.6240      0.6800     0.31s
    60      0.4732           -      0.5780      0.7200     0.30s
    61      0.4890           -      0.6001      0.6800     0.31s
    62      0.4661           -      0.5950      0.7500     0.28s
    63      0.4853           -      0.6282      0.6400     0.17s
    64      0.4726           -      0.5992      0.6800     0.18s
    65      0.4636           -      0.6699      0.5600     0.18s
    66      0.4763           -      0.5882      0.7200     0.16s
    67      0.4648           -      0.6109      0.6600     0.17s
    68      0.4978           -      0.5855      0.6800     0.18s
    69      0.4722           -      0.6182      0.6700     0.16s
    70      0.4730           -      0.6216      0.6400     0.16s
    71      0.4805           -      0.6175      0.6800     0.16s
    72      0.4897           -      0.5868      0.7200     0.18s
    73      0.4695           -      0.6050      0.6600     0.16s
    74      0.4503           -      0.5973      0.6800     0.17s
    75      0.4295           -      0.6008      0.7000     0.15s
    76      0.4452           -      0.5956      0.6700     0.18s
    77      0.4790           -      0.5731      0.7000     0.16s
    78      0.4860           -      0.5788      0.7000     0.16s
    79      0.4617           -      0.6255      0.6400     0.17s
    80      0.4681           -      0.6092      0.6700     0.17s
    81      0.4573           -      0.5970      0.6700     0.18s
    82      0.4913           -      0.5947      0.6900     0.17s
    83      0.4595           -      0.5766      0.6700     0.17s
    84      0.4688           -      0.5620      0.7100     0.16s
    85      0.4661           -      0.5898      0.6900     0.16s
    86      0.4672           -      0.5496      0.7100     0.17s
    87      0.4664           -      0.5764      0.7100     0.17s
    88      0.4666           -      0.5984      0.6900     0.17s
    89      0.4668           -      0.6210      0.6700     0.16s
    90      0.4624           -      0.5575      0.7100     0.16s
    91      0.4753           -      0.5931      0.6900     0.17s
    92      0.4598           -      0.5551      0.7100     0.17s
    93      0.4624           -      0.5646      0.7100     0.16s
    94      0.4562           -      0.5513      0.7200     0.17s
    95      0.4314           -      0.5554      0.7000     0.16s
    96      0.4719           -      0.5990      0.7100     0.16s
    97      0.4442           -      0.5310      0.7400     0.16s
    98      0.4788           -      0.5370      0.7000     0.16s
    99      0.4796           -      0.5532      0.7000     0.16s
   100      0.4708           -      0.5578      0.6900     0.16s
   101      0.4924           -      0.5887      0.7700     0.16s

  验证集连续 50 轮没有提升，提前停止训练。

------------------------------------------------------------------------------
第 4 步：用验证集上最好的模型测测试集
------------------------------------------------------------------------------
  最好的一轮（第 51 轮）：验证集准确率 = 0.7700
  训练集准确率 = 0.7375   （和验证集差很多就说明过拟合了）
  测试集损失 = 0.6002
  测试集准确率 = 0.7000   <<< 这是最终成绩
  测试耗时 0.01s

------------------------------------------------------------------------------
时间统计
------------------------------------------------------------------------------
  纯训练总耗时      = 26.99s（不含评估，共 101 轮）
  平均每轮训练耗时  = 0.26s
  每个 epoch 的 batch 数 = 25
  整个脚本总耗时    = 29.25s

结果已追加到：D:\PHD\博一\入学任务\任务三_图分类\results\results.jsonl
逐轮历史已保存：D:\PHD\博一\入学任务\任务三_图分类\results\history\IMDB-BINARY_GIN_pool-max_sample_L3_lr0.01.json
==============================================================================
