==============================================================================
任务三 图分类 —— ZINC_GAT_pool-avg_sample_pn-ln_L3_lr0.01
时间：2026-09-15 23:19:15
==============================================================================
数据集=ZINC  模型=GAT  池化=AvgPooling（平均池化）（avg）
层数=3  隐藏维度=128  dropout=0.5
学习率=0.01  权重衰减=0.0005  轮数=100
训练方式=分批次训练  批次大小设置=64  随机种子=42

------------------------------------------------------------------------------
第 1 步：加载数据
------------------------------------------------------------------------------
  数据加载用时 1.65s
  节点特征维度=21  输出维度=1  任务类型=regression
  训练集 5000 张图 / 验证集 1000 / 测试集 1000
  训练批次大小=64  每个 epoch 有 79 个 batch

------------------------------------------------------------------------------
第 2 步：搭建模型
------------------------------------------------------------------------------
  GAT + AvgPooling（平均池化）
  可训练参数量 = 45,953
  模型结构：
GraphClassifier(
  (convs): ModuleList(
    (0): GATConv(21, 16, heads=8)
    (1-2): 2 x GATConv(128, 16, heads=8)
  )
  (norms): ModuleList(
    (0-2): 3 x BatchNorm1d(128, eps=1e-05, momentum=0.1, affine=True, track_running_stats=True)
  )
  (pool_norm): LayerNorm((128,), eps=1e-05, elementwise_affine=True)
  (classifier): Sequential(
    (0): Linear(in_features=128, out_features=64, bias=True)
    (1): ReLU()
    (2): Dropout(p=0.5, inplace=False)
    (3): Linear(in_features=64, out_features=1, bias=True)
  )
)

------------------------------------------------------------------------------
第 3 步：开始训练
------------------------------------------------------------------------------
    轮次        训练损失        训练指标        验证损失       验证MAE        耗时
     1      1.2082           -      0.8645      0.8645     4.55s
     2      1.0604           -      0.8459      0.8459     1.44s
     3      1.0193           -      0.9049      0.9049     1.60s
     4      1.0164           -      0.8039      0.8039     1.83s
     5      0.9863           -      0.7834      0.7834     1.71s
     6      0.9665           -      0.7566      0.7566     1.60s
     7      0.9787           -      0.8091      0.8091     1.50s
     8      0.9608           -      0.7538      0.7538     1.44s
     9      0.9547           -      0.7278      0.7278     1.42s
    10      0.9436           -      0.7444      0.7444     1.42s
    11      0.9464           -      0.7999      0.7999     1.50s
    12      0.9364           -      0.7978      0.7978     1.44s
    13      0.9432           -      0.7637      0.7637     1.44s
    14      0.9409           -      0.7208      0.7208     1.43s
    15      0.9414           -      0.7603      0.7603     1.42s
    16      0.9347           -      0.8918      0.8918     1.45s
    17      0.9262           -      0.6961      0.6961     1.43s
    18      0.9326           -      0.7756      0.7756     1.77s
    19      0.9258           -      0.7257      0.7257     1.76s
    20      0.9323           -      0.7422      0.7422     1.81s
    21      0.9140           -      0.7452      0.7452     1.44s
    22      0.9184           -      0.6760      0.6760     1.44s
    23      0.9221           -      0.7120      0.7120     1.43s
    24      0.9265           -      0.7805      0.7805     1.43s
    25      0.9173           -      0.7453      0.7453     1.47s
    26      0.9143           -      0.7007      0.7007     1.44s
    27      0.9165           -      0.7174      0.7174     1.41s
    28      0.9231           -      0.8678      0.8678     1.42s
    29      0.9195           -      0.7155      0.7155     1.43s
    30      0.9231           -      0.7068      0.7068     1.44s
    31      0.9351           -      0.8262      0.8262     1.43s
    32      0.9296           -      0.7087      0.7087     1.42s
    33      0.9127           -      0.7047      0.7047     1.42s
    34      0.9325           -      0.8424      0.8424     1.42s
    35      0.9440           -      0.9185      0.9185     1.45s
    36      0.9349           -      0.8319      0.8319     1.42s
    37      0.9151           -      0.8050      0.8050     1.42s
    38      0.9294           -      0.7423      0.7423     1.44s
    39      0.9175           -      0.6854      0.6854     1.43s
    40      0.9175           -      0.9105      0.9105     1.43s
    41      0.9329           -      0.6852      0.6852     1.43s
    42      0.9158           -      0.7009      0.7009     1.43s
    43      0.9238           -      0.6910      0.6910     1.42s
    44      0.9259           -      0.7114      0.7114     1.43s
    45      0.9292           -      0.8214      0.8214     1.43s
    46      0.9402           -      0.6773      0.6773     1.41s
    47      0.9311           -      0.6982      0.6982     1.41s
    48      0.9110           -      0.7315      0.7315     1.43s
    49      0.9200           -      0.7374      0.7374     1.42s
    50      0.9238           -      0.7644      0.7644     1.45s
    51      0.9194           -      0.8472      0.8472     1.42s
    52      0.9402           -      0.7424      0.7424     1.42s
    53      0.9299           -      0.7549      0.7549     1.44s
    54      0.9191           -      0.6903      0.6903     1.42s
    55      0.9076           -      0.7802      0.7802     1.42s
    56      0.9435           -      0.7271      0.7271     1.42s
    57      0.9129           -      0.7424      0.7424     1.42s
    58      0.9186           -      0.8977      0.8977     1.44s
    59      0.9252           -      0.7336      0.7336     1.42s
    60      0.9208           -      0.8115      0.8115     1.44s
    61      0.9132           -      0.7673      0.7673     1.44s
    62      0.9135           -      0.8518      0.8518     1.43s
    63      0.9295           -      0.7984      0.7984     1.43s
    64      0.9288           -      0.7447      0.7447     1.43s
    65      0.9152           -      0.7722      0.7722     1.43s
    66      0.9546           -      0.8080      0.8080     1.44s
    67      0.9320           -      0.7518      0.7518     1.44s
    68      0.9281           -      0.7076      0.7076     1.42s
    69      0.9171           -      0.8135      0.8135     1.42s
    70      0.9201           -      0.7297      0.7297     1.42s
    71      0.9110           -      0.7647      0.7647     1.46s
    72      0.9186           -      0.7219      0.7219     1.43s

  验证集连续 50 轮没有提升，提前停止训练。

------------------------------------------------------------------------------
第 4 步：用验证集上最好的模型测测试集
------------------------------------------------------------------------------
  最好的一轮（第 22 轮）：验证集MAE = 0.6760
  训练集MAE = 0.7060   （和验证集差很多就说明过拟合了）
  测试集损失 = 0.6688
  测试集MAE = 0.6688   <<< 这是最终成绩
  测试耗时 0.14s

------------------------------------------------------------------------------
时间统计
------------------------------------------------------------------------------
  纯训练总耗时      = 1m48.3s（不含评估，共 72 轮）
  平均每轮训练耗时  = 1.46s
  每个 epoch 的 batch 数 = 79
  整个脚本总耗时    = 2m0.8s

结果已追加到：D:\PHD\博一\入学任务\graph_beginner-main\任务三_图分类\results\results.jsonl
逐轮历史已保存：D:\PHD\博一\入学任务\graph_beginner-main\任务三_图分类\results\history\ZINC_GAT_pool-avg_sample_pn-ln_L3_lr0.01.json
==============================================================================
