==============================================================================
任务三 图分类 —— PROTEINS_GIN_pool-avg_sample_pn-ln_L3_lr0.01
时间：2026-09-15 23:12:01
==============================================================================
数据集=PROTEINS  模型=GIN  池化=AvgPooling（平均池化）（avg）
层数=3  隐藏维度=128  dropout=0.5
学习率=0.01  权重衰减=0.0005  轮数=150
训练方式=分批次训练  批次大小设置=32  随机种子=42

------------------------------------------------------------------------------
第 1 步：加载数据
------------------------------------------------------------------------------
  数据加载用时 0.10s
  节点特征维度=4  输出维度=2  任务类型=classification
  训练集 891 张图 / 验证集 111 / 测试集 111
  训练批次大小=32  每个 epoch 有 28 个 batch

------------------------------------------------------------------------------
第 2 步：搭建模型
------------------------------------------------------------------------------
  GIN + AvgPooling（平均池化）
  可训练参数量 = 92,613
  模型结构：
GraphClassifier(
  (convs): ModuleList(
    (0): GINConv(nn=Sequential(
      (0): Linear(in_features=4, out_features=128, bias=True)
      (1): ReLU()
      (2): Linear(in_features=128, out_features=128, bias=True)
    ))
    (1-2): 2 x GINConv(nn=Sequential(
      (0): Linear(in_features=128, out_features=128, bias=True)
      (1): ReLU()
      (2): Linear(in_features=128, out_features=128, bias=True)
    ))
  )
  (norms): ModuleList(
    (0-2): 3 x BatchNorm1d(128, eps=1e-05, momentum=0.1, affine=True, track_running_stats=True)
  )
  (pool_norm): LayerNorm((128,), eps=1e-05, elementwise_affine=True)
  (classifier): Sequential(
    (0): Linear(in_features=128, out_features=64, bias=True)
    (1): ReLU()
    (2): Dropout(p=0.5, inplace=False)
    (3): Linear(in_features=64, out_features=2, bias=True)
  )
)

------------------------------------------------------------------------------
第 3 步：开始训练
------------------------------------------------------------------------------
    轮次        训练损失        训练指标        验证损失       验证准确率        耗时
     1      0.7126           -      0.6752      0.5946     0.31s
     2      0.6687           -      0.6889      0.5946     0.13s
     3      0.6713           -      0.6838      0.5946     0.14s
     4      0.6610           -      0.6885      0.5946     0.14s
     5      0.6643           -      0.6874      0.6036     0.14s
     6      0.6541           -      0.6623      0.6216     0.14s
     7      0.6551           -      0.6618      0.5946     0.14s
     8      0.6495           -      0.6517      0.6216     0.15s
     9      0.6527           -      0.6346      0.6577     0.16s
    10      0.6487           -      0.6907      0.6036     0.16s
    11      0.6387           -      0.6688      0.6126     0.15s
    12      0.6385           -      0.6807      0.6036     0.16s
    13      0.6455           -      0.6324      0.6667     0.15s
    14      0.6427           -      0.6592      0.6306     0.15s
    15      0.6390           -      0.6965      0.5045     0.16s
    16      0.6399           -      0.6990      0.4505     0.15s
    17      0.6412           -      0.6624      0.6126     0.17s
    18      0.6377           -      0.6570      0.6306     0.19s
    19      0.6236           -      0.6325      0.6667     0.21s
    20      0.6211           -      0.6541      0.6486     0.19s
    21      0.6343           -      0.6856      0.5946     0.24s
    22      0.6576           -      0.6629      0.5946     0.39s
    23      0.6482           -      0.6800      0.5946     0.20s
    24      0.6363           -      0.6690      0.6036     0.15s
    25      0.6221           -      0.6856      0.6306     0.16s
    26      0.6325           -      0.6330      0.6847     0.15s
    27      0.6194           -      0.6309      0.6667     0.16s
    28      0.6092           -      0.6614      0.6577     0.15s
    29      0.6157           -      0.6358      0.6667     0.14s
    30      0.6630           -      0.6677      0.5946     0.14s
    31      0.6504           -      0.6914      0.6306     0.16s
    32      0.6387           -      0.6768      0.5856     0.18s
    33      0.6374           -      0.6950      0.4144     0.18s
    34      0.6238           -      0.6940      0.6036     0.16s
    35      0.6226           -      0.6872      0.5766     0.18s
    36      0.6182           -      0.6723      0.6216     0.20s
    37      0.6177           -      0.6236      0.6937     0.15s
    38      0.6307           -      0.6818      0.6036     0.17s
    39      0.6246           -      0.6495      0.6306     0.15s
    40      0.6183           -      0.6124      0.7027     0.15s
    41      0.6292           -      0.6715      0.6126     0.15s
    42      0.6133           -      0.6109      0.6937     0.19s
    43      0.6247           -      0.7454      0.4054     0.49s
    44      0.6197           -      0.7921      0.4685     0.49s
    45      0.6256           -      0.6354      0.6577     0.35s
    46      0.6144           -      0.6290      0.6577     0.36s
    47      0.6047           -      0.6284      0.6667     0.33s
    48      0.5961           -      0.6530      0.6486     0.36s
    49      0.6081           -      0.6140      0.6667     0.40s
    50      0.6052           -      0.6662      0.6486     0.41s
    51      0.6026           -      0.6515      0.6216     0.35s
    52      0.6097           -      0.7193      0.5946     0.35s
    53      0.6116           -      0.6833      0.6126     0.33s
    54      0.6689           -      0.6875      0.5946     0.30s
    55      0.6604           -      0.6864      0.6036     0.31s
    56      0.6517           -      0.6721      0.5946     0.30s
    57      0.6562           -      0.6759      0.5946     0.32s
    58      0.6415           -      0.6476      0.6486     0.35s
    59      0.6441           -      0.6477      0.6396     0.30s
    60      0.6341           -      0.6936      0.5946     0.31s
    61      0.6341           -      0.6687      0.6036     0.31s
    62      0.6154           -      0.6346      0.6396     0.30s
    63      0.5989           -      0.6439      0.6486     0.33s
    64      0.6176           -      0.6230      0.6937     0.35s
    65      0.6010           -      0.6122      0.6667     0.32s
    66      0.6106           -      0.6148      0.7027     0.31s
    67      0.5913           -      0.6195      0.6577     0.33s
    68      0.6359           -      0.7063      0.4775     0.43s
    69      0.6043           -      0.6063      0.6847     0.38s
    70      0.5970           -      0.6294      0.6577     0.31s
    71      0.5873           -      0.7553      0.4414     0.31s
    72      0.6196           -      0.6609      0.6667     0.31s
    73      0.6072           -      0.6667      0.6126     0.31s
    74      0.6173           -      0.6838      0.6036     0.30s
    75      0.6331           -      0.6596      0.6306     0.30s
    76      0.5921           -      0.7504      0.4595     0.31s
    77      0.6073           -      0.7043      0.5946     0.26s
    78      0.6233           -      0.6254      0.6667     0.30s
    79      0.6100           -      0.6162      0.6847     0.29s
    80      0.5931           -      0.6374      0.6486     0.31s
    81      0.6195           -      0.6211      0.6847     0.28s
    82      0.6080           -      0.6453      0.6126     0.31s
    83      0.6203           -      0.6296      0.6847     0.29s
    84      0.6135           -      0.6759      0.6486     0.31s
    85      0.6210           -      0.6224      0.6847     0.31s
    86      0.6115           -      0.6110      0.6486     0.30s
    87      0.6087           -      0.6777      0.6036     0.31s
    88      0.6023           -      0.6135      0.6667     0.30s
    89      0.6039           -      0.6441      0.5856     0.30s
    90      0.6107           -      0.6771      0.6036     0.30s

  验证集连续 50 轮没有提升，提前停止训练。

------------------------------------------------------------------------------
第 4 步：用验证集上最好的模型测测试集
------------------------------------------------------------------------------
  最好的一轮（第 40 轮）：验证集准确率 = 0.7027
  训练集准确率 = 0.7003   （和验证集差很多就说明过拟合了）
  测试集损失 = 0.6514
  测试集准确率 = 0.6396   <<< 这是最终成绩
  测试耗时 0.02s

------------------------------------------------------------------------------
时间统计
------------------------------------------------------------------------------
  纯训练总耗时      = 22.97s（不含评估，共 90 轮）
  平均每轮训练耗时  = 0.25s
  每个 epoch 的 batch 数 = 28
  整个脚本总耗时    = 24.60s

结果已追加到：D:\PHD\博一\入学任务\graph_beginner-main\任务三_图分类\results\results.jsonl
逐轮历史已保存：D:\PHD\博一\入学任务\graph_beginner-main\任务三_图分类\results\history\PROTEINS_GIN_pool-avg_sample_pn-ln_L3_lr0.01.json
==============================================================================
