==============================================================================
任务三 图分类 —— ENZYMES_GCN_pool-avg_sample_pn-ln_L3_lr0.01
时间：2026-09-15 23:12:30
==============================================================================
数据集=ENZYMES  模型=GCN  池化=AvgPooling（平均池化）（avg）
层数=3  隐藏维度=128  dropout=0.5
学习率=0.01  权重衰减=0.0005  轮数=150
训练方式=分批次训练  批次大小设置=32  随机种子=42

------------------------------------------------------------------------------
第 1 步：加载数据
------------------------------------------------------------------------------
  数据加载用时 0.17s
  节点特征维度=21  输出维度=6  任务类型=classification
  训练集 480 张图 / 验证集 60 / 测试集 60
  训练批次大小=32  每个 epoch 有 15 个 batch

------------------------------------------------------------------------------
第 2 步：搭建模型
------------------------------------------------------------------------------
  GCN + AvgPooling（平均池化）
  可训练参数量 = 45,510
  模型结构：
GraphClassifier(
  (convs): ModuleList(
    (0): GCNConv(21, 128)
    (1-2): 2 x GCNConv(128, 128)
  )
  (norms): ModuleList(
    (0-2): 3 x BatchNorm1d(128, eps=1e-05, momentum=0.1, affine=True, track_running_stats=True)
  )
  (pool_norm): LayerNorm((128,), eps=1e-05, elementwise_affine=True)
  (classifier): Sequential(
    (0): Linear(in_features=128, out_features=64, bias=True)
    (1): ReLU()
    (2): Dropout(p=0.5, inplace=False)
    (3): Linear(in_features=64, out_features=6, bias=True)
  )
)

------------------------------------------------------------------------------
第 3 步：开始训练
------------------------------------------------------------------------------
    轮次        训练损失        训练指标        验证损失       验证准确率        耗时
     1      1.8162           -      1.8700      0.1667     0.51s
     2      1.7663           -      1.6424      0.2667     0.20s
     3      1.7167           -      1.6217      0.3667     0.17s
     4      1.7030           -      1.6419      0.3500     0.21s
     5      1.7110           -      1.6394      0.2667     0.20s
     6      1.6662           -      1.7215      0.2667     0.21s
     7      1.6736           -      1.7222      0.2333     0.20s
     8      1.7161           -      1.6298      0.3667     0.20s
     9      1.6160           -      1.7422      0.3833     0.20s
    10      1.6916           -      1.7654      0.3000     0.19s
    11      1.6581           -      1.6611      0.4333     0.20s
    12      1.6310           -      1.7259      0.2833     0.19s
    13      1.6504           -      1.7143      0.2500     0.20s
    14      1.6198           -      1.7288      0.3667     0.20s
    15      1.6593           -      1.5884      0.4333     0.20s
    16      1.6207           -      1.6821      0.2500     0.20s
    17      1.6310           -      1.7495      0.2500     0.20s
    18      1.6470           -      1.7125      0.2667     0.20s
    19      1.6134           -      2.1155      0.2167     0.19s
    20      1.6362           -      1.6559      0.3500     0.20s
    21      1.6171           -      1.5442      0.4167     0.19s
    22      1.6621           -      1.6330      0.2833     0.21s
    23      1.6112           -      1.7184      0.3000     0.18s
    24      1.6099           -      1.5083      0.3833     0.19s
    25      1.5598           -      2.4781      0.1833     0.20s
    26      1.6722           -      1.5945      0.3167     0.20s
    27      1.6228           -      1.7301      0.2500     0.19s
    28      1.6008           -      1.5663      0.3833     0.19s
    29      1.5598           -      1.7240      0.3000     0.20s
    30      1.5791           -      1.7691      0.3000     0.20s
    31      1.5427           -      2.0986      0.2333     0.22s
    32      1.5554           -      1.6952      0.4000     0.23s
    33      1.5678           -      1.6595      0.4000     1.27s
    34      1.5746           -      1.5920      0.3167     0.55s
    35      1.5359           -      1.4940      0.3833     0.19s
    36      1.5650           -      1.7035      0.3167     0.18s
    37      1.5809           -      1.7834      0.2667     0.16s
    38      1.5937           -      1.7711      0.2667     0.14s
    39      1.6235           -      1.5239      0.4000     0.19s
    40      1.5625           -      1.6397      0.2667     0.19s
    41      1.5767           -      1.5466      0.4167     0.19s
    42      1.4944           -      1.8245      0.3000     0.19s
    43      1.5958           -      1.4636      0.4167     0.19s
    44      1.5736           -      2.0792      0.2833     0.19s
    45      1.5588           -      1.5882      0.2833     0.20s
    46      1.5178           -      1.5097      0.3833     0.20s
    47      1.5348           -      1.6115      0.3667     0.19s
    48      1.5764           -      1.5050      0.3500     0.21s
    49      1.4824           -      1.6625      0.4500     0.20s
    50      1.5320           -      1.5935      0.3000     0.20s
    51      1.5194           -      1.5389      0.4167     0.19s
    52      1.5525           -      1.7161      0.3667     0.20s
    53      1.4915           -      1.6444      0.2500     0.19s
    54      1.5491           -      1.4684      0.4333     0.20s
    55      1.5463           -      1.4975      0.4833     0.16s
    56      1.5465           -      3.1498      0.2000     0.19s
    57      1.5589           -      1.4313      0.4833     0.20s
    58      1.4997           -      1.6395      0.3500     0.20s
    59      1.5382           -      1.3750      0.4333     0.19s
    60      1.4829           -      1.5447      0.3833     0.20s
    61      1.5242           -      1.7963      0.2500     0.16s
    62      1.5315           -      1.7506      0.2833     0.20s
    63      1.5139           -      1.5244      0.4167     0.20s
    64      1.4828           -      1.6845      0.3000     0.19s
    65      1.4954           -      1.6044      0.3667     0.21s
    66      1.4867           -      1.7159      0.3667     0.21s
    67      1.4895           -      1.4439      0.4667     0.21s
    68      1.4534           -      1.6389      0.4000     0.22s
    69      1.5192           -      1.4740      0.4167     0.21s
    70      1.4626           -      1.6048      0.3167     0.22s
    71      1.5174           -      1.5098      0.4167     0.21s
    72      1.4473           -      1.3454      0.4333     0.22s
    73      1.4450           -      4.9824      0.2167     0.21s
    74      1.4648           -      1.6715      0.3167     0.21s
    75      1.4710           -      3.8567      0.2333     0.21s
    76      1.4673           -      4.1538      0.2333     0.21s
    77      1.4865           -      1.4370      0.4500     0.21s
    78      1.4602           -      1.6118      0.3333     0.21s
    79      1.4467           -      1.6346      0.3500     0.20s
    80      1.5730           -      1.7269      0.2667     0.21s
    81      1.5295           -      1.6020      0.3833     0.21s
    82      1.4948           -      1.5529      0.5000     0.20s
    83      1.4724           -      1.4732      0.4500     0.20s
    84      1.4355           -      1.4684      0.5000     0.20s
    85      1.5159           -      1.4302      0.4000     0.21s
    86      1.4857           -      2.5623      0.3167     0.20s
    87      1.5041           -      1.5331      0.4000     0.21s
    88      1.4788           -      1.7407      0.2333     0.21s
    89      1.4489           -      1.5922      0.3333     0.21s
    90      1.5344           -      1.3645      0.4167     0.20s
    91      1.4815           -      1.5315      0.3667     0.20s
    92      1.4842           -      1.5837      0.4000     0.20s
    93      1.4875           -      5.6163      0.2333     0.20s
    94      1.5355           -      1.5638      0.4500     0.21s
    95      1.5261           -      1.3904      0.5000     0.22s
    96      1.5014           -      1.5204      0.3667     0.18s
    97      1.4903           -      1.6432      0.2833     0.21s
    98      1.4711           -      1.5626      0.4167     0.21s
    99      1.4371           -      3.5255      0.3333     0.17s
   100      1.4872           -      1.4721      0.4167     0.18s
   101      1.4737           -      1.5400      0.3333     0.20s
   102      1.5126           -      1.8093      0.4000     0.16s
   103      1.5042           -      1.5733      0.3667     0.13s
   104      1.4674           -      1.5083      0.4000     0.20s
   105      1.4147           -      1.5799      0.3667     0.16s
   106      1.4617           -      1.6710      0.4000     0.21s
   107      1.5065           -      1.7797      0.2833     0.17s
   108      1.4436           -      1.4664      0.4000     0.21s
   109      1.4705           -      2.7190      0.3167     0.20s
   110      1.5382           -      1.7786      0.3833     0.21s
   111      1.4956           -      2.4533      0.2500     0.20s
   112      1.4771           -      1.6440      0.2833     0.20s
   113      1.4020           -      1.4095      0.4667     0.21s
   114      1.4066           -      1.8484      0.3667     0.21s
   115      1.4300           -      1.9987      0.3500     0.19s
   116      1.4623           -      4.7846      0.2500     0.20s
   117      1.5285           -      1.6631      0.3333     0.21s
   118      1.4795           -      1.5527      0.4000     0.21s
   119      1.4777           -      5.0552      0.2167     0.14s
   120      1.4606           -      1.6149      0.4167     0.20s
   121      1.4610           -      1.9509      0.3833     0.19s
   122      1.4667           -      1.6017      0.3833     0.20s
   123      1.4389           -      1.4868      0.4167     0.19s
   124      1.4182           -      1.6671      0.4333     0.19s
   125      1.4124           -      2.1330      0.4167     0.19s
   126      1.4415           -      1.7705      0.3333     0.20s
   127      1.4433           -      1.7283      0.3167     0.21s
   128      1.4628           -      1.9362      0.2500     0.19s
   129      1.4911           -      1.6711      0.2833     0.19s
   130      1.4720           -      1.7152      0.3167     0.19s
   131      1.4985           -      1.5049      0.4167     0.19s
   132      1.4355           -      1.4030      0.5333     0.19s
   133      1.3965           -      1.4341      0.5000     0.19s
   134      1.4417           -      1.6512      0.3833     0.19s
   135      1.4568           -      1.7920      0.3167     0.19s
   136      1.4415           -      2.0889      0.4500     0.19s
   137      1.4412           -      1.6500      0.4167     0.19s
   138      1.4765           -      2.0403      0.3167     0.19s
   139      1.4544           -      1.6619      0.3333     0.19s
   140      1.4826           -      1.9368      0.2333     0.19s
   141      1.4532           -      1.6730      0.3167     0.19s
   142      1.5047           -      2.2306      0.3833     0.19s
   143      1.4047           -      1.6045      0.2833     0.19s
   144      1.4228           -      2.3054      0.3167     0.20s
   145      1.4313           -      1.7765      0.4000     0.19s
   146      1.4056           -      1.4458      0.4667     0.19s
   147      1.4537           -      1.9951      0.4000     0.19s
   148      1.4350           -      2.2295      0.2333     0.19s
   149      1.3913           -      1.5321      0.3667     0.20s
   150      1.4524           -      1.3351      0.5333     0.19s

------------------------------------------------------------------------------
第 4 步：用验证集上最好的模型测测试集
------------------------------------------------------------------------------
  最好的一轮（第 132 轮）：验证集准确率 = 0.5333
  训练集准确率 = 0.4917   （和验证集差很多就说明过拟合了）
  测试集损失 = 1.4123
  测试集准确率 = 0.4000   <<< 这是最终成绩
  测试耗时 0.02s

------------------------------------------------------------------------------
时间统计
------------------------------------------------------------------------------
  纯训练总耗时      = 31.14s（不含评估，共 150 轮）
  平均每轮训练耗时  = 0.21s
  每个 epoch 的 batch 数 = 15
  整个脚本总耗时    = 33.90s

结果已追加到：D:\PHD\博一\入学任务\graph_beginner-main\任务三_图分类\results\results.jsonl
逐轮历史已保存：D:\PHD\博一\入学任务\graph_beginner-main\任务三_图分类\results\history\ENZYMES_GCN_pool-avg_sample_pn-ln_L3_lr0.01.json
==============================================================================
