==============================================================================
任务三 图分类 —— ZINC_GraphSAGE_pool-avg_sample_pn-ln_L3_lr0.01
时间：2026-09-15 23:21:23
==============================================================================
数据集=ZINC  模型=GraphSAGE  池化=AvgPooling（平均池化）（avg）
层数=3  隐藏维度=128  dropout=0.5
学习率=0.01  权重衰减=0.0005  轮数=100
训练方式=分批次训练  批次大小设置=64  随机种子=42

------------------------------------------------------------------------------
第 1 步：加载数据
------------------------------------------------------------------------------
  数据加载用时 1.32s
  节点特征维度=21  输出维度=1  任务类型=regression
  训练集 5000 张图 / 验证集 1000 / 测试集 1000
  训练批次大小=64  每个 epoch 有 79 个 batch

------------------------------------------------------------------------------
第 2 步：搭建模型
------------------------------------------------------------------------------
  GraphSAGE + AvgPooling（平均池化）
  可训练参数量 = 80,641
  模型结构：
GraphClassifier(
  (convs): ModuleList(
    (0): SAGEConv(21, 128)
    (1-2): 2 x SAGEConv(128, 128)
  )
  (norms): ModuleList(
    (0-2): 3 x BatchNorm1d(128, eps=1e-05, momentum=0.1, affine=True, track_running_stats=True)
  )
  (pool_norm): LayerNorm((128,), eps=1e-05, elementwise_affine=True)
  (classifier): Sequential(
    (0): Linear(in_features=128, out_features=64, bias=True)
    (1): ReLU()
    (2): Dropout(p=0.5, inplace=False)
    (3): Linear(in_features=64, out_features=1, bias=True)
  )
)

------------------------------------------------------------------------------
第 3 步：开始训练
------------------------------------------------------------------------------
    轮次        训练损失        训练指标        验证损失       验证MAE        耗时
     1      1.0396           -      0.7832      0.7832     1.96s
     2      0.9387           -      0.8105      0.8105     0.90s
     3      0.9266           -      0.8608      0.8608     0.95s
     4      0.9200           -      0.7949      0.7949     0.91s
     5      0.9078           -      0.7810      0.7810     0.89s
     6      0.9017           -      0.7772      0.7772     0.89s
     7      0.9110           -      0.7384      0.7384     0.89s
     8      0.8866           -      0.7501      0.7501     0.88s
     9      0.9010           -      0.7360      0.7360     0.88s
    10      0.8796           -      0.7072      0.7072     0.88s
    11      0.8902           -      0.6905      0.6905     0.90s
    12      0.8789           -      0.6637      0.6637     0.90s
    13      0.8743           -      0.7064      0.7064     0.91s
    14      0.8773           -      0.7024      0.7024     0.89s
    15      0.8817           -      0.7039      0.7039     0.89s
    16      0.8655           -      0.7329      0.7329     0.89s
    17      0.8694           -      0.7480      0.7480     0.89s
    18      0.8773           -      0.7789      0.7789     0.89s
    19      0.8969           -      0.6938      0.6938     0.89s
    20      0.8693           -      0.7344      0.7344     0.88s
    21      0.8794           -      0.7051      0.7051     0.89s
    22      0.8800           -      0.6881      0.6881     0.90s
    23      0.8739           -      0.7352      0.7352     0.88s
    24      0.8507           -      0.8243      0.8243     0.89s
    25      0.8700           -      0.7108      0.7108     0.89s
    26      0.8783           -      0.7325      0.7325     0.88s
    27      0.8744           -      0.7541      0.7541     0.89s
    28      0.8569           -      0.6737      0.6737     0.88s
    29      0.8559           -      0.6845      0.6845     0.89s
    30      0.8595           -      0.7441      0.7441     0.89s
    31      0.8797           -      0.6947      0.6947     0.89s
    32      0.8643           -      0.7079      0.7079     0.89s
    33      0.8548           -      0.6982      0.6982     0.89s
    34      0.8757           -      0.6788      0.6788     0.88s
    35      0.8606           -      0.6602      0.6602     0.89s
    36      0.8645           -      0.6782      0.6782     0.88s
    37      0.8784           -      0.6681      0.6681     0.89s
    38      0.8596           -      0.6734      0.6734     0.88s
    39      0.8894           -      0.7410      0.7410     0.88s
    40      0.8686           -      0.6764      0.6764     0.89s
    41      0.8512           -      0.6677      0.6677     0.90s
    42      0.8636           -      0.6697      0.6697     0.89s
    43      0.8532           -      0.6988      0.6988     0.89s
    44      0.8732           -      0.7852      0.7852     0.89s
    45      0.8789           -      0.6950      0.6950     0.89s
    46      0.8565           -      0.6974      0.6974     0.88s
    47      0.8714           -      0.6829      0.6829     0.89s
    48      0.8679           -      0.6958      0.6958     0.89s
    49      0.8765           -      0.7035      0.7035     0.89s
    50      0.8793           -      0.7710      0.7710     0.89s
    51      0.8782           -      0.6658      0.6658     0.88s
    52      0.8627           -      0.6787      0.6787     0.86s
    53      0.8478           -      0.6720      0.6720     0.89s
    54      0.8602           -      0.6618      0.6618     0.93s
    55      0.8700           -      0.7758      0.7758     0.89s
    56      0.8661           -      0.7130      0.7130     0.88s
    57      0.8693           -      0.6814      0.6814     0.89s
    58      0.8559           -      0.6729      0.6729     0.89s
    59      0.8699           -      0.7339      0.7339     0.91s
    60      0.8615           -      0.6892      0.6892     0.89s
    61      0.8770           -      0.6832      0.6832     0.90s
    62      0.8806           -      0.6779      0.6779     0.89s
    63      0.8730           -      0.7091      0.7091     0.91s
    64      0.8839           -      0.7113      0.7113     0.89s
    65      0.8597           -      0.6863      0.6863     0.89s
    66      0.8767           -      0.6954      0.6954     0.88s
    67      0.8641           -      0.7477      0.7477     0.89s
    68      0.8658           -      0.6963      0.6963     0.89s
    69      0.8770           -      0.7288      0.7288     0.89s
    70      0.8801           -      0.7516      0.7516     0.89s
    71      0.8616           -      0.7452      0.7452     0.89s
    72      0.8852           -      0.6542      0.6542     0.89s
    73      0.8605           -      0.6910      0.6910     0.89s
    74      0.8668           -      0.6548      0.6548     0.89s
    75      0.8583           -      0.6534      0.6534     0.89s
    76      0.8696           -      0.6958      0.6958     0.89s
    77      0.8671           -      0.8023      0.8023     0.88s
    78      0.8664           -      0.7846      0.7846     0.89s
    79      0.8642           -      0.6969      0.6969     0.89s
    80      0.8664           -      0.6704      0.6704     0.82s
    81      0.8571           -      0.6645      0.6645     0.91s
    82      0.8750           -      0.6815      0.6815     0.89s
    83      0.8610           -      0.7120      0.7120     0.89s
    84      0.8667           -      0.6995      0.6995     0.88s
    85      0.8646           -      0.6809      0.6809     0.89s
    86      0.8679           -      0.7184      0.7184     0.89s
    87      0.8712           -      0.6606      0.6606     0.89s
    88      0.8548           -      0.6699      0.6699     0.89s
    89      0.8660           -      0.6713      0.6713     0.95s
    90      0.8658           -      0.7027      0.7027     0.88s
    91      0.8679           -      0.7279      0.7279     0.89s
    92      0.8559           -      0.7458      0.7458     0.89s
    93      0.8751           -      0.7186      0.7186     0.89s
    94      0.8887           -      0.7023      0.7023     0.89s
    95      0.8789           -      0.7368      0.7368     0.90s
    96      0.8736           -      0.6535      0.6535     0.88s
    97      0.8714           -      0.7380      0.7380     0.88s
    98      0.8693           -      0.6758      0.6758     0.89s
    99      0.8572           -      0.6684      0.6684     0.89s
   100      0.8499           -      0.6560      0.6560     0.88s

------------------------------------------------------------------------------
第 4 步：用验证集上最好的模型测测试集
------------------------------------------------------------------------------
  最好的一轮（第 75 轮）：验证集MAE = 0.6534
  训练集MAE = 0.6830   （和验证集差很多就说明过拟合了）
  测试集损失 = 0.6488
  测试集MAE = 0.6488   <<< 这是最终成绩
  测试耗时 0.10s

------------------------------------------------------------------------------
时间统计
------------------------------------------------------------------------------
  纯训练总耗时      = 1m30.0s（不含评估，共 100 轮）
  平均每轮训练耗时  = 0.89s
  每个 epoch 的 batch 数 = 79
  整个脚本总耗时    = 1m40.4s

结果已追加到：D:\PHD\博一\入学任务\graph_beginner-main\任务三_图分类\results\results.jsonl
逐轮历史已保存：D:\PHD\博一\入学任务\graph_beginner-main\任务三_图分类\results\history\ZINC_GraphSAGE_pool-avg_sample_pn-ln_L3_lr0.01.json
==============================================================================
