==============================================================================
任务三 图分类 —— MUTAG_GAT_pool-avg_sample_pn-ln_L3_lr0.01
时间：2026-09-15 23:10:07
==============================================================================
数据集=MUTAG  模型=GAT  池化=AvgPooling（平均池化）（avg）
层数=3  隐藏维度=128  dropout=0.5
学习率=0.01  权重衰减=0.0005  轮数=150
训练方式=分批次训练  批次大小设置=32  随机种子=42

------------------------------------------------------------------------------
第 1 步：加载数据
------------------------------------------------------------------------------
  数据加载用时 0.07s
  节点特征维度=7  输出维度=2  任务类型=classification
  训练集 152 张图 / 验证集 18 / 测试集 18
  训练批次大小=32  每个 epoch 有 5 个 batch

------------------------------------------------------------------------------
第 2 步：搭建模型
------------------------------------------------------------------------------
  GAT + AvgPooling（平均池化）
  可训练参数量 = 44,226
  模型结构：
GraphClassifier(
  (convs): ModuleList(
    (0): GATConv(7, 16, heads=8)
    (1-2): 2 x GATConv(128, 16, heads=8)
  )
  (norms): ModuleList(
    (0-2): 3 x BatchNorm1d(128, eps=1e-05, momentum=0.1, affine=True, track_running_stats=True)
  )
  (pool_norm): LayerNorm((128,), eps=1e-05, elementwise_affine=True)
  (classifier): Sequential(
    (0): Linear(in_features=128, out_features=64, bias=True)
    (1): ReLU()
    (2): Dropout(p=0.5, inplace=False)
    (3): Linear(in_features=64, out_features=2, bias=True)
  )
)

------------------------------------------------------------------------------
第 3 步：开始训练
------------------------------------------------------------------------------
    轮次        训练损失        训练指标        验证损失       验证准确率        耗时
     1      0.7791           -      0.6927      0.6667     1.71s
     2      0.6362           -      0.7070      0.6667     0.04s
     3      0.6930           -      0.6934      0.6667     0.05s
     4      0.6565           -      0.6152      0.6667     0.06s
     5      0.6376           -      0.6007      0.6667     0.05s
     6      0.6503           -      0.6111      0.6667     0.05s
     7      0.6526           -      0.5900      0.6667     0.04s
     8      0.6637           -      0.5358      0.7778     0.04s
     9      0.6489           -      0.5373      0.7778     0.04s
    10      0.6219           -      0.6516      0.7222     0.04s
    11      0.6328           -      0.6729      0.7222     0.04s
    12      0.6272           -      0.5405      0.7222     0.04s
    13      0.6162           -      0.6302      0.7778     0.04s
    14      0.5541           -      0.7146      0.7222     0.04s
    15      0.6059           -      0.7212      0.7222     0.04s
    16      0.5244           -      0.7021      0.7222     0.04s
    17      0.5939           -      0.6938      0.7222     0.04s
    18      0.5875           -      0.6582      0.7222     0.04s
    19      0.6499           -      0.5092      0.7222     0.04s
    20      0.5949           -      0.5076      0.7222     0.04s
    21      0.5693           -      0.6038      0.7222     0.04s
    22      0.6073           -      0.7090      0.7778     0.04s
    23      0.5626           -      0.5495      0.7222     0.04s
    24      0.5644           -      0.5663      0.7778     0.04s
    25      0.6027           -      0.6370      0.7778     0.05s
    26      0.5699           -      0.7149      0.7778     0.04s
    27      0.5930           -      0.5728      0.7778     0.05s
    28      0.5467           -      0.6637      0.7222     0.05s
    29      0.6347           -      0.6794      0.7222     0.04s
    30      0.5873           -      0.5810      0.7778     0.04s
    31      0.5775           -      0.6046      0.7778     0.04s
    32      0.5893           -      0.6932      0.7778     0.04s
    33      0.5848           -      0.6342      0.7778     0.04s
    34      0.6250           -      0.5672      0.7778     0.04s
    35      0.6351           -      0.5753      0.7222     0.04s
    36      0.6238           -      0.5450      0.7222     0.04s
    37      0.5984           -      0.5229      0.7222     0.04s
    38      0.5623           -      0.7001      0.7222     0.04s
    39      0.5630           -      0.6793      0.7222     0.04s
    40      0.6198           -      0.5553      0.7222     0.04s
    41      0.6049           -      0.4935      0.7222     0.04s
    42      0.5692           -      0.5782      0.7778     0.04s
    43      0.6253           -      0.5781      0.7778     0.04s
    44      0.5935           -      0.5234      0.7222     0.04s
    45      0.5420           -      0.5694      0.7222     0.04s
    46      0.5158           -      0.6779      0.7222     0.04s
    47      0.6003           -      0.8216      0.7778     0.04s
    48      0.6117           -      0.6312      0.7222     0.04s
    49      0.5670           -      0.6172      0.7222     0.04s
    50      0.5991           -      0.6426      0.6667     0.05s
    51      0.5422           -      0.6601      0.6667     0.04s
    52      0.5640           -      0.6827      0.7778     0.05s
    53      0.6178           -      0.5926      0.7222     0.05s
    54      0.5761           -      0.5405      0.7222     0.04s
    55      0.5671           -      0.5341      0.7222     0.04s
    56      0.6053           -      0.6140      0.7222     0.04s
    57      0.6028           -      0.6030      0.7222     0.04s
    58      0.5422           -      0.5476      0.7222     0.05s

  验证集连续 50 轮没有提升，提前停止训练。

------------------------------------------------------------------------------
第 4 步：用验证集上最好的模型测测试集
------------------------------------------------------------------------------
  最好的一轮（第 8 轮）：验证集准确率 = 0.7778
  训练集准确率 = 0.6974   （和验证集差很多就说明过拟合了）
  测试集损失 = 0.5028
  测试集准确率 = 0.7222   <<< 这是最终成绩
  测试耗时 0.19s

------------------------------------------------------------------------------
时间统计
------------------------------------------------------------------------------
  纯训练总耗时      = 4.02s（不含评估，共 58 轮）
  平均每轮训练耗时  = 0.04s
  每个 epoch 的 batch 数 = 5
  整个脚本总耗时    = 4.45s

结果已追加到：D:\PHD\博一\入学任务\graph_beginner-main\任务三_图分类\results\results.jsonl
逐轮历史已保存：D:\PHD\博一\入学任务\graph_beginner-main\任务三_图分类\results\history\MUTAG_GAT_pool-avg_sample_pn-ln_L3_lr0.01.json
==============================================================================
