==============================================================================
任务三 图分类 —— PROTEINS_GCN_pool-max_sample_pn-ln_L3_lr0.01_verify_ln
时间：2026-09-15 21:06:13
==============================================================================
数据集=PROTEINS  模型=GCN  池化=MaxPooling（最大池化）（max）
层数=3  隐藏维度=128  dropout=0.5
学习率=0.01  权重衰减=0.0005  轮数=60
训练方式=分批次训练  批次大小设置=32  随机种子=42

------------------------------------------------------------------------------
第 1 步：加载数据
------------------------------------------------------------------------------
  数据加载用时 0.11s
  节点特征维度=4  输出维度=2  任务类型=classification
  训练集 891 张图 / 验证集 111 / 测试集 111
  训练批次大小=32  每个 epoch 有 28 个 batch

------------------------------------------------------------------------------
第 2 步：搭建模型
------------------------------------------------------------------------------
  GCN + MaxPooling（最大池化）
  可训练参数量 = 43,074
  模型结构：
GraphClassifier(
  (convs): ModuleList(
    (0): GCNConv(4, 128)
    (1-2): 2 x GCNConv(128, 128)
  )
  (norms): ModuleList(
    (0-2): 3 x BatchNorm1d(128, eps=1e-05, momentum=0.1, affine=True, track_running_stats=True)
  )
  (pool_norm): LayerNorm((128,), eps=1e-05, elementwise_affine=True)
  (classifier): Sequential(
    (0): Linear(in_features=128, out_features=64, bias=True)
    (1): ReLU()
    (2): Dropout(p=0.5, inplace=False)
    (3): Linear(in_features=64, out_features=2, bias=True)
  )
)

------------------------------------------------------------------------------
第 3 步：开始训练
------------------------------------------------------------------------------
    轮次        训练损失        训练指标        验证损失       验证准确率        耗时
     1      0.7089           -      0.6532      0.5946     0.43s
     2      0.6717           -      0.6742      0.6937     0.22s
     3      0.6474           -      0.5973      0.6577     0.22s
     4      0.6312           -      0.6308      0.7027     0.21s
     5      0.6389           -      0.6032      0.6486     0.22s
     6      0.6079           -      0.6021      0.6486     0.23s
     7      0.6061           -      0.6090      0.6486     0.22s
     8      0.6170           -      0.6109      0.6847     0.21s
     9      0.6189           -      0.6241      0.5766     0.21s
    10      0.5888           -      0.5667      0.7027     0.23s
    11      0.6197           -      0.5920      0.6847     0.22s
    12      0.6010           -      0.6014      0.6667     0.23s
    13      0.5974           -      0.6786      0.6126     0.22s
    14      0.6179           -      0.6057      0.6847     0.22s
    15      0.6057           -      0.6144      0.6306     0.21s
    16      0.5920           -      0.5860      0.6757     0.21s
    17      0.5851           -      0.6022      0.6486     0.21s
    18      0.5663           -      0.5508      0.7117     0.24s
    19      0.5858           -      0.5594      0.6757     0.23s
    20      0.5736           -      0.5524      0.7207     0.23s
    21      0.5566           -      0.5423      0.7297     0.23s
    22      0.5890           -      0.5802      0.6937     0.24s
    23      0.5941           -      0.6175      0.6577     0.22s
    24      0.5743           -      0.6117      0.7027     0.23s
    25      0.5694           -      0.6261      0.6486     0.22s
    26      0.5470           -      0.6243      0.6757     0.22s
    27      0.5844           -      0.6031      0.6847     0.22s
    28      0.5570           -      0.5767      0.6847     0.22s
    29      0.5690           -      0.5826      0.7477     0.21s
    30      0.5499           -      0.5689      0.7027     0.23s
    31      0.5419           -      0.5887      0.7207     0.23s
    32      0.5780           -      0.5411      0.7477     0.21s
    33      0.5708           -      0.5611      0.7117     0.22s
    34      0.5538           -      0.5839      0.7027     0.23s
    35      0.5894           -      0.5583      0.7297     0.21s
    36      0.5612           -      0.5660      0.7117     0.23s
    37      0.5524           -      0.5480      0.7477     0.21s
    38      0.5683           -      0.5854      0.7297     0.22s
    39      0.5627           -      0.5600      0.7297     0.22s
    40      0.5615           -      0.5644      0.7027     0.23s
    41      0.5446           -      0.6016      0.7027     0.21s
    42      0.5553           -      0.5722      0.7207     0.22s
    43      0.5438           -      0.6355      0.6486     0.22s
    44      0.5541           -      0.6371      0.6486     0.22s
    45      0.5528           -      0.5456      0.7387     0.21s
    46      0.5392           -      0.5760      0.7658     0.21s
    47      0.5611           -      0.6631      0.6036     0.22s
    48      0.5596           -      0.6189      0.7027     0.23s
    49      0.5475           -      0.5958      0.7297     0.22s
    50      0.5496           -      0.5752      0.7387     0.23s
    51      0.5245           -      0.5478      0.7387     0.25s
    52      0.5423           -      0.5363      0.7477     0.21s
    53      0.5485           -      0.5443      0.7207     0.43s
    54      0.5511           -      0.5782      0.7207     0.40s
    55      0.5385           -      0.5385      0.7387     0.40s
    56      0.5553           -      0.6141      0.6937     0.38s
    57      0.5481           -      0.5845      0.7117     0.38s
    58      0.5249           -      0.6213      0.6847     0.39s
    59      0.5491           -      0.5423      0.7477     0.38s
    60      0.5370           -      0.5538      0.7297     0.38s

------------------------------------------------------------------------------
第 4 步：用验证集上最好的模型测测试集
------------------------------------------------------------------------------
  最好的一轮（第 46 轮）：验证集准确率 = 0.7658
  训练集准确率 = 0.7553   （和验证集差很多就说明过拟合了）
  测试集损失 = 0.5776
  测试集准确率 = 0.7207   <<< 这是最终成绩
  测试耗时 0.04s

------------------------------------------------------------------------------
时间统计
------------------------------------------------------------------------------
  纯训练总耗时      = 14.85s（不含评估，共 60 轮）
  平均每轮训练耗时  = 0.24s
  每个 epoch 的 batch 数 = 28
  整个脚本总耗时    = 16.26s

结果已追加到：D:\PHD\博一\入学任务\任务三_图分类\results\results.jsonl
逐轮历史已保存：D:\PHD\博一\入学任务\任务三_图分类\results\history\PROTEINS_GCN_pool-max_sample_pn-ln_L3_lr0.01_verify_ln.json
==============================================================================
==============================================================================
任务三 图分类 —— PROTEINS_GCN_pool-max_sample_pn-ln_L3_lr0.01_verify_ln
时间：2026-09-15 21:06:34
==============================================================================
数据集=PROTEINS  模型=GCN  池化=MaxPooling（最大池化）（max）
层数=3  隐藏维度=128  dropout=0.5
学习率=0.01  权重衰减=0.0005  轮数=60
训练方式=分批次训练  批次大小设置=32  随机种子=42

------------------------------------------------------------------------------
第 1 步：加载数据
------------------------------------------------------------------------------
  数据加载用时 0.27s
  节点特征维度=4  输出维度=2  任务类型=classification
  训练集 891 张图 / 验证集 111 / 测试集 111
  训练批次大小=32  每个 epoch 有 28 个 batch

------------------------------------------------------------------------------
第 2 步：搭建模型
------------------------------------------------------------------------------
  GCN + MaxPooling（最大池化）
  可训练参数量 = 43,074
  模型结构：
GraphClassifier(
  (convs): ModuleList(
    (0): GCNConv(4, 128)
    (1-2): 2 x GCNConv(128, 128)
  )
  (norms): ModuleList(
    (0-2): 3 x BatchNorm1d(128, eps=1e-05, momentum=0.1, affine=True, track_running_stats=True)
  )
  (pool_norm): LayerNorm((128,), eps=1e-05, elementwise_affine=True)
  (classifier): Sequential(
    (0): Linear(in_features=128, out_features=64, bias=True)
    (1): ReLU()
    (2): Dropout(p=0.5, inplace=False)
    (3): Linear(in_features=64, out_features=2, bias=True)
  )
)

------------------------------------------------------------------------------
第 3 步：开始训练
------------------------------------------------------------------------------
    轮次        训练损失        训练指标        验证损失       验证准确率        耗时
     1      0.7089           -      0.6532      0.6036     0.71s
     2      0.6720           -      0.6762      0.6667     0.39s
     3      0.6482           -      0.5997      0.6486     0.39s
     4      0.6224           -      0.6102      0.6937     0.38s
     5      0.6495           -      0.5964      0.7207     0.39s
     6      0.6163           -      0.6021      0.6847     0.37s
     7      0.6191           -      0.5907      0.6847     0.38s
     8      0.6021           -      0.6093      0.6306     0.38s
     9      0.6121           -      0.6440      0.6126     0.39s
    10      0.6170           -      0.6066      0.6757     0.36s
    11      0.6306           -      0.5836      0.7117     0.37s
    12      0.5791           -      0.6204      0.6126     0.42s
    13      0.6123           -      0.6031      0.7117     0.40s
    14      0.6014           -      0.5980      0.7117     0.44s
    15      0.5963           -      0.6236      0.6216     0.37s
    16      0.5948           -      0.5718      0.6757     0.47s
    17      0.5818           -      0.5664      0.7207     0.46s
    18      0.5803           -      0.6800      0.5495     0.40s
    19      0.6056           -      0.5919      0.6216     0.38s
    20      0.5947           -      0.6048      0.6396     0.39s
    21      0.5808           -      0.5777      0.6667     0.39s
    22      0.5983           -      0.5744      0.7027     0.39s
    23      0.5779           -      0.6196      0.7117     0.37s
    24      0.5708           -      0.6163      0.7297     0.43s
    25      0.5662           -      0.5710      0.7207     0.47s
    26      0.5682           -      0.5830      0.6757     0.49s
    27      0.5765           -      0.5903      0.6667     0.55s
    28      0.5649           -      0.5765      0.6937     0.56s
    29      0.5662           -      0.5952      0.7477     0.52s
    30      0.5520           -      0.5714      0.7207     0.45s
    31      0.5724           -      0.5902      0.7658     0.49s
    32      0.5824           -      0.5631      0.6847     0.48s
    33      0.5692           -      0.5844      0.7207     0.51s
    34      0.5421           -      0.5921      0.6937     0.40s
    35      0.5710           -      0.5772      0.7117     0.42s
    36      0.5492           -      0.5856      0.6667     0.41s
    37      0.5789           -      0.5898      0.6937     0.47s
    38      0.5728           -      0.6078      0.6757     0.41s
    39      0.5666           -      0.7342      0.6486     0.38s
    40      0.5736           -      0.6007      0.6847     0.38s
    41      0.5469           -      0.6034      0.6937     0.37s
    42      0.5568           -      0.6089      0.6577     0.38s
    43      0.5560           -      0.6289      0.7207     0.38s
    44      0.5426           -      0.7083      0.6036     0.38s
    45      0.5501           -      0.5775      0.6757     0.38s
    46      0.5385           -      0.5878      0.7387     0.37s
    47      0.5472           -      0.6018      0.7027     0.39s
    48      0.5466           -      0.5974      0.7207     0.39s
    49      0.5543           -      0.6299      0.7477     0.39s
    50      0.5418           -      0.5943      0.6937     0.38s
    51      0.5420           -      0.5818      0.7387     0.38s
    52      0.5404           -      0.5676      0.7387     0.37s
    53      0.5412           -      0.5911      0.7297     0.37s
    54      0.5436           -      0.5857      0.7477     0.38s
    55      0.5453           -      0.5984      0.7387     0.37s
    56      0.5336           -      0.5668      0.7477     0.39s
    57      0.5488           -      0.6008      0.6757     0.38s
    58      0.5461           -      0.6625      0.6216     0.38s
    59      0.5598           -      0.5464      0.7568     0.38s
    60      0.5452           -      0.5569      0.7477     0.38s

------------------------------------------------------------------------------
第 4 步：用验证集上最好的模型测测试集
------------------------------------------------------------------------------
  最好的一轮（第 31 轮）：验证集准确率 = 0.7658
  训练集准确率 = 0.7531   （和验证集差很多就说明过拟合了）
  测试集损失 = 0.5833
  测试集准确率 = 0.7748   <<< 这是最终成绩
  测试耗时 0.04s

------------------------------------------------------------------------------
时间统计
------------------------------------------------------------------------------
  纯训练总耗时      = 24.80s（不含评估，共 60 轮）
  平均每轮训练耗时  = 0.41s
  每个 epoch 的 batch 数 = 28
  整个脚本总耗时    = 27.07s

结果已追加到：D:\PHD\博一\入学任务\任务三_图分类\results\results.jsonl
逐轮历史已保存：D:\PHD\博一\入学任务\任务三_图分类\results\history\PROTEINS_GCN_pool-max_sample_pn-ln_L3_lr0.01_verify_ln.json
==============================================================================
