==============================================================================
任务三 图分类 —— IMDB-BINARY_GCN_pool-avg_sample_pn-ln_L3_lr0.01
时间：2026-09-15 23:14:33
==============================================================================
数据集=IMDB-BINARY  模型=GCN  池化=AvgPooling（平均池化）（avg）
层数=3  隐藏维度=128  dropout=0.5
学习率=0.01  权重衰减=0.0005  轮数=150
训练方式=分批次训练  批次大小设置=32  随机种子=42

------------------------------------------------------------------------------
第 1 步：加载数据
------------------------------------------------------------------------------
  数据加载用时 0.36s
  节点特征维度=101  输出维度=2  任务类型=classification
  训练集 800 张图 / 验证集 100 / 测试集 100
  训练批次大小=32  每个 epoch 有 25 个 batch

------------------------------------------------------------------------------
第 2 步：搭建模型
------------------------------------------------------------------------------
  GCN + AvgPooling（平均池化）
  可训练参数量 = 55,490
  模型结构：
GraphClassifier(
  (convs): ModuleList(
    (0): GCNConv(101, 128)
    (1-2): 2 x GCNConv(128, 128)
  )
  (norms): ModuleList(
    (0-2): 3 x BatchNorm1d(128, eps=1e-05, momentum=0.1, affine=True, track_running_stats=True)
  )
  (pool_norm): LayerNorm((128,), eps=1e-05, elementwise_affine=True)
  (classifier): Sequential(
    (0): Linear(in_features=128, out_features=64, bias=True)
    (1): ReLU()
    (2): Dropout(p=0.5, inplace=False)
    (3): Linear(in_features=64, out_features=2, bias=True)
  )
)

------------------------------------------------------------------------------
第 3 步：开始训练
------------------------------------------------------------------------------
    轮次        训练损失        训练指标        验证损失       验证准确率        耗时
     1      0.6626           -      0.6123      0.6100     0.72s
     2      0.5791           -      0.4885      0.7200     0.35s
     3      0.5536           -      0.4959      0.7700     0.35s
     4      0.5376           -      0.4933      0.7900     0.33s
     5      0.5448           -      0.5133      0.7300     0.34s
     6      0.5579           -      0.5193      0.6900     0.33s
     7      0.5408           -      0.4778      0.7900     0.34s
     8      0.5314           -      0.4927      0.6900     0.33s
     9      0.5203           -      0.4926      0.7700     0.34s
    10      0.5157           -      0.4753      0.7700     0.33s
    11      0.5444           -      0.4779      0.7300     0.56s
    12      0.5194           -      0.4688      0.7500     1.09s
    13      0.5108           -      0.4830      0.7800     0.36s
    14      0.5125           -      0.5083      0.7100     0.36s
    15      0.5520           -      0.4927      0.7900     0.33s
    16      0.5224           -      0.4528      0.7800     0.32s
    17      0.4957           -      0.4765      0.7600     0.36s
    18      0.5236           -      0.4717      0.7500     0.35s
    19      0.4952           -      0.5242      0.7700     0.41s
    20      0.5087           -      0.5649      0.7100     0.37s
    21      0.5126           -      0.4553      0.7700     0.32s
    22      0.5459           -      0.4486      0.7600     0.33s
    23      0.5325           -      0.4716      0.7400     0.33s
    24      0.4892           -      0.4979      0.7700     0.34s
    25      0.5151           -      0.4795      0.7700     0.34s
    26      0.5144           -      0.4567      0.7600     0.32s
    27      0.5199           -      0.4390      0.7900     0.32s
    28      0.5057           -      0.4909      0.7800     0.32s
    29      0.5143           -      0.4576      0.7600     0.32s
    30      0.5084           -      0.4664      0.7600     0.32s
    31      0.5020           -      0.4829      0.7800     0.34s
    32      0.5068           -      0.4718      0.7400     0.33s
    33      0.4943           -      0.4888      0.7500     0.33s
    34      0.5033           -      0.4847      0.7300     0.32s
    35      0.5040           -      0.4865      0.7600     0.32s
    36      0.5068           -      0.4828      0.7800     0.31s
    37      0.4939           -      0.4896      0.7000     0.31s
    38      0.5083           -      0.4721      0.7700     0.35s
    39      0.5037           -      0.4609      0.7500     0.32s
    40      0.5067           -      0.5001      0.7500     0.34s
    41      0.4967           -      0.4646      0.7500     0.32s
    42      0.4989           -      0.4631      0.7800     0.32s
    43      0.4954           -      0.4823      0.7400     0.31s
    44      0.5229           -      0.5128      0.7000     0.32s
    45      0.5470           -      0.5795      0.7300     0.32s
    46      0.5405           -      0.4753      0.7400     0.32s
    47      0.5164           -      0.5095      0.8200     0.32s
    48      0.5214           -      0.4946      0.7700     0.31s
    49      0.4912           -      0.4925      0.7800     0.32s
    50      0.4998           -      0.4894      0.7600     0.33s
    51      0.5149           -      0.5031      0.7500     0.27s
    52      0.5050           -      0.4724      0.7300     0.32s
    53      0.5330           -      0.5123      0.7400     0.32s
    54      0.5111           -      0.4653      0.7400     0.33s
    55      0.5037           -      0.4900      0.7300     0.34s
    56      0.4895           -      0.5234      0.7200     0.34s
    57      0.5166           -      0.4540      0.7500     0.32s
    58      0.4813           -      0.5321      0.7800     0.32s
    59      0.5104           -      0.4761      0.7300     0.33s
    60      0.4956           -      0.4651      0.8000     0.32s
    61      0.5016           -      0.5470      0.7400     0.34s
    62      0.4809           -      0.5157      0.8200     0.33s
    63      0.4807           -      0.5446      0.7000     0.38s
    64      0.4942           -      0.4808      0.7500     0.33s
    65      0.4697           -      0.4664      0.7700     0.35s
    66      0.4765           -      0.4937      0.7500     0.33s
    67      0.4825           -      0.5003      0.7400     0.42s
    68      0.5280           -      0.5355      0.7800     0.35s
    69      0.4783           -      0.4576      0.7800     0.34s
    70      0.4972           -      0.5196      0.7200     0.33s
    71      0.5000           -      0.4439      0.7700     0.29s
    72      0.4977           -      0.5447      0.6900     0.17s
    73      0.4847           -      0.4474      0.7700     0.17s
    74      0.4723           -      0.4811      0.7400     0.17s
    75      0.5106           -      0.4386      0.7900     0.16s
    76      0.5027           -      0.4766      0.7900     0.15s
    77      0.4728           -      0.4593      0.7900     0.15s
    78      0.5121           -      0.4797      0.7600     0.15s
    79      0.5033           -      0.4777      0.8000     0.16s
    80      0.4945           -      0.4672      0.7400     0.15s
    81      0.5011           -      0.4811      0.7500     0.16s
    82      0.5044           -      0.4789      0.7000     0.15s
    83      0.5054           -      0.4573      0.8100     0.15s
    84      0.4809           -      0.4943      0.7300     0.15s
    85      0.4948           -      0.4877      0.7900     0.19s
    86      0.4954           -      0.5259      0.7300     0.17s
    87      0.4797           -      0.5209      0.7400     0.18s
    88      0.4906           -      0.4786      0.7800     0.19s
    89      0.4873           -      0.4901      0.7600     0.15s
    90      0.4954           -      0.4910      0.7400     0.15s
    91      0.4628           -      0.5090      0.7500     0.16s
    92      0.4955           -      0.5011      0.7200     0.15s
    93      0.4933           -      0.5092      0.7500     0.15s
    94      0.4906           -      0.4926      0.7900     0.15s
    95      0.5063           -      0.5162      0.7500     0.16s
    96      0.4848           -      0.5979      0.7200     0.15s
    97      0.4805           -      0.5238      0.7300     0.15s

  验证集连续 50 轮没有提升，提前停止训练。

------------------------------------------------------------------------------
第 4 步：用验证集上最好的模型测测试集
------------------------------------------------------------------------------
  最好的一轮（第 47 轮）：验证集准确率 = 0.8200
  训练集准确率 = 0.7412   （和验证集差很多就说明过拟合了）
  测试集损失 = 0.5454
  测试集准确率 = 0.7800   <<< 这是最终成绩
  测试耗时 0.01s

------------------------------------------------------------------------------
时间统计
------------------------------------------------------------------------------
  纯训练总耗时      = 29.11s（不含评估，共 97 轮）
  平均每轮训练耗时  = 0.30s
  每个 epoch 的 batch 数 = 25
  整个脚本总耗时    = 32.27s

结果已追加到：D:\PHD\博一\入学任务\graph_beginner-main\任务三_图分类\results\results.jsonl
逐轮历史已保存：D:\PHD\博一\入学任务\graph_beginner-main\任务三_图分类\results\history\IMDB-BINARY_GCN_pool-avg_sample_pn-ln_L3_lr0.01.json
==============================================================================
