==============================================================================
任务三 图分类 —— ENZYMES_GAT_pool-avg_sample_pn-ln_L3_lr0.01
时间：2026-09-15 23:13:10
==============================================================================
数据集=ENZYMES  模型=GAT  池化=AvgPooling（平均池化）（avg）
层数=3  隐藏维度=128  dropout=0.5
学习率=0.01  权重衰减=0.0005  轮数=150
训练方式=分批次训练  批次大小设置=32  随机种子=42

------------------------------------------------------------------------------
第 1 步：加载数据
------------------------------------------------------------------------------
  数据加载用时 1.42s
  节点特征维度=21  输出维度=6  任务类型=classification
  训练集 480 张图 / 验证集 60 / 测试集 60
  训练批次大小=32  每个 epoch 有 15 个 batch

------------------------------------------------------------------------------
第 2 步：搭建模型
------------------------------------------------------------------------------
  GAT + AvgPooling（平均池化）
  可训练参数量 = 46,278
  模型结构：
GraphClassifier(
  (convs): ModuleList(
    (0): GATConv(21, 16, heads=8)
    (1-2): 2 x GATConv(128, 16, heads=8)
  )
  (norms): ModuleList(
    (0-2): 3 x BatchNorm1d(128, eps=1e-05, momentum=0.1, affine=True, track_running_stats=True)
  )
  (pool_norm): LayerNorm((128,), eps=1e-05, elementwise_affine=True)
  (classifier): Sequential(
    (0): Linear(in_features=128, out_features=64, bias=True)
    (1): ReLU()
    (2): Dropout(p=0.5, inplace=False)
    (3): Linear(in_features=64, out_features=6, bias=True)
  )
)

------------------------------------------------------------------------------
第 3 步：开始训练
------------------------------------------------------------------------------
    轮次        训练损失        训练指标        验证损失       验证准确率        耗时
     1      1.8239           -      1.7587      0.2167     2.98s
     2      1.7825           -      1.8931      0.2667     0.25s
     3      1.8028           -      1.8346      0.1833     0.26s
     4      1.7396           -      1.9330      0.2167     0.26s
     5      1.7299           -      1.8059      0.2167     0.26s
     6      1.7062           -      1.9922      0.2167     0.26s
     7      1.7376           -      2.0089      0.2167     0.26s
     8      1.7489           -      1.8473      0.2167     0.26s
     9      1.7508           -      1.7677      0.2167     0.26s
    10      1.7447           -      1.8311      0.2167     0.26s
    11      1.7243           -      1.8802      0.2167     0.26s
    12      1.6947           -      1.9932      0.2167     0.28s
    13      1.7170           -      1.9061      0.2167     0.26s
    14      1.7251           -      1.9069      0.2833     0.26s
    15      1.7231           -      2.0139      0.2167     0.26s
    16      1.6936           -      2.0100      0.2167     0.26s
    17      1.7074           -      1.9189      0.2167     0.27s
    18      1.7033           -      1.9497      0.2167     0.26s
    19      1.7150           -      1.8714      0.2167     0.26s
    20      1.6957           -      1.9762      0.2167     0.26s
    21      1.6951           -      2.0087      0.2167     0.26s
    22      1.6944           -      1.9861      0.2167     0.26s
    23      1.6969           -      2.0339      0.2167     0.27s
    24      1.6740           -      1.9644      0.2167     0.26s
    25      1.6843           -      1.9540      0.2333     0.27s
    26      1.7057           -      1.8941      0.2167     0.27s
    27      1.7086           -      1.8836      0.2167     0.27s
    28      1.6880           -      1.9778      0.2167     0.14s
    29      1.7022           -      1.9269      0.2167     0.15s
    30      1.7456           -      1.8808      0.2167     0.14s
    31      1.6635           -      2.0202      0.2167     0.19s
    32      1.7029           -      2.0669      0.2000     0.23s
    33      1.7111           -      1.8364      0.1333     0.14s
    34      1.6867           -      1.8389      0.2167     0.13s
    35      1.7037           -      1.9636      0.2167     0.12s
    36      1.6832           -      1.9398      0.1500     0.11s
    37      1.6800           -      1.9320      0.2333     0.12s
    38      1.6906           -      1.9193      0.2167     0.11s
    39      1.6764           -      1.9154      0.2167     0.12s
    40      1.6878           -      1.8797      0.2333     0.12s
    41      1.6963           -      1.8678      0.2167     0.12s
    42      1.6794           -      1.9216      0.2167     0.11s
    43      1.6857           -      1.8539      0.2167     0.11s
    44      1.6996           -      1.8977      0.2167     0.11s
    45      1.6958           -      1.9468      0.2000     0.11s
    46      1.6962           -      1.9461      0.2167     0.11s
    47      1.6594           -      2.0555      0.2167     0.11s
    48      1.6944           -      1.9727      0.2167     0.11s
    49      1.6987           -      1.9577      0.2167     0.12s
    50      1.6943           -      1.9432      0.2167     0.12s
    51      1.6652           -      1.9405      0.3000     0.12s
    52      1.6665           -      1.9610      0.2167     0.12s
    53      1.6746           -      1.9193      0.1833     0.12s
    54      1.6561           -      1.8029      0.2167     0.12s
    55      1.6655           -      2.0045      0.2000     0.12s
    56      1.6765           -      1.9115      0.2000     0.14s
    57      1.6869           -      1.8720      0.2167     0.13s
    58      1.6779           -      1.8808      0.2333     0.12s
    59      1.6606           -      1.9233      0.2167     0.13s
    60      1.6574           -      1.9637      0.1833     0.13s
    61      1.6573           -      1.9946      0.2000     0.13s
    62      1.6449           -      2.0124      0.2167     0.21s
    63      1.6646           -      1.9936      0.2333     0.33s
    64      1.6652           -      2.0328      0.2167     0.27s
    65      1.7047           -      1.8387      0.2333     0.26s
    66      1.6604           -      2.0480      0.2333     0.26s
    67      1.7088           -      1.9882      0.2167     0.25s
    68      1.6442           -      2.1261      0.2167     0.26s
    69      1.6622           -      1.9355      0.2500     0.26s
    70      1.6681           -      1.8679      0.2500     0.27s
    71      1.6799           -      2.1247      0.2333     0.26s
    72      1.6557           -      1.9994      0.2000     0.26s
    73      1.6862           -      1.9605      0.2333     0.26s
    74      1.6668           -      1.9725      0.2333     0.26s
    75      1.6310           -      2.1309      0.2333     0.26s
    76      1.6219           -      2.1646      0.2333     0.26s
    77      1.6514           -      1.9857      0.2000     0.27s
    78      1.6747           -      2.0166      0.2167     0.26s
    79      1.6456           -      2.0460      0.3000     0.26s
    80      1.6600           -      2.1674      0.2000     0.27s
    81      1.5848           -      2.1887      0.2167     0.26s
    82      1.6046           -      2.2940      0.2000     0.27s
    83      1.6383           -      2.1594      0.2000     0.27s
    84      1.6379           -      2.0475      0.2000     0.28s
    85      1.6503           -      2.0053      0.2167     0.26s
    86      1.6357           -      2.0777      0.2167     0.26s
    87      1.6227           -      2.0205      0.2000     0.26s
    88      1.6358           -      2.1943      0.2000     0.27s
    89      1.6472           -      2.2014      0.2167     0.25s
    90      1.6603           -      1.8825      0.2500     0.26s
    91      1.6325           -      2.2027      0.2000     0.26s
    92      1.6397           -      2.1243      0.2000     0.27s
    93      1.6413           -      1.9887      0.2500     0.26s
    94      1.6372           -      1.8067      0.2667     0.27s
    95      1.6365           -      1.8466      0.2333     0.27s
    96      1.6392           -      1.9642      0.2000     0.26s
    97      1.6606           -      1.9871      0.2000     0.25s
    98      1.5943           -      2.2158      0.2167     0.26s
    99      1.6305           -      2.0963      0.2167     0.27s
   100      1.6229           -      1.8980      0.2000     0.27s
   101      1.6315           -      2.0168      0.2167     0.27s

  验证集连续 50 轮没有提升，提前停止训练。

------------------------------------------------------------------------------
第 4 步：用验证集上最好的模型测测试集
------------------------------------------------------------------------------
  最好的一轮（第 51 轮）：验证集准确率 = 0.3000
  训练集准确率 = 0.2458   （和验证集差很多就说明过拟合了）
  测试集损失 = 1.9791
  测试集准确率 = 0.2000   <<< 这是最终成绩
  测试耗时 0.02s

------------------------------------------------------------------------------
时间统计
------------------------------------------------------------------------------
  纯训练总耗时      = 24.64s（不含评估，共 101 轮）
  平均每轮训练耗时  = 0.22s
  每个 epoch 的 batch 数 = 15
  整个脚本总耗时    = 26.70s

结果已追加到：D:\PHD\博一\入学任务\graph_beginner-main\任务三_图分类\results\results.jsonl
逐轮历史已保存：D:\PHD\博一\入学任务\graph_beginner-main\任务三_图分类\results\history\ENZYMES_GAT_pool-avg_sample_pn-ln_L3_lr0.01.json
==============================================================================
