==============================================================================
任务三 图分类 —— IMDB-BINARY_GraphSAGE_pool-avg_sample_pn-ln_L3_lr0.01
时间：2026-09-15 23:15:56
==============================================================================
数据集=IMDB-BINARY  模型=GraphSAGE  池化=AvgPooling（平均池化）（avg）
层数=3  隐藏维度=128  dropout=0.5
学习率=0.01  权重衰减=0.0005  轮数=150
训练方式=分批次训练  批次大小设置=32  随机种子=42

------------------------------------------------------------------------------
第 1 步：加载数据
------------------------------------------------------------------------------
  数据加载用时 0.11s
  节点特征维度=101  输出维度=2  任务类型=classification
  训练集 800 张图 / 验证集 100 / 测试集 100
  训练批次大小=32  每个 epoch 有 25 个 batch

------------------------------------------------------------------------------
第 2 步：搭建模型
------------------------------------------------------------------------------
  GraphSAGE + AvgPooling（平均池化）
  可训练参数量 = 101,186
  模型结构：
GraphClassifier(
  (convs): ModuleList(
    (0): SAGEConv(101, 128)
    (1-2): 2 x SAGEConv(128, 128)
  )
  (norms): ModuleList(
    (0-2): 3 x BatchNorm1d(128, eps=1e-05, momentum=0.1, affine=True, track_running_stats=True)
  )
  (pool_norm): LayerNorm((128,), eps=1e-05, elementwise_affine=True)
  (classifier): Sequential(
    (0): Linear(in_features=128, out_features=64, bias=True)
    (1): ReLU()
    (2): Dropout(p=0.5, inplace=False)
    (3): Linear(in_features=64, out_features=2, bias=True)
  )
)

------------------------------------------------------------------------------
第 3 步：开始训练
------------------------------------------------------------------------------
    轮次        训练损失        训练指标        验证损失       验证准确率        耗时
     1      0.6493           -      0.5351      0.7400     0.58s
     2      0.5737           -      0.5194      0.6800     0.26s
     3      0.5437           -      0.4481      0.7800     0.25s
     4      0.5465           -      0.5215      0.7600     0.25s
     5      0.5363           -      0.5066      0.7600     0.25s
     6      0.5504           -      0.4919      0.7900     0.25s
     7      0.5341           -      0.5140      0.7200     0.25s
     8      0.5700           -      0.4830      0.7300     0.25s
     9      0.5484           -      0.4946      0.7300     0.25s
    10      0.5377           -      0.5007      0.7600     0.25s
    11      0.5231           -      0.5035      0.7300     0.25s
    12      0.5491           -      0.5097      0.7300     0.25s
    13      0.5620           -      0.5208      0.7300     0.25s
    14      0.5073           -      0.5051      0.7800     0.25s
    15      0.5239           -      0.4707      0.7400     0.25s
    16      0.5142           -      0.4746      0.7100     0.25s
    17      0.5360           -      0.4889      0.7000     0.25s
    18      0.5188           -      0.5316      0.7200     0.25s
    19      0.4944           -      0.6074      0.7200     0.25s
    20      0.5141           -      0.4900      0.7600     0.25s
    21      0.4996           -      0.4886      0.7700     0.25s
    22      0.5373           -      0.4840      0.6800     0.25s
    23      0.5305           -      0.4933      0.7700     0.25s
    24      0.4987           -      0.5390      0.7200     0.25s
    25      0.5623           -      0.5298      0.7200     0.25s
    26      0.5287           -      0.5013      0.6900     0.25s
    27      0.5190           -      0.5104      0.6800     0.26s
    28      0.5125           -      0.5236      0.7000     0.25s
    29      0.4999           -      0.5296      0.7300     0.25s
    30      0.5099           -      0.6145      0.6800     0.30s
    31      0.5204           -      0.4956      0.7800     0.42s
    32      0.5149           -      0.4780      0.7400     0.47s
    33      0.4898           -      0.5009      0.7900     0.48s
    34      0.5111           -      0.4950      0.7600     0.79s
    35      0.4992           -      0.6711      0.7800     0.66s
    36      0.5231           -      0.4407      0.7400     0.71s
    37      0.4979           -      0.5292      0.7500     0.63s
    38      0.5034           -      0.5213      0.7400     0.41s
    39      0.5156           -      0.5035      0.8200     0.33s
    40      0.5137           -      0.4857      0.7500     0.34s
    41      0.4946           -      0.4906      0.8100     0.34s
    42      0.5146           -      0.4454      0.7900     0.33s
    43      0.5103           -      0.4883      0.8000     0.33s
    44      0.4967           -      0.5040      0.7200     0.39s
    45      0.5083           -      0.4739      0.8100     0.42s
    46      0.4850           -      0.5363      0.7700     0.35s
    47      0.5297           -      0.4795      0.7400     0.32s
    48      0.5077           -      0.5187      0.7200     0.33s
    49      0.4947           -      0.5069      0.7500     0.35s
    50      0.5081           -      0.5038      0.7800     0.32s
    51      0.4864           -      0.5118      0.7200     0.30s
    52      0.4727           -      0.4688      0.8000     0.32s
    53      0.4986           -      0.5324      0.7700     0.33s
    54      0.5026           -      0.5065      0.7500     0.32s
    55      0.5174           -      0.5169      0.7800     0.32s
    56      0.4829           -      0.5333      0.7800     0.33s
    57      0.4786           -      0.6115      0.7800     0.33s
    58      0.4890           -      0.5554      0.7700     0.33s
    59      0.5058           -      0.4473      0.7800     0.34s
    60      0.4965           -      0.4474      0.7500     0.35s
    61      0.4884           -      0.4829      0.7400     0.35s
    62      0.4828           -      0.5098      0.7600     0.34s
    63      0.4724           -      0.5358      0.7500     0.32s
    64      0.4658           -      0.4726      0.7500     0.33s
    65      0.4739           -      0.4729      0.7700     0.34s
    66      0.4894           -      0.5068      0.7300     0.38s
    67      0.4589           -      0.5672      0.7300     0.35s
    68      0.4791           -      0.5583      0.7500     0.35s
    69      0.5102           -      0.4797      0.7900     0.40s
    70      0.4698           -      0.4937      0.7700     0.38s
    71      0.4942           -      0.4673      0.7500     0.41s
    72      0.4907           -      0.5113      0.7000     0.38s
    73      0.4584           -      0.5205      0.7900     0.42s
    74      0.4888           -      0.4787      0.7400     0.38s
    75      0.4709           -      0.4646      0.7500     0.42s
    76      0.4715           -      0.5049      0.7600     0.34s
    77      0.4985           -      0.5208      0.7300     0.35s
    78      0.4773           -      0.5063      0.7500     0.35s
    79      0.4852           -      0.4754      0.7300     0.35s
    80      0.4859           -      0.4273      0.8100     0.33s
    81      0.4793           -      0.4543      0.7700     0.32s
    82      0.4714           -      0.5067      0.7700     0.34s
    83      0.4779           -      0.5237      0.7400     0.31s
    84      0.5011           -      0.5964      0.7300     0.28s
    85      0.4850           -      0.4479      0.7800     0.28s
    86      0.5183           -      0.4642      0.7600     0.29s
    87      0.5071           -      0.4580      0.7500     0.31s
    88      0.4715           -      0.5479      0.7500     0.31s
    89      0.4910           -      0.5084      0.7700     0.31s

  验证集连续 50 轮没有提升，提前停止训练。

------------------------------------------------------------------------------
第 4 步：用验证集上最好的模型测测试集
------------------------------------------------------------------------------
  最好的一轮（第 39 轮）：验证集准确率 = 0.8200
  训练集准确率 = 0.7512   （和验证集差很多就说明过拟合了）
  测试集损失 = 0.5566
  测试集准确率 = 0.8000   <<< 这是最终成绩
  测试耗时 0.03s

------------------------------------------------------------------------------
时间统计
------------------------------------------------------------------------------
  纯训练总耗时      = 29.90s（不含评估，共 89 轮）
  平均每轮训练耗时  = 0.33s
  每个 epoch 的 batch 数 = 25
  整个脚本总耗时    = 32.48s

结果已追加到：D:\PHD\博一\入学任务\graph_beginner-main\任务三_图分类\results\results.jsonl
逐轮历史已保存：D:\PHD\博一\入学任务\graph_beginner-main\任务三_图分类\results\history\IMDB-BINARY_GraphSAGE_pool-avg_sample_pn-ln_L3_lr0.01.json
==============================================================================
