==============================================================================
任务三 图分类 —— IMDB-BINARY_GAT_pool-avg_sample_pn-ln_L3_lr0.01
时间：2026-09-15 23:15:12
==============================================================================
数据集=IMDB-BINARY  模型=GAT  池化=AvgPooling（平均池化）（avg）
层数=3  隐藏维度=128  dropout=0.5
学习率=0.01  权重衰减=0.0005  轮数=150
训练方式=分批次训练  批次大小设置=32  随机种子=42

------------------------------------------------------------------------------
第 1 步：加载数据
------------------------------------------------------------------------------
  数据加载用时 0.35s
  节点特征维度=101  输出维度=2  任务类型=classification
  训练集 800 张图 / 验证集 100 / 测试集 100
  训练批次大小=32  每个 epoch 有 25 个 batch

------------------------------------------------------------------------------
第 2 步：搭建模型
------------------------------------------------------------------------------
  GAT + AvgPooling（平均池化）
  可训练参数量 = 56,258
  模型结构：
GraphClassifier(
  (convs): ModuleList(
    (0): GATConv(101, 16, heads=8)
    (1-2): 2 x GATConv(128, 16, heads=8)
  )
  (norms): ModuleList(
    (0-2): 3 x BatchNorm1d(128, eps=1e-05, momentum=0.1, affine=True, track_running_stats=True)
  )
  (pool_norm): LayerNorm((128,), eps=1e-05, elementwise_affine=True)
  (classifier): Sequential(
    (0): Linear(in_features=128, out_features=64, bias=True)
    (1): ReLU()
    (2): Dropout(p=0.5, inplace=False)
    (3): Linear(in_features=64, out_features=2, bias=True)
  )
)

------------------------------------------------------------------------------
第 3 步：开始训练
------------------------------------------------------------------------------
    轮次        训练损失        训练指标        验证损失       验证准确率        耗时
     1      0.6773           -      0.8459      0.5000     2.88s
     2      0.6185           -      0.4947      0.6900     0.44s
     3      0.5772           -      0.5664      0.7200     0.42s
     4      0.5796           -      0.5246      0.7300     0.42s
     5      0.5853           -      0.4855      0.7200     0.42s
     6      0.6006           -      0.5216      0.7000     0.42s
     7      0.5617           -      0.4780      0.7200     0.42s
     8      0.5539           -      0.4877      0.7000     0.41s
     9      0.5663           -      0.5078      0.7100     0.42s
    10      0.5999           -      0.4768      0.7200     0.42s
    11      0.5506           -      0.4723      0.7300     0.42s
    12      0.5593           -      0.4691      0.7200     0.41s
    13      0.5557           -      0.4988      0.6900     0.43s
    14      0.5523           -      0.4688      0.7100     0.42s
    15      0.5222           -      0.4534      0.7200     0.42s
    16      0.5243           -      0.4974      0.7300     0.41s
    17      0.5148           -      0.4842      0.7200     0.44s
    18      0.5215           -      0.4807      0.7100     0.41s
    19      0.5183           -      0.5438      0.6900     0.41s
    20      0.5196           -      0.4812      0.7200     1.27s
    21      0.5204           -      0.5719      0.7200     0.43s
    22      0.5219           -      0.4863      0.7200     0.42s
    23      0.5241           -      0.5026      0.7600     0.42s
    24      0.5096           -      0.5242      0.7700     0.41s
    25      0.4974           -      0.4331      0.8000     0.42s
    26      0.5257           -      0.4978      0.7100     0.42s
    27      0.5264           -      0.4499      0.7600     0.42s
    28      0.5066           -      0.5047      0.8000     0.43s
    29      0.5195           -      0.5100      0.7000     0.42s
    30      0.5139           -      0.4455      0.7500     0.42s
    31      0.5177           -      0.4635      0.7200     0.41s
    32      0.4844           -      0.4919      0.7500     0.42s
    33      0.4868           -      0.4691      0.7200     0.42s
    34      0.4879           -      0.4821      0.7600     0.42s
    35      0.5177           -      0.4636      0.7100     0.42s
    36      0.5255           -      0.4625      0.7700     0.42s
    37      0.5251           -      0.4678      0.7100     0.41s
    38      0.5005           -      0.4304      0.7700     0.42s
    39      0.5000           -      0.4696      0.7600     0.42s
    40      0.4995           -      0.4833      0.7300     0.41s
    41      0.5109           -      0.5203      0.7200     0.42s
    42      0.4887           -      0.5108      0.7300     0.42s
    43      0.5062           -      0.4959      0.7500     0.42s
    44      0.4831           -      0.4905      0.7900     0.41s
    45      0.4839           -      0.5520      0.7100     0.41s
    46      0.4871           -      0.5528      0.7200     0.41s
    47      0.4810           -      0.5190      0.7200     0.42s
    48      0.4857           -      0.5239      0.7300     0.41s
    49      0.5176           -      0.4784      0.7300     0.41s
    50      0.4807           -      0.4936      0.7600     0.41s
    51      0.4956           -      0.4871      0.7300     0.43s
    52      0.5036           -      0.4885      0.7300     0.42s
    53      0.4867           -      0.4755      0.7400     0.42s
    54      0.4700           -      0.4926      0.7300     0.42s
    55      0.4742           -      0.4781      0.7500     0.42s
    56      0.5157           -      0.4848      0.7000     0.42s
    57      0.4888           -      0.5203      0.7200     0.41s
    58      0.4964           -      0.4727      0.7800     0.42s
    59      0.4948           -      0.4706      0.7200     0.42s
    60      0.4807           -      0.4655      0.7300     0.42s
    61      0.4987           -      0.5136      0.7900     0.42s
    62      0.4937           -      0.5023      0.7600     0.41s
    63      0.4887           -      0.4893      0.7200     0.42s
    64      0.4747           -      0.5308      0.7900     0.41s
    65      0.4804           -      0.5113      0.7600     0.42s
    66      0.4783           -      0.4984      0.7500     0.42s
    67      0.4546           -      0.5073      0.7500     0.41s
    68      0.4875           -      0.4935      0.7400     0.41s
    69      0.5273           -      0.4958      0.8000     0.42s
    70      0.4915           -      0.4859      0.7100     0.42s
    71      0.4746           -      0.5135      0.7100     0.42s
    72      0.4811           -      0.4999      0.7700     0.42s
    73      0.4643           -      0.5039      0.7400     0.42s
    74      0.4823           -      0.5154      0.7200     0.42s
    75      0.5048           -      0.4980      0.7600     0.41s

  验证集连续 50 轮没有提升，提前停止训练。

------------------------------------------------------------------------------
第 4 步：用验证集上最好的模型测测试集
------------------------------------------------------------------------------
  最好的一轮（第 25 轮）：验证集准确率 = 0.8000
  训练集准确率 = 0.7612   （和验证集差很多就说明过拟合了）
  测试集损失 = 0.4867
  测试集准确率 = 0.8300   <<< 这是最终成绩
  测试耗时 0.03s

------------------------------------------------------------------------------
时间统计
------------------------------------------------------------------------------
  纯训练总耗时      = 34.67s（不含评估，共 75 轮）
  平均每轮训练耗时  = 0.43s
  每个 epoch 的 batch 数 = 25
  整个脚本总耗时    = 37.86s

结果已追加到：D:\PHD\博一\入学任务\graph_beginner-main\任务三_图分类\results\results.jsonl
逐轮历史已保存：D:\PHD\博一\入学任务\graph_beginner-main\任务三_图分类\results\history\IMDB-BINARY_GAT_pool-avg_sample_pn-ln_L3_lr0.01.json
==============================================================================
