==============================================================================
任务三 图分类 —— MUTAG_GIN_pool-avg_sample_pn-ln_L3_lr0.01
时间：2026-09-15 23:10:23
==============================================================================
数据集=MUTAG  模型=GIN  池化=AvgPooling（平均池化）（avg）
层数=3  隐藏维度=128  dropout=0.5
学习率=0.01  权重衰减=0.0005  轮数=150
训练方式=分批次训练  批次大小设置=32  随机种子=42

------------------------------------------------------------------------------
第 1 步：加载数据
------------------------------------------------------------------------------
  数据加载用时 0.07s
  节点特征维度=7  输出维度=2  任务类型=classification
  训练集 152 张图 / 验证集 18 / 测试集 18
  训练批次大小=32  每个 epoch 有 5 个 batch

------------------------------------------------------------------------------
第 2 步：搭建模型
------------------------------------------------------------------------------
  GIN + AvgPooling（平均池化）
  可训练参数量 = 92,997
  模型结构：
GraphClassifier(
  (convs): ModuleList(
    (0): GINConv(nn=Sequential(
      (0): Linear(in_features=7, out_features=128, bias=True)
      (1): ReLU()
      (2): Linear(in_features=128, out_features=128, bias=True)
    ))
    (1-2): 2 x GINConv(nn=Sequential(
      (0): Linear(in_features=128, out_features=128, bias=True)
      (1): ReLU()
      (2): Linear(in_features=128, out_features=128, bias=True)
    ))
  )
  (norms): ModuleList(
    (0-2): 3 x BatchNorm1d(128, eps=1e-05, momentum=0.1, affine=True, track_running_stats=True)
  )
  (pool_norm): LayerNorm((128,), eps=1e-05, elementwise_affine=True)
  (classifier): Sequential(
    (0): Linear(in_features=128, out_features=64, bias=True)
    (1): ReLU()
    (2): Dropout(p=0.5, inplace=False)
    (3): Linear(in_features=64, out_features=2, bias=True)
  )
)

------------------------------------------------------------------------------
第 3 步：开始训练
------------------------------------------------------------------------------
    轮次        训练损失        训练指标        验证损失       验证准确率        耗时
     1      0.6448           -      1.3164      0.6667     0.18s
     2      0.4773           -      1.7687      0.6667     0.02s
     3      0.4073           -      2.1115      0.6667     0.02s
     4      0.3703           -      2.1837      0.6667     0.03s
     5      0.4536           -      1.8532      0.6667     0.02s
     6      0.4021           -      1.0901      0.6667     0.02s
     7      0.3575           -      1.1288      0.6667     0.02s
     8      0.4157           -      1.0842      0.6667     0.02s
     9      0.3715           -      0.7252      0.8889     0.02s
    10      0.4040           -      0.3456      0.8333     0.02s
    11      0.3721           -      0.2677      0.8333     0.02s
    12      0.3351           -      0.2932      0.8333     0.02s
    13      0.3921           -      0.2870      0.8333     0.02s
    14      0.3965           -      0.3072      0.8889     0.02s
    15      0.3565           -      0.2825      0.8889     0.02s
    16      0.3543           -      0.2769      0.8889     0.02s
    17      0.3471           -      0.7448      0.8333     0.02s
    18      0.3621           -      0.7942      0.8333     0.02s
    19      0.3093           -      0.4454      0.8333     0.03s
    20      0.3271           -      0.4272      0.8333     0.03s
    21      0.3880           -      0.4180      0.7778     0.02s
    22      0.3278           -      1.4660      0.3333     0.02s
    23      0.3925           -      1.0397      0.3333     0.03s
    24      0.3687           -      0.2760      0.8889     0.03s
    25      0.4136           -      0.4380      0.8333     0.03s
    26      0.3915           -      0.2763      0.8889     0.02s
    27      0.3319           -      0.3398      0.8889     0.03s
    28      0.3441           -      0.3271      0.8889     0.02s
    29      0.3228           -      0.2805      0.8333     0.02s
    30      0.3190           -      0.5573      0.6111     0.02s
    31      0.3072           -      0.7836      0.5556     0.02s
    32      0.3468           -      1.8074      0.3333     0.03s
    33      0.4628           -      0.5048      0.7778     0.02s
    34      0.3570           -      1.9064      0.7222     0.02s
    35      0.3743           -      2.4480      0.7222     0.02s
    36      0.3480           -      1.6499      0.7222     0.02s
    37      0.3397           -      0.6538      0.7778     0.03s
    38      0.3495           -      0.3582      0.8333     0.02s
    39      0.4599           -      0.4473      0.7222     0.03s
    40      0.3526           -      0.7675      0.5000     0.02s
    41      0.3813           -      0.5942      0.6111     0.03s
    42      0.3658           -      0.4145      0.8333     0.02s
    43      0.3942           -      0.3260      0.8889     0.02s
    44      0.3421           -      0.4389      0.7778     0.03s
    45      0.3874           -      0.9872      0.5000     0.02s
    46      0.3467           -      0.8436      0.3889     0.03s
    47      0.3846           -      0.4545      0.7222     0.03s
    48      0.3810           -      0.3925      0.8333     0.03s
    49      0.3219           -      0.4917      0.7222     0.02s
    50      0.3448           -      0.3171      0.8889     0.02s
    51      0.4152           -      1.4277      0.3333     0.02s
    52      0.4066           -      0.8261      0.5000     0.03s
    53      0.3232           -      0.3977      0.9444     0.02s
    54      0.3134           -      0.3250      0.8889     0.02s
    55      0.3478           -      0.6716      0.5000     0.02s
    56      0.3163           -      0.4642      0.7222     0.02s
    57      0.3241           -      0.2926      0.8889     0.03s
    58      0.2555           -      0.4273      0.8889     0.03s
    59      0.4051           -      0.4743      0.7778     0.02s
    60      0.2898           -      0.6613      0.6667     0.03s
    61      0.3506           -      0.4322      0.6667     0.03s
    62      0.2981           -      0.6261      0.6111     0.02s
    63      0.3726           -      0.9908      0.4444     0.03s
    64      0.3690           -      0.3873      0.8889     0.02s
    65      0.3551           -      0.3128      0.8889     0.03s
    66      0.3365           -      0.2760      0.8889     0.02s
    67      0.3722           -      0.4196      0.7222     0.04s
    68      0.4004           -      0.4242      0.7778     0.03s
    69      0.3241           -      0.2480      0.8333     0.02s
    70      0.3274           -      0.2524      0.8889     0.03s
    71      0.2888           -      0.4592      0.8333     0.02s
    72      0.3122           -      0.4699      0.8889     0.02s
    73      0.3551           -      0.4142      0.8889     0.02s
    74      0.3663           -      0.4308      0.8333     0.03s
    75      0.3765           -      0.2389      0.9444     0.03s
    76      0.3397           -      0.3735      0.8889     0.03s
    77      0.3560           -      0.3087      0.8333     0.03s
    78      0.4146           -      0.2499      0.8333     0.03s
    79      0.3182           -      0.3984      0.7778     0.03s
    80      0.3857           -      0.5421      0.6111     0.02s
    81      0.3366           -      0.4233      0.7222     0.03s
    82      0.2936           -      0.2379      0.8333     0.02s
    83      0.3393           -      0.2307      0.8889     0.03s
    84      0.3005           -      0.9653      0.3889     0.03s
    85      0.2838           -      0.8702      0.5000     0.02s
    86      0.3213           -      0.3429      0.8333     0.03s
    87      0.2995           -      0.2103      0.8333     0.03s
    88      0.2806           -      0.2388      0.8333     0.03s
    89      0.3774           -      0.4812      0.6667     0.03s
    90      0.3424           -      0.8884      0.3889     0.02s
    91      0.3529           -      0.3617      0.8889     0.03s
    92      0.3335           -      0.2393      0.8333     0.02s
    93      0.3320           -      0.6749      0.6667     0.02s
    94      0.3417           -      2.0094      0.3333     0.03s
    95      0.3219           -      1.2950      0.5556     0.02s
    96      0.3260           -      0.4462      0.6667     0.03s
    97      0.2429           -      0.4205      0.7222     0.02s
    98      0.2977           -      0.3378      0.9444     0.02s
    99      0.3658           -      0.2844      0.9444     0.03s
   100      0.3345           -      0.4446      0.7778     0.03s
   101      0.3428           -      0.4444      0.7778     0.03s
   102      0.3317           -      0.1929      0.9444     0.02s
   103      0.3657           -      0.2153      0.8889     0.03s

  验证集连续 50 轮没有提升，提前停止训练。

------------------------------------------------------------------------------
第 4 步：用验证集上最好的模型测测试集
------------------------------------------------------------------------------
  最好的一轮（第 53 轮）：验证集准确率 = 0.9444
  训练集准确率 = 0.8684   （和验证集差很多就说明过拟合了）
  测试集损失 = 0.3944
  测试集准确率 = 0.8333   <<< 这是最终成绩
  测试耗时 0.00s

------------------------------------------------------------------------------
时间统计
------------------------------------------------------------------------------
  纯训练总耗时      = 2.72s（不含评估，共 103 轮）
  平均每轮训练耗时  = 0.02s
  每个 epoch 的 batch 数 = 5
  整个脚本总耗时    = 2.99s

结果已追加到：D:\PHD\博一\入学任务\graph_beginner-main\任务三_图分类\results\results.jsonl
逐轮历史已保存：D:\PHD\博一\入学任务\graph_beginner-main\任务三_图分类\results\history\MUTAG_GIN_pool-avg_sample_pn-ln_L3_lr0.01.json
==============================================================================
