==============================================================================
任务三 图分类 —— ZINC_GIN_pool-avg_sample_pn-ln_L3_lr0.01
时间：2026-09-15 23:23:11
==============================================================================
数据集=ZINC  模型=GIN  池化=AvgPooling（平均池化）（avg）
层数=3  隐藏维度=128  dropout=0.5
学习率=0.01  权重衰减=0.0005  轮数=100
训练方式=分批次训练  批次大小设置=64  随机种子=42

------------------------------------------------------------------------------
第 1 步：加载数据
------------------------------------------------------------------------------
  数据加载用时 2.14s
  节点特征维度=21  输出维度=1  任务类型=regression
  训练集 5000 张图 / 验证集 1000 / 测试集 1000
  训练批次大小=64  每个 epoch 有 79 个 batch

------------------------------------------------------------------------------
第 2 步：搭建模型
------------------------------------------------------------------------------
  GIN + AvgPooling（平均池化）
  可训练参数量 = 94,724
  模型结构：
GraphClassifier(
  (convs): ModuleList(
    (0): GINConv(nn=Sequential(
      (0): Linear(in_features=21, out_features=128, bias=True)
      (1): ReLU()
      (2): Linear(in_features=128, out_features=128, bias=True)
    ))
    (1-2): 2 x GINConv(nn=Sequential(
      (0): Linear(in_features=128, out_features=128, bias=True)
      (1): ReLU()
      (2): Linear(in_features=128, out_features=128, bias=True)
    ))
  )
  (norms): ModuleList(
    (0-2): 3 x BatchNorm1d(128, eps=1e-05, momentum=0.1, affine=True, track_running_stats=True)
  )
  (pool_norm): LayerNorm((128,), eps=1e-05, elementwise_affine=True)
  (classifier): Sequential(
    (0): Linear(in_features=128, out_features=64, bias=True)
    (1): ReLU()
    (2): Dropout(p=0.5, inplace=False)
    (3): Linear(in_features=64, out_features=1, bias=True)
  )
)

------------------------------------------------------------------------------
第 3 步：开始训练
------------------------------------------------------------------------------
    轮次        训练损失        训练指标        验证损失       验证MAE        耗时
     1      1.0554           -      0.9428      0.9428     1.21s
     2      0.9428           -      1.3277      1.3277     0.94s
     3      0.8965           -      1.5119      1.5119     0.93s
     4      0.9331           -      0.8113      0.8113     0.93s
     5      0.8760           -      0.7810      0.7810     0.93s
     6      0.8939           -      0.6951      0.6951     0.93s
     7      0.8580           -      1.8523      1.8523     0.94s
     8      0.8457           -      0.9308      0.9308     0.93s
     9      0.8618           -      0.7187      0.7187     0.98s
    10      0.8380           -      1.2801      1.2801     0.93s
    11      0.8316           -      0.6889      0.6889     0.90s
    12      0.8492           -      0.8512      0.8512     0.89s
    13      0.8416           -      0.9444      0.9444     0.93s
    14      0.8397           -      1.3357      1.3357     0.92s
    15      0.8368           -      0.6497      0.6497     0.93s
    16      0.8225           -      0.7918      0.7918     0.92s
    17      0.8197           -      0.6866      0.6866     0.93s
    18      0.8167           -      0.9991      0.9991     0.93s
    19      0.7986           -      0.8457      0.8457     0.93s
    20      0.7962           -      1.3240      1.3240     0.93s
    21      0.8164           -      0.7648      0.7648     0.93s
    22      0.7937           -      0.6323      0.6323     0.93s
    23      0.7944           -      1.2248      1.2248     0.93s
    24      0.8028           -      2.7940      2.7940     0.93s
    25      0.8006           -      0.7783      0.7783     0.93s
    26      0.8044           -      0.7493      0.7493     0.94s
    27      0.7969           -      0.8206      0.8206     0.92s
    28      0.8031           -      0.6517      0.6517     0.93s
    29      0.7873           -      0.6682      0.6682     0.93s
    30      0.7996           -      0.6261      0.6261     0.93s
    31      0.7910           -      0.5991      0.5991     0.92s
    32      0.7967           -      0.6575      0.6575     0.93s
    33      0.7642           -      0.6681      0.6681     0.93s
    34      0.8093           -      0.6417      0.6417     0.94s
    35      0.7832           -      0.7241      0.7241     0.93s
    36      0.7873           -      0.6192      0.6192     0.93s
    37      0.7826           -      1.5784      1.5784     0.93s
    38      0.7836           -      0.7968      0.7968     0.93s
    39      0.7872           -      0.6106      0.6106     0.93s
    40      0.7983           -      0.7776      0.7776     0.93s
    41      0.7752           -      0.7992      0.7992     0.92s
    42      0.7665           -      0.6210      0.6210     0.93s
    43      0.7794           -      0.6042      0.6042     0.92s
    44      0.7895           -      0.6910      0.6910     0.94s
    45      0.7878           -      0.7253      0.7253     0.93s
    46      0.7771           -      0.6940      0.6940     0.93s
    47      0.7747           -      0.6811      0.6811     0.92s
    48      0.7600           -      0.7865      0.7865     0.94s
    49      0.7877           -      0.6472      0.6472     0.93s
    50      0.7676           -      0.6013      0.6013     0.93s
    51      0.8011           -      0.7313      0.7313     0.93s
    52      0.7849           -      0.6991      0.6991     0.95s
    53      0.7723           -      0.8921      0.8921     0.93s
    54      0.8026           -      0.5820      0.5820     0.93s
    55      0.7825           -      0.5964      0.5964     0.94s
    56      0.7977           -      0.6616      0.6616     0.93s
    57      0.7604           -      0.7442      0.7442     0.98s
    58      0.7922           -      0.9029      0.9029     0.94s
    59      0.7796           -      0.8328      0.8328     0.94s
    60      0.7899           -      0.7116      0.7116     0.94s
    61      0.7818           -      0.6241      0.6241     0.93s
    62      0.7789           -      0.5951      0.5951     0.93s
    63      0.7770           -      0.8382      0.8382     0.94s
    64      0.7722           -      0.6806      0.6806     0.93s
    65      0.8011           -      0.6168      0.6168     0.94s
    66      0.7806           -      0.6950      0.6950     0.93s
    67      0.7695           -      0.5890      0.5890     0.94s
    68      0.7781           -      0.5690      0.5690     0.93s
    69      0.7817           -      0.6943      0.6943     0.94s
    70      0.7734           -      0.8702      0.8702     0.93s
    71      0.7559           -      0.5961      0.5961     0.93s
    72      0.7787           -      0.8015      0.8015     0.93s
    73      0.7796           -      0.5907      0.5907     0.94s
    74      0.7545           -      0.6127      0.6127     0.94s
    75      0.7669           -      0.7027      0.7027     0.94s
    76      0.7687           -      0.7651      0.7651     0.94s
    77      0.7790           -      0.6025      0.6025     0.96s
    78      0.7687           -      0.6138      0.6138     0.94s
    79      0.7737           -      0.7976      0.7976     0.94s
    80      0.7623           -      0.6963      0.6963     0.93s
    81      0.7752           -      0.6704      0.6704     0.93s
    82      0.7680           -      1.1996      1.1996     0.93s
    83      0.7694           -      0.6128      0.6128     0.93s
    84      0.7730           -      0.5909      0.5909     0.94s
    85      0.7795           -      0.8405      0.8405     0.93s
    86      0.7663           -      0.6103      0.6103     0.93s
    87      0.7756           -      0.9102      0.9102     0.94s
    88      0.7683           -      0.8768      0.8768     0.94s
    89      0.7732           -      0.6480      0.6480     0.93s
    90      0.7673           -      0.5978      0.5978     0.94s
    91      0.7641           -      1.0804      1.0804     0.93s
    92      0.7715           -      0.5810      0.5810     0.96s
    93      0.7638           -      0.5964      0.5964     0.95s
    94      0.7813           -      1.0097      1.0097     0.94s
    95      0.7605           -      0.5916      0.5916     0.93s
    96      0.7576           -      0.6462      0.6462     0.94s
    97      0.7979           -      0.8401      0.8401     0.93s
    98      0.7725           -      2.7555      2.7555     0.94s
    99      0.7721           -      0.6420      0.6420     0.93s
   100      0.7778           -      0.5926      0.5926     0.94s

------------------------------------------------------------------------------
第 4 步：用验证集上最好的模型测测试集
------------------------------------------------------------------------------
  最好的一轮（第 68 轮）：验证集MAE = 0.5690
  训练集MAE = 0.5859   （和验证集差很多就说明过拟合了）
  测试集损失 = 0.5372
  测试集MAE = 0.5372   <<< 这是最终成绩
  测试耗时 0.10s

------------------------------------------------------------------------------
时间统计
------------------------------------------------------------------------------
  纯训练总耗时      = 1m33.6s（不含评估，共 100 轮）
  平均每轮训练耗时  = 0.93s
  每个 epoch 的 batch 数 = 79
  整个脚本总耗时    = 1m43.4s

结果已追加到：D:\PHD\博一\入学任务\graph_beginner-main\任务三_图分类\results\results.jsonl
逐轮历史已保存：D:\PHD\博一\入学任务\graph_beginner-main\任务三_图分类\results\history\ZINC_GIN_pool-avg_sample_pn-ln_L3_lr0.01.json
==============================================================================
