==============================================================================
任务三 图分类 —— ENZYMES_GIN_pool-avg_sample_pn-ln_L3_lr0.01
时间：2026-09-15 23:14:16
==============================================================================
数据集=ENZYMES  模型=GIN  池化=AvgPooling（平均池化）（avg）
层数=3  隐藏维度=128  dropout=0.5
学习率=0.01  权重衰减=0.0005  轮数=150
训练方式=分批次训练  批次大小设置=32  随机种子=42

------------------------------------------------------------------------------
第 1 步：加载数据
------------------------------------------------------------------------------
  数据加载用时 0.23s
  节点特征维度=21  输出维度=6  任务类型=classification
  训练集 480 张图 / 验证集 60 / 测试集 60
  训练批次大小=32  每个 epoch 有 15 个 batch

------------------------------------------------------------------------------
第 2 步：搭建模型
------------------------------------------------------------------------------
  GIN + AvgPooling（平均池化）
  可训练参数量 = 95,049
  模型结构：
GraphClassifier(
  (convs): ModuleList(
    (0): GINConv(nn=Sequential(
      (0): Linear(in_features=21, out_features=128, bias=True)
      (1): ReLU()
      (2): Linear(in_features=128, out_features=128, bias=True)
    ))
    (1-2): 2 x GINConv(nn=Sequential(
      (0): Linear(in_features=128, out_features=128, bias=True)
      (1): ReLU()
      (2): Linear(in_features=128, out_features=128, bias=True)
    ))
  )
  (norms): ModuleList(
    (0-2): 3 x BatchNorm1d(128, eps=1e-05, momentum=0.1, affine=True, track_running_stats=True)
  )
  (pool_norm): LayerNorm((128,), eps=1e-05, elementwise_affine=True)
  (classifier): Sequential(
    (0): Linear(in_features=128, out_features=64, bias=True)
    (1): ReLU()
    (2): Dropout(p=0.5, inplace=False)
    (3): Linear(in_features=64, out_features=6, bias=True)
  )
)

------------------------------------------------------------------------------
第 3 步：开始训练
------------------------------------------------------------------------------
    轮次        训练损失        训练指标        验证损失       验证准确率        耗时
     1      1.8496           -      1.8640      0.1500     0.42s
     2      1.7755           -      1.7536      0.2500     0.17s
     3      1.7786           -      1.7462      0.2500     0.17s
     4      1.7430           -      1.7858      0.2167     0.17s
     5      1.7344           -      1.7718      0.2333     0.17s
     6      1.7502           -      1.7501      0.2333     0.17s
     7      1.7413           -      1.7556      0.2667     0.17s
     8      1.7618           -      1.8400      0.1833     0.17s
     9      1.7478           -      1.7551      0.2500     0.18s
    10      1.7575           -      1.7503      0.3167     0.18s
    11      1.7370           -      1.7541      0.2333     0.19s
    12      1.7268           -      1.7448      0.3667     0.17s
    13      1.7453           -      1.7454      0.2167     0.17s
    14      1.7566           -      1.7618      0.2333     0.18s
    15      1.7228           -      1.7519      0.1833     0.19s
    16      1.7336           -      1.8049      0.2333     0.17s
    17      1.7012           -      1.7718      0.1833     0.20s
    18      1.7555           -      1.9528      0.1833     0.17s
    19      1.7311           -      1.7466      0.2333     0.18s
    20      1.7321           -      1.7661      0.1667     0.18s
    21      1.7432           -      1.7698      0.2667     0.18s
    22      1.7007           -      1.7483      0.2667     0.15s
    23      1.7299           -      1.7753      0.2000     0.11s
    24      1.7392           -      1.8036      0.1500     0.09s
    25      1.7476           -      1.7278      0.3000     0.10s
    26      1.7175           -      1.8304      0.1833     0.09s
    27      1.7413           -      1.7478      0.2500     0.10s
    28      1.7295           -      1.7528      0.3000     0.29s
    29      1.7396           -      1.7547      0.2667     0.19s
    30      1.7401           -      1.9175      0.1833     0.08s
    31      1.7350           -      1.8039      0.2167     0.08s
    32      1.7091           -      1.7957      0.1833     0.07s
    33      1.7445           -      1.7974      0.2000     0.08s
    34      1.7293           -      1.7649      0.2000     0.09s
    35      1.7148           -      1.8070      0.2333     0.10s
    36      1.7334           -      1.8519      0.1833     0.09s
    37      1.7097           -      1.7541      0.2833     0.10s
    38      1.7210           -      1.7762      0.2000     0.10s
    39      1.7520           -      1.8535      0.1833     0.09s
    40      1.7121           -      1.7946      0.2167     0.12s
    41      1.7275           -      1.8256      0.2000     0.19s
    42      1.7179           -      1.7800      0.2500     0.22s
    43      1.7235           -      1.7611      0.1833     0.20s
    44      1.7412           -      1.7420      0.2667     0.21s
    45      1.7283           -      1.8267      0.2000     0.18s
    46      1.7421           -      1.7708      0.2333     0.18s
    47      1.7159           -      1.8542      0.1833     0.17s
    48      1.7087           -      1.7479      0.3333     0.18s
    49      1.7211           -      1.7614      0.2667     0.18s
    50      1.7132           -      1.7911      0.2167     0.18s
    51      1.7091           -      1.8052      0.2167     0.21s
    52      1.6997           -      1.7486      0.3167     0.27s
    53      1.7243           -      1.7856      0.2333     0.23s
    54      1.7136           -      1.7542      0.3167     0.22s
    55      1.7531           -      1.7772      0.2000     0.19s
    56      1.7860           -      1.7746      0.2167     0.17s
    57      1.7761           -      1.7744      0.2167     0.18s
    58      1.7765           -      1.7674      0.2333     0.18s
    59      1.7548           -      1.8407      0.1833     0.16s
    60      1.7359           -      1.8083      0.1833     0.15s
    61      1.7206           -      1.7557      0.2167     0.17s
    62      1.6994           -      1.7482      0.2333     0.17s

  验证集连续 50 轮没有提升，提前停止训练。

------------------------------------------------------------------------------
第 4 步：用验证集上最好的模型测测试集
------------------------------------------------------------------------------
  最好的一轮（第 12 轮）：验证集准确率 = 0.3667
  训练集准确率 = 0.3042   （和验证集差很多就说明过拟合了）
  测试集损失 = 1.6981
  测试集准确率 = 0.3833   <<< 这是最终成绩
  测试耗时 0.01s

------------------------------------------------------------------------------
时间统计
------------------------------------------------------------------------------
  纯训练总耗时      = 10.21s（不含评估，共 62 轮）
  平均每轮训练耗时  = 0.16s
  每个 epoch 的 batch 数 = 15
  整个脚本总耗时    = 10.93s

结果已追加到：D:\PHD\博一\入学任务\graph_beginner-main\任务三_图分类\results\results.jsonl
逐轮历史已保存：D:\PHD\博一\入学任务\graph_beginner-main\任务三_图分类\results\history\ENZYMES_GIN_pool-avg_sample_pn-ln_L3_lr0.01.json
==============================================================================
