==============================================================================
任务三 图分类 —— PROTEINS_GraphSAGE_pool-avg_sample_pn-ln_L3_lr0.01
时间：2026-09-15 23:11:42
==============================================================================
数据集=PROTEINS  模型=GraphSAGE  池化=AvgPooling（平均池化）（avg）
层数=3  隐藏维度=128  dropout=0.5
学习率=0.01  权重衰减=0.0005  轮数=150
训练方式=分批次训练  批次大小设置=32  随机种子=42

------------------------------------------------------------------------------
第 1 步：加载数据
------------------------------------------------------------------------------
  数据加载用时 0.10s
  节点特征维度=4  输出维度=2  任务类型=classification
  训练集 891 张图 / 验证集 111 / 测试集 111
  训练批次大小=32  每个 epoch 有 28 个 batch

------------------------------------------------------------------------------
第 2 步：搭建模型
------------------------------------------------------------------------------
  GraphSAGE + AvgPooling（平均池化）
  可训练参数量 = 76,354
  模型结构：
GraphClassifier(
  (convs): ModuleList(
    (0): SAGEConv(4, 128)
    (1-2): 2 x SAGEConv(128, 128)
  )
  (norms): ModuleList(
    (0-2): 3 x BatchNorm1d(128, eps=1e-05, momentum=0.1, affine=True, track_running_stats=True)
  )
  (pool_norm): LayerNorm((128,), eps=1e-05, elementwise_affine=True)
  (classifier): Sequential(
    (0): Linear(in_features=128, out_features=64, bias=True)
    (1): ReLU()
    (2): Dropout(p=0.5, inplace=False)
    (3): Linear(in_features=64, out_features=2, bias=True)
  )
)

------------------------------------------------------------------------------
第 3 步：开始训练
------------------------------------------------------------------------------
    轮次        训练损失        训练指标        验证损失       验证准确率        耗时
     1      0.7045           -      0.6570      0.6667     0.30s
     2      0.6438           -      0.7039      0.5135     0.13s
     3      0.6577           -      0.7099      0.3694     0.13s
     4      0.6398           -      0.7836      0.3784     0.14s
     5      0.6371           -      0.6501      0.6757     0.13s
     6      0.6417           -      0.6292      0.6577     0.14s
     7      0.6333           -      0.6650      0.6396     0.13s
     8      0.6286           -      0.6290      0.6667     0.13s
     9      0.6397           -      0.6156      0.6847     0.13s
    10      0.6099           -      0.6187      0.6216     0.14s
    11      0.6110           -      0.6812      0.6036     0.13s
    12      0.6330           -      0.6870      0.7117     0.13s
    13      0.6249           -      0.6444      0.6216     0.13s
    14      0.6374           -      0.6397      0.6396     0.13s
    15      0.6065           -      0.6077      0.6486     0.13s
    16      0.6433           -      0.6785      0.5946     0.13s
    17      0.6169           -      0.6269      0.7207     0.13s
    18      0.6137           -      0.5985      0.6486     0.14s
    19      0.6121           -      0.7341      0.5135     0.13s
    20      0.6087           -      0.6254      0.6757     0.13s
    21      0.6047           -      0.6312      0.6486     0.13s
    22      0.6134           -      0.6173      0.6757     0.13s
    23      0.5746           -      0.6393      0.6577     0.13s
    24      0.5977           -      0.6176      0.7027     0.13s
    25      0.5931           -      0.5829      0.7117     0.13s
    26      0.6185           -      0.6524      0.6486     0.13s
    27      0.5954           -      0.6284      0.6937     0.13s
    28      0.6006           -      0.6857      0.5586     0.14s
    29      0.5959           -      0.5978      0.7027     0.13s
    30      0.6039           -      0.5969      0.7207     0.17s
    31      0.6078           -      0.6188      0.6216     0.14s
    32      0.6056           -      0.6022      0.7027     0.14s
    33      0.5921           -      0.6249      0.6667     0.14s
    34      0.6018           -      0.6037      0.6757     0.13s
    35      0.5955           -      0.5811      0.6847     0.13s
    36      0.5921           -      0.6719      0.6036     0.15s
    37      0.6128           -      0.6492      0.7297     0.14s
    38      0.6120           -      0.6063      0.6847     0.13s
    39      0.6059           -      0.6113      0.7027     0.13s
    40      0.5955           -      0.5803      0.7207     0.13s
    41      0.5898           -      0.6133      0.7027     0.13s
    42      0.6028           -      0.6965      0.4865     0.13s
    43      0.5752           -      0.5665      0.7568     0.13s
    44      0.5821           -      0.5675      0.7477     0.13s
    45      0.5784           -      0.6014      0.7027     0.13s
    46      0.5727           -      0.6349      0.7297     0.13s
    47      0.5872           -      0.5944      0.6937     0.13s
    48      0.5791           -      0.5719      0.7027     0.13s
    49      0.5871           -      0.6377      0.6486     0.13s
    50      0.5800           -      0.6479      0.6847     0.12s
    51      0.5816           -      0.5661      0.7207     0.12s
    52      0.5894           -      0.6464      0.7297     0.12s
    53      0.5665           -      0.6097      0.6937     0.12s
    54      0.5951           -      0.5717      0.7477     0.12s
    55      0.5720           -      0.5900      0.7207     0.14s
    56      0.5922           -      0.6222      0.7207     0.14s
    57      0.5732           -      0.6027      0.6126     0.13s
    58      0.5833           -      0.6074      0.6937     0.13s
    59      0.5960           -      0.5770      0.6577     0.12s
    60      0.5725           -      0.6522      0.6667     0.12s
    61      0.5685           -      0.5799      0.6757     0.13s
    62      0.5822           -      0.5994      0.7027     0.12s
    63      0.5848           -      0.6011      0.7117     0.14s
    64      0.5692           -      0.5753      0.7387     0.12s
    65      0.5933           -      0.5802      0.7027     0.13s
    66      0.5897           -      0.5741      0.7027     0.12s
    67      0.5837           -      0.5819      0.6847     0.12s
    68      0.5771           -      0.6074      0.6937     0.15s
    69      0.6046           -      0.6148      0.7477     0.15s
    70      0.5944           -      0.6360      0.6847     0.18s
    71      0.5804           -      0.6069      0.6396     0.16s
    72      0.6002           -      0.6455      0.6757     0.15s
    73      0.5930           -      0.6494      0.6847     0.19s
    74      0.5708           -      0.5770      0.7297     0.14s
    75      0.5822           -      0.6269      0.6306     0.18s
    76      0.5907           -      0.6854      0.6486     0.13s
    77      0.5882           -      0.6018      0.7297     0.18s
    78      0.5796           -      0.5710      0.6757     0.15s
    79      0.5850           -      0.6100      0.6847     0.15s
    80      0.5532           -      0.5713      0.7568     0.17s
    81      0.5668           -      0.5757      0.6306     0.13s
    82      0.5664           -      0.6193      0.7207     0.19s
    83      0.5726           -      0.5804      0.7207     0.13s
    84      0.5516           -      0.6345      0.6757     0.12s
    85      0.5731           -      0.6175      0.6306     0.12s
    86      0.5633           -      0.6471      0.7117     0.12s
    87      0.5529           -      0.5806      0.7387     0.13s
    88      0.5775           -      0.5891      0.6847     0.12s
    89      0.5764           -      0.7132      0.4865     0.12s
    90      0.5842           -      0.6708      0.6396     0.13s
    91      0.5739           -      0.5781      0.6396     0.13s
    92      0.5713           -      0.5798      0.7027     0.13s
    93      0.5701           -      0.6044      0.6757     0.13s

  验证集连续 50 轮没有提升，提前停止训练。

------------------------------------------------------------------------------
第 4 步：用验证集上最好的模型测测试集
------------------------------------------------------------------------------
  最好的一轮（第 43 轮）：验证集准确率 = 0.7568
  训练集准确率 = 0.7452   （和验证集差很多就说明过拟合了）
  测试集损失 = 0.6323
  测试集准确率 = 0.6306   <<< 这是最终成绩
  测试耗时 0.01s

------------------------------------------------------------------------------
时间统计
------------------------------------------------------------------------------
  纯训练总耗时      = 12.73s（不含评估，共 93 轮）
  平均每轮训练耗时  = 0.14s
  每个 epoch 的 batch 数 = 28
  整个脚本总耗时    = 13.69s

结果已追加到：D:\PHD\博一\入学任务\graph_beginner-main\任务三_图分类\results\results.jsonl
逐轮历史已保存：D:\PHD\博一\入学任务\graph_beginner-main\任务三_图分类\results\history\PROTEINS_GraphSAGE_pool-avg_sample_pn-ln_L3_lr0.01.json
==============================================================================
