==============================================================================
任务三 图分类 —— MUTAG_GCN_pool-avg_sample_pn-ln_L3_lr0.01
时间：2026-09-15 23:01:09
==============================================================================
数据集=MUTAG  模型=GCN  池化=AvgPooling（平均池化）（avg）
层数=3  隐藏维度=128  dropout=0.5
学习率=0.01  权重衰减=0.0005  轮数=5
训练方式=分批次训练  批次大小设置=32  随机种子=42

[--dry_run] 配置检查完毕，没有真的开始训练。
==============================================================================
任务三 图分类 —— MUTAG_GCN_pool-avg_sample_pn-ln_L3_lr0.01
时间：2026-09-15 23:09:59
==============================================================================
数据集=MUTAG  模型=GCN  池化=AvgPooling（平均池化）（avg）
层数=3  隐藏维度=128  dropout=0.5
学习率=0.01  权重衰减=0.0005  轮数=150
训练方式=分批次训练  批次大小设置=32  随机种子=42

------------------------------------------------------------------------------
第 1 步：加载数据
------------------------------------------------------------------------------
  数据加载用时 0.08s
  节点特征维度=7  输出维度=2  任务类型=classification
  训练集 152 张图 / 验证集 18 / 测试集 18
  训练批次大小=32  每个 epoch 有 5 个 batch

------------------------------------------------------------------------------
第 2 步：搭建模型
------------------------------------------------------------------------------
  GCN + AvgPooling（平均池化）
  可训练参数量 = 43,458
  模型结构：
GraphClassifier(
  (convs): ModuleList(
    (0): GCNConv(7, 128)
    (1-2): 2 x GCNConv(128, 128)
  )
  (norms): ModuleList(
    (0-2): 3 x BatchNorm1d(128, eps=1e-05, momentum=0.1, affine=True, track_running_stats=True)
  )
  (pool_norm): LayerNorm((128,), eps=1e-05, elementwise_affine=True)
  (classifier): Sequential(
    (0): Linear(in_features=128, out_features=64, bias=True)
    (1): ReLU()
    (2): Dropout(p=0.5, inplace=False)
    (3): Linear(in_features=64, out_features=2, bias=True)
  )
)

------------------------------------------------------------------------------
第 3 步：开始训练
------------------------------------------------------------------------------
    轮次        训练损失        训练指标        验证损失       验证准确率        耗时
     1      0.7279           -      0.9899      0.6667     0.28s
     2      0.6278           -      0.5977      0.6667     0.03s
     3      0.6168           -      0.6874      0.6667     0.03s
     4      0.5586           -      0.6521      0.6667     0.03s
     5      0.6110           -      0.5543      0.6667     0.03s
     6      0.6157           -      0.5383      0.7778     0.03s
     7      0.5623           -      0.5973      0.7778     0.04s
     8      0.5416           -      0.7636      0.7778     0.03s
     9      0.5447           -      0.6228      0.7778     0.03s
    10      0.5286           -      0.5231      0.7778     0.03s
    11      0.5798           -      0.5424      0.7778     0.03s
    12      0.5108           -      0.6189      0.7778     0.03s
    13      0.5260           -      0.6640      0.7778     0.03s
    14      0.5258           -      0.5828      0.7222     0.03s
    15      0.5297           -      0.6165      0.7222     0.03s
    16      0.4972           -      0.6431      0.7222     0.03s
    17      0.4796           -      0.5362      0.7222     0.03s
    18      0.4760           -      0.4756      0.7778     0.03s
    19      0.5576           -      0.5091      0.7222     0.03s
    20      0.5912           -      0.5460      0.7222     0.03s
    21      0.6209           -      0.5592      0.7222     0.03s
    22      0.5334           -      0.6127      0.7222     0.03s
    23      0.5385           -      0.4879      0.7778     0.03s
    24      0.5323           -      0.4675      0.7778     0.03s
    25      0.5438           -      0.4505      0.7778     0.03s
    26      0.5321           -      0.4663      0.7778     0.03s
    27      0.5467           -      0.4911      0.7778     0.03s
    28      0.5727           -      0.5399      0.7778     0.03s
    29      0.5195           -      0.4665      0.7778     0.03s
    30      0.4953           -      0.5415      0.7222     0.03s
    31      0.5041           -      0.5764      0.7222     0.03s
    32      0.5046           -      0.5371      0.7778     0.03s
    33      0.5373           -      0.5882      0.7222     0.03s
    34      0.5735           -      0.5631      0.7222     0.03s
    35      0.5085           -      0.5044      0.7778     0.03s
    36      0.5237           -      0.5008      0.7778     0.03s
    37      0.5412           -      0.4922      0.7778     0.03s
    38      0.5374           -      0.5337      0.7778     0.03s
    39      0.5556           -      0.5335      0.6111     0.03s
    40      0.5342           -      0.4997      0.7222     0.03s
    41      0.6376           -      0.5001      0.7222     0.03s
    42      0.5646           -      0.4905      0.6667     0.03s
    43      0.5636           -      0.4958      0.7222     0.03s
    44      0.5221           -      0.4689      0.7778     0.03s
    45      0.5493           -      0.4880      0.7222     0.03s
    46      0.5150           -      0.4998      0.7222     0.04s
    47      0.4911           -      0.5280      0.6667     0.03s
    48      0.5173           -      0.5537      0.7222     0.04s
    49      0.5300           -      0.5120      0.6667     0.03s
    50      0.5143           -      0.5075      0.7222     0.04s
    51      0.5614           -      0.5140      0.7778     0.04s
    52      0.5235           -      0.5192      0.6667     0.03s
    53      0.5001           -      0.5395      0.7222     0.03s
    54      0.5141           -      0.5452      0.7222     0.03s
    55      0.5164           -      0.5146      0.7222     0.03s
    56      0.5255           -      0.5058      0.7778     0.04s

  验证集连续 50 轮没有提升，提前停止训练。

------------------------------------------------------------------------------
第 4 步：用验证集上最好的模型测测试集
------------------------------------------------------------------------------
  最好的一轮（第 6 轮）：验证集准确率 = 0.7778
  训练集准确率 = 0.7039   （和验证集差很多就说明过拟合了）
  测试集损失 = 0.5097
  测试集准确率 = 0.7778   <<< 这是最终成绩
  测试耗时 0.00s

------------------------------------------------------------------------------
时间统计
------------------------------------------------------------------------------
  纯训练总耗时      = 2.02s（不含评估，共 56 轮）
  平均每轮训练耗时  = 0.03s
  每个 epoch 的 batch 数 = 5
  整个脚本总耗时    = 2.27s

结果已追加到：D:\PHD\博一\入学任务\graph_beginner-main\任务三_图分类\results\results.jsonl
逐轮历史已保存：D:\PHD\博一\入学任务\graph_beginner-main\任务三_图分类\results\history\MUTAG_GCN_pool-avg_sample_pn-ln_L3_lr0.01.json
==============================================================================
