==============================================================================
任务三 图分类 —— IMDB-BINARY_GIN_pool-avg_sample_pn-ln_L3_lr0.01
时间：2026-09-15 23:16:35
==============================================================================
数据集=IMDB-BINARY  模型=GIN  池化=AvgPooling（平均池化）（avg）
层数=3  隐藏维度=128  dropout=0.5
学习率=0.01  权重衰减=0.0005  轮数=150
训练方式=分批次训练  批次大小设置=32  随机种子=42

------------------------------------------------------------------------------
第 1 步：加载数据
------------------------------------------------------------------------------
  数据加载用时 0.37s
  节点特征维度=101  输出维度=2  任务类型=classification
  训练集 800 张图 / 验证集 100 / 测试集 100
  训练批次大小=32  每个 epoch 有 25 个 batch

------------------------------------------------------------------------------
第 2 步：搭建模型
------------------------------------------------------------------------------
  GIN + AvgPooling（平均池化）
  可训练参数量 = 105,029
  模型结构：
GraphClassifier(
  (convs): ModuleList(
    (0): GINConv(nn=Sequential(
      (0): Linear(in_features=101, out_features=128, bias=True)
      (1): ReLU()
      (2): Linear(in_features=128, out_features=128, bias=True)
    ))
    (1-2): 2 x GINConv(nn=Sequential(
      (0): Linear(in_features=128, out_features=128, bias=True)
      (1): ReLU()
      (2): Linear(in_features=128, out_features=128, bias=True)
    ))
  )
  (norms): ModuleList(
    (0-2): 3 x BatchNorm1d(128, eps=1e-05, momentum=0.1, affine=True, track_running_stats=True)
  )
  (pool_norm): LayerNorm((128,), eps=1e-05, elementwise_affine=True)
  (classifier): Sequential(
    (0): Linear(in_features=128, out_features=64, bias=True)
    (1): ReLU()
    (2): Dropout(p=0.5, inplace=False)
    (3): Linear(in_features=64, out_features=2, bias=True)
  )
)

------------------------------------------------------------------------------
第 3 步：开始训练
------------------------------------------------------------------------------
    轮次        训练损失        训练指标        验证损失       验证准确率        耗时
     1      0.7097           -      0.6374      0.5600     0.67s
     2      0.6464           -      0.5898      0.7100     0.30s
     3      0.6630           -      0.6151      0.5800     0.30s
     4      0.6188           -      0.5047      0.7900     0.30s
     5      0.6360           -      0.5927      0.6700     0.30s
     6      0.6115           -      0.4871      0.8000     0.29s
     7      0.5963           -      0.5353      0.7200     0.30s
     8      0.5838           -      0.4733      0.8100     0.31s
     9      0.5841           -      0.5810      0.6800     0.30s
    10      0.6033           -      0.5284      0.7800     0.34s
    11      0.6026           -      0.5651      0.7300     1.09s
    12      0.5891           -      0.5106      0.8000     0.30s
    13      0.5816           -      0.5696      0.7200     0.31s
    14      0.5780           -      0.5077      0.7900     0.30s
    15      0.6026           -      0.4950      0.7600     0.36s
    16      0.5705           -      0.4586      0.7600     0.37s
    17      0.5708           -      0.5622      0.7000     0.30s
    18      0.5658           -      0.4786      0.7900     0.30s
    19      0.5908           -      0.5071      0.7200     0.30s
    20      0.5639           -      0.4983      0.7400     0.29s
    21      0.5543           -      0.5049      0.7500     0.28s
    22      0.5939           -      0.5294      0.7000     0.30s
    23      0.5601           -      0.5074      0.7600     0.33s
    24      0.5382           -      0.4791      0.8100     0.34s
    25      0.5534           -      0.6196      0.7400     0.30s
    26      0.6297           -      0.5454      0.7700     0.27s
    27      0.5611           -      0.4735      0.8100     0.28s
    28      0.5656           -      0.4428      0.7500     0.28s
    29      0.5522           -      0.4771      0.7300     0.29s
    30      0.5256           -      0.5060      0.7600     0.28s
    31      0.5538           -      0.5130      0.7400     0.28s
    32      0.5273           -      0.4855      0.7400     0.29s
    33      0.5563           -      0.4929      0.7500     0.28s
    34      0.5596           -      0.5189      0.7200     0.29s
    35      0.5240           -      0.4761      0.7700     0.28s
    36      0.5527           -      0.5225      0.7700     0.28s
    37      0.5435           -      0.4753      0.7900     0.28s
    38      0.5079           -      0.4661      0.8000     0.28s
    39      0.4994           -      0.4712      0.7700     0.28s
    40      0.5577           -      0.4868      0.7400     0.29s
    41      0.5347           -      0.4567      0.7800     0.29s
    42      0.5389           -      0.5279      0.7300     0.28s
    43      0.5039           -      0.5252      0.7100     0.28s
    44      0.5858           -      0.5475      0.7700     0.28s
    45      0.5143           -      0.4763      0.7400     0.28s
    46      0.5118           -      0.5004      0.7000     0.28s
    47      0.5198           -      0.4634      0.7700     0.28s
    48      0.5236           -      0.4946      0.7200     0.27s
    49      0.5276           -      0.4592      0.7600     0.28s
    50      0.5084           -      0.4766      0.7100     0.28s
    51      0.5183           -      0.4659      0.7900     0.28s
    52      0.5199           -      0.4809      0.7200     0.28s
    53      0.5202           -      0.4936      0.7600     0.28s
    54      0.5227           -      0.5448      0.7400     0.28s
    55      0.5162           -      0.4901      0.7600     0.28s
    56      0.5439           -      0.5153      0.6500     0.29s
    57      0.5468           -      0.5515      0.7600     0.28s
    58      0.5161           -      0.5089      0.7300     0.27s

  验证集连续 50 轮没有提升，提前停止训练。

------------------------------------------------------------------------------
第 4 步：用验证集上最好的模型测测试集
------------------------------------------------------------------------------
  最好的一轮（第 8 轮）：验证集准确率 = 0.8100
  训练集准确率 = 0.7175   （和验证集差很多就说明过拟合了）
  测试集损失 = 0.4888
  测试集准确率 = 0.8200   <<< 这是最终成绩
  测试耗时 0.02s

------------------------------------------------------------------------------
时间统计
------------------------------------------------------------------------------
  纯训练总耗时      = 18.15s（不含评估，共 58 轮）
  平均每轮训练耗时  = 0.31s
  每个 epoch 的 batch 数 = 25
  整个脚本总耗时    = 19.44s

结果已追加到：D:\PHD\博一\入学任务\graph_beginner-main\任务三_图分类\results\results.jsonl
逐轮历史已保存：D:\PHD\博一\入学任务\graph_beginner-main\任务三_图分类\results\history\IMDB-BINARY_GIN_pool-avg_sample_pn-ln_L3_lr0.01.json
==============================================================================
