==============================================================================
任务三 图分类 —— MUTAG_GraphSAGE_pool-avg_sample_pn-ln_L3_lr0.01
时间：2026-09-15 23:10:16
==============================================================================
数据集=MUTAG  模型=GraphSAGE  池化=AvgPooling（平均池化）（avg）
层数=3  隐藏维度=128  dropout=0.5
学习率=0.01  权重衰减=0.0005  轮数=150
训练方式=分批次训练  批次大小设置=32  随机种子=42

------------------------------------------------------------------------------
第 1 步：加载数据
------------------------------------------------------------------------------
  数据加载用时 0.16s
  节点特征维度=7  输出维度=2  任务类型=classification
  训练集 152 张图 / 验证集 18 / 测试集 18
  训练批次大小=32  每个 epoch 有 5 个 batch

------------------------------------------------------------------------------
第 2 步：搭建模型
------------------------------------------------------------------------------
  GraphSAGE + AvgPooling（平均池化）
  可训练参数量 = 77,122
  模型结构：
GraphClassifier(
  (convs): ModuleList(
    (0): SAGEConv(7, 128)
    (1-2): 2 x SAGEConv(128, 128)
  )
  (norms): ModuleList(
    (0-2): 3 x BatchNorm1d(128, eps=1e-05, momentum=0.1, affine=True, track_running_stats=True)
  )
  (pool_norm): LayerNorm((128,), eps=1e-05, elementwise_affine=True)
  (classifier): Sequential(
    (0): Linear(in_features=128, out_features=64, bias=True)
    (1): ReLU()
    (2): Dropout(p=0.5, inplace=False)
    (3): Linear(in_features=64, out_features=2, bias=True)
  )
)

------------------------------------------------------------------------------
第 3 步：开始训练
------------------------------------------------------------------------------
    轮次        训练损失        训练指标        验证损失       验证准确率        耗时
     1      0.6419           -      0.7948      0.6667     0.20s
     2      0.6392           -      0.8042      0.6667     0.03s
     3      0.6398           -      0.7609      0.6667     0.03s
     4      0.5779           -      0.8551      0.6667     0.03s
     5      0.5371           -      0.7417      0.7222     0.03s
     6      0.5108           -      0.7699      0.7222     0.03s
     7      0.5094           -      0.8001      0.6667     0.03s
     8      0.5941           -      0.6801      0.7222     0.03s
     9      0.5263           -      0.5632      0.7222     0.03s
    10      0.5564           -      0.5831      0.7222     0.03s
    11      0.5537           -      0.5551      0.6667     0.03s
    12      0.5412           -      0.6054      0.6667     0.03s
    13      0.4817           -      0.5990      0.6667     0.03s
    14      0.5150           -      0.5645      0.6667     0.03s
    15      0.5420           -      0.5251      0.6667     0.04s
    16      0.5268           -      0.5464      0.6667     0.04s
    17      0.5804           -      0.5274      0.6667     0.03s
    18      0.5548           -      0.5266      0.6667     0.03s
    19      0.5442           -      0.5650      0.6667     0.02s
    20      0.5457           -      0.5353      0.7222     0.03s
    21      0.4831           -      0.5292      0.7222     0.03s
    22      0.5501           -      0.5376      0.7222     0.03s
    23      0.5229           -      0.5239      0.7222     0.02s
    24      0.5536           -      0.5422      0.7778     0.03s
    25      0.4887           -      0.5206      0.7778     0.02s
    26      0.5153           -      0.5055      0.7778     0.02s
    27      0.5653           -      0.5195      0.7778     0.03s
    28      0.5459           -      0.7195      0.7778     0.03s
    29      0.5189           -      0.6740      0.7778     0.03s
    30      0.6007           -      0.6673      0.7778     0.02s
    31      0.5313           -      0.5523      0.7778     0.03s
    32      0.5572           -      0.5275      0.7222     0.02s
    33      0.5246           -      0.5125      0.7222     0.02s
    34      0.4918           -      0.5796      0.7222     0.03s
    35      0.5161           -      0.5290      0.7222     0.02s
    36      0.5611           -      0.4942      0.7222     0.02s
    37      0.5448           -      0.5092      0.7778     0.02s
    38      0.5433           -      0.4938      0.7222     0.02s
    39      0.5035           -      0.5197      0.7222     0.02s
    40      0.4976           -      0.5383      0.7222     0.02s
    41      0.5246           -      0.5605      0.6667     0.03s
    42      0.5432           -      0.5907      0.6667     0.03s
    43      0.5429           -      0.5544      0.5556     0.02s
    44      0.4887           -      0.5720      0.6111     0.03s
    45      0.5920           -      0.5224      0.6111     0.03s
    46      0.5227           -      0.5090      0.6667     0.03s
    47      0.5030           -      0.6153      0.7222     0.03s
    48      0.5695           -      0.5491      0.7222     0.02s
    49      0.5324           -      0.5176      0.6667     0.02s
    50      0.5417           -      0.5133      0.7222     0.02s
    51      0.5026           -      0.5435      0.7222     0.03s
    52      0.5956           -      0.5247      0.7222     0.03s
    53      0.5652           -      0.4952      0.7222     0.03s
    54      0.5518           -      0.4822      0.7222     0.03s
    55      0.5229           -      0.5101      0.6667     0.03s
    56      0.5696           -      0.4929      0.6667     0.03s
    57      0.5068           -      0.5271      0.7222     0.03s
    58      0.5031           -      0.5159      0.6667     0.02s
    59      0.5087           -      0.5357      0.7222     0.03s
    60      0.5268           -      0.5829      0.6667     0.03s
    61      0.5702           -      0.5601      0.7778     0.02s
    62      0.4895           -      0.5775      0.7778     0.04s
    63      0.5122           -      0.5918      0.7778     0.02s
    64      0.5266           -      0.5495      0.6667     0.02s
    65      0.5404           -      0.5418      0.6667     0.03s
    66      0.5460           -      0.5685      0.6667     0.02s
    67      0.5424           -      0.5624      0.6667     0.02s
    68      0.5345           -      0.5324      0.6667     0.02s
    69      0.5101           -      0.5073      0.7222     0.02s
    70      0.5162           -      0.4976      0.7222     0.02s
    71      0.5397           -      0.5104      0.7222     0.02s
    72      0.5307           -      0.5246      0.6667     0.02s
    73      0.5447           -      0.5437      0.7222     0.02s
    74      0.4907           -      0.5501      0.6667     0.03s

  验证集连续 50 轮没有提升，提前停止训练。

------------------------------------------------------------------------------
第 4 步：用验证集上最好的模型测测试集
------------------------------------------------------------------------------
  最好的一轮（第 24 轮）：验证集准确率 = 0.7778
  训练集准确率 = 0.7697   （和验证集差很多就说明过拟合了）
  测试集损失 = 0.6178
  测试集准确率 = 0.7222   <<< 这是最终成绩
  测试耗时 0.00s

------------------------------------------------------------------------------
时间统计
------------------------------------------------------------------------------
  纯训练总耗时      = 2.13s（不含评估，共 74 轮）
  平均每轮训练耗时  = 0.03s
  每个 epoch 的 batch 数 = 5
  整个脚本总耗时    = 2.35s

结果已追加到：D:\PHD\博一\入学任务\graph_beginner-main\任务三_图分类\results\results.jsonl
逐轮历史已保存：D:\PHD\博一\入学任务\graph_beginner-main\任务三_图分类\results\history\MUTAG_GraphSAGE_pool-avg_sample_pn-ln_L3_lr0.01.json
==============================================================================
