==============================================================================
任务三 图分类 —— PROTEINS_GAT_pool-avg_sample_pn-ln_L3_lr0.01
时间：2026-09-15 23:11:03
==============================================================================
数据集=PROTEINS  模型=GAT  池化=AvgPooling（平均池化）（avg）
层数=3  隐藏维度=128  dropout=0.5
学习率=0.01  权重衰减=0.0005  轮数=150
训练方式=分批次训练  批次大小设置=32  随机种子=42

------------------------------------------------------------------------------
第 1 步：加载数据
------------------------------------------------------------------------------
  数据加载用时 0.10s
  节点特征维度=4  输出维度=2  任务类型=classification
  训练集 891 张图 / 验证集 111 / 测试集 111
  训练批次大小=32  每个 epoch 有 28 个 batch

------------------------------------------------------------------------------
第 2 步：搭建模型
------------------------------------------------------------------------------
  GAT + AvgPooling（平均池化）
  可训练参数量 = 43,842
  模型结构：
GraphClassifier(
  (convs): ModuleList(
    (0): GATConv(4, 16, heads=8)
    (1-2): 2 x GATConv(128, 16, heads=8)
  )
  (norms): ModuleList(
    (0-2): 3 x BatchNorm1d(128, eps=1e-05, momentum=0.1, affine=True, track_running_stats=True)
  )
  (pool_norm): LayerNorm((128,), eps=1e-05, elementwise_affine=True)
  (classifier): Sequential(
    (0): Linear(in_features=128, out_features=64, bias=True)
    (1): ReLU()
    (2): Dropout(p=0.5, inplace=False)
    (3): Linear(in_features=64, out_features=2, bias=True)
  )
)

------------------------------------------------------------------------------
第 3 步：开始训练
------------------------------------------------------------------------------
    轮次        训练损失        训练指标        验证损失       验证准确率        耗时
     1      0.6974           -      0.6959      0.5946     1.66s
     2      0.6729           -      0.6714      0.5946     0.23s
     3      0.6482           -      0.6607      0.5946     0.24s
     4      0.6478           -      0.6866      0.4865     0.23s
     5      0.6469           -      0.6620      0.5766     0.22s
     6      0.6512           -      0.6491      0.5946     0.23s
     7      0.6559           -      0.6736      0.5946     0.24s
     8      0.6441           -      0.6570      0.5946     0.23s
     9      0.6039           -      0.6400      0.6216     0.23s
    10      0.6541           -      0.6725      0.5946     0.23s
    11      0.6463           -      0.6714      0.5946     0.23s
    12      0.6358           -      0.6915      0.4685     0.23s
    13      0.6315           -      0.6602      0.6847     0.22s
    14      0.6297           -      0.6776      0.6036     0.23s
    15      0.6278           -      0.6645      0.6396     0.23s
    16      0.6180           -      0.6689      0.6667     0.24s
    17      0.6306           -      0.6669      0.6486     0.23s
    18      0.6239           -      0.6483      0.6486     0.22s
    19      0.6341           -      0.7691      0.4054     0.22s
    20      0.6293           -      0.6880      0.5045     0.23s
    21      0.6176           -      0.7396      0.4054     0.22s
    22      0.6195           -      0.6826      0.5045     0.23s
    23      0.6178           -      0.6761      0.5586     0.22s
    24      0.6213           -      0.6645      0.6486     0.22s
    25      0.6192           -      0.6666      0.6306     0.23s
    26      0.6363           -      0.6626      0.6036     0.25s
    27      0.6238           -      0.6439      0.6667     0.23s
    28      0.6241           -      0.7247      0.4505     0.22s
    29      0.6254           -      0.6690      0.6577     0.24s
    30      0.6105           -      0.6651      0.6667     0.26s
    31      0.6193           -      0.6527      0.6126     0.51s
    32      0.6178           -      0.6540      0.5946     0.26s
    33      0.6170           -      0.6566      0.6757     0.23s
    34      0.6078           -      0.6462      0.6396     0.23s
    35      0.6115           -      0.6706      0.6577     0.40s
    36      0.6062           -      0.8067      0.4054     0.40s
    37      0.6171           -      0.6611      0.6577     0.31s
    38      0.6084           -      0.6950      0.5766     0.29s
    39      0.5840           -      0.6167      0.6486     0.23s
    40      0.6057           -      0.6407      0.6847     0.22s
    41      0.6111           -      0.6544      0.6216     0.23s
    42      0.5952           -      0.6931      0.4775     0.21s
    43      0.6105           -      0.6641      0.6216     0.21s
    44      0.5925           -      0.6817      0.5495     0.21s
    45      0.5946           -      0.6614      0.6847     0.22s
    46      0.5982           -      0.6416      0.6847     0.21s
    47      0.5932           -      0.6649      0.6937     0.23s
    48      0.6057           -      0.6635      0.6036     0.21s
    49      0.5946           -      0.6399      0.6036     0.21s
    50      0.5870           -      0.6130      0.6486     0.21s
    51      0.5968           -      0.6573      0.6577     0.21s
    52      0.5995           -      0.6425      0.6306     0.21s
    53      0.5944           -      0.7336      0.5045     0.21s
    54      0.6055           -      0.7131      0.4144     0.21s
    55      0.6001           -      0.8054      0.4234     0.21s
    56      0.5962           -      0.7385      0.4054     0.22s
    57      0.5794           -      0.7438      0.4595     0.22s
    58      0.5971           -      0.6406      0.6757     0.22s
    59      0.5879           -      0.6430      0.6577     0.23s
    60      0.5942           -      0.7705      0.4414     0.23s
    61      0.5983           -      0.6614      0.6306     0.22s
    62      0.5926           -      0.6614      0.6126     0.23s
    63      0.5663           -      0.6892      0.5586     0.25s
    64      0.5843           -      0.6286      0.6847     0.23s
    65      0.5938           -      0.6362      0.7027     0.23s
    66      0.5978           -      0.6614      0.6036     0.22s
    67      0.6100           -      0.6405      0.6126     0.22s
    68      0.5722           -      0.6333      0.6847     0.23s
    69      0.5971           -      0.6945      0.5315     0.23s
    70      0.5945           -      0.6238      0.6757     0.22s
    71      0.5753           -      0.6221      0.6937     0.23s
    72      0.5741           -      0.6292      0.6847     0.22s
    73      0.5841           -      0.6602      0.6757     0.23s
    74      0.5795           -      0.7017      0.4595     0.23s
    75      0.5609           -      0.6996      0.5135     0.22s
    76      0.5786           -      0.6521      0.6847     0.23s
    77      0.5914           -      0.6679      0.6667     0.22s
    78      0.5847           -      0.6364      0.6577     0.23s
    79      0.5858           -      0.7213      0.4595     0.22s
    80      0.5776           -      0.6403      0.6577     0.23s
    81      0.5610           -      0.7783      0.4054     0.23s
    82      0.5725           -      0.7859      0.4054     0.23s
    83      0.5807           -      0.6774      0.6036     0.23s
    84      0.5743           -      0.6729      0.5946     0.23s
    85      0.5586           -      0.6349      0.6937     0.22s
    86      0.5576           -      0.6338      0.6847     0.22s
    87      0.5667           -      0.6599      0.7387     0.22s
    88      0.5826           -      0.8025      0.4054     0.22s
    89      0.5720           -      0.6612      0.6757     0.22s
    90      0.5576           -      0.6415      0.7117     0.23s
    91      0.5508           -      0.7272      0.4054     0.21s
    92      0.5529           -      0.7402      0.4144     0.21s
    93      0.5709           -      0.6059      0.7027     0.22s
    94      0.5510           -      0.6575      0.6577     0.21s
    95      0.5838           -      0.6655      0.6036     0.22s
    96      0.5559           -      0.6508      0.6757     0.22s
    97      0.5543           -      0.6809      0.6126     0.21s
    98      0.5651           -      0.6610      0.6306     0.22s
    99      0.5672           -      0.7087      0.3784     0.22s
   100      0.5531           -      0.7241      0.4595     0.21s
   101      0.5596           -      0.6152      0.7027     0.22s
   102      0.5584           -      0.6280      0.7387     0.22s
   103      0.5595           -      0.6943      0.4414     0.22s
   104      0.5581           -      0.6991      0.4324     0.23s
   105      0.5561           -      0.7375      0.4054     0.23s
   106      0.5629           -      0.7274      0.4324     0.22s
   107      0.5646           -      0.6764      0.6126     0.22s
   108      0.5543           -      0.6736      0.5405     0.22s
   109      0.5533           -      0.6699      0.5766     0.22s
   110      0.5474           -      0.6064      0.7297     0.21s
   111      0.5504           -      0.6884      0.4955     0.21s
   112      0.5672           -      0.6808      0.6757     0.22s
   113      0.5631           -      0.7246      0.3784     0.22s
   114      0.5558           -      0.7283      0.4414     0.22s
   115      0.5454           -      0.6147      0.7207     0.22s
   116      0.5678           -      0.6978      0.6036     0.22s
   117      0.5439           -      0.7469      0.4414     0.22s
   118      0.5533           -      0.6452      0.7117     0.22s
   119      0.5572           -      0.6342      0.6937     0.23s
   120      0.5623           -      0.7089      0.4414     0.22s
   121      0.5762           -      0.6524      0.7117     0.22s
   122      0.5714           -      0.6233      0.7207     0.22s
   123      0.5505           -      0.6151      0.6757     0.22s
   124      0.5424           -      0.6218      0.6757     0.22s
   125      0.5552           -      0.6505      0.6036     0.22s
   126      0.5359           -      0.5962      0.6937     0.22s
   127      0.5649           -      0.5975      0.6667     0.21s
   128      0.5520           -      0.6070      0.6847     0.22s
   129      0.5719           -      0.5999      0.6937     0.21s
   130      0.5257           -      0.6992      0.5766     0.21s
   131      0.5660           -      0.7924      0.3784     0.23s
   132      0.5657           -      0.8933      0.4054     0.21s
   133      0.5776           -      0.6954      0.4685     0.21s
   134      0.5635           -      0.6841      0.5045     0.21s
   135      0.5548           -      0.6056      0.6937     0.22s
   136      0.5576           -      0.6726      0.6126     0.22s
   137      0.5510           -      0.6407      0.6847     0.23s

  验证集连续 50 轮没有提升，提前停止训练。

------------------------------------------------------------------------------
第 4 步：用验证集上最好的模型测测试集
------------------------------------------------------------------------------
  最好的一轮（第 87 轮）：验证集准确率 = 0.7387
  训练集准确率 = 0.6902   （和验证集差很多就说明过拟合了）
  测试集损失 = 0.6713
  测试集准确率 = 0.6577   <<< 这是最终成绩
  测试耗时 0.01s

------------------------------------------------------------------------------
时间统计
------------------------------------------------------------------------------
  纯训练总耗时      = 32.68s（不含评估，共 137 轮）
  平均每轮训练耗时  = 0.23s
  每个 epoch 的 batch 数 = 28
  整个脚本总耗时    = 35.08s

结果已追加到：D:\PHD\博一\入学任务\graph_beginner-main\任务三_图分类\results\results.jsonl
逐轮历史已保存：D:\PHD\博一\入学任务\graph_beginner-main\任务三_图分类\results\history\PROTEINS_GAT_pool-avg_sample_pn-ln_L3_lr0.01.json
==============================================================================
