==============================================================================
任务三 图分类 —— ZINC_GCN_pool-avg_sample_pn-ln_L3_lr0.01
时间：2026-09-15 23:17:01
==============================================================================
数据集=ZINC  模型=GCN  池化=AvgPooling（平均池化）（avg）
层数=3  隐藏维度=128  dropout=0.5
学习率=0.01  权重衰减=0.0005  轮数=100
训练方式=分批次训练  批次大小设置=64  随机种子=42

------------------------------------------------------------------------------
第 1 步：加载数据
------------------------------------------------------------------------------
  数据加载用时 1.88s
  节点特征维度=21  输出维度=1  任务类型=regression
  训练集 5000 张图 / 验证集 1000 / 测试集 1000
  训练批次大小=64  每个 epoch 有 79 个 batch

------------------------------------------------------------------------------
第 2 步：搭建模型
------------------------------------------------------------------------------
  GCN + AvgPooling（平均池化）
  可训练参数量 = 45,185
  模型结构：
GraphClassifier(
  (convs): ModuleList(
    (0): GCNConv(21, 128)
    (1-2): 2 x GCNConv(128, 128)
  )
  (norms): ModuleList(
    (0-2): 3 x BatchNorm1d(128, eps=1e-05, momentum=0.1, affine=True, track_running_stats=True)
  )
  (pool_norm): LayerNorm((128,), eps=1e-05, elementwise_affine=True)
  (classifier): Sequential(
    (0): Linear(in_features=128, out_features=64, bias=True)
    (1): ReLU()
    (2): Dropout(p=0.5, inplace=False)
    (3): Linear(in_features=64, out_features=1, bias=True)
  )
)

------------------------------------------------------------------------------
第 3 步：开始训练
------------------------------------------------------------------------------
    轮次        训练损失        训练指标        验证损失       验证MAE        耗时
     1      1.0280           -      0.8308      0.8308     1.60s
     2      0.9287           -      0.7630      0.7630     1.23s
     3      0.9017           -      0.7494      0.7494     1.18s
     4      0.8962           -      0.6879      0.6879     1.19s
     5      0.8775           -      0.6657      0.6657     2.03s
     6      0.8839           -      0.7168      0.7168     1.19s
     7      0.8660           -      0.6752      0.6752     1.19s
     8      0.8607           -      0.7022      0.7022     1.22s
     9      0.8638           -      0.7147      0.7147     1.18s
    10      0.8615           -      0.6706      0.6706     1.21s
    11      0.8397           -      0.7099      0.7099     1.25s
    12      0.8556           -      0.6740      0.6740     1.17s
    13      0.8321           -      0.7199      0.7199     1.17s
    14      0.8421           -      0.8645      0.8645     1.17s
    15      0.8441           -      0.7443      0.7443     1.16s
    16      0.8544           -      0.6953      0.6953     1.24s
    17      0.8362           -      0.6627      0.6627     1.14s
    18      0.8535           -      0.6687      0.6687     1.11s
    19      0.8264           -      0.6788      0.6788     1.11s
    20      0.8620           -      0.6470      0.6470     1.11s
    21      0.8507           -      0.6467      0.6467     1.11s
    22      0.8311           -      0.6639      0.6639     1.12s
    23      0.8384           -      0.7275      0.7275     1.18s
    24      0.8244           -      0.8155      0.8155     1.15s
    25      0.8518           -      0.7270      0.7270     1.11s
    26      0.8296           -      0.6354      0.6354     1.13s
    27      0.8414           -      0.7007      0.7007     1.17s
    28      0.8215           -      0.6629      0.6629     1.14s
    29      0.8385           -      0.6493      0.6493     1.14s
    30      0.8388           -      0.7581      0.7581     1.15s
    31      0.8312           -      0.6404      0.6404     1.14s
    32      0.8499           -      0.6974      0.6974     1.14s
    33      0.8250           -      0.6264      0.6264     1.17s
    34      0.8371           -      0.6529      0.6529     1.14s
    35      0.8287           -      0.6715      0.6715     1.28s
    36      0.8437           -      0.6640      0.6640     1.18s
    37      0.8469           -      0.6577      0.6577     1.22s
    38      0.8375           -      0.6766      0.6766     1.22s
    39      0.8364           -      0.6258      0.6258     1.18s
    40      0.8340           -      0.6369      0.6369     1.15s
    41      0.8247           -      0.6696      0.6696     1.16s
    42      0.8224           -      0.6432      0.6432     1.13s
    43      0.8429           -      0.6699      0.6699     1.16s
    44      0.8532           -      0.6681      0.6681     1.15s
    45      0.8370           -      0.6903      0.6903     1.16s
    46      0.8355           -      0.7435      0.7435     1.25s
    47      0.8248           -      0.6451      0.6451     1.37s
    48      0.8358           -      0.6775      0.6775     1.26s
    49      0.8396           -      0.6728      0.6728     1.21s
    50      0.8327           -      0.7254      0.7254     1.22s
    51      0.8632           -      0.6795      0.6795     1.60s
    52      0.8219           -      0.6657      0.6657     1.41s
    53      0.8493           -      0.6351      0.6351     1.34s
    54      0.8118           -      0.7200      0.7200     1.09s
    55      0.8361           -      0.6947      0.6947     1.17s
    56      0.8464           -      0.9028      0.9028     1.13s
    57      0.8308           -      0.7577      0.7577     1.10s
    58      0.8291           -      0.6357      0.6357     1.21s
    59      0.8433           -      0.6339      0.6339     1.18s
    60      0.8294           -      0.6696      0.6696     1.10s
    61      0.8382           -      0.6628      0.6628     1.12s
    62      0.8352           -      0.6706      0.6706     1.10s
    63      0.8296           -      0.6429      0.6429     1.13s
    64      0.8342           -      0.6918      0.6918     1.40s
    65      0.8257           -      0.8292      0.8292     1.43s
    66      0.8242           -      0.6390      0.6390     1.24s
    67      0.8379           -      0.7596      0.7596     1.26s
    68      0.8314           -      0.6712      0.6712     1.16s
    69      0.8392           -      0.6501      0.6501     1.11s
    70      0.8444           -      0.8341      0.8341     1.10s
    71      0.8335           -      0.6265      0.6265     1.13s
    72      0.8241           -      0.6738      0.6738     1.20s
    73      0.8430           -      0.6897      0.6897     1.95s
    74      0.8411           -      0.6286      0.6286     1.50s
    75      0.8358           -      0.8368      0.8368     1.13s
    76      0.8317           -      0.7319      0.7319     1.52s
    77      0.8248           -      0.7138      0.7138     1.47s
    78      0.8383           -      0.6296      0.6296     1.45s
    79      0.8217           -      0.6349      0.6349     1.18s
    80      0.8372           -      0.8044      0.8044     1.11s
    81      0.8539           -      0.6638      0.6638     1.19s
    82      0.8221           -      0.6393      0.6393     1.10s
    83      0.8231           -      0.6532      0.6532     1.14s
    84      0.8296           -      0.6293      0.6293     1.45s
    85      0.8259           -      0.6894      0.6894     1.15s
    86      0.8331           -      0.6488      0.6488     1.23s
    87      0.8406           -      0.6369      0.6369     2.26s
    88      0.8398           -      0.6406      0.6406     1.15s
    89      0.8171           -      0.6504      0.6504     1.11s

  验证集连续 50 轮没有提升，提前停止训练。

------------------------------------------------------------------------------
第 4 步：用验证集上最好的模型测测试集
------------------------------------------------------------------------------
  最好的一轮（第 39 轮）：验证集MAE = 0.6258
  训练集MAE = 0.6549   （和验证集差很多就说明过拟合了）
  测试集损失 = 0.6111
  测试集MAE = 0.6111   <<< 这是最终成绩
  测试耗时 0.15s

------------------------------------------------------------------------------
时间统计
------------------------------------------------------------------------------
  纯训练总耗时      = 1m50.0s（不含评估，共 89 轮）
  平均每轮训练耗时  = 1.23s
  每个 epoch 的 batch 数 = 79
  整个脚本总耗时    = 2m5.1s

结果已追加到：D:\PHD\博一\入学任务\graph_beginner-main\任务三_图分类\results\results.jsonl
逐轮历史已保存：D:\PHD\博一\入学任务\graph_beginner-main\任务三_图分类\results\history\ZINC_GCN_pool-avg_sample_pn-ln_L3_lr0.01.json
==============================================================================
