==============================================================================
任务三 图分类 —— PROTEINS_GCN_pool-avg_sample_pn-ln_L3_lr0.01
时间：2026-09-15 23:10:31
==============================================================================
数据集=PROTEINS  模型=GCN  池化=AvgPooling（平均池化）（avg）
层数=3  隐藏维度=128  dropout=0.5
学习率=0.01  权重衰减=0.0005  轮数=150
训练方式=分批次训练  批次大小设置=32  随机种子=42

------------------------------------------------------------------------------
第 1 步：加载数据
------------------------------------------------------------------------------
  数据加载用时 0.10s
  节点特征维度=4  输出维度=2  任务类型=classification
  训练集 891 张图 / 验证集 111 / 测试集 111
  训练批次大小=32  每个 epoch 有 28 个 batch

------------------------------------------------------------------------------
第 2 步：搭建模型
------------------------------------------------------------------------------
  GCN + AvgPooling（平均池化）
  可训练参数量 = 43,074
  模型结构：
GraphClassifier(
  (convs): ModuleList(
    (0): GCNConv(4, 128)
    (1-2): 2 x GCNConv(128, 128)
  )
  (norms): ModuleList(
    (0-2): 3 x BatchNorm1d(128, eps=1e-05, momentum=0.1, affine=True, track_running_stats=True)
  )
  (pool_norm): LayerNorm((128,), eps=1e-05, elementwise_affine=True)
  (classifier): Sequential(
    (0): Linear(in_features=128, out_features=64, bias=True)
    (1): ReLU()
    (2): Dropout(p=0.5, inplace=False)
    (3): Linear(in_features=64, out_features=2, bias=True)
  )
)

------------------------------------------------------------------------------
第 3 步：开始训练
------------------------------------------------------------------------------
    轮次        训练损失        训练指标        验证损失       验证准确率        耗时
     1      0.6984           -      0.6419      0.5856     0.37s
     2      0.6399           -      0.6592      0.6396     0.17s
     3      0.6275           -      0.6397      0.6216     0.18s
     4      0.6452           -      0.6373      0.5946     0.16s
     5      0.6338           -      0.6043      0.6847     0.18s
     6      0.6341           -      0.6942      0.6216     0.17s
     7      0.6151           -      0.6117      0.6847     0.17s
     8      0.6341           -      0.6088      0.6847     0.17s
     9      0.6216           -      0.6461      0.6757     0.17s
    10      0.6199           -      0.6084      0.7207     0.17s
    11      0.6326           -      0.6144      0.6216     0.18s
    12      0.6122           -      0.6448      0.6847     0.17s
    13      0.6127           -      0.6083      0.6757     0.17s
    14      0.6327           -      0.5906      0.7117     0.17s
    15      0.6166           -      0.6547      0.6036     0.17s
    16      0.5963           -      0.6647      0.6396     0.16s
    17      0.6125           -      0.6259      0.6757     0.17s
    18      0.6162           -      0.5876      0.7027     0.17s
    19      0.6222           -      0.6329      0.5946     0.17s
    20      0.6137           -      0.6096      0.6937     0.17s
    21      0.6300           -      0.6287      0.7207     0.16s
    22      0.6125           -      0.6389      0.6306     0.16s
    23      0.6118           -      0.6115      0.6667     0.17s
    24      0.6098           -      0.6165      0.6937     0.17s
    25      0.6050           -      0.6431      0.6306     0.16s
    26      0.5892           -      0.6045      0.6757     0.17s
    27      0.6136           -      0.6279      0.7027     0.17s
    28      0.6004           -      0.6161      0.6757     0.17s
    29      0.5954           -      0.6107      0.6847     0.17s
    30      0.5791           -      0.6085      0.6847     0.17s
    31      0.6129           -      0.6413      0.6216     0.17s
    32      0.6047           -      0.6012      0.6937     0.17s
    33      0.6229           -      0.6416      0.6036     0.17s
    34      0.6032           -      0.6770      0.6486     0.17s
    35      0.6365           -      0.6022      0.6757     0.18s
    36      0.6061           -      0.6216      0.6126     0.16s
    37      0.6135           -      0.5857      0.7387     0.17s
    38      0.6014           -      0.6147      0.6847     0.16s
    39      0.5952           -      0.5906      0.7117     0.16s
    40      0.6038           -      0.6447      0.6306     0.17s
    41      0.5849           -      0.5954      0.6937     0.16s
    42      0.5875           -      0.6028      0.6577     0.17s
    43      0.5915           -      0.5917      0.6486     0.16s
    44      0.6028           -      0.5865      0.6847     0.16s
    45      0.5810           -      0.6154      0.6847     0.16s
    46      0.5754           -      0.5676      0.7027     0.16s
    47      0.6093           -      0.6802      0.5676     0.16s
    48      0.6079           -      0.5915      0.6667     0.16s
    49      0.6048           -      0.5717      0.6847     0.16s
    50      0.6055           -      0.6022      0.6937     0.16s
    51      0.6032           -      0.5918      0.6847     0.16s
    52      0.6061           -      0.5842      0.6577     0.16s
    53      0.5736           -      0.6193      0.6847     0.16s
    54      0.6027           -      0.6406      0.7027     0.16s
    55      0.5941           -      0.6528      0.6306     0.16s
    56      0.5954           -      0.5975      0.6847     0.16s
    57      0.5892           -      0.6119      0.6396     0.16s
    58      0.5968           -      0.6399      0.6126     0.17s
    59      0.6042           -      0.5754      0.7297     0.16s
    60      0.5915           -      0.5822      0.6847     0.20s
    61      0.5875           -      0.6146      0.7117     0.20s
    62      0.5997           -      0.6094      0.6937     0.37s
    63      0.6081           -      0.5948      0.6937     0.17s
    64      0.5803           -      0.6232      0.6216     0.17s
    65      0.6018           -      0.6152      0.6847     0.17s
    66      0.5950           -      0.5763      0.7117     0.17s
    67      0.5857           -      0.5830      0.7297     0.17s
    68      0.5958           -      0.5992      0.7117     0.17s
    69      0.5871           -      0.5863      0.6937     0.16s
    70      0.5883           -      0.6316      0.6847     0.17s
    71      0.5884           -      0.6026      0.7027     0.17s
    72      0.5842           -      0.6129      0.7117     0.17s
    73      0.5917           -      0.5750      0.7207     0.17s
    74      0.5921           -      0.6011      0.7027     0.17s
    75      0.6149           -      0.5964      0.7207     0.17s
    76      0.5959           -      0.5662      0.7477     0.16s
    77      0.6009           -      0.6176      0.6216     0.17s
    78      0.5875           -      0.6025      0.7027     0.17s
    79      0.5780           -      0.5881      0.6577     0.17s
    80      0.5668           -      0.6288      0.6486     0.16s
    81      0.5970           -      0.6050      0.7117     0.17s
    82      0.5550           -      0.5739      0.6937     0.18s
    83      0.5940           -      0.6310      0.6126     0.17s
    84      0.5854           -      0.5839      0.7027     0.17s
    85      0.5860           -      0.5976      0.7027     0.17s
    86      0.5725           -      0.5626      0.6937     0.18s
    87      0.5928           -      0.5831      0.7027     0.17s
    88      0.5906           -      0.6202      0.6667     0.17s
    89      0.5834           -      0.5930      0.7027     0.17s
    90      0.5656           -      0.5940      0.6937     0.17s
    91      0.5902           -      0.5718      0.7477     0.16s
    92      0.5796           -      0.5823      0.7207     0.17s
    93      0.5647           -      0.5783      0.7117     0.17s
    94      0.5762           -      0.5926      0.7027     0.17s
    95      0.5671           -      0.6284      0.7027     0.16s
    96      0.5750           -      0.5914      0.7207     0.17s
    97      0.5637           -      0.5716      0.7477     0.17s
    98      0.5640           -      0.5678      0.7207     0.17s
    99      0.5726           -      0.6081      0.6216     0.17s
   100      0.5698           -      0.5499      0.7568     0.17s
   101      0.5932           -      0.5899      0.7207     0.17s
   102      0.5722           -      0.5702      0.7207     0.16s
   103      0.5782           -      0.6026      0.7027     0.16s
   104      0.5647           -      0.5754      0.7027     0.17s
   105      0.5837           -      0.6300      0.6757     0.16s
   106      0.5645           -      0.6062      0.6757     0.17s
   107      0.5594           -      0.7108      0.5676     0.15s
   108      0.5814           -      0.5949      0.7297     0.17s
   109      0.5851           -      0.5790      0.7387     0.16s
   110      0.5684           -      0.6145      0.6847     0.15s
   111      0.5661           -      0.5763      0.6847     0.16s
   112      0.5918           -      0.5942      0.6937     0.16s
   113      0.5675           -      0.6548      0.6036     0.16s
   114      0.5588           -      0.5977      0.7117     0.16s
   115      0.5522           -      0.5976      0.6577     0.16s
   116      0.5543           -      0.6051      0.6937     0.15s
   117      0.5697           -      0.5893      0.6937     0.17s
   118      0.5836           -      0.5795      0.7207     0.16s
   119      0.5814           -      0.6445      0.6036     0.16s
   120      0.5636           -      0.6060      0.6937     0.17s
   121      0.5671           -      0.5854      0.7117     0.16s
   122      0.5755           -      0.5949      0.7027     0.16s
   123      0.5841           -      0.5829      0.7207     0.16s
   124      0.5496           -      0.6181      0.6126     0.16s
   125      0.5790           -      0.6371      0.6126     0.16s
   126      0.5628           -      0.6315      0.7387     0.16s
   127      0.5688           -      0.6318      0.6126     0.17s
   128      0.5623           -      0.6223      0.6486     0.16s
   129      0.5550           -      0.5711      0.6667     0.17s
   130      0.5927           -      0.6449      0.6036     0.17s
   131      0.5721           -      0.5831      0.6577     0.16s
   132      0.5658           -      0.6174      0.6216     0.16s
   133      0.5768           -      0.6133      0.6036     0.17s
   134      0.5762           -      0.6041      0.7117     0.16s
   135      0.5520           -      0.6248      0.6306     0.17s
   136      0.5802           -      0.6044      0.7387     0.16s
   137      0.5789           -      0.6041      0.7117     0.16s
   138      0.5641           -      0.5829      0.6937     0.17s
   139      0.5634           -      0.6466      0.6937     0.17s
   140      0.5598           -      0.6116      0.6306     0.17s
   141      0.5678           -      0.6403      0.6306     0.18s
   142      0.5728           -      0.6186      0.7207     0.17s
   143      0.5695           -      0.6167      0.6847     0.16s
   144      0.5676           -      0.6381      0.6126     0.17s
   145      0.5543           -      0.6001      0.6757     0.19s
   146      0.5533           -      0.6566      0.6216     0.19s
   147      0.5798           -      0.5972      0.6757     0.18s
   148      0.5659           -      0.6532      0.6126     0.18s
   149      0.5482           -      0.6002      0.7117     0.18s
   150      0.5681           -      0.6893      0.6216     0.18s

  验证集连续 50 轮没有提升，提前停止训练。

------------------------------------------------------------------------------
第 4 步：用验证集上最好的模型测测试集
------------------------------------------------------------------------------
  最好的一轮（第 100 轮）：验证集准确率 = 0.7568
  训练集准确率 = 0.7475   （和验证集差很多就说明过拟合了）
  测试集损失 = 0.6016
  测试集准确率 = 0.6667   <<< 这是最终成绩
  测试耗时 0.02s

------------------------------------------------------------------------------
时间统计
------------------------------------------------------------------------------
  纯训练总耗时      = 25.48s（不含评估，共 150 轮）
  平均每轮训练耗时  = 0.17s
  每个 epoch 的 batch 数 = 28
  整个脚本总耗时    = 27.73s

结果已追加到：D:\PHD\博一\入学任务\graph_beginner-main\任务三_图分类\results\results.jsonl
逐轮历史已保存：D:\PHD\博一\入学任务\graph_beginner-main\任务三_图分类\results\history\PROTEINS_GCN_pool-avg_sample_pn-ln_L3_lr0.01.json
==============================================================================
