==============================================================================
任务三 图分类 —— ENZYMES_GraphSAGE_pool-avg_sample_pn-ln_L3_lr0.01
时间：2026-09-15 23:13:44
==============================================================================
数据集=ENZYMES  模型=GraphSAGE  池化=AvgPooling（平均池化）（avg）
层数=3  隐藏维度=128  dropout=0.5
学习率=0.01  权重衰减=0.0005  轮数=150
训练方式=分批次训练  批次大小设置=32  随机种子=42

------------------------------------------------------------------------------
第 1 步：加载数据
------------------------------------------------------------------------------
  数据加载用时 0.12s
  节点特征维度=21  输出维度=6  任务类型=classification
  训练集 480 张图 / 验证集 60 / 测试集 60
  训练批次大小=32  每个 epoch 有 15 个 batch

------------------------------------------------------------------------------
第 2 步：搭建模型
------------------------------------------------------------------------------
  GraphSAGE + AvgPooling（平均池化）
  可训练参数量 = 80,966
  模型结构：
GraphClassifier(
  (convs): ModuleList(
    (0): SAGEConv(21, 128)
    (1-2): 2 x SAGEConv(128, 128)
  )
  (norms): ModuleList(
    (0-2): 3 x BatchNorm1d(128, eps=1e-05, momentum=0.1, affine=True, track_running_stats=True)
  )
  (pool_norm): LayerNorm((128,), eps=1e-05, elementwise_affine=True)
  (classifier): Sequential(
    (0): Linear(in_features=128, out_features=64, bias=True)
    (1): ReLU()
    (2): Dropout(p=0.5, inplace=False)
    (3): Linear(in_features=64, out_features=6, bias=True)
  )
)

------------------------------------------------------------------------------
第 3 步：开始训练
------------------------------------------------------------------------------
    轮次        训练损失        训练指标        验证损失       验证准确率        耗时
     1      1.7989           -      1.7877      0.2333     0.42s
     2      1.7971           -      1.7170      0.2167     0.16s
     3      1.7498           -      1.7526      0.2167     0.15s
     4      1.7087           -      1.7300      0.2000     0.15s
     5      1.6890           -      1.8113      0.2000     0.16s
     6      1.7068           -      1.7512      0.2333     0.15s
     7      1.7004           -      1.7052      0.3000     0.15s
     8      1.6813           -      1.8511      0.2333     0.16s
     9      1.7264           -      1.7215      0.3167     0.15s
    10      1.7047           -      1.7102      0.2667     0.15s
    11      1.7663           -      1.7228      0.3000     0.16s
    12      1.6960           -      1.7344      0.2667     0.16s
    13      1.6849           -      1.7247      0.2833     0.16s
    14      1.6908           -      1.6882      0.2667     0.15s
    15      1.6639           -      1.6918      0.3333     0.15s
    16      1.6638           -      1.6461      0.3500     0.15s
    17      1.6460           -      1.7099      0.2667     0.17s
    18      1.6641           -      1.7590      0.2667     0.16s
    19      1.6888           -      1.6958      0.2667     0.16s
    20      1.7065           -      1.6331      0.3167     0.13s
    21      1.6511           -      1.6454      0.3000     0.15s
    22      1.6913           -      1.8433      0.2167     0.17s
    23      1.6818           -      1.6787      0.2833     0.17s
    24      1.7063           -      1.6028      0.3833     0.17s
    25      1.6659           -      1.6237      0.3333     0.16s
    26      1.6731           -      1.6383      0.3000     0.17s
    27      1.6718           -      1.7612      0.2833     0.17s
    28      1.6332           -      1.6453      0.4167     0.15s
    29      1.5939           -      1.6435      0.3333     0.16s
    30      1.6479           -      1.6561      0.4000     0.16s
    31      1.6533           -      1.6888      0.3500     0.16s
    32      1.6198           -      1.5952      0.2833     0.16s
    33      1.6518           -      1.6657      0.2500     0.19s
    34      1.6594           -      1.5947      0.4000     0.16s
    35      1.6444           -      1.6650      0.2500     0.16s
    36      1.6230           -      1.5210      0.4167     0.16s
    37      1.6238           -      1.7332      0.3500     0.15s
    38      1.6123           -      1.5660      0.3000     0.15s
    39      1.5877           -      2.2191      0.2333     0.16s
    40      1.6401           -      1.7508      0.3333     0.17s
    41      1.5720           -      1.6350      0.2833     0.16s
    42      1.6447           -      1.5884      0.4167     0.16s
    43      1.6445           -      1.5694      0.4000     0.15s
    44      1.6152           -      1.7942      0.3333     0.15s
    45      1.6124           -      1.6117      0.3333     0.16s
    46      1.5928           -      1.6766      0.3500     0.16s
    47      1.5534           -      1.8716      0.2667     0.16s
    48      1.5704           -      1.5841      0.3500     0.26s
    49      1.6005           -      1.4039      0.4333     0.18s
    50      1.5891           -      1.8462      0.3000     0.16s
    51      1.5403           -      1.8806      0.2500     0.16s
    52      1.5513           -      1.6140      0.3333     0.15s
    53      1.5801           -      1.6483      0.3000     0.15s
    54      1.5720           -      1.7940      0.3333     0.16s
    55      1.5568           -      1.8031      0.2500     0.16s
    56      1.5667           -      1.4754      0.4500     0.15s
    57      1.5617           -      2.7172      0.2167     0.15s
    58      1.6104           -      1.9533      0.2333     0.16s
    59      1.5623           -      1.5187      0.4000     0.15s
    60      1.5446           -      1.9709      0.2000     0.15s
    61      1.5657           -      1.6118      0.3167     0.16s
    62      1.5764           -      1.6357      0.3500     0.16s
    63      1.5597           -      1.4067      0.5000     0.16s
    64      1.5812           -      1.6948      0.3000     0.16s
    65      1.5224           -      1.7713      0.2500     0.16s
    66      1.5750           -      1.9331      0.2500     0.15s
    67      1.5212           -      1.5774      0.3667     0.15s
    68      1.5552           -      1.4867      0.4500     0.15s
    69      1.5557           -      1.6305      0.3667     0.16s
    70      1.5456           -      1.5919      0.3500     0.13s
    71      1.5448           -      1.6364      0.3333     0.16s
    72      1.5514           -      1.7830      0.2833     0.17s
    73      1.5743           -      1.4118      0.4667     0.14s
    74      1.5613           -      1.4434      0.4333     0.16s
    75      1.4634           -      1.4955      0.3833     0.15s
    76      1.5653           -      1.4968      0.4333     0.18s
    77      1.5490           -      1.4964      0.5000     0.16s
    78      1.5349           -      1.6171      0.3833     0.16s
    79      1.4941           -      1.3632      0.4833     0.15s
    80      1.5200           -      1.6437      0.3500     0.15s
    81      1.4852           -      1.5726      0.4333     0.16s
    82      1.5056           -      1.5122      0.4333     0.15s
    83      1.4833           -      1.5520      0.4500     0.15s
    84      1.4951           -      1.4409      0.5167     0.15s
    85      1.5073           -      1.3816      0.4333     0.15s
    86      1.4524           -      1.6131      0.3500     0.16s
    87      1.4769           -      1.4144      0.4500     0.16s
    88      1.4632           -      2.8229      0.2167     0.16s
    89      1.5340           -      1.6673      0.3000     0.16s
    90      1.5154           -      1.3945      0.4667     0.15s
    91      1.5040           -      1.4386      0.4667     0.15s
    92      1.5483           -      1.5974      0.3500     0.15s
    93      1.5160           -      1.9740      0.2500     0.16s
    94      1.5289           -      1.5903      0.3167     0.15s
    95      1.5376           -      1.4854      0.4500     0.16s
    96      1.4728           -      1.4632      0.4167     0.16s
    97      1.5001           -      1.4136      0.4833     0.15s
    98      1.5122           -      1.3933      0.4833     0.15s
    99      1.4820           -      1.5578      0.3500     0.15s
   100      1.4871           -      1.7099      0.3167     0.15s
   101      1.5561           -      2.4362      0.2000     0.15s
   102      1.5196           -      1.4671      0.4500     0.15s
   103      1.4845           -      2.2351      0.3000     0.15s
   104      1.5180           -      1.5157      0.4667     0.15s
   105      1.4754           -      1.5663      0.4500     0.16s
   106      1.5163           -      1.4781      0.4500     0.16s
   107      1.4828           -      1.3744      0.5333     0.16s
   108      1.4795           -      1.6942      0.3000     0.15s
   109      1.5317           -      1.4519      0.4500     0.16s
   110      1.4882           -      1.4091      0.4500     0.15s
   111      1.4760           -      1.4892      0.4667     0.16s
   112      1.5093           -      2.2696      0.2333     0.16s
   113      1.5268           -      1.8899      0.2667     0.15s
   114      1.5383           -      1.8782      0.3500     0.16s
   115      1.5257           -      1.5131      0.4167     0.15s
   116      1.4488           -      1.5402      0.3833     0.15s
   117      1.4300           -      1.5585      0.3667     0.15s
   118      1.4256           -      1.5210      0.4333     0.16s
   119      1.4753           -      1.5229      0.3833     0.16s
   120      1.5091           -      1.4369      0.5000     0.15s
   121      1.4906           -      1.8757      0.3167     0.16s
   122      1.4271           -      1.4604      0.3833     0.16s
   123      1.4540           -      1.3820      0.5000     0.15s
   124      1.4889           -      1.3939      0.4833     0.16s
   125      1.4383           -      1.4734      0.4500     0.16s
   126      1.5097           -      1.4402      0.4000     0.15s
   127      1.4880           -      1.6388      0.4167     0.16s
   128      1.4459           -      1.4513      0.4167     0.16s
   129      1.4900           -      1.4480      0.4333     0.16s
   130      1.4999           -      1.5631      0.3667     0.15s
   131      1.4430           -      1.4584      0.4667     0.16s
   132      1.4601           -      1.4884      0.4500     0.16s
   133      1.4421           -      1.5999      0.4333     0.16s
   134      1.4057           -      1.6891      0.3667     0.17s
   135      1.4906           -      1.5443      0.4667     0.15s
   136      1.4504           -      1.5265      0.4833     0.12s
   137      1.4340           -      1.5477      0.4333     0.15s
   138      1.4013           -      1.6188      0.4667     0.16s
   139      1.4452           -      1.7173      0.2500     0.16s
   140      1.4921           -      1.6468      0.3667     0.16s
   141      1.5016           -      1.6053      0.4000     0.16s
   142      1.4800           -      1.6123      0.3333     0.17s
   143      1.4642           -      1.5328      0.4333     0.16s
   144      1.4224           -      1.4127      0.5167     0.15s
   145      1.4822           -      1.5028      0.4000     0.15s
   146      1.4516           -      1.5125      0.4333     0.16s
   147      1.4650           -      1.3778      0.5167     0.17s
   148      1.4940           -      1.3346      0.5167     0.16s
   149      1.4414           -      1.4078      0.5000     0.15s
   150      1.4494           -      1.9768      0.3333     0.16s

------------------------------------------------------------------------------
第 4 步：用验证集上最好的模型测测试集
------------------------------------------------------------------------------
  最好的一轮（第 107 轮）：验证集准确率 = 0.5333
  训练集准确率 = 0.4562   （和验证集差很多就说明过拟合了）
  测试集损失 = 1.4560
  测试集准确率 = 0.4667   <<< 这是最终成绩
  测试耗时 0.01s

------------------------------------------------------------------------------
时间统计
------------------------------------------------------------------------------
  纯训练总耗时      = 23.75s（不含评估，共 150 轮）
  平均每轮训练耗时  = 0.16s
  每个 epoch 的 batch 数 = 15
  整个脚本总耗时    = 25.58s

结果已追加到：D:\PHD\博一\入学任务\graph_beginner-main\任务三_图分类\results\results.jsonl
逐轮历史已保存：D:\PHD\博一\入学任务\graph_beginner-main\任务三_图分类\results\history\ENZYMES_GraphSAGE_pool-avg_sample_pn-ln_L3_lr0.01.json
==============================================================================
