==============================================================================
任务四 知识图谱补全 —— WN18RR_TransE_dim500_bce_lr0.01
时间：2026-09-15 20:14:20
==============================================================================
数据集=WN18RR  模型=TransE  embedding维度=500
损失函数=bce  负样本数/正样本=64  margin=1.0
学习率=0.01  权重衰减=0.0005  轮数=3  批次大小=1024
随机种子=42

------------------------------------------------------------------------------
第 1 步：加载知识图谱数据
------------------------------------------------------------------------------
  数据加载用时 0.26s
  训练集三元组 = 86835
  验证集三元组 = 3034
  测试集三元组 = 3134

  正在准备过滤式评估要用的索引……
  准备完成，用时 0.02s
  【为什么要过滤？】像 (姚明,出生于,上海) 和 (姚明,出生于,松江) 可能都是真的，
     如果排名时把'其他也对的答案'算进去，名次会被白白拉低。所以评估时要把它们屏蔽掉。

------------------------------------------------------------------------------
第 2 步：搭建模型
------------------------------------------------------------------------------
  TransE：实体数=40943  关系数=11
  可训练参数量 = 20,477,000
  模型结构：
    TransE(
      (entity_emb): Embedding(40943, 500)
      (relation_emb): Embedding(11, 500)
    )

------------------------------------------------------------------------------
第 3 步：开始训练
------------------------------------------------------------------------------
    轮次        训练损失      验证MRR     验证H@1     验证H@10       每轮耗时
     1      0.3676     0.0073    0.0040     0.0130      2.55s
     2      0.3526     0.0074    0.0040     0.0120      2.15s
     3      0.3526     0.0086    0.0050     0.0140      2.26s

------------------------------------------------------------------------------
第 4 步：用验证集上最好的模型测测试集（过滤式评估）
------------------------------------------------------------------------------
  最好的一次在第 3 轮，验证集 MRR = 0.0086

  ┌─────────────────────────────────────────────────────────┐
  │                测试集结果（过滤式评估）                 │
  ├─────────────────────────────────────────────────────────┤
  │  MRR      = 0.0070                                    │
  │  Hits@1   = 0.0032                                    │
  │  Hits@3   = 0.0054                                    │
  │  Hits@10  = 0.0164    <<< 最常用来对比的指标        │
  │  平均排名 = 20306.7（越小越好；实体总数 40943）  │
  ├─────────────────────────────────────────────────────────┤
  │  猜尾实体 (h,r,?)： MRR=0.0136  Hits@10=0.0319          │
  │  猜头实体 (?,r,t)： MRR=0.0005  Hits@10=0.0010          │
  └─────────────────────────────────────────────────────────┘

时间统计：
  纯训练总耗时     = 6.96s
  平均每轮训练耗时 = 2.21s
  每个 epoch 的 batch 数 = 85
  整个脚本总耗时   = 8.10s

结果已追加到：D:\PHD\博一\入学任务\任务四_知识图谱\results\results.jsonl
逐轮历史已保存：D:\PHD\博一\入学任务\任务四_知识图谱\results\history\WN18RR_TransE_dim500_bce_lr0.01.json
==============================================================================
