==============================================================================
任务四 知识图谱补全 —— FB15k-237_TransE_dim500_bce_lr0.001
时间：2026-09-16 10:34:04
==============================================================================
数据集=FB15k-237  模型=TransE  embedding维度=500
损失函数=bce  负样本数/正样本=64  margin=1.0  标签平滑=0.0
学习率=0.001  权重衰减=0.0  轮数=50  批次大小=256
随机种子=42

------------------------------------------------------------------------------
第 1 步：加载知识图谱数据
------------------------------------------------------------------------------
  数据加载用时 0.62s
  训练集三元组 = 272115
  验证集三元组 = 17535
  测试集三元组 = 20466

  正在准备过滤式评估要用的索引……
  准备完成，用时 0.61s
  【为什么要过滤？】像 (姚明,出生于,上海) 和 (姚明,出生于,松江) 可能都是真的，
     如果排名时把'其他也对的答案'算进去，名次会被白白拉低。所以评估时要把它们屏蔽掉。

------------------------------------------------------------------------------
第 2 步：搭建模型
------------------------------------------------------------------------------
  TransE：实体数=14541  关系数=237
  可训练参数量 = 7,389,000
  模型结构：
    TransE(
      (entity_emb): Embedding(14541, 500)
      (relation_emb): Embedding(237, 500)
    )

------------------------------------------------------------------------------
第 3 步：开始训练
------------------------------------------------------------------------------
    轮次        训练损失      验证MRR     验证H@1     验证H@10       每轮耗时
     1      0.0747     0.1199    0.0375     0.2506      5.27s
     2      0.0632         --        --         --      4.95s
     3      0.0518         --        --         --      4.94s
     4      0.0450         --        --         --      4.95s
     5      0.0414         --        --         --      4.94s
     6      0.0394         --        --         --      4.96s
     7      0.0382         --        --         --      4.95s
     8      0.0374         --        --         --      4.96s
     9      0.0369         --        --         --      4.96s
    10      0.0366     0.2231    0.1481     0.3825      4.94s
    11      0.0363         --        --         --      4.96s
    12      0.0362         --        --         --      4.93s
    13      0.0360         --        --         --      4.96s
    14      0.0359         --        --         --      4.94s
    15      0.0358         --        --         --      4.94s
    16      0.0357         --        --         --      4.96s
    17      0.0357         --        --         --      4.94s
    18      0.0356         --        --         --      4.95s
    19      0.0356         --        --         --      4.95s
    20      0.0356     0.2129    0.1363     0.3688      4.95s
    21      0.0355         --        --         --      4.97s
    22      0.0355         --        --         --      4.94s
    23      0.0355         --        --         --      4.96s
    24      0.0355         --        --         --      4.95s
    25      0.0355         --        --         --      4.94s
    26      0.0354         --        --         --      4.96s
    27      0.0354         --        --         --      4.93s
    28      0.0354         --        --         --      4.93s
    29      0.0354         --        --         --      4.94s
    30      0.0354     0.2117    0.1344     0.3725      4.94s
    31      0.0354         --        --         --      4.95s
    32      0.0354         --        --         --      4.93s
    33      0.0354         --        --         --      4.95s
    34      0.0354         --        --         --      4.94s
    35      0.0353         --        --         --      4.94s
    36      0.0353         --        --         --      4.94s
    37      0.0353         --        --         --      4.94s
    38      0.0353         --        --         --      4.95s
    39      0.0353         --        --         --      4.96s
    40      0.0353     0.2120    0.1331     0.3713      4.94s
    41      0.0353         --        --         --      4.97s
    42      0.0353         --        --         --      4.93s
    43      0.0353         --        --         --      4.95s
    44      0.0353         --        --         --      4.95s
    45      0.0353         --        --         --      4.94s
    46      0.0353         --        --         --      4.95s
    47      0.0353         --        --         --      4.93s
    48      0.0353         --        --         --      4.94s
    49      0.0353         --        --         --      4.95s
    50      0.0353     0.2099    0.1313     0.3756      4.93s

------------------------------------------------------------------------------
第 4 步：用验证集上最好的模型测测试集（过滤式评估）
------------------------------------------------------------------------------
  最好的一次在第 10 轮，验证集 MRR = 0.2231

  ┌─────────────────────────────────────────────────────────┐
  │                测试集结果（过滤式评估）                 │
  ├─────────────────────────────────────────────────────────┤
  │  MRR      = 0.2100                                    │
  │  Hits@1   = 0.1317                                    │
  │  Hits@3   = 0.2279                                    │
  │  Hits@10  = 0.3681    <<< 最常用来对比的指标        │
  │  平均排名 = 284.8（越小越好；实体总数 14541）  │
  ├─────────────────────────────────────────────────────────┤
  │  猜尾实体 (h,r,?)： MRR=0.2801  Hits@10=0.4700          │
  │  猜头实体 (?,r,t)： MRR=0.1399  Hits@10=0.2662          │
  └─────────────────────────────────────────────────────────┘

时间统计：
  纯训练总耗时     = 4m7.7s
  平均每轮训练耗时 = 4.95s
  每个 epoch 的 batch 数 = 1063
  整个脚本总耗时   = 4m8.5s

结果已追加到：D:\PHD\博一\入学任务\graph_beginner-main\任务四_知识图谱\results\results.jsonl
逐轮历史已保存：D:\PHD\博一\入学任务\graph_beginner-main\任务四_知识图谱\results\history\FB15k-237_TransE_dim500_bce_lr0.001.json
==============================================================================
