==============================================================================
任务四 知识图谱补全 —— FB15k-237_ConvE_dim200_bce_lr0.001
时间：2026-09-16 10:52:09
==============================================================================
数据集=FB15k-237  模型=ConvE  embedding维度=200
损失函数=bce  负样本数/正样本=64  margin=1.0  标签平滑=0.0
学习率=0.001  权重衰减=0.0  轮数=50  批次大小=256
随机种子=42

------------------------------------------------------------------------------
第 1 步：加载知识图谱数据
------------------------------------------------------------------------------
  数据加载用时 0.62s
  训练集三元组 = 272115
  验证集三元组 = 17535
  测试集三元组 = 20466

  正在准备过滤式评估要用的索引……
  准备完成，用时 0.62s
  【为什么要过滤？】像 (姚明,出生于,上海) 和 (姚明,出生于,松江) 可能都是真的，
     如果排名时把'其他也对的答案'算进去，名次会被白白拉低。所以评估时要把它们屏蔽掉。

------------------------------------------------------------------------------
第 2 步：搭建模型
------------------------------------------------------------------------------
  ConvE：实体数=14541  关系数=237
  可训练参数量 = 4,916,725
  模型结构：
    ConvE(
      (entity_emb): Embedding(14541, 200)
      (relation_emb): Embedding(237, 200)
      (conv2d): Conv2d(1, 32, kernel_size=(3, 3), stride=(1, 1))
      (bn_conv): BatchNorm2d(32, eps=1e-05, momentum=0.1, affine=True, track_running_stats=True)
      (fc): Linear(in_features=9728, out_features=200, bias=True)
      (bn_fc): BatchNorm1d(200, eps=1e-05, momentum=0.1, affine=True, track_running_stats=True)
      (input_dropout): Dropout(p=0.2, inplace=False)
      (hidden_dropout): Dropout(p=0.3, inplace=False)
      (feature_map_dropout): Dropout2d(p=0.2, inplace=False)
    )

------------------------------------------------------------------------------
第 3 步：开始训练
------------------------------------------------------------------------------
    轮次        训练损失      验证MRR     验证H@1     验证H@10       每轮耗时
     1      0.1494     0.0005    0.0000     0.0006     63.04s
     2      0.0809         --        --         --     62.65s
     3      0.0749         --        --         --     62.54s
     4      0.0630         --        --         --     62.50s
     5      0.0381         --        --         --     62.43s
     6      0.0081         --        --         --     62.40s
     7      0.0027         --        --         --     62.44s
     8      0.0013         --        --         --     62.42s
     9      0.0008         --        --         --     62.42s
    10      0.0004     0.0014    0.0006     0.0019     62.40s
    11      0.0003         --        --         --     62.37s
    12      0.0002         --        --         --     62.42s
    13      0.0001         --        --         --     62.47s
    14      0.0001         --        --         --     62.40s
    15      0.0001         --        --         --     62.39s
    16      0.0001         --        --         --     62.37s
    17      0.0000         --        --         --     62.38s
    18      0.0000         --        --         --     62.45s
    19      0.0000         --        --         --     62.44s
    20      0.0000     0.0008    0.0000     0.0019     62.41s
    21      0.0000         --        --         --     62.45s
    22      0.0000         --        --         --     62.43s
    23      0.0000         --        --         --     62.45s
    24      0.0000         --        --         --     62.51s
    25      0.0000         --        --         --     62.50s
    26      0.0000         --        --         --     62.45s
    27      0.0000         --        --         --     62.44s
    28      0.0000         --        --         --     62.42s
    29      0.0000         --        --         --     62.45s
    30      0.0000     0.0006    0.0000     0.0006     62.48s
    31      0.0000         --        --         --     62.49s
    32      0.0000         --        --         --     62.49s
    33      0.0000         --        --         --     62.43s
    34      0.0000         --        --         --     62.40s
    35      0.0000         --        --         --     62.46s
    36      0.0000         --        --         --     62.51s
    37      0.0000         --        --         --     62.47s
    38      0.0000         --        --         --     62.46s
    39      0.0000         --        --         --     62.42s
    40      0.0000     0.0015    0.0006     0.0012     62.43s
    41      0.0000         --        --         --     62.47s
    42      0.0000         --        --         --     62.47s
    43      0.0000         --        --         --     62.44s
    44      0.0000         --        --         --     62.42s
    45      0.0000         --        --         --     62.41s
    46      0.0000         --        --         --     62.43s
    47      0.0000         --        --         --     62.48s
    48      0.0000         --        --         --     62.49s
    49      0.0000         --        --         --     62.44s
    50      0.0000     0.0035    0.0019     0.0050     62.44s

------------------------------------------------------------------------------
第 4 步：用验证集上最好的模型测测试集（过滤式评估）
------------------------------------------------------------------------------
  最好的一次在第 50 轮，验证集 MRR = 0.0035

  ┌─────────────────────────────────────────────────────────┐
  │                测试集结果（过滤式评估）                 │
  ├─────────────────────────────────────────────────────────┤
  │  MRR      = 0.0025                                    │
  │  Hits@1   = 0.0004                                    │
  │  Hits@3   = 0.0018                                    │
  │  Hits@10  = 0.0059    <<< 最常用来对比的指标        │
  │  平均排名 = 6232.6（越小越好；实体总数 14541）  │
  ├─────────────────────────────────────────────────────────┤
  │  猜尾实体 (h,r,?)： MRR=0.0043  Hits@10=0.0115          │
  │  猜头实体 (?,r,t)： MRR=0.0007  Hits@10=0.0003          │
  └─────────────────────────────────────────────────────────┘

时间统计：
  纯训练总耗时     = 52m3.0s
  平均每轮训练耗时 = 1m2.4s
  每个 epoch 的 batch 数 = 1063
  整个脚本总耗时   = 53m4.3s

结果已追加到：D:\PHD\博一\入学任务\graph_beginner-main\任务四_知识图谱\results\results.jsonl
逐轮历史已保存：D:\PHD\博一\入学任务\graph_beginner-main\任务四_知识图谱\results\history\FB15k-237_ConvE_dim200_bce_lr0.001.json
==============================================================================
