==============================================================================
任务四 知识图谱补全 —— WN18RR_RotatE_dim200_bce_lr0.001_wd0_RotatE
时间：2026-09-15 21:10:56
==============================================================================
数据集=WN18RR  模型=RotatE  embedding维度=200
损失函数=bce  负样本数/正样本=64  margin=6.0  标签平滑=0.0
学习率=0.001  权重衰减=0.0  轮数=10  批次大小=256
随机种子=42

------------------------------------------------------------------------------
第 1 步：加载知识图谱数据
------------------------------------------------------------------------------
  数据加载用时 0.25s
  训练集三元组 = 86835
  验证集三元组 = 3034
  测试集三元组 = 3134

  正在准备过滤式评估要用的索引……
  准备完成，用时 0.02s
  【为什么要过滤？】像 (姚明,出生于,上海) 和 (姚明,出生于,松江) 可能都是真的，
     如果排名时把'其他也对的答案'算进去，名次会被白白拉低。所以评估时要把它们屏蔽掉。

------------------------------------------------------------------------------
第 2 步：搭建模型
------------------------------------------------------------------------------
  RotatE：实体数=40943  关系数=11
  可训练参数量 = 16,379,400
  模型结构：
    RotatE(
      (entity_emb): Embedding(40943, 400)
      (relation_emb): Embedding(11, 200)
    )

------------------------------------------------------------------------------
第 3 步：开始训练
------------------------------------------------------------------------------
    轮次        训练损失      验证MRR     验证H@1     验证H@10       每轮耗时
     1      0.0845     0.1445    0.1233     0.1967      4.59s
     2      0.0536         --        --         --      4.32s
     3      0.0346         --        --         --      4.33s
     4      0.0246         --        --         --      4.32s
     5      0.0192     0.4691    0.4483     0.5117      4.31s
     6      0.0161         --        --         --      4.33s
     7      0.0143         --        --         --      4.33s
     8      0.0132         --        --         --      4.35s
     9      0.0124         --        --         --      4.35s
    10      0.0118     0.5025    0.4733     0.5567      4.12s

------------------------------------------------------------------------------
第 4 步：用验证集上最好的模型测测试集（过滤式评估）
------------------------------------------------------------------------------
  最好的一次在第 10 轮，验证集 MRR = 0.5025

  ┌─────────────────────────────────────────────────────────┐
  │                测试集结果（过滤式评估）                 │
  ├─────────────────────────────────────────────────────────┤
  │  MRR      = 0.4571                                    │
  │  Hits@1   = 0.4218                                    │
  │  Hits@3   = 0.4748                                    │
  │  Hits@10  = 0.5233    <<< 最常用来对比的指标        │
  │  平均排名 = 5783.7（越小越好；实体总数 40943）  │
  ├─────────────────────────────────────────────────────────┤
  │  猜尾实体 (h,r,?)： MRR=0.4795  Hits@10=0.5517          │
  │  猜头实体 (?,r,t)： MRR=0.4347  Hits@10=0.4949          │
  └─────────────────────────────────────────────────────────┘

时间统计：
  纯训练总耗时     = 43.35s
  平均每轮训练耗时 = 4.31s
  每个 epoch 的 batch 数 = 340
  整个脚本总耗时   = 43.74s

结果已追加到：D:\PHD\博一\入学任务\任务四_知识图谱\results\results.jsonl
逐轮历史已保存：D:\PHD\博一\入学任务\任务四_知识图谱\results\history\WN18RR_RotatE_dim200_bce_lr0.001_wd0_RotatE.json
==============================================================================
