==============================================================================
任务四 知识图谱补全 —— WN18RR_TransE_dim500_bce_lr0.001
时间：2026-09-16 09:26:26
==============================================================================
数据集=WN18RR  模型=TransE  embedding维度=500
损失函数=bce  负样本数/正样本=64  margin=1.0  标签平滑=0.0
学习率=0.001  权重衰减=0.0  轮数=100  批次大小=256
随机种子=42

------------------------------------------------------------------------------
第 1 步：加载知识图谱数据
------------------------------------------------------------------------------
  数据加载用时 0.21s
  训练集三元组 = 86835
  验证集三元组 = 3034
  测试集三元组 = 3134

  正在准备过滤式评估要用的索引……
  准备完成，用时 0.02s
  【为什么要过滤？】像 (姚明,出生于,上海) 和 (姚明,出生于,松江) 可能都是真的，
     如果排名时把'其他也对的答案'算进去，名次会被白白拉低。所以评估时要把它们屏蔽掉。

------------------------------------------------------------------------------
第 2 步：搭建模型
------------------------------------------------------------------------------
  TransE：实体数=40943  关系数=11
  可训练参数量 = 20,477,000
  模型结构：
    TransE(
      (entity_emb): Embedding(40943, 500)
      (relation_emb): Embedding(11, 500)
    )

------------------------------------------------------------------------------
第 3 步：开始训练
------------------------------------------------------------------------------
    轮次        训练损失      验证MRR     验证H@1     验证H@10       每轮耗时
     1      0.0832     0.0103    0.0012     0.0244      2.84s
     2      0.0763         --        --         --      2.67s
     3      0.0716         --        --         --      2.69s
     4      0.0676         --        --         --      2.71s
     5      0.0639         --        --         --      2.68s
     6      0.0605         --        --         --      2.67s
     7      0.0574         --        --         --      2.67s
     8      0.0546         --        --         --      2.67s
     9      0.0522         --        --         --      2.67s
    10      0.0500     0.1336    0.0012     0.3875      2.68s
    11      0.0481         --        --         --      2.68s
    12      0.0464         --        --         --      2.67s
    13      0.0448         --        --         --      2.68s
    14      0.0434         --        --         --      2.70s
    15      0.0422         --        --         --      2.67s
    16      0.0410         --        --         --      2.72s
    17      0.0400         --        --         --      2.68s
    18      0.0390         --        --         --      2.71s
    19      0.0381         --        --         --      2.71s
    20      0.0373     0.1323    0.0037     0.3875      2.69s
    21      0.0365         --        --         --      3.21s
    22      0.0358         --        --         --      2.70s
    23      0.0352         --        --         --      2.71s
    24      0.0346         --        --         --      2.70s
    25      0.0340         --        --         --      2.70s
    26      0.0335         --        --         --      2.73s
    27      0.0330         --        --         --      2.79s
    28      0.0326         --        --         --      2.71s
    29      0.0321         --        --         --      2.70s
    30      0.0317     0.1323    0.0100     0.3731      2.70s
    31      0.0314         --        --         --      2.70s
    32      0.0310         --        --         --      2.70s
    33      0.0307         --        --         --      2.70s
    34      0.0304         --        --         --      2.71s
    35      0.0302         --        --         --      2.70s
    36      0.0299         --        --         --      2.71s
    37      0.0297         --        --         --      2.71s
    38      0.0294         --        --         --      2.71s
    39      0.0292         --        --         --      2.70s
    40      0.0291     0.1416    0.0225     0.3725      2.71s
    41      0.0289         --        --         --      2.71s
    42      0.0287         --        --         --      2.71s
    43      0.0285         --        --         --      2.72s
    44      0.0284         --        --         --      2.99s
    45      0.0282         --        --         --      2.77s
    46      0.0281         --        --         --      2.76s
    47      0.0280         --        --         --      2.69s
    48      0.0278         --        --         --      2.68s
    49      0.0277         --        --         --      2.73s
    50      0.0276     0.1491    0.0263     0.3794      2.69s
    51      0.0275         --        --         --      2.68s
    52      0.0274         --        --         --      2.72s
    53      0.0273         --        --         --      4.32s
    54      0.0272         --        --         --      3.45s
    55      0.0271         --        --         --      3.45s
    56      0.0270         --        --         --      3.37s
    57      0.0269         --        --         --      4.08s
    58      0.0269         --        --         --      3.40s
    59      0.0268         --        --         --      3.42s
    60      0.0267     0.1536    0.0319     0.3787      3.19s
    61      0.0267         --        --         --      3.44s
    62      0.0266         --        --         --      3.30s
    63      0.0265         --        --         --      3.18s
    64      0.0265         --        --         --      3.30s
    65      0.0264         --        --         --      3.31s
    66      0.0263         --        --         --      3.34s
    67      0.0263         --        --         --      3.49s
    68      0.0262         --        --         --      3.27s
    69      0.0262         --        --         --      3.09s
    70      0.0262     0.1524    0.0300     0.3744      3.10s
    71      0.0261         --        --         --      3.36s
    72      0.0260         --        --         --      3.56s
    73      0.0260         --        --         --      3.48s
    74      0.0260         --        --         --      3.17s
    75      0.0259         --        --         --      3.17s
    76      0.0259         --        --         --      3.29s
    77      0.0258         --        --         --      3.30s
    78      0.0258         --        --         --      3.15s
    79      0.0258         --        --         --      3.17s
    80      0.0257     0.1590    0.0350     0.3894      3.15s
    81      0.0257         --        --         --      3.14s
    82      0.0257         --        --         --      3.17s
    83      0.0256         --        --         --      3.26s
    84      0.0256         --        --         --      3.16s
    85      0.0256         --        --         --      3.29s
    86      0.0256         --        --         --      3.16s
    87      0.0255         --        --         --      3.17s
    88      0.0255         --        --         --      3.18s
    89      0.0255         --        --         --      3.25s
    90      0.0254     0.1537    0.0344     0.3850      3.14s
    91      0.0254         --        --         --      3.17s
    92      0.0254         --        --         --      3.19s
    93      0.0254         --        --         --      3.39s
    94      0.0254         --        --         --      3.23s
    95      0.0253         --        --         --      2.89s
    96      0.0253         --        --         --      3.31s
    97      0.0253         --        --         --      3.06s
    98      0.0253         --        --         --      3.06s
    99      0.0253         --        --         --      3.06s
   100      0.0252     0.1601    0.0381     0.3838      3.05s

------------------------------------------------------------------------------
第 4 步：用验证集上最好的模型测测试集（过滤式评估）
------------------------------------------------------------------------------
  最好的一次在第 100 轮，验证集 MRR = 0.1601

  ┌─────────────────────────────────────────────────────────┐
  │                测试集结果（过滤式评估）                 │
  ├─────────────────────────────────────────────────────────┤
  │  MRR      = 0.1637                                    │
  │  Hits@1   = 0.0407                                    │
  │  Hits@3   = 0.2340                                    │
  │  Hits@10  = 0.3877    <<< 最常用来对比的指标        │
  │  平均排名 = 3193.9（越小越好；实体总数 40943）  │
  ├─────────────────────────────────────────────────────────┤
  │  猜尾实体 (h,r,?)： MRR=0.1565  Hits@10=0.3720          │
  │  猜头实体 (?,r,t)： MRR=0.1709  Hits@10=0.4033          │
  └─────────────────────────────────────────────────────────┘

时间统计：
  纯训练总耗时     = 4m59.0s
  平均每轮训练耗时 = 2.99s
  每个 epoch 的 batch 数 = 340
  整个脚本总耗时   = 5m0.8s

结果已追加到：D:\PHD\博一\入学任务\graph_beginner-main\任务四_知识图谱\results\results.jsonl
逐轮历史已保存：D:\PHD\博一\入学任务\graph_beginner-main\任务四_知识图谱\results\history\WN18RR_TransE_dim500_bce_lr0.001.json
==============================================================================
