==============================================================================
任务四 知识图谱补全 —— WN18RR_TransE_dim100_bce_lr0.001_wd5e4_dim100
时间：2026-09-15 21:09:47
==============================================================================
数据集=WN18RR  模型=TransE  embedding维度=100
损失函数=bce  负样本数/正样本=64  margin=1.0  标签平滑=0.0
学习率=0.001  权重衰减=0.0005  轮数=12  批次大小=256
随机种子=42

------------------------------------------------------------------------------
第 1 步：加载知识图谱数据
------------------------------------------------------------------------------
  数据加载用时 0.24s
  训练集三元组 = 86835
  验证集三元组 = 3034
  测试集三元组 = 3134

  正在准备过滤式评估要用的索引……
  准备完成，用时 0.02s
  【为什么要过滤？】像 (姚明,出生于,上海) 和 (姚明,出生于,松江) 可能都是真的，
     如果排名时把'其他也对的答案'算进去，名次会被白白拉低。所以评估时要把它们屏蔽掉。

------------------------------------------------------------------------------
第 2 步：搭建模型
------------------------------------------------------------------------------
  TransE：实体数=40943  关系数=11
  可训练参数量 = 4,095,400
  模型结构：
    TransE(
      (entity_emb): Embedding(40943, 100)
      (relation_emb): Embedding(11, 100)
    )

------------------------------------------------------------------------------
第 3 步：开始训练
------------------------------------------------------------------------------
    轮次        训练损失      验证MRR     验证H@1     验证H@10       每轮耗时
     1      0.0870     0.0028    0.0017     0.0033      1.96s
     2      0.0879         --        --         --      1.77s
     3      0.0863     0.0066    0.0050     0.0083      2.03s
     4      0.0862         --        --         --      2.02s
     5      0.0862         --        --         --      1.94s
     6      0.0862     0.0082    0.0050     0.0133      2.08s
     7      0.0862         --        --         --      1.92s
     8      0.0862         --        --         --      1.94s
     9      0.0862     0.0086    0.0050     0.0117      2.04s
    10      0.0862         --        --         --      1.91s
    11      0.0862         --        --         --      1.96s
    12      0.0862     0.0082    0.0050     0.0133      1.94s

------------------------------------------------------------------------------
第 4 步：用验证集上最好的模型测测试集（过滤式评估）
------------------------------------------------------------------------------
  最好的一次在第 9 轮，验证集 MRR = 0.0086

  ┌─────────────────────────────────────────────────────────┐
  │                测试集结果（过滤式评估）                 │
  ├─────────────────────────────────────────────────────────┤
  │  MRR      = 0.0074                                    │
  │  Hits@1   = 0.0034                                    │
  │  Hits@3   = 0.0065                                    │
  │  Hits@10  = 0.0155    <<< 最常用来对比的指标        │
  │  平均排名 = 20635.7（越小越好；实体总数 40943）  │
  ├─────────────────────────────────────────────────────────┤
  │  猜尾实体 (h,r,?)： MRR=0.0141  Hits@10=0.0303          │
  │  猜头实体 (?,r,t)： MRR=0.0007  Hits@10=0.0006          │
  └─────────────────────────────────────────────────────────┘

时间统计：
  纯训练总耗时     = 23.53s
  平均每轮训练耗时 = 1.96s
  每个 epoch 的 batch 数 = 340
  整个脚本总耗时   = 24.06s

结果已追加到：D:\PHD\博一\入学任务\任务四_知识图谱\results\results.jsonl
逐轮历史已保存：D:\PHD\博一\入学任务\任务四_知识图谱\results\history\WN18RR_TransE_dim100_bce_lr0.001_wd5e4_dim100.json
==============================================================================
