==============================================================================
任务四 知识图谱补全 —— WN18RR_ConvE_dim200_bce_lr0.001_wd0_ConvE
时间：2026-09-15 21:11:45
==============================================================================
数据集=WN18RR  模型=ConvE  embedding维度=200
损失函数=bce  负样本数/正样本=64  margin=1.0  标签平滑=0.0
学习率=0.001  权重衰减=0.0  轮数=10  批次大小=256
随机种子=42

------------------------------------------------------------------------------
第 1 步：加载知识图谱数据
------------------------------------------------------------------------------
  数据加载用时 0.25s
  训练集三元组 = 86835
  验证集三元组 = 3034
  测试集三元组 = 3134

  正在准备过滤式评估要用的索引……
  准备完成，用时 0.02s
  【为什么要过滤？】像 (姚明,出生于,上海) 和 (姚明,出生于,松江) 可能都是真的，
     如果排名时把'其他也对的答案'算进去，名次会被白白拉低。所以评估时要把它们屏蔽掉。

------------------------------------------------------------------------------
第 2 步：搭建模型
------------------------------------------------------------------------------
  ConvE：实体数=40943  关系数=11
  可训练参数量 = 10,178,327
  模型结构：
    ConvE(
      (entity_emb): Embedding(40943, 200)
      (relation_emb): Embedding(11, 200)
      (conv2d): Conv2d(1, 32, kernel_size=(3, 3), stride=(1, 1))
      (bn_conv): BatchNorm2d(32, eps=1e-05, momentum=0.1, affine=True, track_running_stats=True)
      (fc): Linear(in_features=9728, out_features=200, bias=True)
      (bn_fc): BatchNorm1d(200, eps=1e-05, momentum=0.1, affine=True, track_running_stats=True)
      (input_dropout): Dropout(p=0.2, inplace=False)
      (hidden_dropout): Dropout(p=0.3, inplace=False)
      (feature_map_dropout): Dropout2d(p=0.2, inplace=False)
    )

------------------------------------------------------------------------------
第 3 步：开始训练
------------------------------------------------------------------------------
    轮次        训练损失      验证MRR     验证H@1     验证H@10       每轮耗时
     1      0.3355     0.0002    0.0000     0.0000     24.52s
     2      0.0989         --        --         --     42.66s
     3      0.0852         --        --         --     57.75s
     4      0.0819         --        --         --     80.34s
     5      0.0796     0.0002    0.0000     0.0000    533.03s
     6      0.0773         --        --         --     87.76s
