==============================================================================
任务四 知识图谱补全 —— FB15k-237_RotatE_dim500_bce_lr0.001
时间：2026-09-16 10:38:21
==============================================================================
数据集=FB15k-237  模型=RotatE  embedding维度=500
损失函数=bce  负样本数/正样本=64  margin=6.0  标签平滑=0.0
学习率=0.001  权重衰减=0.0  轮数=50  批次大小=256
随机种子=42

------------------------------------------------------------------------------
第 1 步：加载知识图谱数据
------------------------------------------------------------------------------
  数据加载用时 0.62s
  训练集三元组 = 272115
  验证集三元组 = 17535
  测试集三元组 = 20466

  正在准备过滤式评估要用的索引……
  准备完成，用时 0.61s
  【为什么要过滤？】像 (姚明,出生于,上海) 和 (姚明,出生于,松江) 可能都是真的，
     如果排名时把'其他也对的答案'算进去，名次会被白白拉低。所以评估时要把它们屏蔽掉。

------------------------------------------------------------------------------
第 2 步：搭建模型
------------------------------------------------------------------------------
  RotatE：实体数=14541  关系数=237
  可训练参数量 = 14,659,500
  模型结构：
    RotatE(
      (entity_emb): Embedding(14541, 1000)
      (relation_emb): Embedding(237, 500)
    )

------------------------------------------------------------------------------
第 3 步：开始训练
------------------------------------------------------------------------------
    轮次        训练损失      验证MRR     验证H@1     验证H@10       每轮耗时
     1      0.0639     0.2085    0.1363     0.3456     16.55s
     2      0.0439         --        --         --     16.39s
     3      0.0427         --        --         --     16.39s
     4      0.0425         --        --         --     16.35s
     5      0.0424         --        --         --     16.39s
     6      0.0423         --        --         --     16.37s
     7      0.0422         --        --         --     16.35s
     8      0.0422         --        --         --     16.41s
     9      0.0421         --        --         --     16.40s
    10      0.0421     0.2105    0.1456     0.3394     16.42s
    11      0.0421         --        --         --     16.41s
    12      0.0421         --        --         --     16.42s
    13      0.0420         --        --         --     16.41s
    14      0.0421         --        --         --     16.42s
    15      0.0420         --        --         --     16.37s
    16      0.0420         --        --         --     16.38s
    17      0.0420         --        --         --     16.37s
    18      0.0421         --        --         --     16.39s
    19      0.0420         --        --         --     16.40s
    20      0.0420     0.2030    0.1369     0.3356     16.39s
    21      0.0420         --        --         --     16.39s
    22      0.0420         --        --         --     16.38s
    23      0.0420         --        --         --     16.37s
    24      0.0420         --        --         --     16.38s
    25      0.0420         --        --         --     16.36s
    26      0.0420         --        --         --     16.36s
    27      0.0420         --        --         --     16.36s
    28      0.0420         --        --         --     16.35s
    29      0.0420         --        --         --     16.37s
    30      0.0420     0.2134    0.1450     0.3562     16.42s
    31      0.0420         --        --         --     16.39s
    32      0.0420         --        --         --     16.39s
    33      0.0420         --        --         --     16.42s
    34      0.0421         --        --         --     16.41s
    35      0.0420         --        --         --     16.42s
    36      0.0420         --        --         --     16.43s
    37      0.0420         --        --         --     16.37s
    38      0.0421         --        --         --     16.38s
    39      0.0421         --        --         --     16.39s
    40      0.0420     0.2038    0.1356     0.3400     16.39s
    41      0.0420         --        --         --     16.41s
    42      0.0420         --        --         --     16.42s
    43      0.0421         --        --         --     16.46s
    44      0.0420         --        --         --     16.40s
    45      0.0420         --        --         --     16.36s
    46      0.0420         --        --         --     16.37s
    47      0.0420         --        --         --     16.37s
    48      0.0420         --        --         --     16.35s
    49      0.0421         --        --         --     16.35s
    50      0.0420     0.1938    0.1238     0.3306     16.34s

------------------------------------------------------------------------------
第 4 步：用验证集上最好的模型测测试集（过滤式评估）
------------------------------------------------------------------------------
  最好的一次在第 30 轮，验证集 MRR = 0.2134

  ┌─────────────────────────────────────────────────────────┐
  │                测试集结果（过滤式评估）                 │
  ├─────────────────────────────────────────────────────────┤
  │  MRR      = 0.1919                                    │
  │  Hits@1   = 0.1236                                    │
  │  Hits@3   = 0.2051                                    │
  │  Hits@10  = 0.3280    <<< 最常用来对比的指标        │
  │  平均排名 = 344.1（越小越好；实体总数 14541）  │
  ├─────────────────────────────────────────────────────────┤
  │  猜尾实体 (h,r,?)： MRR=0.2714  Hits@10=0.4388          │
  │  猜头实体 (?,r,t)： MRR=0.1124  Hits@10=0.2171          │
  └─────────────────────────────────────────────────────────┘

时间统计：
  纯训练总耗时     = 13m39.6s
  平均每轮训练耗时 = 16.39s
  每个 epoch 的 batch 数 = 1063
  整个脚本总耗时   = 13m40.5s

结果已追加到：D:\PHD\博一\入学任务\graph_beginner-main\任务四_知识图谱\results\results.jsonl
逐轮历史已保存：D:\PHD\博一\入学任务\graph_beginner-main\任务四_知识图谱\results\history\FB15k-237_RotatE_dim500_bce_lr0.001.json
==============================================================================
