==============================================================================
任务四 知识图谱补全 —— WN18RR_TransE_dim100_bce_lr0.001_wd0_dim100
时间：2026-09-15 21:10:16
==============================================================================
数据集=WN18RR  模型=TransE  embedding维度=100
损失函数=bce  负样本数/正样本=64  margin=1.0  标签平滑=0.0
学习率=0.001  权重衰减=0.0  轮数=12  批次大小=256
随机种子=42

------------------------------------------------------------------------------
第 1 步：加载知识图谱数据
------------------------------------------------------------------------------
  数据加载用时 0.25s
  训练集三元组 = 86835
  验证集三元组 = 3034
  测试集三元组 = 3134

  正在准备过滤式评估要用的索引……
  准备完成，用时 0.02s
  【为什么要过滤？】像 (姚明,出生于,上海) 和 (姚明,出生于,松江) 可能都是真的，
     如果排名时把'其他也对的答案'算进去，名次会被白白拉低。所以评估时要把它们屏蔽掉。

------------------------------------------------------------------------------
第 2 步：搭建模型
------------------------------------------------------------------------------
  TransE：实体数=40943  关系数=11
  可训练参数量 = 4,095,400
  模型结构：
    TransE(
      (entity_emb): Embedding(40943, 100)
      (relation_emb): Embedding(11, 100)
    )

------------------------------------------------------------------------------
第 3 步：开始训练
------------------------------------------------------------------------------
    轮次        训练损失      验证MRR     验证H@1     验证H@10       每轮耗时
     1      0.0836     0.0046    0.0033     0.0050      2.11s
     2      0.0794         --        --         --      1.93s
     3      0.0764     0.0070    0.0033     0.0133      1.91s
     4      0.0739         --        --         --      1.89s
     5      0.0717         --        --         --      1.91s
     6      0.0698     0.0172    0.0033     0.0333      1.90s
     7      0.0679         --        --         --      1.86s
     8      0.0660         --        --         --      1.94s
     9      0.0643     0.0488    0.0033     0.1283      1.90s
    10      0.0626         --        --         --      1.89s
    11      0.0610         --        --         --      1.90s
    12      0.0594     0.0936    0.0033     0.2417      1.91s

------------------------------------------------------------------------------
第 4 步：用验证集上最好的模型测测试集（过滤式评估）
------------------------------------------------------------------------------
  最好的一次在第 12 轮，验证集 MRR = 0.0936

  ┌─────────────────────────────────────────────────────────┐
  │                测试集结果（过滤式评估）                 │
  ├─────────────────────────────────────────────────────────┤
  │  MRR      = 0.0832                                    │
  │  Hits@1   = 0.0000                                    │
  │  Hits@3   = 0.1512                                    │
  │  Hits@10  = 0.2176    <<< 最常用来对比的指标        │
  │  平均排名 = 10477.7（越小越好；实体总数 40943）  │
  ├─────────────────────────────────────────────────────────┤
  │  猜尾实体 (h,r,?)： MRR=0.0859  Hits@10=0.2234          │
  │  猜头实体 (?,r,t)： MRR=0.0806  Hits@10=0.2119          │
  └─────────────────────────────────────────────────────────┘

时间统计：
  纯训练总耗时     = 23.05s
  平均每轮训练耗时 = 1.90s
  每个 epoch 的 batch 数 = 340
  整个脚本总耗时   = 23.65s

结果已追加到：D:\PHD\博一\入学任务\任务四_知识图谱\results\results.jsonl
逐轮历史已保存：D:\PHD\博一\入学任务\任务四_知识图谱\results\history\WN18RR_TransE_dim100_bce_lr0.001_wd0_dim100.json
==============================================================================
