==============================================================================
任务四 知识图谱补全 —— WN18RR_RotatE_dim500_bce_lr0.001
时间：2026-09-16 09:31:31
==============================================================================
数据集=WN18RR  模型=RotatE  embedding维度=500
损失函数=bce  负样本数/正样本=64  margin=6.0  标签平滑=0.0
学习率=0.001  权重衰减=0.0  轮数=100  批次大小=256
随机种子=42

------------------------------------------------------------------------------
第 1 步：加载知识图谱数据
------------------------------------------------------------------------------
  数据加载用时 0.20s
  训练集三元组 = 86835
  验证集三元组 = 3034
  测试集三元组 = 3134

  正在准备过滤式评估要用的索引……
  准备完成，用时 0.02s
  【为什么要过滤？】像 (姚明,出生于,上海) 和 (姚明,出生于,松江) 可能都是真的，
     如果排名时把'其他也对的答案'算进去，名次会被白白拉低。所以评估时要把它们屏蔽掉。

------------------------------------------------------------------------------
第 2 步：搭建模型
------------------------------------------------------------------------------
  RotatE：实体数=40943  关系数=11
  可训练参数量 = 40,948,500
  模型结构：
    RotatE(
      (entity_emb): Embedding(40943, 1000)
      (relation_emb): Embedding(11, 500)
    )

------------------------------------------------------------------------------
第 3 步：开始训练
------------------------------------------------------------------------------
    轮次        训练损失      验证MRR     验证H@1     验证H@10       每轮耗时
     1      0.0945     0.1846    0.1731     0.2019      8.11s
     2      0.0637         --        --         --      8.29s
     3      0.0471         --        --         --      7.85s
     4      0.0389         --        --         --      7.84s
     5      0.0350         --        --         --      7.84s
     6      0.0331         --        --         --      7.84s
     7      0.0318         --        --         --      7.84s
     8      0.0312         --        --         --      7.83s
     9      0.0306         --        --         --      7.83s
    10      0.0303     0.3071    0.2256     0.4569      7.83s
    11      0.0301         --        --         --      7.83s
    12      0.0298         --        --         --      7.84s
    13      0.0296         --        --         --      7.83s
    14      0.0294         --        --         --      7.84s
    15      0.0293         --        --         --      7.82s
    16      0.0291         --        --         --      7.83s
    17      0.0291         --        --         --      7.83s
    18      0.0291         --        --         --      7.84s
    19      0.0288         --        --         --      7.83s
    20      0.0289     0.2533    0.1662     0.4156      7.83s
    21      0.0287         --        --         --      7.83s
    22      0.0287         --        --         --      7.82s
    23      0.0288         --        --         --      7.83s
    24      0.0287         --        --         --      7.82s
    25      0.0287         --        --         --      7.82s
    26      0.0286         --        --         --      7.82s
    27      0.0285         --        --         --      7.82s
    28      0.0286         --        --         --      7.83s
    29      0.0287         --        --         --      7.83s
    30      0.0285     0.2330    0.1494     0.3950      7.84s
    31      0.0284         --        --         --      7.83s
    32      0.0286         --        --         --      7.83s
    33      0.0285         --        --         --      7.82s
    34      0.0285         --        --         --      7.82s
    35      0.0284         --        --         --      7.82s
    36      0.0283         --        --         --      8.37s
    37      0.0284         --        --         --      7.91s
    38      0.0284         --        --         --      8.15s
    39      0.0284         --        --         --      7.81s
    40      0.0284     0.2585    0.1719     0.4175      7.81s
    41      0.0283         --        --         --      7.82s
    42      0.0284         --        --         --      7.82s
    43      0.0283         --        --         --      7.82s
    44      0.0283         --        --         --      7.83s
    45      0.0283         --        --         --      7.83s
    46      0.0283         --        --         --      7.82s
    47      0.0284         --        --         --      7.82s
    48      0.0282         --        --         --      7.82s
    49      0.0284         --        --         --      7.82s
    50      0.0282     0.2434    0.1569     0.4050      7.84s
    51      0.0283         --        --         --      7.82s
    52      0.0282         --        --         --      7.83s
    53      0.0282         --        --         --      7.82s
    54      0.0282         --        --         --      7.82s
    55      0.0282         --        --         --      7.82s
    56      0.0282         --        --         --      7.83s
    57      0.0283         --        --         --      7.84s
    58      0.0282         --        --         --      7.82s
    59      0.0283         --        --         --      7.82s
    60      0.0282     0.2431    0.1519     0.4094      7.82s
    61      0.0282         --        --         --      7.84s
    62      0.0281         --        --         --      7.84s
    63      0.0282         --        --         --      7.86s
    64      0.0283         --        --         --      7.84s
    65      0.0282         --        --         --      7.95s
    66      0.0282         --        --         --      7.75s
    67      0.0282         --        --         --      8.26s
    68      0.0282         --        --         --      8.18s
    69      0.0281         --        --         --      8.12s
    70      0.0281     0.2282    0.1419     0.4069      8.22s
    71      0.0283         --        --         --      8.27s
    72      0.0282         --        --         --      8.12s
    73      0.0282         --        --         --      8.13s
    74      0.0281         --        --         --      8.09s
    75      0.0281         --        --         --      8.13s
    76      0.0282         --        --         --      8.01s
    77      0.0281         --        --         --      8.06s
    78      0.0281         --        --         --      8.09s
    79      0.0281         --        --         --      8.27s
    80      0.0282     0.2309    0.1456     0.3937      7.85s
    81      0.0281         --        --         --      8.00s
    82      0.0283         --        --         --      8.17s
    83      0.0282         --        --         --      8.89s
    84      0.0281         --        --         --      8.99s
    85      0.0281         --        --         --      9.07s
    86      0.0281         --        --         --      9.02s
    87      0.0282         --        --         --      8.97s
    88      0.0281         --        --         --      8.93s
    89      0.0281         --        --         --      8.92s
    90      0.0281     0.2319    0.1475     0.3994      9.08s
    91      0.0281         --        --         --      9.06s
    92      0.0282         --        --         --      8.98s
    93      0.0282         --        --         --      8.93s
    94      0.0281         --        --         --      8.93s
    95      0.0282         --        --         --      8.87s
    96      0.0281         --        --         --      8.96s
    97      0.0281         --        --         --      9.02s
    98      0.0282         --        --         --      8.96s
    99      0.0281         --        --         --      8.94s
   100      0.0279     0.2271    0.1375     0.4094      8.94s

------------------------------------------------------------------------------
第 4 步：用验证集上最好的模型测测试集（过滤式评估）
------------------------------------------------------------------------------
  最好的一次在第 10 轮，验证集 MRR = 0.3071

  ┌─────────────────────────────────────────────────────────┐
  │                测试集结果（过滤式评估）                 │
  ├─────────────────────────────────────────────────────────┤
  │  MRR      = 0.3128                                    │
  │  Hits@1   = 0.2336                                    │
  │  Hits@3   = 0.3496                                    │
  │  Hits@10  = 0.4655    <<< 最常用来对比的指标        │
  │  平均排名 = 3796.2（越小越好；实体总数 40943）  │
  ├─────────────────────────────────────────────────────────┤
  │  猜尾实体 (h,r,?)： MRR=0.3393  Hits@10=0.5029          │
  │  猜头实体 (?,r,t)： MRR=0.2864  Hits@10=0.4282          │
  └─────────────────────────────────────────────────────────┘

时间统计：
  纯训练总耗时     = 13m29.8s
  平均每轮训练耗时 = 8.10s
  每个 epoch 的 batch 数 = 340
  整个脚本总耗时   = 13m32.4s

结果已追加到：D:\PHD\博一\入学任务\graph_beginner-main\任务四_知识图谱\results\results.jsonl
逐轮历史已保存：D:\PHD\博一\入学任务\graph_beginner-main\任务四_知识图谱\results\history\WN18RR_RotatE_dim500_bce_lr0.001.json
==============================================================================
