==============================================================================
任务四 知识图谱补全 —— WN18RR_ConvE_dim200_bce_lr0.001
时间：2026-09-16 09:45:09
==============================================================================
数据集=WN18RR  模型=ConvE  embedding维度=200
损失函数=bce  负样本数/正样本=64  margin=1.0  标签平滑=0.0
学习率=0.001  权重衰减=0.0  轮数=100  批次大小=256
随机种子=42

------------------------------------------------------------------------------
第 1 步：加载知识图谱数据
------------------------------------------------------------------------------
  数据加载用时 0.25s
  训练集三元组 = 86835
  验证集三元组 = 3034
  测试集三元组 = 3134

  正在准备过滤式评估要用的索引……
  准备完成，用时 0.03s
  【为什么要过滤？】像 (姚明,出生于,上海) 和 (姚明,出生于,松江) 可能都是真的，
     如果排名时把'其他也对的答案'算进去，名次会被白白拉低。所以评估时要把它们屏蔽掉。

------------------------------------------------------------------------------
第 2 步：搭建模型
------------------------------------------------------------------------------
  ConvE：实体数=40943  关系数=11
  可训练参数量 = 10,178,327
  模型结构：
    ConvE(
      (entity_emb): Embedding(40943, 200)
      (relation_emb): Embedding(11, 200)
      (conv2d): Conv2d(1, 32, kernel_size=(3, 3), stride=(1, 1))
      (bn_conv): BatchNorm2d(32, eps=1e-05, momentum=0.1, affine=True, track_running_stats=True)
      (fc): Linear(in_features=9728, out_features=200, bias=True)
      (bn_fc): BatchNorm1d(200, eps=1e-05, momentum=0.1, affine=True, track_running_stats=True)
      (input_dropout): Dropout(p=0.2, inplace=False)
      (hidden_dropout): Dropout(p=0.3, inplace=False)
      (feature_map_dropout): Dropout2d(p=0.2, inplace=False)
    )

------------------------------------------------------------------------------
第 3 步：开始训练
------------------------------------------------------------------------------
    轮次        训练损失      验证MRR     验证H@1     验证H@10       每轮耗时
     1      0.3350     0.0003    0.0000     0.0006     24.68s
     2      0.0991         --        --         --     33.75s
     3      0.0852         --        --         --     36.27s
     4      0.0819         --        --         --     31.61s
     5      0.0796         --        --         --     38.21s
     6      0.0774         --        --         --     38.77s
     7      0.0746         --        --         --     34.23s
     8      0.0704         --        --         --     32.44s
     9      0.0642         --        --         --     36.08s
    10      0.0565     0.0012    0.0000     0.0012     24.48s
    11      0.0482         --        --         --     25.18s
    12      0.0403         --        --         --     24.70s
    13      0.0340         --        --         --     24.65s
    14      0.0288         --        --         --     24.76s
    15      0.0249         --        --         --     26.87s
    16      0.0218         --        --         --     26.94s
    17      0.0193         --        --         --     25.78s
    18      0.0172         --        --         --     22.04s
    19      0.0155         --        --         --     23.13s
    20      0.0144     0.0106    0.0050     0.0181     22.97s
    21      0.0132         --        --         --     22.98s
    22      0.0122         --        --         --     23.38s
    23      0.0115         --        --         --     21.35s
    24      0.0106         --        --         --    108.17s
    25      0.0102         --        --         --     53.23s
    26      0.0095         --        --         --     56.44s
    27      0.0091         --        --         --     29.60s
    28      0.0087         --        --         --     30.62s
    29      0.0082         --        --         --     21.65s
    30      0.0078     0.0263    0.0112     0.0506     22.13s
    31      0.0076         --        --         --     21.60s
    32      0.0071         --        --         --     22.32s
    33      0.0068         --        --         --     23.28s
    34      0.0064         --        --         --     23.26s
    35      0.0062         --        --         --     22.90s
    36      0.0060         --        --         --     23.29s
    37      0.0057         --        --         --     23.72s
    38      0.0054         --        --         --     22.28s
    39      0.0051         --        --         --     34.82s
    40      0.0049     0.0264    0.0144     0.0506     53.87s
    41      0.0046         --        --         --     20.71s
    42      0.0044         --        --         --     20.61s
    43      0.0042         --        --         --     20.37s
    44      0.0039         --        --         --     20.35s
    45      0.0037         --        --         --     20.36s
    46      0.0034         --        --         --     20.40s
    47      0.0032         --        --         --     20.37s
    48      0.0030         --        --         --     20.42s
    49      0.0028         --        --         --     20.40s
    50      0.0026     0.0279    0.0131     0.0544     20.40s
    51      0.0023         --        --         --     20.37s
    52      0.0022         --        --         --     20.35s
    53      0.0020         --        --         --     20.35s
    54      0.0018         --        --         --     20.35s
    55      0.0017         --        --         --     20.35s
    56      0.0016         --        --         --     20.35s
    57      0.0014         --        --         --     20.35s
    58      0.0013         --        --         --     20.33s
    59      0.0012         --        --         --     20.33s
    60      0.0011     0.0242    0.0106     0.0469     20.33s
    61      0.0011         --        --         --     20.34s
    62      0.0010         --        --         --     20.35s
    63      0.0009         --        --         --     20.35s
    64      0.0009         --        --         --     20.35s
    65      0.0008         --        --         --     20.35s
    66      0.0007         --        --         --     20.35s
    67      0.0007         --        --         --     20.35s
    68      0.0007         --        --         --     20.35s
    69      0.0006         --        --         --     20.33s
    70      0.0006     0.0198    0.0081     0.0406     20.33s
    71      0.0006         --        --         --     20.34s
    72      0.0006         --        --         --     20.35s
    73      0.0005         --        --         --     20.33s
    74      0.0004         --        --         --     20.36s
    75      0.0004         --        --         --     20.35s
    76      0.0004         --        --         --     20.33s
    77      0.0004         --        --         --     20.33s
    78      0.0004         --        --         --     20.35s
    79      0.0004         --        --         --     20.35s
    80      0.0004     0.0208    0.0100     0.0406     20.35s
    81      0.0004         --        --         --     20.34s
    82      0.0003         --        --         --     20.37s
    83      0.0003         --        --         --     20.36s
    84      0.0003         --        --         --     20.38s
    85      0.0003         --        --         --     20.38s
    86      0.0003         --        --         --     20.34s
    87      0.0003         --        --         --     20.35s
    88      0.0003         --        --         --     20.37s
    89      0.0003         --        --         --     20.35s
    90      0.0003     0.0150    0.0031     0.0331     20.33s
    91      0.0002         --        --         --     20.34s
    92      0.0002         --        --         --     20.35s
    93      0.0002         --        --         --     20.35s
    94      0.0002         --        --         --     20.35s
    95      0.0002         --        --         --     20.35s
    96      0.0002         --        --         --     20.35s
    97      0.0002         --        --         --     20.33s
    98      0.0002         --        --         --     20.35s
    99      0.0002         --        --         --     20.35s
   100      0.0002     0.0190    0.0081     0.0388     20.35s

------------------------------------------------------------------------------
第 4 步：用验证集上最好的模型测测试集（过滤式评估）
------------------------------------------------------------------------------
  最好的一次在第 50 轮，验证集 MRR = 0.0279

  ┌─────────────────────────────────────────────────────────┐
  │                测试集结果（过滤式评估）                 │
  ├─────────────────────────────────────────────────────────┤
  │  MRR      = 0.0264                                    │
  │  Hits@1   = 0.0116                                    │
  │  Hits@3   = 0.0286                                    │
  │  Hits@10  = 0.0511    <<< 最常用来对比的指标        │
  │  平均排名 = 10590.1（越小越好；实体总数 40943）  │
  ├─────────────────────────────────────────────────────────┤
  │  猜尾实体 (h,r,?)： MRR=0.0320  Hits@10=0.0645          │
  │  猜头实体 (?,r,t)： MRR=0.0207  Hits@10=0.0377          │
  └─────────────────────────────────────────────────────────┘

时间统计：
  纯训练总耗时     = 41m0.3s
  平均每轮训练耗时 = 24.60s
  每个 epoch 的 batch 数 = 340
  整个脚本总耗时   = 46m58.8s

结果已追加到：D:\PHD\博一\入学任务\graph_beginner-main\任务四_知识图谱\results\results.jsonl
逐轮历史已保存：D:\PHD\博一\入学任务\graph_beginner-main\任务四_知识图谱\results\history\WN18RR_ConvE_dim200_bce_lr0.001.json
==============================================================================
