==============================================================================
任务四 知识图谱补全 —— WN18RR_TransE_dim500_bce_lr0.001_diag
时间：2026-09-15 20:29:04
==============================================================================
数据集=WN18RR  模型=TransE  embedding维度=500
损失函数=bce  负样本数/正样本=64  margin=1.0  标签平滑=0.0
学习率=0.001  权重衰减=0.0005  轮数=30  批次大小=256
随机种子=42

------------------------------------------------------------------------------
第 1 步：加载知识图谱数据
------------------------------------------------------------------------------
  数据加载用时 0.23s
  训练集三元组 = 86835
  验证集三元组 = 3034
  测试集三元组 = 3134

  正在准备过滤式评估要用的索引……
  准备完成，用时 0.02s
  【为什么要过滤？】像 (姚明,出生于,上海) 和 (姚明,出生于,松江) 可能都是真的，
     如果排名时把'其他也对的答案'算进去，名次会被白白拉低。所以评估时要把它们屏蔽掉。

------------------------------------------------------------------------------
第 2 步：搭建模型
------------------------------------------------------------------------------
  TransE：实体数=40943  关系数=11
  可训练参数量 = 20,477,000
  模型结构：
    TransE(
      (entity_emb): Embedding(40943, 500)
      (relation_emb): Embedding(11, 500)
    )

------------------------------------------------------------------------------
第 3 步：开始训练
------------------------------------------------------------------------------
    轮次        训练损失      验证MRR     验证H@1     验证H@10       每轮耗时
     1      0.0881     0.0045    0.0037     0.0050    728.43s
     2      0.0862         --        --         --     73.87s
