==============================================================================
任务四 知识图谱补全 —— WN18RR_TransE_dim500_margin_lr0.001
时间：2026-09-15 20:23:09
==============================================================================
数据集=WN18RR  模型=TransE  embedding维度=500
损失函数=margin  负样本数/正样本=64  margin=1.0
学习率=0.001  权重衰减=0.0005  轮数=20  批次大小=512
随机种子=42

------------------------------------------------------------------------------
第 1 步：加载知识图谱数据
------------------------------------------------------------------------------
  数据加载用时 0.34s
  训练集三元组 = 86835
  验证集三元组 = 3034
  测试集三元组 = 3134

  正在准备过滤式评估要用的索引……
  准备完成，用时 0.05s
  【为什么要过滤？】像 (姚明,出生于,上海) 和 (姚明,出生于,松江) 可能都是真的，
     如果排名时把'其他也对的答案'算进去，名次会被白白拉低。所以评估时要把它们屏蔽掉。

------------------------------------------------------------------------------
第 2 步：搭建模型
------------------------------------------------------------------------------
  TransE：实体数=40943  关系数=11
  可训练参数量 = 20,477,000
  模型结构：
    TransE(
      (entity_emb): Embedding(40943, 500)
      (relation_emb): Embedding(11, 500)
    )

------------------------------------------------------------------------------
第 3 步：开始训练
------------------------------------------------------------------------------
    轮次        训练损失      验证MRR     验证H@1     验证H@10       每轮耗时
     1      0.9940     0.0155    0.0081     0.0294      3.96s
     2      0.9566         --        --         --      3.64s
     3      0.9335         --        --         --      3.34s
     4      0.9281     0.0213    0.0125     0.0375      4.41s
     5      0.9274         --        --         --      6.32s
     6      0.9269         --        --         --      6.28s
     7      0.9262         --        --         --      5.87s
     8      0.9260     0.0195    0.0106     0.0375      5.60s
     9      0.9253         --        --         --      2.67s
    10      0.9255         --        --         --      1.97s
    11      0.9249         --        --         --      2.04s
    12      0.9247     0.0207    0.0125     0.0356      2.01s
    13      0.9246         --        --         --      2.97s
    14      0.9246         --        --         --      2.99s
    15      0.9247         --        --         --      2.99s
    16      0.9246     0.0176    0.0100     0.0350      2.95s
    17      0.9244         --        --         --      3.00s
    18      0.9246         --        --         --      2.98s
    19      0.9244         --        --         --      2.99s
    20      0.9244     0.0192    0.0106     0.0375      4.86s

------------------------------------------------------------------------------
第 4 步：用验证集上最好的模型测测试集（过滤式评估）
------------------------------------------------------------------------------
  最好的一次在第 4 轮，验证集 MRR = 0.0213

  ┌─────────────────────────────────────────────────────────┐
  │                测试集结果（过滤式评估）                 │
  ├─────────────────────────────────────────────────────────┤
  │  MRR      = 0.0251                                    │
  │  Hits@1   = 0.0153                                    │
  │  Hits@3   = 0.0254                                    │
  │  Hits@10  = 0.0423    <<< 最常用来对比的指标        │
  │  平均排名 = 17981.4（越小越好；实体总数 40943）  │
  ├─────────────────────────────────────────────────────────┤
  │  猜尾实体 (h,r,?)： MRR=0.0339  Hits@10=0.0597          │
  │  猜头实体 (?,r,t)： MRR=0.0163  Hits@10=0.0249          │
  └─────────────────────────────────────────────────────────┘

时间统计：
  纯训练总耗时     = 1m13.8s
  平均每轮训练耗时 = 3.68s
  每个 epoch 的 batch 数 = 170
  整个脚本总耗时   = 1m20.9s

结果已追加到：D:\PHD\博一\入学任务\任务四_知识图谱\results\results.jsonl
逐轮历史已保存：D:\PHD\博一\入学任务\任务四_知识图谱\results\history\WN18RR_TransE_dim500_margin_lr0.001.json
==============================================================================
