==============================================================================
任务四 知识图谱补全 —— WN18RR_TransE_dim500_bce_lr0.001
时间：2026-09-15 20:21:54
==============================================================================
数据集=WN18RR  模型=TransE  embedding维度=500
损失函数=bce  负样本数/正样本=64  margin=1.0
学习率=0.001  权重衰减=0.0005  轮数=20  批次大小=512
随机种子=42

------------------------------------------------------------------------------
第 1 步：加载知识图谱数据
------------------------------------------------------------------------------
  数据加载用时 0.27s
  训练集三元组 = 86835
  验证集三元组 = 3034
  测试集三元组 = 3134

  正在准备过滤式评估要用的索引……
  准备完成，用时 0.03s
  【为什么要过滤？】像 (姚明,出生于,上海) 和 (姚明,出生于,松江) 可能都是真的，
     如果排名时把'其他也对的答案'算进去，名次会被白白拉低。所以评估时要把它们屏蔽掉。

------------------------------------------------------------------------------
第 2 步：搭建模型
------------------------------------------------------------------------------
  TransE：实体数=40943  关系数=11
  可训练参数量 = 20,477,000
  模型结构：
    TransE(
      (entity_emb): Embedding(40943, 500)
      (relation_emb): Embedding(11, 500)
    )

------------------------------------------------------------------------------
第 3 步：开始训练
------------------------------------------------------------------------------
    轮次        训练损失      验证MRR     验证H@1     验证H@10       每轮耗时
     1      0.4097     0.0019    0.0012     0.0025      3.58s
     2      0.3576         --        --         --      3.45s
     3      0.3527         --        --         --      3.37s
     4      0.3526     0.0088    0.0050     0.0150      3.37s
     5      0.3526         --        --         --      3.38s
     6      0.3526         --        --         --      3.41s
     7      0.3526         --        --         --      3.41s
     8      0.3526     0.0076    0.0037     0.0162      3.35s
     9      0.3526         --        --         --      3.39s
    10      0.3526         --        --         --      3.37s
    11      0.3526         --        --         --      3.36s
    12      0.3526     0.0072    0.0037     0.0144      3.08s
    13      0.3526         --        --         --      2.26s
    14      0.3526         --        --         --      2.36s
    15      0.3526         --        --         --      2.35s
    16      0.3526     0.0077    0.0037     0.0156      2.47s
    17      0.3526         --        --         --      3.76s
    18      0.3526         --        --         --      3.82s
    19      0.3526         --        --         --      3.79s
    20      0.3526     0.0064    0.0012     0.0169      3.82s

------------------------------------------------------------------------------
第 4 步：用验证集上最好的模型测测试集（过滤式评估）
------------------------------------------------------------------------------
  最好的一次在第 4 轮，验证集 MRR = 0.0088

  ┌─────────────────────────────────────────────────────────┐
  │                测试集结果（过滤式评估）                 │
  ├─────────────────────────────────────────────────────────┤
  │  MRR      = 0.0083                                    │
  │  Hits@1   = 0.0040                                    │
  │  Hits@3   = 0.0069                                    │
  │  Hits@10  = 0.0161    <<< 最常用来对比的指标        │
  │  平均排名 = 20310.5（越小越好；实体总数 40943）  │
  ├─────────────────────────────────────────────────────────┤
  │  猜尾实体 (h,r,?)： MRR=0.0145  Hits@10=0.0300          │
  │  猜头实体 (?,r,t)： MRR=0.0022  Hits@10=0.0022          │
  └─────────────────────────────────────────────────────────┘

时间统计：
  纯训练总耗时     = 1m5.1s
  平均每轮训练耗时 = 3.24s
  每个 epoch 的 batch 数 = 170
  整个脚本总耗时   = 1m7.9s

结果已追加到：D:\PHD\博一\入学任务\任务四_知识图谱\results\results.jsonl
逐轮历史已保存：D:\PHD\博一\入学任务\任务四_知识图谱\results\history\WN18RR_TransE_dim500_bce_lr0.001.json
==============================================================================
