==============================================================================
任务二 链路预测 | 数据集=Citeseer 模型=GAT 训练方式=full 解码器=dot
超参数：lr=0.01, layers=2, hidden=128, emb_dim=64, dropout=0.5, epochs=100
==============================================================================
数据划分：Citeseer: 节点=3327, 训练边=3870, 验证边=227, 测试边=455, 消息传递边=7740, 每个测试正样本配 100 个负样本
模型参数量：483,008（编码器 483,008 + 解码器 0）
全图训练：每个 epoch 给全部 3870 条训练边打分
------------------------------------------------------------------------------
 Epoch |     Loss |   Val AUC |  Val H@50 |  Test AUC |      时间/轮
------------------------------------------------------------------------------
     1 |   6.8405 |    0.7787 |    0.8722 |    0.7497 |    0.365s
     2 |   2.9397 |    0.7546 |    0.8238 |    0.7343 |    0.664s
     3 |   2.6401 |    0.7492 |    0.8282 |    0.7321 |    0.703s
     4 |   3.0580 |    0.7543 |    0.8238 |    0.7355 |    0.013s
     5 |   3.0084 |    0.7523 |    0.8370 |    0.7360 |    0.013s
     6 |   3.0796 |    0.7470 |    0.8282 |    0.7352 |    0.013s
     7 |   2.2943 |    0.7458 |    0.8150 |    0.7380 |    0.013s
     8 |   2.0834 |    0.7495 |    0.8194 |    0.7449 |    0.012s
     9 |   1.6959 |    0.7609 |    0.8326 |    0.7556 |    0.012s
    10 |   1.6587 |    0.7779 |    0.8502 |    0.7696 |    0.013s
    11 |   1.6699 |    0.7987 |    0.8899 |    0.7848 |    0.012s
    12 |   1.4991 |    0.8173 |    0.8987 |    0.7979 |    0.014s
    13 |   1.5156 |    0.8326 |    0.9163 |    0.8076 |    0.015s
    14 |   1.3888 |    0.8446 |    0.9295 |    0.8154 |    0.013s
    15 |   1.3516 |    0.8529 |    0.9207 |    0.8207 |    0.013s
    16 |   1.3396 |    0.8587 |    0.9295 |    0.8250 |    0.014s
    17 |   1.3526 |    0.8627 |    0.9207 |    0.8286 |    0.013s
    18 |   1.2224 |    0.8656 |    0.9251 |    0.8316 |    0.014s
    19 |   1.2650 |    0.8694 |    0.9339 |    0.8354 |    0.013s
    20 |   1.0718 |    0.8730 |    0.9339 |    0.8391 |    0.015s
    21 |   1.0197 |    0.8764 |    0.9339 |    0.8426 |    0.013s
    22 |   1.0512 |    0.8802 |    0.9163 |    0.8456 |    0.014s
    23 |   0.9816 |    0.8833 |    0.9295 |    0.8478 |    0.013s
    24 |   0.9147 |    0.8861 |    0.9339 |    0.8494 |    0.015s
    25 |   0.9405 |    0.8889 |    0.9383 |    0.8507 |    0.014s
    26 |   0.9879 |    0.8915 |    0.9383 |    0.8522 |    0.018s
    27 |   0.8328 |    0.8935 |    0.9295 |    0.8535 |    0.013s
    28 |   0.8688 |    0.8950 |    0.9339 |    0.8551 |    0.012s
    29 |   0.8629 |    0.8967 |    0.9295 |    0.8567 |    0.012s
    30 |   0.7976 |    0.8983 |    0.9339 |    0.8585 |    0.014s
    31 |   0.8235 |    0.8999 |    0.9383 |    0.8603 |    0.014s
    32 |   0.8739 |    0.9015 |    0.9383 |    0.8621 |    0.013s
    33 |   0.7810 |    0.9027 |    0.9339 |    0.8636 |    0.014s
    34 |   0.7616 |    0.9038 |    0.9339 |    0.8644 |    0.014s
    35 |   0.7204 |    0.9044 |    0.9383 |    0.8651 |    0.015s
    36 |   0.7025 |    0.9049 |    0.9383 |    0.8656 |    0.014s
    37 |   0.7220 |    0.9058 |    0.9383 |    0.8661 |    0.013s
    38 |   0.7002 |    0.9066 |    0.9383 |    0.8662 |    0.014s
    39 |   0.7003 |    0.9074 |    0.9383 |    0.8664 |    0.014s
    40 |   0.7106 |    0.9077 |    0.9383 |    0.8664 |    0.017s
    41 |   0.6721 |    0.9077 |    0.9383 |    0.8661 |    0.013s
    42 |   0.6763 |    0.9075 |    0.9383 |    0.8657 |    0.012s
    43 |   0.6656 |    0.9072 |    0.9339 |    0.8653 |    0.014s
    44 |   0.6531 |    0.9071 |    0.9339 |    0.8653 |    0.014s
    45 |   0.6892 |    0.9072 |    0.9383 |    0.8657 |    0.015s
    46 |   0.6596 |    0.9076 |    0.9383 |    0.8663 |    0.014s
    47 |   0.6592 |    0.9083 |    0.9383 |    0.8672 |    0.014s
    48 |   0.6184 |    0.9091 |    0.9383 |    0.8681 |    0.014s
    49 |   0.6165 |    0.9098 |    0.9383 |    0.8690 |    0.014s
    50 |   0.6254 |    0.9105 |    0.9383 |    0.8699 |    0.013s
    51 |   0.6265 |    0.9112 |    0.9383 |    0.8706 |    0.014s
    52 |   0.6276 |    0.9116 |    0.9339 |    0.8713 |    0.015s
    53 |   0.6149 |    0.9117 |    0.9339 |    0.8721 |    0.015s
    54 |   0.6142 |    0.9118 |    0.9339 |    0.8725 |    0.013s
    55 |   0.5890 |    0.9117 |    0.9339 |    0.8728 |    0.013s
    56 |   0.6136 |    0.9118 |    0.9339 |    0.8732 |    0.013s
    57 |   0.6046 |    0.9120 |    0.9339 |    0.8734 |    0.013s
    58 |   0.5783 |    0.9123 |    0.9339 |    0.8738 |    0.014s
    59 |   0.5869 |    0.9126 |    0.9339 |    0.8742 |    0.014s
    60 |   0.5825 |    0.9129 |    0.9339 |    0.8746 |    0.015s
    61 |   0.5977 |    0.9131 |    0.9383 |    0.8750 |    0.015s
    62 |   0.6083 |    0.9133 |    0.9339 |    0.8756 |    0.014s
    63 |   0.5885 |    0.9135 |    0.9383 |    0.8760 |    0.014s
    64 |   0.5987 |    0.9136 |    0.9383 |    0.8765 |    0.014s
    65 |   0.5646 |    0.9139 |    0.9383 |    0.8769 |    0.014s
    66 |   0.5733 |    0.9142 |    0.9427 |    0.8775 |    0.015s
    67 |   0.5862 |    0.9147 |    0.9427 |    0.8780 |    0.016s
    68 |   0.5867 |    0.9154 |    0.9427 |    0.8787 |    0.012s
    69 |   0.5820 |    0.9161 |    0.9427 |    0.8793 |    0.014s
    70 |   0.5876 |    0.9169 |    0.9427 |    0.8797 |    0.013s
    71 |   0.5700 |    0.9176 |    0.9471 |    0.8801 |    0.015s
    72 |   0.5694 |    0.9183 |    0.9515 |    0.8803 |    0.015s
    73 |   0.5672 |    0.9189 |    0.9471 |    0.8805 |    0.014s
    74 |   0.5735 |    0.9194 |    0.9471 |    0.8808 |    0.014s
    75 |   0.5624 |    0.9198 |    0.9515 |    0.8813 |    0.014s
    76 |   0.5667 |    0.9202 |    0.9515 |    0.8818 |    0.015s
    77 |   0.5714 |    0.9206 |    0.9515 |    0.8823 |    0.015s
    78 |   0.5754 |    0.9211 |    0.9515 |    0.8828 |    0.016s
    79 |   0.5522 |    0.9215 |    0.9515 |    0.8833 |    0.014s
    80 |   0.5604 |    0.9218 |    0.9515 |    0.8837 |    0.013s
    81 |   0.5559 |    0.9219 |    0.9515 |    0.8842 |    0.019s
    82 |   0.5499 |    0.9221 |    0.9515 |    0.8848 |    0.012s
    83 |   0.5559 |    0.9224 |    0.9515 |    0.8853 |    0.012s
    84 |   0.5614 |    0.9227 |    0.9515 |    0.8859 |    0.015s
    85 |   0.5583 |    0.9231 |    0.9559 |    0.8863 |    0.014s
    86 |   0.5665 |    0.9236 |    0.9559 |    0.8868 |    0.015s
    87 |   0.5497 |    0.9241 |    0.9559 |    0.8873 |    0.014s
    88 |   0.5505 |    0.9247 |    0.9559 |    0.8877 |    0.014s
    89 |   0.5639 |    0.9252 |    0.9559 |    0.8882 |    0.014s
    90 |   0.5557 |    0.9258 |    0.9559 |    0.8888 |    0.016s
    91 |   0.5560 |    0.9263 |    0.9559 |    0.8894 |    0.015s
    92 |   0.5566 |    0.9268 |    0.9559 |    0.8900 |    0.014s
    93 |   0.5472 |    0.9272 |    0.9604 |    0.8906 |    0.015s
    94 |   0.5426 |    0.9274 |    0.9604 |    0.8911 |    0.017s
    95 |   0.5489 |    0.9274 |    0.9604 |    0.8918 |    0.014s
    96 |   0.5502 |    0.9275 |    0.9604 |    0.8922 |    0.014s
    97 |   0.5509 |    0.9278 |    0.9604 |    0.8926 |    0.012s
    98 |   0.5404 |    0.9280 |    0.9604 |    0.8931 |    0.014s
    99 |   0.5469 |    0.9284 |    0.9604 |    0.8936 |    0.013s
   100 |   0.5416 |    0.9288 |    0.9648 |    0.8941 |    0.014s
------------------------------------------------------------------------------
【结果汇总】
  最佳验证 AUC      : 0.9288  (第 100 轮)
  对应的测试 AUC    : 0.8941
  对应的测试 Hits@50: 0.9341  (随机猜约 0.495)
  训练总耗时        : 3.06s / 整体墙钟 5.48s
  平均每轮训练耗时  : 0.03s (每轮 1 次参数更新)
  评估累计耗时      : 0.90s
结果已追加保存到：D:\PHD\博一\入学任务\任务二_链路预测\results\results.jsonl
