==============================================================================
任务二 链路预测 | 数据集=Citeseer 模型=GIN 训练方式=full 解码器=dot
超参数：lr=0.01, layers=2, hidden=128, emb_dim=64, dropout=0.5, epochs=100
==============================================================================
数据划分：Citeseer: 节点=3327, 训练边=3870, 验证边=227, 测试边=455, 消息传递边=7740, 每个测试正样本配 100 个负样本
模型参数量：503,298（编码器 503,298 + 解码器 0）
全图训练：每个 epoch 给全部 3870 条训练边打分
------------------------------------------------------------------------------
 Epoch |     Loss |   Val AUC |  Val H@50 |  Test AUC |      时间/轮
------------------------------------------------------------------------------
     1 |   6.5495 |    0.6226 |    0.6167 |    0.5849 |    0.252s
     2 |  21.8945 |    0.6203 |    0.6167 |    0.5832 |    0.012s
     3 |   1.5299 |    0.6209 |    0.6300 |    0.5809 |    0.013s
     4 |   1.1069 |    0.6188 |    0.6388 |    0.5776 |    0.013s
     5 |   0.8645 |    0.5686 |    0.6079 |    0.5164 |    0.011s
     6 |   0.6855 |    0.0333 |    0.0132 |    0.0376 |    0.010s
     7 |   0.6995 |    0.0590 |    0.0132 |    0.0702 |    0.012s
     8 |   0.7059 |    0.0848 |    0.0176 |    0.0814 |    0.012s
     9 |   0.7079 |    0.0986 |    0.0220 |    0.0998 |    0.011s
    10 |   0.7093 |    0.1041 |    0.0396 |    0.1246 |    0.015s
    11 |   0.7059 |    0.1260 |    0.0264 |    0.1363 |    0.012s
    12 |   0.7065 |    0.2025 |    0.0617 |    0.1914 |    0.011s
    13 |   0.7055 |    0.2795 |    0.0793 |    0.2782 |    0.010s
    14 |   0.7022 |    0.3986 |    0.1410 |    0.3970 |    0.010s
    15 |   0.6983 |    0.5081 |    0.2599 |    0.5208 |    0.011s
    16 |   0.7097 |    0.5351 |    0.3260 |    0.5346 |    0.012s
    17 |   0.6964 |    0.5282 |    0.2952 |    0.5272 |    0.012s
    18 |   0.6977 |    0.5015 |    0.2159 |    0.5002 |    0.011s
    19 |   0.6937 |    0.4410 |    0.1454 |    0.4327 |    0.012s
    20 |   0.7025 |    0.3653 |    0.1101 |    0.3698 |    0.012s
    21 |   0.6951 |    0.2938 |    0.0837 |    0.2754 |    0.011s
    22 |   0.6931 |    0.2650 |    0.0705 |    0.2543 |    0.012s
    23 |   0.6904 |    0.2951 |    0.0837 |    0.2871 |    0.011s
    24 |   0.6894 |    0.3408 |    0.1013 |    0.3391 |    0.018s
    25 |   0.6860 |    0.3885 |    0.1145 |    0.3856 |    0.010s
    26 |   0.6863 |    0.4302 |    0.1366 |    0.4294 |    0.011s
    27 |   0.6908 |    0.4205 |    0.1322 |    0.4178 |    0.012s
    28 |   0.6802 |    0.4070 |    0.1278 |    0.4042 |    0.012s
    29 |   0.6830 |    0.3802 |    0.1145 |    0.3811 |    0.011s
    30 |   0.6815 |    0.4083 |    0.1322 |    0.4039 |    0.010s
    31 |   0.6800 |    0.4393 |    0.1410 |    0.4319 |    0.010s
    32 |   0.7054 |    0.4136 |    0.1322 |    0.4081 |    0.010s
    33 |   0.6742 |    0.3840 |    0.1189 |    0.3839 |    0.012s
    34 |   0.6706 |    0.3726 |    0.1189 |    0.3655 |    0.011s
    35 |   0.6705 |    0.3663 |    0.1145 |    0.3607 |    0.011s
    36 |   0.6737 |    0.3670 |    0.1145 |    0.3597 |    0.011s
    37 |   0.6725 |    0.3763 |    0.1145 |    0.3753 |    0.012s
    38 |   0.6815 |    0.3779 |    0.1145 |    0.3772 |    0.019s
    39 |   0.6723 |    0.3866 |    0.1189 |    0.3846 |    0.012s
    40 |   0.6748 |    0.3833 |    0.1145 |    0.3820 |    0.011s
    41 |   0.7030 |    0.3476 |    0.1101 |    0.3311 |    0.012s
    42 |   0.6682 |    0.3466 |    0.1101 |    0.3311 |    0.011s
    43 |   0.6747 |    0.3561 |    0.1145 |    0.3436 |    0.011s
    44 |   0.6610 |    0.3970 |    0.1189 |    0.3902 |    0.010s
    45 |   0.6644 |    0.4362 |    0.1366 |    0.4234 |    0.012s
    46 |   0.6670 |    0.4509 |    0.1542 |    0.4370 |    0.011s
    47 |   0.6906 |    0.4355 |    0.1366 |    0.4184 |    0.014s
    48 |   0.6631 |    0.4331 |    0.1366 |    0.4148 |    0.011s
    49 |   0.6682 |    0.4205 |    0.1322 |    0.4045 |    0.011s
    50 |   0.6642 |    0.4023 |    0.1233 |    0.3890 |    0.011s
    51 |   0.6626 |    0.4002 |    0.1233 |    0.3861 |    0.012s
    52 |   0.6546 |    0.4018 |    0.1233 |    0.3872 |    0.013s
    53 |   0.6686 |    0.3932 |    0.1233 |    0.3785 |    0.018s
    54 |   0.6556 |    0.3861 |    0.1189 |    0.3706 |    0.009s
    55 |   0.6596 |    0.3823 |    0.1145 |    0.3695 |    0.012s
    56 |   0.6636 |    0.4086 |    0.1233 |    0.3918 |    0.012s
    57 |   0.6579 |    0.4299 |    0.1278 |    0.4132 |    0.013s
    58 |   0.6572 |    0.4427 |    0.1410 |    0.4229 |    0.011s
    59 |   0.6635 |    0.4312 |    0.1278 |    0.4181 |    0.010s
    60 |   0.6657 |    0.4196 |    0.1145 |    0.4057 |    0.012s
    61 |   0.6502 |    0.4279 |    0.1189 |    0.4143 |    0.011s
    62 |   0.6518 |    0.4507 |    0.1366 |    0.4353 |    0.012s
    63 |   0.6554 |    0.4888 |    0.2952 |    0.4709 |    0.011s
    64 |   0.6530 |    0.5321 |    0.6211 |    0.5237 |    0.012s
    65 |   0.6443 |    0.5559 |    0.6916 |    0.5489 |    0.011s
    66 |   0.6523 |    0.5811 |    0.7445 |    0.5813 |    0.011s
    67 |   0.6399 |    0.6037 |    0.7489 |    0.6055 |    0.018s
    68 |   0.6452 |    0.6426 |    0.7489 |    0.6485 |    0.020s
    69 |   0.6503 |    0.6767 |    0.7665 |    0.6859 |    0.012s
    70 |   0.6428 |    0.6910 |    0.7533 |    0.7016 |    0.010s
    71 |   0.6534 |    0.7054 |    0.7489 |    0.7157 |    0.012s
    72 |   0.6422 |    0.7131 |    0.7489 |    0.7263 |    0.012s
    73 |   0.6693 |    0.7146 |    0.7621 |    0.7300 |    0.011s
    74 |   0.6358 |    0.7246 |    0.7797 |    0.7349 |    0.011s
    75 |   0.6440 |    0.7308 |    0.8018 |    0.7376 |    0.012s
    76 |   0.6454 |    0.7361 |    0.8106 |    0.7414 |    0.012s
    77 |   0.6403 |    0.7347 |    0.8062 |    0.7397 |    0.011s
    78 |   0.6438 |    0.7322 |    0.8194 |    0.7387 |    0.011s
    79 |   0.6356 |    0.7318 |    0.8150 |    0.7392 |    0.012s
    80 |   0.6406 |    0.7321 |    0.8150 |    0.7394 |    0.011s
    81 |   0.6390 |    0.7382 |    0.8194 |    0.7413 |    0.014s
    82 |   0.6569 |    0.7448 |    0.8062 |    0.7477 |    0.012s
    83 |   0.6510 |    0.7436 |    0.8018 |    0.7439 |    0.018s
    84 |   0.6394 |    0.7387 |    0.7974 |    0.7433 |    0.011s
    85 |   0.6292 |    0.7322 |    0.7841 |    0.7404 |    0.011s
    86 |   0.6292 |    0.7214 |    0.7709 |    0.7344 |    0.012s
    87 |   0.6369 |    0.7174 |    0.7621 |    0.7316 |    0.012s
    88 |   0.6374 |    0.7158 |    0.7709 |    0.7302 |    0.012s
    89 |   0.6282 |    0.7194 |    0.7753 |    0.7324 |    0.011s
    90 |   0.6573 |    0.7274 |    0.7797 |    0.7356 |    0.010s
    91 |   0.6287 |    0.7366 |    0.7974 |    0.7393 |    0.010s
    92 |   0.6433 |    0.7300 |    0.8018 |    0.7363 |    0.011s
    93 |   0.6461 |    0.7203 |    0.7533 |    0.7299 |    0.011s
    94 |   0.6542 |    0.7162 |    0.7445 |    0.7252 |    0.009s
    95 |   0.6371 |    0.7159 |    0.7489 |    0.7239 |    0.011s
    96 |   0.6370 |    0.7210 |    0.7665 |    0.7278 |    0.012s
    97 |   0.6380 |    0.7377 |    0.7885 |    0.7388 |    0.012s
    98 |   0.6279 |    0.7439 |    0.8238 |    0.7408 |    0.019s
    99 |   0.6272 |    0.7461 |    0.8238 |    0.7400 |    0.009s
   100 |   0.6218 |    0.7469 |    0.8062 |    0.7393 |    0.012s
------------------------------------------------------------------------------
【结果汇总】
  最佳验证 AUC      : 0.7469  (第 100 轮)
  对应的测试 AUC    : 0.7393
  对应的测试 Hits@50: 0.8044  (随机猜约 0.495)
  训练总耗时        : 1.41s / 整体墙钟 2.79s
  平均每轮训练耗时  : 0.01s (每轮 1 次参数更新)
  评估累计耗时      : 0.21s
结果已追加保存到：D:\PHD\博一\入学任务\任务二_链路预测\results\results.jsonl
