==============================================================================
任务二 链路预测 | 数据集=Citeseer 模型=GCN 训练方式=full 解码器=dot
超参数：lr=0.01, layers=2, hidden=128, emb_dim=64, dropout=0.5, epochs=100
==============================================================================
数据划分：Citeseer: 节点=3327, 训练边=3870, 验证边=227, 测试边=455, 消息传递边=7740, 每个测试正样本配 100 个负样本
模型参数量：482,624（编码器 482,624 + 解码器 0）
全图训练：每个 epoch 给全部 3870 条训练边打分
------------------------------------------------------------------------------
 Epoch |     Loss |   Val AUC |  Val H@50 |  Test AUC |      时间/轮
------------------------------------------------------------------------------
     1 |   7.4742 |    0.8446 |    0.8943 |    0.8176 |    0.194s
     2 |   3.2888 |    0.8135 |    0.8899 |    0.7899 |    0.010s
     3 |   2.5155 |    0.7882 |    0.8502 |    0.7748 |    0.010s
     4 |   3.0573 |    0.7624 |    0.7974 |    0.7639 |    0.012s
     5 |   3.2026 |    0.7547 |    0.7974 |    0.7622 |    0.008s
     6 |   2.8011 |    0.7790 |    0.8458 |    0.7814 |    0.007s
     7 |   2.0811 |    0.8100 |    0.8855 |    0.8057 |    0.008s
     8 |   1.8541 |    0.8288 |    0.9163 |    0.8201 |    0.021s
     9 |   1.6270 |    0.8351 |    0.9383 |    0.8233 |    0.010s
    10 |   1.6694 |    0.8340 |    0.9251 |    0.8243 |    0.014s
    11 |   1.5767 |    0.8346 |    0.9295 |    0.8254 |    0.010s
    12 |   1.4927 |    0.8363 |    0.9251 |    0.8269 |    0.009s
    13 |   1.4030 |    0.8363 |    0.9163 |    0.8275 |    0.008s
    14 |   1.3482 |    0.8369 |    0.9207 |    0.8266 |    0.015s
    15 |   1.2527 |    0.8351 |    0.9075 |    0.8242 |    0.012s
    16 |   1.2102 |    0.8339 |    0.9031 |    0.8224 |    0.016s
    17 |   1.2084 |    0.8352 |    0.9031 |    0.8234 |    0.010s
    18 |   1.0771 |    0.8380 |    0.9031 |    0.8260 |    0.009s
    19 |   0.9841 |    0.8413 |    0.9075 |    0.8276 |    0.006s
    20 |   0.9341 |    0.8446 |    0.9207 |    0.8286 |    0.011s
    21 |   0.8678 |    0.8461 |    0.9163 |    0.8289 |    0.007s
    22 |   0.9132 |    0.8464 |    0.9207 |    0.8288 |    0.022s
    23 |   0.8772 |    0.8485 |    0.9207 |    0.8298 |    0.009s
    24 |   0.8604 |    0.8515 |    0.9207 |    0.8323 |    0.009s
    25 |   0.8269 |    0.8555 |    0.9207 |    0.8355 |    0.009s
    26 |   0.8108 |    0.8592 |    0.9251 |    0.8385 |    0.009s
    27 |   0.7774 |    0.8618 |    0.9251 |    0.8411 |    0.010s
    28 |   0.7116 |    0.8628 |    0.9163 |    0.8430 |    0.011s
    29 |   0.7106 |    0.8634 |    0.9119 |    0.8441 |    0.011s
    30 |   0.7133 |    0.8640 |    0.9163 |    0.8452 |    0.013s
    31 |   0.6901 |    0.8655 |    0.9119 |    0.8470 |    0.010s
    32 |   0.6725 |    0.8676 |    0.9163 |    0.8491 |    0.017s
    33 |   0.6647 |    0.8702 |    0.9119 |    0.8515 |    0.013s
    34 |   0.6454 |    0.8726 |    0.9119 |    0.8539 |    0.010s
    35 |   0.6200 |    0.8745 |    0.9031 |    0.8563 |    0.012s
    36 |   0.6405 |    0.8771 |    0.9119 |    0.8586 |    0.009s
    37 |   0.6109 |    0.8798 |    0.9163 |    0.8607 |    0.009s
    38 |   0.5898 |    0.8822 |    0.9251 |    0.8629 |    0.011s
    39 |   0.5916 |    0.8846 |    0.9339 |    0.8652 |    0.008s
    40 |   0.5956 |    0.8870 |    0.9383 |    0.8675 |    0.008s
    41 |   0.5582 |    0.8891 |    0.9339 |    0.8698 |    0.010s
    42 |   0.5638 |    0.8910 |    0.9339 |    0.8719 |    0.019s
    43 |   0.5542 |    0.8932 |    0.9339 |    0.8740 |    0.009s
    44 |   0.5461 |    0.8957 |    0.9383 |    0.8760 |    0.009s
    45 |   0.5342 |    0.8978 |    0.9383 |    0.8781 |    0.012s
    46 |   0.5239 |    0.8995 |    0.9339 |    0.8799 |    0.011s
    47 |   0.5395 |    0.9010 |    0.9295 |    0.8815 |    0.011s
    48 |   0.5408 |    0.9025 |    0.9339 |    0.8829 |    0.009s
    49 |   0.5179 |    0.9034 |    0.9339 |    0.8840 |    0.022s
    50 |   0.5105 |    0.9045 |    0.9383 |    0.8848 |    0.023s
    51 |   0.5037 |    0.9055 |    0.9471 |    0.8856 |    0.009s
    52 |   0.5154 |    0.9062 |    0.9471 |    0.8862 |    0.011s
    53 |   0.5086 |    0.9062 |    0.9471 |    0.8869 |    0.009s
    54 |   0.4931 |    0.9066 |    0.9427 |    0.8874 |    0.010s
    55 |   0.4881 |    0.9069 |    0.9427 |    0.8875 |    0.009s
    56 |   0.4844 |    0.9072 |    0.9339 |    0.8878 |    0.008s
    57 |   0.4855 |    0.9072 |    0.9339 |    0.8880 |    0.016s
    58 |   0.4775 |    0.9072 |    0.9339 |    0.8890 |    0.011s
    59 |   0.4596 |    0.9078 |    0.9339 |    0.8902 |    0.011s
    60 |   0.4813 |    0.9086 |    0.9339 |    0.8915 |    0.009s
    61 |   0.4876 |    0.9097 |    0.9383 |    0.8931 |    0.008s
    62 |   0.4693 |    0.9109 |    0.9383 |    0.8947 |    0.010s
    63 |   0.4620 |    0.9124 |    0.9383 |    0.8960 |    0.011s
    64 |   0.4612 |    0.9138 |    0.9383 |    0.8974 |    0.023s
    65 |   0.4716 |    0.9149 |    0.9383 |    0.8985 |    0.007s
    66 |   0.4612 |    0.9161 |    0.9339 |    0.8997 |    0.010s
    67 |   0.4746 |    0.9167 |    0.9383 |    0.9009 |    0.011s
    68 |   0.4664 |    0.9173 |    0.9383 |    0.9016 |    0.008s
    69 |   0.4613 |    0.9182 |    0.9427 |    0.9022 |    0.015s
    70 |   0.4527 |    0.9187 |    0.9427 |    0.9028 |    0.011s
    71 |   0.4584 |    0.9191 |    0.9427 |    0.9032 |    0.010s
    72 |   0.4594 |    0.9195 |    0.9471 |    0.9037 |    0.015s
    73 |   0.4418 |    0.9198 |    0.9427 |    0.9044 |    0.009s
    74 |   0.4570 |    0.9205 |    0.9427 |    0.9050 |    0.008s
    75 |   0.4425 |    0.9212 |    0.9427 |    0.9058 |    0.009s
    76 |   0.4397 |    0.9219 |    0.9427 |    0.9067 |    0.010s
    77 |   0.4476 |    0.9229 |    0.9427 |    0.9075 |    0.007s
    78 |   0.4553 |    0.9241 |    0.9427 |    0.9078 |    0.011s
    79 |   0.4398 |    0.9257 |    0.9427 |    0.9083 |    0.013s
    80 |   0.4381 |    0.9271 |    0.9427 |    0.9088 |    0.008s
    81 |   0.4332 |    0.9285 |    0.9471 |    0.9093 |    0.009s
    82 |   0.4409 |    0.9299 |    0.9559 |    0.9099 |    0.011s
    83 |   0.4485 |    0.9311 |    0.9559 |    0.9106 |    0.014s
    84 |   0.4420 |    0.9324 |    0.9559 |    0.9113 |    0.009s
    85 |   0.4368 |    0.9335 |    0.9559 |    0.9122 |    0.020s
    86 |   0.4313 |    0.9340 |    0.9559 |    0.9131 |    0.011s
    87 |   0.4281 |    0.9347 |    0.9604 |    0.9141 |    0.009s
    88 |   0.4238 |    0.9355 |    0.9604 |    0.9153 |    0.011s
    89 |   0.4256 |    0.9361 |    0.9604 |    0.9166 |    0.017s
    90 |   0.4339 |    0.9368 |    0.9604 |    0.9177 |    0.007s
    91 |   0.4401 |    0.9375 |    0.9604 |    0.9186 |    0.011s
    92 |   0.4418 |    0.9383 |    0.9604 |    0.9192 |    0.008s
    93 |   0.4351 |    0.9391 |    0.9604 |    0.9196 |    0.008s
    94 |   0.4273 |    0.9398 |    0.9604 |    0.9197 |    0.009s
    95 |   0.4268 |    0.9405 |    0.9604 |    0.9199 |    0.010s
    96 |   0.4253 |    0.9414 |    0.9604 |    0.9201 |    0.014s
    97 |   0.4244 |    0.9420 |    0.9692 |    0.9204 |    0.010s
    98 |   0.4218 |    0.9423 |    0.9692 |    0.9207 |    0.008s
    99 |   0.4310 |    0.9424 |    0.9692 |    0.9212 |    0.020s
   100 |   0.4203 |    0.9423 |    0.9692 |    0.9217 |    0.009s
------------------------------------------------------------------------------
【结果汇总】
  最佳验证 AUC      : 0.9424  (第 99 轮)
  对应的测试 AUC    : 0.9212
  对应的测试 Hits@50: 0.9538  (随机猜约 0.495)
  训练总耗时        : 1.27s / 整体墙钟 2.67s
  平均每轮训练耗时  : 0.01s (每轮 1 次参数更新)
  评估累计耗时      : 0.46s
结果已追加保存到：D:\PHD\博一\入学任务\任务二_链路预测\results\results.jsonl
