==============================================================================
任务二 链路预测 | 数据集=Citeseer 模型=GIN 训练方式=sample 解码器=dot
超参数：lr=0.01, layers=2, hidden=128, emb_dim=64, dropout=0.5, epochs=100
==============================================================================
数据划分：Citeseer: 节点=3327, 训练边=3870, 验证边=227, 测试边=455, 消息传递边=7740, 每个测试正样本配 100 个负样本
模型参数量：503,298（编码器 503,298 + 解码器 0）
采样设置：batch_size=256, num_neighbors=[10, 10], 种子节点=3048, 每轮 batch 数=12
------------------------------------------------------------------------------
 Epoch |     Loss |   Val AUC |  Val H@50 |  Test AUC |      时间/轮
------------------------------------------------------------------------------
     1 |   3.1824 |    0.5776 |    0.4714 |    0.5463 |    0.897s
     2 |   0.6961 |    0.6777 |    0.6300 |    0.6574 |    0.302s
     3 |   0.6358 |    0.6566 |    0.7004 |    0.6557 |    0.324s
     4 |   0.6596 |    0.4523 |    0.2291 |    0.4277 |    0.348s
     5 |   0.6146 |    0.7070 |    0.7621 |    0.6687 |    0.300s
     6 |   0.7813 |    0.3666 |    0.1189 |    0.3312 |    0.299s
     7 |   0.6745 |    0.4155 |    0.1366 |    0.3897 |    0.300s
     8 |   0.6849 |    0.2767 |    0.0837 |    0.2568 |    0.314s
     9 |   0.6857 |    0.4106 |    0.1233 |    0.3974 |    0.287s
    10 |   0.6567 |    0.5328 |    0.4890 |    0.5152 |    0.299s
    11 |   0.6391 |    0.7472 |    0.8062 |    0.7169 |    0.317s
    12 |   0.6506 |    0.5083 |    0.3744 |    0.4905 |    0.299s
    13 |   0.6626 |    0.5479 |    0.6784 |    0.5281 |    0.306s
    14 |   0.6317 |    0.7137 |    0.7885 |    0.6945 |    0.288s
    15 |   0.6048 |    0.7494 |    0.8150 |    0.7380 |    0.293s
    16 |   0.6454 |    0.7245 |    0.7621 |    0.7123 |    0.320s
    17 |   0.6220 |    0.7209 |    0.7709 |    0.7205 |    0.289s
    18 |   0.6301 |    0.7036 |    0.7489 |    0.7002 |    0.301s
    19 |   0.6116 |    0.7616 |    0.8458 |    0.7205 |    0.301s
    20 |   0.6023 |    0.7622 |    0.8282 |    0.7136 |    0.326s
    21 |   0.6343 |    0.7639 |    0.8502 |    0.7290 |    0.312s
    22 |   0.6091 |    0.7622 |    0.8018 |    0.7216 |    0.290s
    23 |   0.6003 |    0.7442 |    0.8062 |    0.7327 |    0.310s
    24 |   0.6088 |    0.7422 |    0.7974 |    0.7351 |    0.310s
    25 |   0.5950 |    0.7607 |    0.8458 |    0.7434 |    0.304s
    26 |   0.5908 |    0.7685 |    0.8194 |    0.7474 |    0.301s
    27 |   0.5771 |    0.7442 |    0.8194 |    0.7363 |    0.340s
    28 |   0.5859 |    0.7287 |    0.7841 |    0.7334 |    0.305s
    29 |   0.5663 |    0.7630 |    0.8370 |    0.7445 |    0.305s
    30 |   0.6063 |    0.7271 |    0.8018 |    0.7010 |    0.304s
    31 |   0.5864 |    0.7677 |    0.8414 |    0.7359 |    0.294s
    32 |   0.5749 |    0.7726 |    0.8546 |    0.7423 |    0.314s
    33 |   0.5686 |    0.7539 |    0.8370 |    0.7453 |    0.334s
    34 |   0.5660 |    0.7699 |    0.8502 |    0.7456 |    0.303s
    35 |   0.5598 |    0.7774 |    0.8370 |    0.7538 |    0.343s
    36 |   0.5906 |    0.7855 |    0.8458 |    0.7724 |    0.300s
    37 |   0.6029 |    0.7553 |    0.8722 |    0.7301 |    0.273s
    38 |   0.6047 |    0.7839 |    0.8722 |    0.7390 |    0.272s
    39 |   0.5594 |    0.7891 |    0.8767 |    0.7413 |    0.261s
    40 |   0.5414 |    0.7958 |    0.8722 |    0.7654 |    0.261s
    41 |   0.5353 |    0.7721 |    0.8282 |    0.7511 |    0.263s
    42 |   0.5969 |    0.7429 |    0.8458 |    0.7417 |    0.284s
    43 |   0.5901 |    0.7479 |    0.8590 |    0.7112 |    0.253s
    44 |   0.5975 |    0.7812 |    0.8855 |    0.7451 |    0.265s
    45 |   0.5656 |    0.7917 |    0.8767 |    0.7602 |    0.267s
    46 |   0.5613 |    0.7918 |    0.8678 |    0.7673 |    0.372s
    47 |   0.5448 |    0.7943 |    0.8811 |    0.7780 |    0.271s
    48 |   0.5987 |    0.7086 |    0.7885 |    0.7104 |    0.295s
    49 |   0.5712 |    0.7829 |    0.8722 |    0.7650 |    0.291s
    50 |   0.5508 |    0.7807 |    0.8767 |    0.7710 |    0.291s
    51 |   0.5956 |    0.7354 |    0.8590 |    0.7178 |    0.302s
    52 |   0.6029 |    0.7400 |    0.8502 |    0.7321 |    0.298s
    53 |   0.5770 |    0.7433 |    0.8634 |    0.7263 |    0.304s
    54 |   0.5700 |    0.7398 |    0.8458 |    0.7205 |    0.412s
    55 |   0.5584 |    0.7437 |    0.8414 |    0.7200 |    0.281s
    56 |   0.5643 |    0.7448 |    0.8414 |    0.7183 |    0.296s
    57 |   0.5784 |    0.7482 |    0.8150 |    0.7197 |    0.313s
    58 |   0.5762 |    0.7473 |    0.8150 |    0.7257 |    0.330s
    59 |   0.5697 |    0.7381 |    0.8106 |    0.7388 |    0.317s
    60 |   0.5663 |    0.7160 |    0.7930 |    0.7204 |    0.299s
    61 |   0.5721 |    0.7254 |    0.7665 |    0.7159 |    0.302s
    62 |   0.5489 |    0.7381 |    0.7709 |    0.7298 |    0.290s
    63 |   0.5738 |    0.7358 |    0.7930 |    0.7223 |    0.292s
    64 |   0.5566 |    0.7462 |    0.7841 |    0.7209 |    0.302s
    65 |   0.5432 |    0.7521 |    0.8194 |    0.7477 |    0.288s
    66 |   0.5789 |    0.7496 |    0.8106 |    0.7508 |    0.301s
    67 |   0.5603 |    0.7476 |    0.8018 |    0.7269 |    0.309s
    68 |   0.5837 |    0.7483 |    0.7885 |    0.7345 |    0.309s
    69 |   0.5647 |    0.7483 |    0.7753 |    0.7354 |    0.298s
    70 |   0.5411 |    0.7525 |    0.7797 |    0.7381 |    0.312s
    71 |   0.5422 |    0.7552 |    0.8238 |    0.7386 |    0.312s
    72 |   0.5522 |    0.7594 |    0.8282 |    0.7318 |    0.336s
    73 |   0.5713 |    0.7708 |    0.8282 |    0.7362 |    0.302s
    74 |   0.5653 |    0.7489 |    0.8458 |    0.7380 |    0.336s
    75 |   0.5502 |    0.7624 |    0.8414 |    0.7299 |    0.305s
    76 |   0.5725 |    0.7558 |    0.8150 |    0.7191 |    0.305s
    77 |   0.5841 |    0.7643 |    0.8546 |    0.7449 |    0.304s
    78 |   0.5607 |    0.7634 |    0.8326 |    0.7171 |    0.302s
    79 |   0.5329 |    0.7698 |    0.8590 |    0.7179 |    0.304s
    80 |   0.5487 |    0.7673 |    0.8326 |    0.7220 |    0.316s
    81 |   0.5622 |    0.7692 |    0.8326 |    0.7228 |    0.300s
    82 |   0.5416 |    0.7684 |    0.8150 |    0.7241 |    0.299s
    83 |   0.5295 |    0.7696 |    0.8502 |    0.7361 |    0.304s
    84 |   0.5505 |    0.7730 |    0.8546 |    0.7377 |    0.311s
    85 |   0.5309 |    0.7730 |    0.8590 |    0.7307 |    0.293s
    86 |   0.5640 |    0.7828 |    0.8855 |    0.7413 |    0.314s
    87 |   0.5441 |    0.7855 |    0.8502 |    0.7436 |    0.312s
    88 |   0.5566 |    0.7886 |    0.8855 |    0.7495 |    0.316s
    89 |   0.5855 |    0.7989 |    0.8899 |    0.7678 |    0.346s
    90 |   0.5401 |    0.7955 |    0.9119 |    0.7655 |    0.326s
    91 |   0.5352 |    0.7860 |    0.8767 |    0.7569 |    0.253s
    92 |   0.5418 |    0.7614 |    0.8458 |    0.7300 |    0.255s
    93 |   0.5244 |    0.7954 |    0.8634 |    0.7580 |    0.260s
    94 |   0.5514 |    0.7806 |    0.8458 |    0.7500 |    0.257s
    95 |   0.5271 |    0.7785 |    0.8414 |    0.7547 |    0.246s
    96 |   0.5619 |    0.7758 |    0.8282 |    0.7473 |    0.260s
    97 |   0.5200 |    0.7865 |    0.8282 |    0.7594 |    0.272s
    98 |   0.5570 |    0.7776 |    0.8238 |    0.7430 |    0.259s
    99 |   0.5497 |    0.7782 |    0.8458 |    0.7518 |    0.253s
   100 |   0.5236 |    0.7645 |    0.8458 |    0.7363 |    0.257s
------------------------------------------------------------------------------
【结果汇总】
  最佳验证 AUC      : 0.7989  (第 89 轮)
  对应的测试 AUC    : 0.7678
  对应的测试 Hits@50: 0.8440  (随机猜约 0.495)
  训练总耗时        : 30.57s / 整体墙钟 31.94s
  平均每轮训练耗时  : 0.30s (每轮 12 次参数更新)
  评估累计耗时      : 0.22s
结果已追加保存到：D:\PHD\博一\入学任务\任务二_链路预测\results\results.jsonl
