==============================================================================
任务二 链路预测 | 数据集=Citeseer 模型=GraphSAGE 训练方式=sample 解码器=dot
超参数：lr=0.01, layers=2, hidden=128, emb_dim=64, dropout=0.5, epochs=100
==============================================================================
数据划分：Citeseer: 节点=3327, 训练边=3870, 验证边=227, 测试边=455, 消息传递边=7740, 每个测试正样本配 100 个负样本
模型参数量：964,800（编码器 964,800 + 解码器 0）
采样设置：batch_size=256, num_neighbors=[10, 10], 种子节点=3048, 每轮 batch 数=12
------------------------------------------------------------------------------
 Epoch |     Loss |   Val AUC |  Val H@50 |  Test AUC |      时间/轮
------------------------------------------------------------------------------
     1 |   3.0318 |    0.7746 |    0.8458 |    0.7413 |    0.461s
     2 |   1.2506 |    0.8159 |    0.8943 |    0.7899 |    0.236s
     3 |   0.8751 |    0.8300 |    0.9075 |    0.8170 |    0.278s
     4 |   0.8364 |    0.8250 |    0.9075 |    0.8214 |    0.262s
     5 |   0.6696 |    0.8304 |    0.9119 |    0.8169 |    0.288s
     6 |   0.5653 |    0.8379 |    0.9295 |    0.8189 |    0.255s
     7 |   0.6269 |    0.8473 |    0.9383 |    0.8262 |    0.355s
     8 |   0.5550 |    0.8616 |    0.9207 |    0.8332 |    0.304s
     9 |   0.5835 |    0.8561 |    0.9119 |    0.8377 |    0.284s
    10 |   0.5285 |    0.8545 |    0.9119 |    0.8327 |    0.293s
    11 |   0.5192 |    0.8593 |    0.9251 |    0.8343 |    0.265s
    12 |   0.5148 |    0.8664 |    0.9339 |    0.8407 |    0.260s
    13 |   0.5080 |    0.8611 |    0.9295 |    0.8369 |    0.268s
    14 |   0.5315 |    0.8655 |    0.9295 |    0.8418 |    0.336s
    15 |   0.4938 |    0.8611 |    0.9207 |    0.8408 |    0.286s
    16 |   0.4918 |    0.8648 |    0.9119 |    0.8399 |    0.254s
    17 |   0.5337 |    0.8584 |    0.9119 |    0.8398 |    0.297s
    18 |   0.5148 |    0.8512 |    0.9031 |    0.8388 |    0.289s
    19 |   0.4827 |    0.8568 |    0.9119 |    0.8407 |    0.272s
    20 |   0.4808 |    0.8591 |    0.9119 |    0.8392 |    0.258s
    21 |   0.4645 |    0.8686 |    0.9163 |    0.8448 |    0.243s
    22 |   0.4806 |    0.8681 |    0.9075 |    0.8423 |    0.234s
    23 |   0.4822 |    0.8814 |    0.9515 |    0.8474 |    0.242s
    24 |   0.4714 |    0.8790 |    0.9427 |    0.8482 |    0.260s
    25 |   0.4983 |    0.8767 |    0.9207 |    0.8507 |    0.229s
    26 |   0.4879 |    0.8771 |    0.9295 |    0.8515 |    0.240s
    27 |   0.4534 |    0.8750 |    0.9251 |    0.8517 |    0.224s
    28 |   0.4663 |    0.8744 |    0.9251 |    0.8548 |    0.223s
    29 |   0.4679 |    0.8802 |    0.9339 |    0.8539 |    0.239s
    30 |   0.4676 |    0.8803 |    0.9471 |    0.8552 |    0.240s
    31 |   0.4744 |    0.8816 |    0.9251 |    0.8563 |    0.234s
    32 |   0.4723 |    0.8921 |    0.9339 |    0.8565 |    0.242s
    33 |   0.4524 |    0.8984 |    0.9559 |    0.8574 |    0.230s
    34 |   0.4665 |    0.8951 |    0.9559 |    0.8618 |    0.260s
    35 |   0.4796 |    0.8948 |    0.9559 |    0.8569 |    0.261s
    36 |   0.4828 |    0.8947 |    0.9427 |    0.8564 |    0.265s
    37 |   0.4534 |    0.8979 |    0.9427 |    0.8561 |    0.257s
    38 |   0.4524 |    0.8984 |    0.9604 |    0.8596 |    0.257s
    39 |   0.4715 |    0.9025 |    0.9471 |    0.8520 |    0.239s
    40 |   0.4650 |    0.9067 |    0.9515 |    0.8588 |    0.270s
    41 |   0.4725 |    0.9038 |    0.9648 |    0.8533 |    0.279s
    42 |   0.4651 |    0.8983 |    0.9515 |    0.8491 |    0.243s
    43 |   0.4696 |    0.8940 |    0.9515 |    0.8512 |    0.251s
    44 |   0.4593 |    0.8954 |    0.9559 |    0.8520 |    0.270s
    45 |   0.4613 |    0.8925 |    0.9383 |    0.8552 |    0.279s
    46 |   0.4638 |    0.8830 |    0.9383 |    0.8502 |    0.252s
    47 |   0.4771 |    0.8860 |    0.9427 |    0.8548 |    0.256s
    48 |   0.4779 |    0.8895 |    0.9515 |    0.8560 |    0.246s
    49 |   0.4524 |    0.8972 |    0.9692 |    0.8562 |    0.240s
    50 |   0.4859 |    0.8916 |    0.9648 |    0.8581 |    0.253s
    51 |   0.4768 |    0.9005 |    0.9604 |    0.8595 |    0.243s
    52 |   0.4813 |    0.9000 |    0.9648 |    0.8581 |    0.251s
    53 |   0.5015 |    0.8897 |    0.9427 |    0.8563 |    0.255s
    54 |   0.4926 |    0.8861 |    0.9339 |    0.8529 |    0.255s
    55 |   0.4473 |    0.8860 |    0.9383 |    0.8557 |    0.268s
    56 |   0.4719 |    0.8892 |    0.9427 |    0.8589 |    0.295s
    57 |   0.4673 |    0.8871 |    0.9383 |    0.8630 |    0.308s
    58 |   0.4474 |    0.8828 |    0.9339 |    0.8636 |    0.263s
    59 |   0.4304 |    0.8824 |    0.9251 |    0.8672 |    0.268s
    60 |   0.4724 |    0.8838 |    0.9427 |    0.8639 |    0.279s
    61 |   0.4592 |    0.8753 |    0.9251 |    0.8543 |    0.269s
    62 |   0.5202 |    0.8800 |    0.9339 |    0.8580 |    0.251s
    63 |   0.4586 |    0.8726 |    0.9251 |    0.8593 |    0.238s
    64 |   0.4630 |    0.8705 |    0.9119 |    0.8611 |    0.229s
    65 |   0.4687 |    0.8706 |    0.9339 |    0.8552 |    0.248s
    66 |   0.4670 |    0.8635 |    0.9251 |    0.8519 |    0.241s
    67 |   0.4707 |    0.8679 |    0.9383 |    0.8547 |    0.223s
    68 |   0.4444 |    0.8728 |    0.9339 |    0.8596 |    0.238s
    69 |   0.4503 |    0.8819 |    0.9427 |    0.8645 |    0.236s
    70 |   0.4632 |    0.8796 |    0.9427 |    0.8503 |    0.237s
    71 |   0.4840 |    0.8800 |    0.9339 |    0.8517 |    0.247s
    72 |   0.4404 |    0.8860 |    0.9559 |    0.8592 |    0.245s
    73 |   0.4614 |    0.8792 |    0.9383 |    0.8575 |    0.228s
    74 |   0.4553 |    0.8868 |    0.9471 |    0.8682 |    0.286s
    75 |   0.4594 |    0.8862 |    0.9559 |    0.8679 |    0.248s
    76 |   0.4735 |    0.8747 |    0.9383 |    0.8639 |    0.251s
    77 |   0.4829 |    0.8704 |    0.9383 |    0.8608 |    0.256s
    78 |   0.4714 |    0.8718 |    0.9383 |    0.8667 |    0.257s
    79 |   0.4522 |    0.8813 |    0.9604 |    0.8716 |    0.248s
    80 |   0.4576 |    0.8796 |    0.9471 |    0.8661 |    0.294s
    81 |   0.4603 |    0.8780 |    0.9515 |    0.8607 |    0.255s
    82 |   0.4799 |    0.8781 |    0.9383 |    0.8565 |    0.249s
    83 |   0.4802 |    0.8817 |    0.9515 |    0.8703 |    0.258s
    84 |   0.4845 |    0.8812 |    0.9648 |    0.8660 |    0.253s
    85 |   0.4648 |    0.8740 |    0.9515 |    0.8541 |    0.242s
    86 |   0.4895 |    0.8889 |    0.9559 |    0.8641 |    0.262s
    87 |   0.4696 |    0.8928 |    0.9736 |    0.8594 |    0.260s
    88 |   0.4734 |    0.8995 |    0.9648 |    0.8668 |    0.240s
    89 |   0.4640 |    0.8932 |    0.9692 |    0.8654 |    0.256s
    90 |   0.4784 |    0.8922 |    0.9692 |    0.8669 |    0.275s
    91 |   0.4427 |    0.8907 |    0.9736 |    0.8634 |    0.252s
    92 |   0.4634 |    0.8876 |    0.9604 |    0.8700 |    0.258s
    93 |   0.4872 |    0.8843 |    0.9383 |    0.8592 |    0.282s
    94 |   0.4921 |    0.8894 |    0.9648 |    0.8604 |    0.242s
    95 |   0.4689 |    0.8830 |    0.9471 |    0.8561 |    0.243s
    96 |   0.4524 |    0.8878 |    0.9515 |    0.8582 |    0.251s
    97 |   0.4785 |    0.8881 |    0.9515 |    0.8611 |    0.249s
    98 |   0.4855 |    0.8909 |    0.9515 |    0.8665 |    0.241s
    99 |   0.4562 |    0.8954 |    0.9559 |    0.8683 |    0.246s
   100 |   0.4488 |    0.8946 |    0.9648 |    0.8724 |    0.227s
------------------------------------------------------------------------------
【结果汇总】
  最佳验证 AUC      : 0.9067  (第 40 轮)
  对应的测试 AUC    : 0.8588
  对应的测试 Hits@50: 0.9033  (随机猜约 0.495)
  训练总耗时        : 25.96s / 整体墙钟 27.10s
  平均每轮训练耗时  : 0.26s (每轮 12 次参数更新)
  评估累计耗时      : 0.24s
结果已追加保存到：D:\PHD\博一\入学任务\任务二_链路预测\results\results.jsonl
