==============================================================================
任务二 链路预测 | 数据集=Citeseer 模型=GCN 训练方式=sample 解码器=dot
超参数：lr=0.01, layers=2, hidden=128, emb_dim=64, dropout=0.5, epochs=100
==============================================================================
数据划分：Citeseer: 节点=3327, 训练边=3870, 验证边=227, 测试边=455, 消息传递边=7740, 每个测试正样本配 100 个负样本
模型参数量：482,624（编码器 482,624 + 解码器 0）
采样设置：batch_size=256, num_neighbors=[10, 10], 种子节点=3048, 每轮 batch 数=12
------------------------------------------------------------------------------
 Epoch |     Loss |   Val AUC |  Val H@50 |  Test AUC |      时间/轮
------------------------------------------------------------------------------
     1 |   2.0753 |    0.8894 |    0.9383 |    0.8697 |    0.481s
     2 |   1.0349 |    0.8816 |    0.9207 |    0.8800 |    0.247s
     3 |   0.8190 |    0.8893 |    0.9471 |    0.8843 |    0.264s
     4 |   0.6911 |    0.8856 |    0.9515 |    0.8675 |    0.258s
     5 |   0.6399 |    0.8785 |    0.9427 |    0.8630 |    0.255s
     6 |   0.5773 |    0.8654 |    0.9075 |    0.8594 |    0.257s
     7 |   0.5630 |    0.8667 |    0.9207 |    0.8654 |    0.279s
     8 |   0.4732 |    0.8653 |    0.9339 |    0.8610 |    0.269s
     9 |   0.5261 |    0.8625 |    0.9207 |    0.8582 |    0.304s
    10 |   0.5172 |    0.8757 |    0.9471 |    0.8651 |    0.249s
    11 |   0.4803 |    0.8626 |    0.9295 |    0.8598 |    0.261s
    12 |   0.4794 |    0.8731 |    0.9427 |    0.8617 |    0.244s
    13 |   0.4848 |    0.8913 |    0.9515 |    0.8765 |    0.284s
    14 |   0.5245 |    0.8840 |    0.9383 |    0.8737 |    0.253s
    15 |   0.4906 |    0.8801 |    0.9207 |    0.8730 |    0.289s
    16 |   0.4476 |    0.8843 |    0.9427 |    0.8809 |    0.310s
    17 |   0.4669 |    0.8849 |    0.9339 |    0.8719 |    0.281s
    18 |   0.4549 |    0.8934 |    0.9515 |    0.8770 |    0.299s
    19 |   0.4782 |    0.8895 |    0.9339 |    0.8812 |    0.286s
    20 |   0.4583 |    0.8882 |    0.9383 |    0.8764 |    0.284s
    21 |   0.4537 |    0.8914 |    0.9251 |    0.8825 |    0.284s
    22 |   0.4870 |    0.8952 |    0.9339 |    0.8829 |    0.270s
    23 |   0.4661 |    0.8923 |    0.9383 |    0.8871 |    0.282s
    24 |   0.4371 |    0.8795 |    0.9339 |    0.8805 |    0.256s
    25 |   0.4389 |    0.8869 |    0.9207 |    0.8818 |    0.257s
    26 |   0.4465 |    0.8846 |    0.9295 |    0.8872 |    0.249s
    27 |   0.4456 |    0.8835 |    0.9251 |    0.8915 |    0.256s
    28 |   0.4646 |    0.8795 |    0.9251 |    0.8840 |    0.258s
    29 |   0.4383 |    0.8843 |    0.9339 |    0.8886 |    0.259s
    30 |   0.4467 |    0.8913 |    0.9251 |    0.8931 |    0.243s
    31 |   0.4699 |    0.8895 |    0.9339 |    0.8974 |    0.261s
    32 |   0.4357 |    0.8950 |    0.9559 |    0.8899 |    0.260s
    33 |   0.4272 |    0.9005 |    0.9471 |    0.8933 |    0.272s
    34 |   0.4451 |    0.8987 |    0.9427 |    0.8841 |    0.253s
    35 |   0.4453 |    0.9064 |    0.9471 |    0.8914 |    0.272s
    36 |   0.4343 |    0.9074 |    0.9604 |    0.8915 |    0.266s
    37 |   0.4069 |    0.9053 |    0.9559 |    0.8881 |    0.261s
    38 |   0.4344 |    0.9115 |    0.9648 |    0.8836 |    0.361s
    39 |   0.4395 |    0.9146 |    0.9559 |    0.8859 |    0.266s
    40 |   0.4549 |    0.9146 |    0.9604 |    0.8962 |    0.266s
    41 |   0.4475 |    0.9027 |    0.9648 |    0.8875 |    0.265s
    42 |   0.4423 |    0.9120 |    0.9515 |    0.8970 |    0.259s
    43 |   0.4519 |    0.9025 |    0.9339 |    0.8979 |    0.272s
    44 |   0.4208 |    0.9081 |    0.9515 |    0.8987 |    0.261s
    45 |   0.4403 |    0.9023 |    0.9427 |    0.9001 |    0.267s
    46 |   0.4266 |    0.8982 |    0.9339 |    0.9026 |    0.257s
    47 |   0.4325 |    0.9052 |    0.9427 |    0.9039 |    0.267s
    48 |   0.4511 |    0.9128 |    0.9515 |    0.9078 |    0.275s
    49 |   0.4485 |    0.9190 |    0.9559 |    0.9062 |    0.257s
    50 |   0.4320 |    0.9189 |    0.9559 |    0.9114 |    0.255s
    51 |   0.4225 |    0.9229 |    0.9736 |    0.9139 |    0.261s
    52 |   0.4379 |    0.9137 |    0.9736 |    0.9047 |    0.274s
    53 |   0.4395 |    0.9210 |    0.9736 |    0.9046 |    0.256s
    54 |   0.4233 |    0.9103 |    0.9515 |    0.9059 |    0.264s
    55 |   0.4534 |    0.9088 |    0.9515 |    0.9028 |    0.258s
    56 |   0.4331 |    0.9074 |    0.9515 |    0.9023 |    0.266s
    57 |   0.4160 |    0.9119 |    0.9692 |    0.9043 |    0.254s
    58 |   0.4590 |    0.9145 |    0.9648 |    0.8964 |    0.263s
    59 |   0.4365 |    0.9197 |    0.9559 |    0.8920 |    0.256s
    60 |   0.4247 |    0.9163 |    0.9559 |    0.8975 |    0.267s
    61 |   0.4309 |    0.9178 |    0.9604 |    0.8984 |    0.264s
    62 |   0.4716 |    0.9084 |    0.9648 |    0.8905 |    0.266s
    63 |   0.4294 |    0.9155 |    0.9736 |    0.8960 |    0.282s
    64 |   0.4402 |    0.9125 |    0.9692 |    0.8964 |    0.282s
    65 |   0.4276 |    0.9124 |    0.9604 |    0.9023 |    0.268s
    66 |   0.4381 |    0.9131 |    0.9648 |    0.9018 |    0.298s
    67 |   0.4320 |    0.9085 |    0.9471 |    0.9000 |    0.288s
    68 |   0.4383 |    0.9190 |    0.9515 |    0.9047 |    0.278s
    69 |   0.4373 |    0.9197 |    0.9559 |    0.9002 |    0.256s
    70 |   0.4239 |    0.9210 |    0.9559 |    0.9029 |    0.273s
    71 |   0.4428 |    0.9135 |    0.9515 |    0.8952 |    0.280s
    72 |   0.4398 |    0.9145 |    0.9383 |    0.9072 |    0.266s
    73 |   0.4239 |    0.9248 |    0.9604 |    0.9095 |    0.257s
    74 |   0.4190 |    0.9185 |    0.9604 |    0.9036 |    0.275s
    75 |   0.4522 |    0.9082 |    0.9604 |    0.8974 |    0.273s
    76 |   0.4583 |    0.9089 |    0.9471 |    0.8968 |    0.258s
    77 |   0.4221 |    0.9203 |    0.9559 |    0.9010 |    0.264s
    78 |   0.4417 |    0.9191 |    0.9515 |    0.9053 |    0.308s
    79 |   0.4414 |    0.9192 |    0.9515 |    0.9034 |    0.292s
    80 |   0.4327 |    0.9114 |    0.9515 |    0.8979 |    0.264s
    81 |   0.4574 |    0.9059 |    0.9383 |    0.9017 |    0.283s
    82 |   0.4330 |    0.9069 |    0.9559 |    0.8965 |    0.284s
    83 |   0.4320 |    0.9131 |    0.9515 |    0.9065 |    0.303s
    84 |   0.4109 |    0.9160 |    0.9604 |    0.9113 |    0.299s
    85 |   0.4326 |    0.9107 |    0.9559 |    0.9097 |    0.279s
    86 |   0.4373 |    0.9046 |    0.9471 |    0.9078 |    0.275s
    87 |   0.4432 |    0.8973 |    0.9383 |    0.8994 |    0.280s
    88 |   0.4508 |    0.8998 |    0.9339 |    0.9040 |    0.271s
    89 |   0.4384 |    0.9083 |    0.9339 |    0.9055 |    0.265s
    90 |   0.4350 |    0.9183 |    0.9604 |    0.9048 |    0.271s
    91 |   0.4345 |    0.9209 |    0.9559 |    0.9091 |    0.267s
    92 |   0.4411 |    0.9280 |    0.9604 |    0.9137 |    0.303s
    93 |   0.4376 |    0.9265 |    0.9559 |    0.9108 |    0.265s
    94 |   0.4494 |    0.9266 |    0.9648 |    0.9064 |    0.281s
    95 |   0.4433 |    0.9170 |    0.9559 |    0.8942 |    0.272s
    96 |   0.4287 |    0.9186 |    0.9604 |    0.8934 |    0.276s
    97 |   0.4293 |    0.9192 |    0.9515 |    0.9008 |    0.273s
    98 |   0.4278 |    0.9139 |    0.9559 |    0.9122 |    0.281s
    99 |   0.4522 |    0.9119 |    0.9559 |    0.9092 |    0.288s
   100 |   0.4471 |    0.9158 |    0.9604 |    0.9076 |    0.289s
------------------------------------------------------------------------------
【结果汇总】
  最佳验证 AUC      : 0.9280  (第 92 轮)
  对应的测试 AUC    : 0.9137
  对应的测试 Hits@50: 0.9582  (随机猜约 0.495)
  训练总耗时        : 27.36s / 整体墙钟 28.64s
  平均每轮训练耗时  : 0.27s (每轮 12 次参数更新)
  评估累计耗时      : 0.51s
结果已追加保存到：D:\PHD\博一\入学任务\任务二_链路预测\results\results.jsonl
