==============================================================================
任务二 链路预测 | 数据集=Citeseer 模型=GAT 训练方式=sample 解码器=dot
超参数：lr=0.01, layers=2, hidden=128, emb_dim=64, dropout=0.5, epochs=100
==============================================================================
数据划分：Citeseer: 节点=3327, 训练边=3870, 验证边=227, 测试边=455, 消息传递边=7740, 每个测试正样本配 100 个负样本
模型参数量：483,008（编码器 483,008 + 解码器 0）
采样设置：batch_size=256, num_neighbors=[10, 10], 种子节点=3048, 每轮 batch 数=12
------------------------------------------------------------------------------
 Epoch |     Loss |   Val AUC |  Val H@50 |  Test AUC |      时间/轮
------------------------------------------------------------------------------
     1 |   2.5351 |    0.7709 |    0.8326 |    0.7696 |    3.821s
     2 |   2.1907 |    0.8701 |    0.9383 |    0.8525 |    0.323s
     3 |   1.6819 |    0.8695 |    0.9295 |    0.8599 |    0.294s
     4 |   1.2207 |    0.8871 |    0.9427 |    0.8768 |    0.287s
     5 |   1.2329 |    0.8806 |    0.9427 |    0.8652 |    0.297s
     6 |   1.1418 |    0.8734 |    0.9471 |    0.8519 |    0.314s
     7 |   0.9094 |    0.8781 |    0.9559 |    0.8516 |    0.306s
     8 |   0.7761 |    0.8824 |    0.9559 |    0.8539 |    0.306s
     9 |   0.9216 |    0.8765 |    0.9339 |    0.8498 |    0.316s
    10 |   0.7883 |    0.8734 |    0.9251 |    0.8499 |    0.314s
    11 |   0.8026 |    0.8695 |    0.9207 |    0.8465 |    0.322s
    12 |   0.6726 |    0.8668 |    0.9163 |    0.8393 |    0.427s
    13 |   0.6981 |    0.8659 |    0.9383 |    0.8384 |    0.329s
    14 |   0.6920 |    0.8766 |    0.9427 |    0.8516 |    0.319s
    15 |   0.6914 |    0.8690 |    0.9163 |    0.8372 |    0.316s
    16 |   0.6437 |    0.8796 |    0.9427 |    0.8534 |    0.337s
    17 |   0.6441 |    0.8797 |    0.9383 |    0.8509 |    0.306s
    18 |   0.5788 |    0.8779 |    0.9295 |    0.8520 |    0.307s
    19 |   0.6069 |    0.8793 |    0.9339 |    0.8529 |    0.332s
    20 |   0.5839 |    0.8780 |    0.9207 |    0.8492 |    0.327s
    21 |   0.5997 |    0.8798 |    0.9207 |    0.8533 |    0.304s
    22 |   0.6204 |    0.8780 |    0.9207 |    0.8508 |    0.395s
    23 |   0.5730 |    0.8831 |    0.9207 |    0.8540 |    0.359s
    24 |   0.5707 |    0.8819 |    0.9207 |    0.8621 |    0.304s
    25 |   0.5657 |    0.8784 |    0.9207 |    0.8644 |    0.315s
    26 |   0.5697 |    0.8754 |    0.9075 |    0.8654 |    0.325s
    27 |   0.6425 |    0.8765 |    0.9251 |    0.8620 |    0.335s
    28 |   0.5745 |    0.8791 |    0.9163 |    0.8599 |    0.323s
    29 |   0.5835 |    0.8836 |    0.9207 |    0.8614 |    0.326s
    30 |   0.6031 |    0.8849 |    0.9251 |    0.8563 |    0.326s
    31 |   0.5645 |    0.8806 |    0.9251 |    0.8574 |    0.373s
    32 |   0.5574 |    0.8779 |    0.9119 |    0.8618 |    0.419s
    33 |   0.5600 |    0.8883 |    0.9383 |    0.8642 |    0.390s
    34 |   0.5603 |    0.8869 |    0.9427 |    0.8641 |    0.400s
    35 |   0.5511 |    0.8861 |    0.9295 |    0.8662 |    0.366s
    36 |   0.5588 |    0.8895 |    0.9427 |    0.8651 |    0.377s
    37 |   0.5753 |    0.8894 |    0.9383 |    0.8657 |    0.365s
    38 |   0.5610 |    0.8976 |    0.9471 |    0.8642 |    0.404s
    39 |   0.5530 |    0.9045 |    0.9559 |    0.8642 |    0.358s
    40 |   0.5427 |    0.9091 |    0.9604 |    0.8652 |    0.317s
    41 |   0.5707 |    0.9096 |    0.9736 |    0.8710 |    0.335s
    42 |   0.5633 |    0.9117 |    0.9780 |    0.8715 |    0.303s
    43 |   0.5705 |    0.9151 |    0.9824 |    0.8757 |    0.359s
    44 |   0.5570 |    0.9150 |    0.9824 |    0.8771 |    0.365s
    45 |   0.5807 |    0.9112 |    0.9736 |    0.8715 |    0.394s
    46 |   0.5844 |    0.9093 |    0.9559 |    0.8710 |    0.296s
    47 |   0.5722 |    0.9108 |    0.9648 |    0.8737 |    0.319s
    48 |   0.5257 |    0.9102 |    0.9559 |    0.8782 |    0.304s
    49 |   0.5397 |    0.9065 |    0.9471 |    0.8767 |    0.316s
    50 |   0.5604 |    0.9111 |    0.9427 |    0.8771 |    0.307s
    51 |   0.5603 |    0.9134 |    0.9515 |    0.8842 |    0.308s
    52 |   0.5543 |    0.9129 |    0.9515 |    0.8867 |    0.323s
    53 |   0.5293 |    0.9192 |    0.9604 |    0.8854 |    0.308s
    54 |   0.5259 |    0.9199 |    0.9780 |    0.8824 |    0.313s
    55 |   0.5260 |    0.9112 |    0.9559 |    0.8856 |    0.307s
    56 |   0.5582 |    0.9114 |    0.9559 |    0.8947 |    0.316s
    57 |   0.5496 |    0.9146 |    0.9559 |    0.8957 |    0.327s
    58 |   0.5427 |    0.9144 |    0.9559 |    0.8930 |    0.303s
    59 |   0.5484 |    0.9116 |    0.9515 |    0.8934 |    0.295s
    60 |   0.5330 |    0.9135 |    0.9515 |    0.8932 |    0.283s
    61 |   0.5457 |    0.9082 |    0.9471 |    0.8956 |    0.285s
    62 |   0.5383 |    0.9055 |    0.9427 |    0.8946 |    0.284s
    63 |   0.5519 |    0.9055 |    0.9427 |    0.8893 |    0.276s
    64 |   0.5471 |    0.9027 |    0.9471 |    0.8843 |    0.278s
    65 |   0.5596 |    0.8964 |    0.9427 |    0.8883 |    0.288s
    66 |   0.5632 |    0.9028 |    0.9471 |    0.8848 |    0.301s
    67 |   0.5798 |    0.9070 |    0.9471 |    0.8821 |    0.308s
    68 |   0.5634 |    0.8955 |    0.9427 |    0.8793 |    0.287s
    69 |   0.5718 |    0.9062 |    0.9559 |    0.8834 |    0.312s
    70 |   0.5407 |    0.9038 |    0.9559 |    0.8749 |    0.295s
    71 |   0.5427 |    0.9021 |    0.9471 |    0.8857 |    0.318s
    72 |   0.5437 |    0.9038 |    0.9471 |    0.8836 |    0.284s
    73 |   0.5408 |    0.9050 |    0.9471 |    0.8870 |    0.297s
    74 |   0.5279 |    0.9050 |    0.9515 |    0.8872 |    0.296s
    75 |   0.5141 |    0.8997 |    0.9471 |    0.8839 |    0.306s
    76 |   0.5254 |    0.9064 |    0.9515 |    0.8884 |    0.314s
    77 |   0.5789 |    0.9093 |    0.9427 |    0.8878 |    0.301s
    78 |   0.5453 |    0.9099 |    0.9559 |    0.8923 |    0.296s
    79 |   0.5578 |    0.9144 |    0.9604 |    0.8936 |    0.311s
    80 |   0.5113 |    0.9103 |    0.9471 |    0.8940 |    0.320s
    81 |   0.5230 |    0.9132 |    0.9604 |    0.8870 |    0.341s
    82 |   0.5766 |    0.9132 |    0.9471 |    0.8834 |    0.329s
    83 |   0.5539 |    0.9159 |    0.9648 |    0.8848 |    0.311s
    84 |   0.5446 |    0.9130 |    0.9736 |    0.8810 |    0.327s
    85 |   0.5517 |    0.9153 |    0.9559 |    0.8856 |    0.318s
    86 |   0.5630 |    0.9213 |    0.9648 |    0.8865 |    0.304s
    87 |   0.5361 |    0.9225 |    0.9648 |    0.8867 |    0.303s
    88 |   0.5482 |    0.9112 |    0.9648 |    0.8859 |    0.301s
    89 |   0.5327 |    0.9163 |    0.9692 |    0.8879 |    0.304s
    90 |   0.5501 |    0.9152 |    0.9515 |    0.8884 |    0.311s
    91 |   0.5628 |    0.9180 |    0.9604 |    0.8894 |    0.326s
    92 |   0.5177 |    0.9248 |    0.9648 |    0.8881 |    0.297s
    93 |   0.5593 |    0.9195 |    0.9736 |    0.8882 |    0.296s
    94 |   0.5408 |    0.9221 |    0.9648 |    0.8818 |    0.309s
    95 |   0.5327 |    0.9170 |    0.9604 |    0.8820 |    0.306s
    96 |   0.5534 |    0.9241 |    0.9692 |    0.8844 |    0.301s
    97 |   0.5840 |    0.9235 |    0.9648 |    0.8868 |    0.308s
    98 |   0.5520 |    0.9209 |    0.9736 |    0.8920 |    0.330s
    99 |   0.5464 |    0.9230 |    0.9824 |    0.8856 |    0.303s
   100 |   0.5445 |    0.9182 |    0.9648 |    0.8833 |    0.311s
------------------------------------------------------------------------------
【结果汇总】
  最佳验证 AUC      : 0.9248  (第 92 轮)
  对应的测试 AUC    : 0.8881
  对应的测试 Hits@50: 0.9341  (随机猜约 0.495)
  训练总耗时        : 35.56s / 整体墙钟 37.48s
  平均每轮训练耗时  : 0.32s (每轮 12 次参数更新)
  评估累计耗时      : 0.81s
结果已追加保存到：D:\PHD\博一\入学任务\任务二_链路预测\results\results.jsonl
