==============================================================================
任务二 链路预测 | 数据集=Citeseer 模型=GraphSAGE 训练方式=full 解码器=dot
超参数：lr=0.01, layers=2, hidden=128, emb_dim=64, dropout=0.5, epochs=100
==============================================================================
数据划分：Citeseer: 节点=3327, 训练边=3870, 验证边=227, 测试边=455, 消息传递边=7740, 每个测试正样本配 100 个负样本
模型参数量：964,800（编码器 964,800 + 解码器 0）
全图训练：每个 epoch 给全部 3870 条训练边打分
------------------------------------------------------------------------------
 Epoch |     Loss |   Val AUC |  Val H@50 |  Test AUC |      时间/轮
------------------------------------------------------------------------------
     1 |   2.8461 |    0.5349 |    0.5771 |    0.5121 |    0.246s
     2 |  16.3300 |    0.7277 |    0.7797 |    0.7314 |    0.011s
     3 |   2.2184 |    0.6827 |    0.7048 |    0.6665 |    0.011s
     4 |   2.6723 |    0.5886 |    0.6388 |    0.5569 |    0.012s
     5 |   6.9427 |    0.5988 |    0.6256 |    0.5725 |    0.020s
     6 |   5.7087 |    0.6923 |    0.7225 |    0.6812 |    0.021s
     7 |   2.1306 |    0.7706 |    0.8238 |    0.7814 |    0.009s
     8 |   1.0743 |    0.7378 |    0.7797 |    0.7462 |    0.011s
     9 |   1.4864 |    0.6713 |    0.7048 |    0.6740 |    0.011s
    10 |   2.5853 |    0.6515 |    0.6784 |    0.6526 |    0.011s
    11 |   2.9910 |    0.6758 |    0.7048 |    0.6793 |    0.010s
    12 |   2.3764 |    0.7272 |    0.7621 |    0.7344 |    0.011s
    13 |   1.4900 |    0.7671 |    0.8150 |    0.7758 |    0.012s
    14 |   1.0284 |    0.7732 |    0.8282 |    0.7769 |    0.010s
    15 |   0.9254 |    0.7532 |    0.7930 |    0.7470 |    0.010s
    16 |   1.1283 |    0.7280 |    0.7885 |    0.7145 |    0.013s
    17 |   1.3844 |    0.7187 |    0.7930 |    0.7019 |    0.011s
    18 |   1.5001 |    0.7307 |    0.8018 |    0.7123 |    0.011s
    19 |   1.3491 |    0.7553 |    0.8150 |    0.7373 |    0.011s
    20 |   1.1116 |    0.7794 |    0.8194 |    0.7638 |    0.009s
    21 |   0.9403 |    0.7947 |    0.8370 |    0.7816 |    0.018s
    22 |   0.8187 |    0.8000 |    0.8458 |    0.7883 |    0.011s
    23 |   0.8166 |    0.7988 |    0.8546 |    0.7878 |    0.011s
    24 |   0.8182 |    0.7950 |    0.8546 |    0.7845 |    0.011s
    25 |   0.8412 |    0.7934 |    0.8502 |    0.7834 |    0.011s
    26 |   0.8912 |    0.7968 |    0.8634 |    0.7877 |    0.012s
    27 |   0.8708 |    0.8048 |    0.8767 |    0.7968 |    0.011s
    28 |   0.8117 |    0.8144 |    0.8855 |    0.8076 |    0.011s
    29 |   0.7141 |    0.8228 |    0.8811 |    0.8165 |    0.012s
    30 |   0.7104 |    0.8296 |    0.8855 |    0.8226 |    0.011s
    31 |   0.6998 |    0.8349 |    0.8811 |    0.8264 |    0.011s
    32 |   0.6797 |    0.8393 |    0.8855 |    0.8283 |    0.011s
    33 |   0.6712 |    0.8433 |    0.8767 |    0.8294 |    0.011s
    34 |   0.6586 |    0.8472 |    0.8899 |    0.8302 |    0.012s
    35 |   0.6557 |    0.8509 |    0.8987 |    0.8311 |    0.011s
    36 |   0.6361 |    0.8544 |    0.9075 |    0.8323 |    0.012s
    37 |   0.6340 |    0.8571 |    0.9119 |    0.8336 |    0.014s
    38 |   0.6222 |    0.8592 |    0.9119 |    0.8346 |    0.010s
    39 |   0.6184 |    0.8609 |    0.9119 |    0.8360 |    0.010s
    40 |   0.5921 |    0.8626 |    0.9119 |    0.8377 |    0.010s
    41 |   0.5886 |    0.8646 |    0.9119 |    0.8403 |    0.011s
    42 |   0.5896 |    0.8670 |    0.9163 |    0.8436 |    0.011s
    43 |   0.5887 |    0.8697 |    0.9163 |    0.8472 |    0.012s
    44 |   0.5599 |    0.8721 |    0.9119 |    0.8510 |    0.011s
    45 |   0.5639 |    0.8742 |    0.9075 |    0.8544 |    0.011s
    46 |   0.5666 |    0.8758 |    0.9075 |    0.8575 |    0.011s
    47 |   0.5524 |    0.8772 |    0.9119 |    0.8600 |    0.012s
    48 |   0.5427 |    0.8783 |    0.9119 |    0.8621 |    0.010s
    49 |   0.5326 |    0.8791 |    0.9119 |    0.8637 |    0.012s
    50 |   0.5507 |    0.8799 |    0.9119 |    0.8648 |    0.011s
    51 |   0.5338 |    0.8806 |    0.9163 |    0.8656 |    0.011s
    52 |   0.5330 |    0.8814 |    0.9163 |    0.8663 |    0.015s
    53 |   0.5278 |    0.8820 |    0.9163 |    0.8667 |    0.011s
    54 |   0.5259 |    0.8827 |    0.9163 |    0.8670 |    0.011s
    55 |   0.5110 |    0.8832 |    0.9119 |    0.8671 |    0.010s
    56 |   0.5099 |    0.8838 |    0.9119 |    0.8673 |    0.010s
    57 |   0.5076 |    0.8843 |    0.9119 |    0.8674 |    0.013s
    58 |   0.5019 |    0.8850 |    0.9075 |    0.8675 |    0.011s
    59 |   0.5206 |    0.8857 |    0.9075 |    0.8679 |    0.010s
    60 |   0.4994 |    0.8864 |    0.9119 |    0.8685 |    0.011s
    61 |   0.4893 |    0.8873 |    0.9119 |    0.8695 |    0.011s
    62 |   0.4978 |    0.8880 |    0.9119 |    0.8706 |    0.012s
    63 |   0.4824 |    0.8888 |    0.9119 |    0.8718 |    0.011s
    64 |   0.4979 |    0.8894 |    0.9163 |    0.8730 |    0.010s
    65 |   0.4949 |    0.8899 |    0.9207 |    0.8742 |    0.010s
    66 |   0.4946 |    0.8901 |    0.9163 |    0.8752 |    0.011s
    67 |   0.4908 |    0.8901 |    0.9207 |    0.8761 |    0.012s
    68 |   0.4893 |    0.8899 |    0.9251 |    0.8767 |    0.011s
    69 |   0.4818 |    0.8898 |    0.9163 |    0.8771 |    0.010s
    70 |   0.4781 |    0.8898 |    0.9163 |    0.8775 |    0.009s
    71 |   0.4821 |    0.8900 |    0.9163 |    0.8777 |    0.012s
    72 |   0.4820 |    0.8903 |    0.9163 |    0.8779 |    0.013s
    73 |   0.4774 |    0.8908 |    0.9251 |    0.8779 |    0.011s
    74 |   0.4824 |    0.8912 |    0.9251 |    0.8778 |    0.010s
    75 |   0.4779 |    0.8916 |    0.9251 |    0.8778 |    0.010s
    76 |   0.4639 |    0.8920 |    0.9251 |    0.8777 |    0.011s
    77 |   0.4772 |    0.8923 |    0.9251 |    0.8777 |    0.011s
    78 |   0.4699 |    0.8925 |    0.9251 |    0.8779 |    0.013s
    79 |   0.4774 |    0.8926 |    0.9251 |    0.8781 |    0.010s
    80 |   0.4720 |    0.8926 |    0.9251 |    0.8785 |    0.010s
    81 |   0.4620 |    0.8927 |    0.9251 |    0.8790 |    0.012s
    82 |   0.4529 |    0.8929 |    0.9251 |    0.8795 |    0.016s
    83 |   0.4634 |    0.8930 |    0.9251 |    0.8799 |    0.011s
    84 |   0.4669 |    0.8931 |    0.9251 |    0.8804 |    0.009s
    85 |   0.4654 |    0.8932 |    0.9251 |    0.8809 |    0.012s
    86 |   0.4706 |    0.8933 |    0.9251 |    0.8812 |    0.011s
    87 |   0.4596 |    0.8934 |    0.9339 |    0.8814 |    0.011s
    88 |   0.4717 |    0.8936 |    0.9339 |    0.8814 |    0.011s
    89 |   0.4638 |    0.8939 |    0.9339 |    0.8812 |    0.012s
    90 |   0.4576 |    0.8941 |    0.9339 |    0.8809 |    0.011s
    91 |   0.4516 |    0.8942 |    0.9339 |    0.8807 |    0.009s
    92 |   0.4528 |    0.8946 |    0.9339 |    0.8805 |    0.010s
    93 |   0.4448 |    0.8950 |    0.9339 |    0.8806 |    0.010s
    94 |   0.4523 |    0.8956 |    0.9383 |    0.8806 |    0.011s
    95 |   0.4463 |    0.8959 |    0.9383 |    0.8807 |    0.011s
    96 |   0.4548 |    0.8964 |    0.9383 |    0.8810 |    0.011s
    97 |   0.4559 |    0.8969 |    0.9383 |    0.8815 |    0.018s
    98 |   0.4528 |    0.8976 |    0.9383 |    0.8821 |    0.012s
    99 |   0.4501 |    0.8980 |    0.9383 |    0.8828 |    0.012s
   100 |   0.4479 |    0.8985 |    0.9383 |    0.8833 |    0.011s
------------------------------------------------------------------------------
【结果汇总】
  最佳验证 AUC      : 0.8985  (第 100 轮)
  对应的测试 AUC    : 0.8833
  对应的测试 Hits@50: 0.9429  (随机猜约 0.495)
  训练总耗时        : 1.36s / 整体墙钟 2.72s
  平均每轮训练耗时  : 0.01s (每轮 1 次参数更新)
  评估累计耗时      : 0.22s
结果已追加保存到：D:\PHD\博一\入学任务\任务二_链路预测\results\results.jsonl
