==============================================================================
任务二 链路预测 | 数据集=Cora 模型=GIN 训练方式=sample 解码器=dot
超参数：lr=0.01, layers=2, hidden=128, emb_dim=64, dropout=0.5, epochs=100
==============================================================================
数据划分：Cora: 节点=2708, 训练边=4488, 验证边=263, 测试边=527, 消息传递边=8976, 每个测试正样本配 100 个负样本
模型参数量：212,738（编码器 212,738 + 解码器 0）
采样设置：batch_size=256, num_neighbors=[10, 10], 种子节点=2618, 每轮 batch 数=11
------------------------------------------------------------------------------
 Epoch |     Loss |   Val AUC |  Val H@50 |  Test AUC |      时间/轮
------------------------------------------------------------------------------
     1 |   2.8894 |    0.5999 |    0.7072 |    0.6240 |    0.432s
     2 |   0.6910 |    0.2349 |    0.0342 |    0.2369 |    0.176s
     3 |   0.7018 |    0.4055 |    0.0951 |    0.4275 |    0.200s
     4 |   0.6884 |    0.0829 |    0.0228 |    0.0992 |    0.185s
     5 |   0.6867 |    0.2104 |    0.0304 |    0.2259 |    0.204s
     6 |   0.6830 |    0.0075 |    0.0000 |    0.0078 |    0.187s
     7 |   0.6889 |    0.0610 |    0.0038 |    0.0701 |    0.178s
     8 |   0.6701 |    0.4166 |    0.1255 |    0.4513 |    0.171s
     9 |   0.6652 |    0.3902 |    0.0951 |    0.4211 |    0.195s
    10 |   0.6733 |    0.5013 |    0.4373 |    0.5391 |    0.196s
    11 |   0.6659 |    0.3749 |    0.0760 |    0.4017 |    0.184s
    12 |   0.6673 |    0.2445 |    0.0570 |    0.2596 |    0.195s
    13 |   0.6614 |    0.4307 |    0.1369 |    0.4539 |    0.169s
    14 |   0.6386 |    0.6052 |    0.6844 |    0.6375 |    0.195s
    15 |   0.6443 |    0.5926 |    0.6464 |    0.6166 |    0.187s
    16 |   0.6684 |    0.6066 |    0.6464 |    0.6248 |    0.195s
    17 |   0.6414 |    0.6280 |    0.6844 |    0.6399 |    0.177s
    18 |   0.6761 |    0.6090 |    0.6654 |    0.5821 |    0.196s
    19 |   0.6509 |    0.6798 |    0.7605 |    0.6874 |    0.190s
    20 |   0.6384 |    0.6516 |    0.7072 |    0.6625 |    0.210s
    21 |   0.6699 |    0.6368 |    0.7376 |    0.6517 |    0.188s
    22 |   0.6377 |    0.6451 |    0.7262 |    0.6580 |    0.201s
    23 |   0.6119 |    0.6634 |    0.7452 |    0.6829 |    0.193s
    24 |   0.6391 |    0.6502 |    0.7072 |    0.6671 |    0.186s
    25 |   0.6089 |    0.6406 |    0.6768 |    0.6606 |    0.180s
    26 |   0.5866 |    0.6457 |    0.6806 |    0.6627 |    0.194s
    27 |   0.6078 |    0.6395 |    0.6692 |    0.6520 |    0.192s
    28 |   0.6027 |    0.6630 |    0.7110 |    0.6855 |    0.183s
    29 |   0.6057 |    0.6779 |    0.7300 |    0.6914 |    0.220s
    30 |   0.6122 |    0.6894 |    0.7643 |    0.7016 |    0.207s
    31 |   0.6136 |    0.6697 |    0.7300 |    0.6850 |    0.207s
    32 |   0.5931 |    0.7145 |    0.8061 |    0.7288 |    0.180s
    33 |   0.5853 |    0.6871 |    0.7871 |    0.7073 |    0.206s
    34 |   0.6639 |    0.6662 |    0.7452 |    0.6645 |    0.212s
    35 |   0.5948 |    0.6613 |    0.7262 |    0.6876 |    0.184s
    36 |   0.5789 |    0.6630 |    0.7224 |    0.6804 |    0.204s
    37 |   0.6324 |    0.6741 |    0.7452 |    0.6859 |    0.190s
    38 |   0.6119 |    0.6929 |    0.7490 |    0.7081 |    0.195s
    39 |   0.5727 |    0.7164 |    0.8061 |    0.7338 |    0.216s
    40 |   0.6161 |    0.6418 |    0.7110 |    0.6627 |    0.205s
    41 |   0.6380 |    0.6551 |    0.7148 |    0.6788 |    0.222s
    42 |   0.6451 |    0.6532 |    0.7034 |    0.6810 |    0.191s
    43 |   0.6247 |    0.6670 |    0.7567 |    0.7062 |    0.179s
    44 |   0.6059 |    0.7179 |    0.8099 |    0.7306 |    0.179s
    45 |   0.5635 |    0.7356 |    0.8213 |    0.7484 |    0.186s
    46 |   0.5283 |    0.6793 |    0.7529 |    0.7109 |    0.183s
    47 |   0.5796 |    0.6761 |    0.7643 |    0.6870 |    0.167s
    48 |   0.5945 |    0.7145 |    0.7795 |    0.7212 |    0.177s
    49 |   0.5734 |    0.7052 |    0.8061 |    0.7058 |    0.190s
    50 |   0.6015 |    0.6722 |    0.7529 |    0.7094 |    0.201s
    51 |   0.6478 |    0.7001 |    0.7795 |    0.7235 |    0.195s
    52 |   0.6951 |    0.6704 |    0.7262 |    0.6915 |    0.198s
    53 |   0.6896 |    0.4689 |    0.6046 |    0.4842 |    0.199s
    54 |   0.6761 |    0.5097 |    0.6236 |    0.5231 |    0.193s
    55 |   0.6721 |    0.5025 |    0.6122 |    0.5168 |    0.186s
    56 |   0.6508 |    0.4909 |    0.6084 |    0.5115 |    0.219s
    57 |   0.6677 |    0.4935 |    0.6160 |    0.5214 |    0.185s
    58 |   0.6562 |    0.5237 |    0.6274 |    0.5459 |    0.179s
    59 |   0.6196 |    0.5995 |    0.7034 |    0.6122 |    0.169s
    60 |   0.6298 |    0.5856 |    0.6920 |    0.6080 |    0.181s
    61 |   0.5999 |    0.6377 |    0.7072 |    0.6559 |    0.185s
    62 |   0.5918 |    0.6457 |    0.7224 |    0.6595 |    0.197s
    63 |   0.5955 |    0.6884 |    0.7833 |    0.6905 |    0.168s
    64 |   0.5989 |    0.6878 |    0.7795 |    0.7002 |    0.165s
    65 |   0.5606 |    0.6811 |    0.8061 |    0.7030 |    0.171s
    66 |   0.6215 |    0.6257 |    0.6502 |    0.6463 |    0.174s
    67 |   0.6591 |    0.5837 |    0.6426 |    0.5869 |    0.182s
    68 |   0.6405 |    0.5558 |    0.6426 |    0.5852 |    0.159s
    69 |   0.7607 |    0.6153 |    0.6844 |    0.6328 |    0.170s
    70 |   0.6537 |    0.5599 |    0.6502 |    0.5679 |    0.159s
    71 |   0.6483 |    0.5638 |    0.6426 |    0.5702 |    0.177s
    72 |   0.6319 |    0.6044 |    0.6844 |    0.5957 |    0.184s
    73 |   0.6177 |    0.6810 |    0.7795 |    0.6743 |    0.182s
    74 |   0.6137 |    0.6895 |    0.7909 |    0.6861 |    0.181s
    75 |   0.6365 |    0.6432 |    0.6920 |    0.6542 |    0.193s
    76 |   0.6026 |    0.6993 |    0.7871 |    0.6971 |    0.179s
    77 |   0.6092 |    0.6573 |    0.6996 |    0.6757 |    0.194s
    78 |   0.6389 |    0.7221 |    0.7985 |    0.7286 |    0.179s
    79 |   0.5767 |    0.7052 |    0.8023 |    0.7023 |    0.176s
    80 |   0.5729 |    0.6707 |    0.8175 |    0.6764 |    0.170s
    81 |   0.5885 |    0.6597 |    0.7034 |    0.6922 |    0.162s
    82 |   0.6156 |    0.6799 |    0.7643 |    0.6864 |    0.159s
    83 |   0.5932 |    0.7116 |    0.8213 |    0.7002 |    0.165s
    84 |   0.6025 |    0.6813 |    0.8099 |    0.6927 |    0.205s
    85 |   0.5754 |    0.7008 |    0.7757 |    0.6932 |    0.167s
    86 |   0.5960 |    0.6511 |    0.7148 |    0.6785 |    0.158s
    87 |   0.5702 |    0.7213 |    0.8137 |    0.7161 |    0.165s
    88 |   0.5993 |    0.6516 |    0.7186 |    0.6688 |    0.194s
    89 |   0.6060 |    0.7207 |    0.8137 |    0.7237 |    0.168s
    90 |   0.6068 |    0.6406 |    0.7376 |    0.6576 |    0.152s
    91 |   0.6439 |    0.6078 |    0.6882 |    0.6273 |    0.150s
    92 |   0.6088 |    0.6197 |    0.7034 |    0.6340 |    0.153s
    93 |   0.5927 |    0.6663 |    0.7529 |    0.6674 |    0.147s
    94 |   0.5975 |    0.7044 |    0.8441 |    0.7049 |    0.158s
    95 |   0.5993 |    0.7009 |    0.7909 |    0.6905 |    0.169s
    96 |   0.6214 |    0.6642 |    0.7681 |    0.6691 |    0.176s
    97 |   0.5947 |    0.7008 |    0.7795 |    0.6988 |    0.202s
    98 |   0.5893 |    0.7054 |    0.8023 |    0.7112 |    0.185s
    99 |   0.5793 |    0.7126 |    0.7985 |    0.7119 |    0.192s
   100 |   0.5719 |    0.7113 |    0.7947 |    0.7122 |    0.195s
------------------------------------------------------------------------------
【结果汇总】
  最佳验证 AUC      : 0.7356  (第 45 轮)
  对应的测试 AUC    : 0.7484
  对应的测试 Hits@50: 0.8406  (随机猜约 0.495)
  训练总耗时        : 18.71s / 整体墙钟 19.51s
  平均每轮训练耗时  : 0.18s (每轮 11 次参数更新)
  评估累计耗时      : 0.21s
结果已追加保存到：D:\PHD\博一\入学任务\任务二_链路预测\results\results.jsonl
