==============================================================================
任务二 链路预测 | 数据集=Cora 模型=GraphSAGE 训练方式=full 解码器=dot
超参数：lr=0.01, layers=2, hidden=128, emb_dim=64, dropout=0.5, epochs=100
==============================================================================
数据划分：Cora: 节点=2708, 训练边=4488, 验证边=263, 测试边=527, 消息传递边=8976, 每个测试正样本配 100 个负样本
模型参数量：383,680（编码器 383,680 + 解码器 0）
全图训练：每个 epoch 给全部 4488 条训练边打分
------------------------------------------------------------------------------
 Epoch |     Loss |   Val AUC |  Val H@50 |  Test AUC |      时间/轮
------------------------------------------------------------------------------
     1 |   2.9414 |    0.4744 |    0.4677 |    0.4898 |    0.222s
     2 |  17.1965 |    0.6358 |    0.6692 |    0.6338 |    0.008s
     3 |   2.3360 |    0.6149 |    0.6578 |    0.6223 |    0.007s
     4 |   2.7929 |    0.5232 |    0.5399 |    0.5227 |    0.007s
     5 |   7.1020 |    0.5449 |    0.5627 |    0.5349 |    0.008s
     6 |   5.7334 |    0.6413 |    0.6616 |    0.6270 |    0.008s
     7 |   2.5617 |    0.7338 |    0.8213 |    0.7213 |    0.007s
     8 |   1.1869 |    0.6778 |    0.7338 |    0.6615 |    0.008s
     9 |   1.4089 |    0.5870 |    0.6122 |    0.5664 |    0.007s
    10 |   2.6012 |    0.5578 |    0.5665 |    0.5366 |    0.007s
    11 |   3.1127 |    0.5713 |    0.5970 |    0.5529 |    0.008s
    12 |   2.7161 |    0.6239 |    0.6616 |    0.6137 |    0.008s
    13 |   1.6172 |    0.6877 |    0.7529 |    0.6880 |    0.007s
    14 |   1.0767 |    0.7143 |    0.7871 |    0.7210 |    0.007s
    15 |   0.9293 |    0.7060 |    0.7795 |    0.7056 |    0.007s
    16 |   1.0551 |    0.6795 |    0.7529 |    0.6651 |    0.007s
    17 |   1.2633 |    0.6600 |    0.6920 |    0.6385 |    0.008s
    18 |   1.4781 |    0.6657 |    0.6958 |    0.6420 |    0.008s
    19 |   1.4875 |    0.6944 |    0.7833 |    0.6724 |    0.008s
    20 |   1.2301 |    0.7341 |    0.8175 |    0.7152 |    0.006s
    21 |   0.9791 |    0.7623 |    0.8441 |    0.7489 |    0.004s
    22 |   0.8339 |    0.7718 |    0.8593 |    0.7620 |    0.004s
    23 |   0.7799 |    0.7664 |    0.8593 |    0.7577 |    0.008s
    24 |   0.8053 |    0.7541 |    0.8593 |    0.7453 |    0.005s
    25 |   0.8469 |    0.7421 |    0.8441 |    0.7335 |    0.007s
    26 |   0.8849 |    0.7372 |    0.8365 |    0.7305 |    0.007s
    27 |   0.8855 |    0.7415 |    0.8441 |    0.7385 |    0.008s
    28 |   0.8707 |    0.7527 |    0.8479 |    0.7547 |    0.007s
    29 |   0.8178 |    0.7661 |    0.8555 |    0.7734 |    0.007s
    30 |   0.7568 |    0.7784 |    0.8555 |    0.7895 |    0.007s
    31 |   0.7209 |    0.7879 |    0.8593 |    0.8004 |    0.008s
    32 |   0.6972 |    0.7950 |    0.8745 |    0.8068 |    0.008s
    33 |   0.6430 |    0.8001 |    0.8821 |    0.8093 |    0.007s
    34 |   0.6720 |    0.8039 |    0.8973 |    0.8101 |    0.008s
    35 |   0.6757 |    0.8081 |    0.9011 |    0.8115 |    0.007s
    36 |   0.6737 |    0.8134 |    0.9087 |    0.8146 |    0.008s
    37 |   0.6609 |    0.8197 |    0.9202 |    0.8199 |    0.007s
    38 |   0.6442 |    0.8262 |    0.9316 |    0.8260 |    0.008s
    39 |   0.6521 |    0.8323 |    0.9506 |    0.8321 |    0.007s
    40 |   0.6322 |    0.8372 |    0.9506 |    0.8375 |    0.007s
    41 |   0.6157 |    0.8408 |    0.9506 |    0.8420 |    0.007s
    42 |   0.5920 |    0.8432 |    0.9468 |    0.8455 |    0.007s
    43 |   0.6067 |    0.8451 |    0.9468 |    0.8485 |    0.008s
    44 |   0.5863 |    0.8467 |    0.9430 |    0.8514 |    0.009s
    45 |   0.5939 |    0.8487 |    0.9430 |    0.8545 |    0.010s
    46 |   0.5862 |    0.8508 |    0.9430 |    0.8577 |    0.008s
    47 |   0.5898 |    0.8532 |    0.9430 |    0.8608 |    0.007s
    48 |   0.5604 |    0.8554 |    0.9468 |    0.8637 |    0.008s
    49 |   0.5510 |    0.8574 |    0.9430 |    0.8662 |    0.008s
    50 |   0.5719 |    0.8593 |    0.9354 |    0.8682 |    0.007s
    51 |   0.5736 |    0.8611 |    0.9392 |    0.8700 |    0.007s
    52 |   0.5537 |    0.8626 |    0.9240 |    0.8714 |    0.009s
    53 |   0.5495 |    0.8642 |    0.9278 |    0.8729 |    0.009s
    54 |   0.5348 |    0.8660 |    0.9316 |    0.8744 |    0.009s
    55 |   0.5638 |    0.8679 |    0.9316 |    0.8760 |    0.008s
    56 |   0.5278 |    0.8698 |    0.9392 |    0.8774 |    0.008s
    57 |   0.5470 |    0.8718 |    0.9430 |    0.8787 |    0.008s
    58 |   0.5259 |    0.8736 |    0.9468 |    0.8798 |    0.008s
    59 |   0.5271 |    0.8752 |    0.9468 |    0.8808 |    0.008s
    60 |   0.5230 |    0.8767 |    0.9506 |    0.8816 |    0.007s
    61 |   0.5402 |    0.8781 |    0.9506 |    0.8823 |    0.008s
    62 |   0.5147 |    0.8794 |    0.9544 |    0.8832 |    0.007s
    63 |   0.5313 |    0.8806 |    0.9506 |    0.8840 |    0.007s
    64 |   0.5122 |    0.8819 |    0.9544 |    0.8848 |    0.007s
    65 |   0.5246 |    0.8829 |    0.9544 |    0.8857 |    0.008s
    66 |   0.5144 |    0.8838 |    0.9506 |    0.8867 |    0.008s
    67 |   0.5230 |    0.8845 |    0.9506 |    0.8877 |    0.009s
    68 |   0.5067 |    0.8850 |    0.9506 |    0.8888 |    0.011s
    69 |   0.5008 |    0.8856 |    0.9468 |    0.8897 |    0.008s
    70 |   0.5109 |    0.8858 |    0.9468 |    0.8905 |    0.008s
    71 |   0.5165 |    0.8861 |    0.9392 |    0.8912 |    0.008s
    72 |   0.4959 |    0.8863 |    0.9392 |    0.8920 |    0.009s
    73 |   0.5187 |    0.8869 |    0.9430 |    0.8928 |    0.008s
    74 |   0.5153 |    0.8876 |    0.9430 |    0.8933 |    0.008s
    75 |   0.5017 |    0.8885 |    0.9468 |    0.8938 |    0.007s
    76 |   0.4919 |    0.8893 |    0.9506 |    0.8942 |    0.009s
    77 |   0.5174 |    0.8904 |    0.9544 |    0.8946 |    0.008s
    78 |   0.5045 |    0.8915 |    0.9544 |    0.8951 |    0.007s
    79 |   0.4923 |    0.8925 |    0.9506 |    0.8956 |    0.007s
    80 |   0.5058 |    0.8933 |    0.9544 |    0.8962 |    0.008s
    81 |   0.5044 |    0.8938 |    0.9468 |    0.8968 |    0.010s
    82 |   0.4887 |    0.8943 |    0.9506 |    0.8973 |    0.009s
    83 |   0.4844 |    0.8948 |    0.9506 |    0.8977 |    0.008s
    84 |   0.5018 |    0.8951 |    0.9544 |    0.8982 |    0.008s
    85 |   0.5004 |    0.8953 |    0.9506 |    0.8986 |    0.009s
    86 |   0.4853 |    0.8957 |    0.9544 |    0.8990 |    0.010s
    87 |   0.4986 |    0.8960 |    0.9506 |    0.8995 |    0.007s
    88 |   0.4856 |    0.8963 |    0.9544 |    0.8998 |    0.008s
    89 |   0.4871 |    0.8966 |    0.9544 |    0.9003 |    0.008s
    90 |   0.4763 |    0.8971 |    0.9582 |    0.9009 |    0.008s
    91 |   0.4766 |    0.8976 |    0.9544 |    0.9015 |    0.008s
    92 |   0.4850 |    0.8982 |    0.9544 |    0.9022 |    0.007s
    93 |   0.4910 |    0.8986 |    0.9582 |    0.9027 |    0.009s
    94 |   0.4718 |    0.8988 |    0.9506 |    0.9031 |    0.006s
    95 |   0.4757 |    0.8992 |    0.9506 |    0.9035 |    0.008s
    96 |   0.4815 |    0.8996 |    0.9544 |    0.9038 |    0.007s
    97 |   0.4733 |    0.9000 |    0.9544 |    0.9041 |    0.008s
    98 |   0.4680 |    0.9005 |    0.9544 |    0.9043 |    0.007s
    99 |   0.4697 |    0.9010 |    0.9582 |    0.9045 |    0.008s
   100 |   0.4687 |    0.9015 |    0.9620 |    0.9046 |    0.008s
------------------------------------------------------------------------------
【结果汇总】
  最佳验证 AUC      : 0.9015  (第 100 轮)
  对应的测试 AUC    : 0.9046
  对应的测试 Hits@50: 0.9602  (随机猜约 0.495)
  训练总耗时        : 0.97s / 整体墙钟 1.65s
  平均每轮训练耗时  : 0.01s (每轮 1 次参数更新)
  评估累计耗时      : 0.20s
结果已追加保存到：D:\PHD\博一\入学任务\任务二_链路预测\results\results.jsonl
