==============================================================================
任务二 链路预测 | 数据集=Cora 模型=GAT 训练方式=full 解码器=dot
超参数：lr=0.01, layers=2, hidden=128, emb_dim=64, dropout=0.5, epochs=100
==============================================================================
数据划分：Cora: 节点=2708, 训练边=4488, 验证边=263, 测试边=527, 消息传递边=8976, 每个测试正样本配 100 个负样本
模型参数量：192,448（编码器 192,448 + 解码器 0）
全图训练：每个 epoch 给全部 4488 条训练边打分
------------------------------------------------------------------------------
 Epoch |     Loss |   Val AUC |  Val H@50 |  Test AUC |      时间/轮
------------------------------------------------------------------------------
     1 |   7.2453 |    0.6937 |    0.7681 |    0.6862 |    0.390s
     2 |   2.6427 |    0.6898 |    0.7605 |    0.6912 |    0.688s
     3 |   2.5432 |    0.6945 |    0.7719 |    0.7016 |    0.692s
     4 |   2.8015 |    0.6966 |    0.7681 |    0.7050 |    0.013s
     5 |   2.5661 |    0.6986 |    0.7681 |    0.7066 |    0.014s
     6 |   2.5162 |    0.7059 |    0.7871 |    0.7113 |    0.013s
     7 |   2.0289 |    0.7141 |    0.7871 |    0.7171 |    0.013s
     8 |   1.8755 |    0.7240 |    0.7985 |    0.7252 |    0.014s
     9 |   1.7226 |    0.7322 |    0.8099 |    0.7317 |    0.015s
    10 |   1.3686 |    0.7420 |    0.8213 |    0.7396 |    0.017s
    11 |   1.2145 |    0.7517 |    0.8327 |    0.7474 |    0.013s
    12 |   1.2888 |    0.7630 |    0.8593 |    0.7572 |    0.013s
    13 |   1.2579 |    0.7743 |    0.8593 |    0.7665 |    0.012s
    14 |   1.2221 |    0.7854 |    0.8669 |    0.7752 |    0.015s
    15 |   1.1388 |    0.7942 |    0.8783 |    0.7819 |    0.015s
    16 |   1.0282 |    0.8003 |    0.8973 |    0.7872 |    0.014s
    17 |   1.0424 |    0.8033 |    0.8821 |    0.7903 |    0.014s
    18 |   0.9807 |    0.8048 |    0.8821 |    0.7933 |    0.015s
    19 |   0.8830 |    0.8064 |    0.8897 |    0.7964 |    0.014s
    20 |   0.9105 |    0.8067 |    0.8821 |    0.7986 |    0.014s
    21 |   0.9039 |    0.8070 |    0.8897 |    0.8012 |    0.014s
    22 |   0.8293 |    0.8086 |    0.8897 |    0.8047 |    0.013s
    23 |   0.8556 |    0.8119 |    0.9011 |    0.8096 |    0.019s
    24 |   0.8314 |    0.8152 |    0.9049 |    0.8146 |    0.012s
    25 |   0.7875 |    0.8205 |    0.9087 |    0.8188 |    0.013s
    26 |   0.7344 |    0.8262 |    0.9125 |    0.8220 |    0.013s
    27 |   0.8436 |    0.8306 |    0.9087 |    0.8237 |    0.014s
    28 |   0.7166 |    0.8340 |    0.9087 |    0.8247 |    0.014s
    29 |   0.6895 |    0.8365 |    0.9125 |    0.8254 |    0.014s
    30 |   0.6680 |    0.8382 |    0.9125 |    0.8263 |    0.014s
    31 |   0.6798 |    0.8401 |    0.9163 |    0.8278 |    0.016s
    32 |   0.7040 |    0.8421 |    0.9125 |    0.8294 |    0.014s
    33 |   0.6979 |    0.8443 |    0.9125 |    0.8315 |    0.017s
    34 |   0.6746 |    0.8468 |    0.9240 |    0.8334 |    0.028s
    35 |   0.6508 |    0.8493 |    0.9163 |    0.8349 |    0.012s
    36 |   0.6581 |    0.8516 |    0.9163 |    0.8370 |    0.017s
    37 |   0.6370 |    0.8538 |    0.9278 |    0.8400 |    0.014s
    38 |   0.6651 |    0.8560 |    0.9240 |    0.8435 |    0.014s
    39 |   0.6381 |    0.8578 |    0.9316 |    0.8461 |    0.013s
    40 |   0.6633 |    0.8596 |    0.9392 |    0.8489 |    0.013s
    41 |   0.6383 |    0.8614 |    0.9354 |    0.8517 |    0.013s
    42 |   0.6266 |    0.8633 |    0.9316 |    0.8545 |    0.012s
    43 |   0.6260 |    0.8651 |    0.9354 |    0.8567 |    0.016s
    44 |   0.6259 |    0.8670 |    0.9316 |    0.8587 |    0.014s
    45 |   0.6366 |    0.8692 |    0.9354 |    0.8603 |    0.014s
    46 |   0.6286 |    0.8711 |    0.9316 |    0.8619 |    0.014s
    47 |   0.6153 |    0.8725 |    0.9354 |    0.8633 |    0.017s
    48 |   0.6059 |    0.8739 |    0.9354 |    0.8649 |    0.024s
    49 |   0.6000 |    0.8750 |    0.9354 |    0.8662 |    0.023s
    50 |   0.5970 |    0.8761 |    0.9354 |    0.8674 |    0.023s
    51 |   0.6195 |    0.8777 |    0.9354 |    0.8689 |    0.015s
    52 |   0.6026 |    0.8791 |    0.9354 |    0.8702 |    0.015s
    53 |   0.6146 |    0.8801 |    0.9354 |    0.8711 |    0.015s
    54 |   0.5956 |    0.8814 |    0.9316 |    0.8722 |    0.013s
    55 |   0.6089 |    0.8825 |    0.9392 |    0.8733 |    0.024s
    56 |   0.5885 |    0.8836 |    0.9354 |    0.8746 |    0.066s
    57 |   0.6124 |    0.8846 |    0.9354 |    0.8761 |    0.014s
    58 |   0.5948 |    0.8858 |    0.9354 |    0.8777 |    0.015s
    59 |   0.5903 |    0.8870 |    0.9354 |    0.8793 |    0.014s
    60 |   0.5879 |    0.8881 |    0.9354 |    0.8809 |    0.013s
    61 |   0.5657 |    0.8891 |    0.9354 |    0.8824 |    0.014s
    62 |   0.5831 |    0.8901 |    0.9392 |    0.8840 |    0.013s
    63 |   0.6169 |    0.8913 |    0.9430 |    0.8856 |    0.016s
    64 |   0.5789 |    0.8923 |    0.9430 |    0.8870 |    0.012s
    65 |   0.5711 |    0.8933 |    0.9430 |    0.8883 |    0.012s
    66 |   0.5830 |    0.8941 |    0.9468 |    0.8896 |    0.013s
    67 |   0.5700 |    0.8950 |    0.9468 |    0.8908 |    0.014s
    68 |   0.5695 |    0.8958 |    0.9430 |    0.8918 |    0.013s
    69 |   0.5772 |    0.8966 |    0.9430 |    0.8927 |    0.013s
    70 |   0.5635 |    0.8972 |    0.9468 |    0.8935 |    0.014s
    71 |   0.5695 |    0.8980 |    0.9468 |    0.8942 |    0.014s
    72 |   0.5703 |    0.8987 |    0.9468 |    0.8949 |    0.013s
    73 |   0.5809 |    0.8994 |    0.9468 |    0.8957 |    0.015s
    74 |   0.5720 |    0.9000 |    0.9506 |    0.8965 |    0.013s
    75 |   0.5725 |    0.9007 |    0.9506 |    0.8974 |    0.014s
    76 |   0.5580 |    0.9014 |    0.9506 |    0.8983 |    0.019s
    77 |   0.5745 |    0.9019 |    0.9506 |    0.8991 |    0.016s
    78 |   0.5643 |    0.9024 |    0.9468 |    0.8997 |    0.014s
    79 |   0.5566 |    0.9028 |    0.9468 |    0.9003 |    0.013s
    80 |   0.5527 |    0.9031 |    0.9506 |    0.9010 |    0.013s
    81 |   0.5690 |    0.9032 |    0.9506 |    0.9016 |    0.014s
    82 |   0.5522 |    0.9035 |    0.9506 |    0.9021 |    0.015s
    83 |   0.5625 |    0.9038 |    0.9468 |    0.9026 |    0.014s
    84 |   0.5636 |    0.9041 |    0.9468 |    0.9031 |    0.017s
    85 |   0.5743 |    0.9045 |    0.9468 |    0.9037 |    0.014s
    86 |   0.5596 |    0.9050 |    0.9468 |    0.9043 |    0.019s
    87 |   0.5489 |    0.9054 |    0.9468 |    0.9050 |    0.016s
    88 |   0.5627 |    0.9060 |    0.9468 |    0.9056 |    0.015s
    89 |   0.5670 |    0.9066 |    0.9468 |    0.9062 |    0.016s
    90 |   0.5470 |    0.9072 |    0.9468 |    0.9067 |    0.013s
    91 |   0.5514 |    0.9078 |    0.9430 |    0.9073 |    0.013s
    92 |   0.5521 |    0.9084 |    0.9430 |    0.9079 |    0.012s
    93 |   0.5566 |    0.9089 |    0.9430 |    0.9084 |    0.012s
    94 |   0.5614 |    0.9095 |    0.9430 |    0.9090 |    0.013s
    95 |   0.5573 |    0.9103 |    0.9430 |    0.9096 |    0.013s
    96 |   0.5551 |    0.9109 |    0.9468 |    0.9101 |    0.014s
    97 |   0.5606 |    0.9115 |    0.9430 |    0.9105 |    0.013s
    98 |   0.5465 |    0.9122 |    0.9430 |    0.9110 |    0.014s
    99 |   0.5531 |    0.9129 |    0.9506 |    0.9115 |    0.013s
   100 |   0.5537 |    0.9138 |    0.9506 |    0.9120 |    0.014s
------------------------------------------------------------------------------
【结果汇总】
  最佳验证 AUC      : 0.9138  (第 100 轮)
  对应的测试 AUC    : 0.9120
  对应的测试 Hits@50: 0.9639  (随机猜约 0.495)
  训练总耗时        : 3.24s / 整体墙钟 5.69s
  平均每轮训练耗时  : 0.03s (每轮 1 次参数更新)
  评估累计耗时      : 0.92s
结果已追加保存到：D:\PHD\博一\入学任务\任务二_链路预测\results\results.jsonl
