==============================================================================
任务二 链路预测 | 数据集=Cora 模型=GCN 训练方式=full 解码器=dot
超参数：lr=0.01, layers=2, hidden=128, emb_dim=64, dropout=0.5, epochs=10
==============================================================================
[错误] 数据准备失败：Expected a 'cuda' device type for generator but found 'cpu'
==============================================================================
任务二 链路预测 | 数据集=Cora 模型=GCN 训练方式=full 解码器=dot
超参数：lr=0.01, layers=2, hidden=128, emb_dim=64, dropout=0.5, epochs=20
==============================================================================
[错误] 数据准备失败：Expected all tensors to be on the same device, but found at least two devices, cuda:0 and cpu! (when checking argument for argument test_elements in method wrapper_CUDA_isin_Tensor_Tensor)
==============================================================================
任务二 链路预测 | 数据集=Cora 模型=GCN 训练方式=full 解码器=dot
超参数：lr=0.01, layers=2, hidden=128, emb_dim=64, dropout=0.5, epochs=30
==============================================================================
数据划分：Cora: 节点=2708, 训练边=4488, 验证边=263, 测试边=527, 消息传递边=8976, 每个测试正样本配 100 个负样本
模型参数量：192,064（编码器 192,064 + 解码器 0）
全图训练：每个 epoch 给全部 4488 条训练边打分
------------------------------------------------------------------------------
 Epoch |     Loss |   Val AUC |  Val H@50 |  Test AUC |      时间/轮
------------------------------------------------------------------------------
     1 |   4.5420 |    0.7263 |    0.2205 |    0.7291 |    0.243s
     2 |   2.7581 |    0.7056 |    0.2548 |    0.7103 |    0.010s
     3 |   2.3057 |    0.6983 |    0.2624 |    0.7123 |    0.011s
     4 |   2.4494 |    0.7070 |    0.2510 |    0.7256 |    0.009s
     5 |   2.3630 |    0.7319 |    0.1901 |    0.7489 |    0.010s
     6 |   1.8332 |    0.7532 |    0.1597 |    0.7695 |    0.010s
     7 |   1.3541 |    0.7564 |    0.1673 |    0.7743 |    0.010s
     8 |   1.1125 |    0.7512 |    0.1673 |    0.7743 |    0.012s
     9 |   1.1548 |    0.7476 |    0.1787 |    0.7725 |    0.011s
    10 |   1.2343 |    0.7501 |    0.1711 |    0.7733 |    0.010s
    11 |   1.2265 |    0.7589 |    0.1597 |    0.7805 |    0.016s
    12 |   1.1023 |    0.7694 |    0.1483 |    0.7906 |    0.011s
    13 |   0.9997 |    0.7771 |    0.1445 |    0.7994 |    0.009s
    14 |   0.8657 |    0.7794 |    0.1445 |    0.8034 |    0.010s
    15 |   0.8449 |    0.7787 |    0.1559 |    0.8062 |    0.009s
    16 |   0.8314 |    0.7782 |    0.1521 |    0.8086 |    0.010s
    17 |   0.8117 |    0.7804 |    0.1483 |    0.8119 |    0.010s
    18 |   0.7910 |    0.7848 |    0.1445 |    0.8153 |    0.008s
    19 |   0.7552 |    0.7886 |    0.1445 |    0.8188 |    0.010s
    20 |   0.7262 |    0.7920 |    0.1331 |    0.8221 |    0.014s
    21 |   0.6832 |    0.7939 |    0.1369 |    0.8244 |    0.009s
    22 |   0.6596 |    0.7957 |    0.1293 |    0.8265 |    0.010s
    23 |   0.6490 |    0.7973 |    0.1217 |    0.8279 |    0.010s
    24 |   0.6322 |    0.7993 |    0.1103 |    0.8282 |    0.010s
    25 |   0.6293 |    0.8020 |    0.1141 |    0.8299 |    0.015s
    26 |   0.6048 |    0.8048 |    0.1103 |    0.8335 |    0.010s
    27 |   0.5830 |    0.8078 |    0.1065 |    0.8378 |    0.010s
    28 |   0.5784 |    0.8113 |    0.1179 |    0.8416 |    0.010s
    29 |   0.5916 |    0.8153 |    0.1255 |    0.8458 |    0.011s
    30 |   0.5483 |    0.8202 |    0.1217 |    0.8499 |    0.010s
------------------------------------------------------------------------------
【结果汇总】
  最佳验证 AUC      : 0.8202  (第 30 轮)
  对应的测试 AUC    : 0.8499
  对应的测试 Hits@50: 0.0778  (随机猜约 0.495)
  训练总耗时        : 0.55s / 整体墙钟 0.91s
  平均每轮训练耗时  : 0.01s (每轮 1 次参数更新)
  评估累计耗时      : 0.13s
结果已追加保存到：D:\PHD\博一\入学任务\任务二_链路预测\results\results.jsonl
==============================================================================
任务二 链路预测 | 数据集=Cora 模型=GCN 训练方式=full 解码器=dot
超参数：lr=0.01, layers=2, hidden=128, emb_dim=64, dropout=0.5, epochs=30
==============================================================================
数据划分：Cora: 节点=2708, 训练边=4488, 验证边=263, 测试边=527, 消息传递边=8976, 每个测试正样本配 100 个负样本
模型参数量：192,064（编码器 192,064 + 解码器 0）
全图训练：每个 epoch 给全部 4488 条训练边打分
------------------------------------------------------------------------------
 Epoch |     Loss |   Val AUC |  Val H@50 |  Test AUC |      时间/轮
------------------------------------------------------------------------------
     1 |   4.4043 |    0.7258 |    0.7833 |    0.7262 |    0.171s
     2 |   2.9427 |    0.7058 |    0.7567 |    0.7146 |    0.010s
     3 |   2.2248 |    0.7004 |    0.7338 |    0.7166 |    0.005s
     4 |   2.3811 |    0.7113 |    0.7490 |    0.7265 |    0.005s
     5 |   2.3725 |    0.7235 |    0.7643 |    0.7366 |    0.006s
     6 |   1.8588 |    0.7380 |    0.7947 |    0.7518 |    0.012s
     7 |   1.3381 |    0.7442 |    0.8061 |    0.7640 |    0.009s
     8 |   1.1204 |    0.7475 |    0.8251 |    0.7697 |    0.008s
     9 |   1.1536 |    0.7482 |    0.8099 |    0.7717 |    0.008s
    10 |   1.2409 |    0.7497 |    0.8099 |    0.7719 |    0.007s
    11 |   1.1988 |    0.7543 |    0.8213 |    0.7708 |    0.009s
    12 |   1.1475 |    0.7562 |    0.8099 |    0.7728 |    0.006s
    13 |   0.9085 |    0.7585 |    0.8137 |    0.7763 |    0.007s
    14 |   0.8665 |    0.7602 |    0.8023 |    0.7785 |    0.005s
    15 |   0.8012 |    0.7604 |    0.8289 |    0.7791 |    0.005s
    16 |   0.8194 |    0.7605 |    0.8441 |    0.7789 |    0.006s
    17 |   0.7807 |    0.7614 |    0.8327 |    0.7800 |    0.008s
    18 |   0.7597 |    0.7636 |    0.8365 |    0.7827 |    0.008s
    19 |   0.7449 |    0.7677 |    0.8403 |    0.7855 |    0.007s
    20 |   0.7274 |    0.7721 |    0.8403 |    0.7892 |    0.006s
    21 |   0.6796 |    0.7768 |    0.8403 |    0.7930 |    0.009s
    22 |   0.6378 |    0.7801 |    0.8403 |    0.7951 |    0.007s
    23 |   0.6309 |    0.7831 |    0.8365 |    0.7980 |    0.007s
    24 |   0.6185 |    0.7866 |    0.8441 |    0.8021 |    0.007s
    25 |   0.6036 |    0.7909 |    0.8517 |    0.8065 |    0.017s
    26 |   0.6078 |    0.7961 |    0.8593 |    0.8113 |    0.009s
    27 |   0.6109 |    0.8029 |    0.8631 |    0.8179 |    0.009s
    28 |   0.5769 |    0.8085 |    0.8669 |    0.8257 |    0.009s
    29 |   0.5774 |    0.8146 |    0.8745 |    0.8331 |    0.007s
    30 |   0.5541 |    0.8217 |    0.8821 |    0.8399 |    0.005s
------------------------------------------------------------------------------
【结果汇总】
  最佳验证 AUC      : 0.8217  (第 30 轮)
  对应的测试 AUC    : 0.8399
  对应的测试 Hits@50: 0.9089  (随机猜约 0.495)
  训练总耗时        : 0.39s / 整体墙钟 0.64s
  平均每轮训练耗时  : 0.01s (每轮 1 次参数更新)
  评估累计耗时      : 0.09s
结果已追加保存到：D:\PHD\博一\入学任务\任务二_链路预测\results\results.jsonl
==============================================================================
任务二 链路预测 | 数据集=Cora 模型=GCN 训练方式=full 解码器=dot
超参数：lr=0.01, layers=2, hidden=128, emb_dim=64, dropout=0.5, epochs=100
==============================================================================
数据划分：Cora: 节点=2708, 训练边=4488, 验证边=263, 测试边=527, 消息传递边=8976, 每个测试正样本配 100 个负样本
模型参数量：192,064（编码器 192,064 + 解码器 0）
全图训练：每个 epoch 给全部 4488 条训练边打分
------------------------------------------------------------------------------
 Epoch |     Loss |   Val AUC |  Val H@50 |  Test AUC |      时间/轮
------------------------------------------------------------------------------
     1 |   4.5654 |    0.7185 |    0.7757 |    0.7239 |    0.250s
     2 |   2.7387 |    0.6929 |    0.7300 |    0.7014 |    0.011s
     3 |   2.2959 |    0.7013 |    0.7338 |    0.7068 |    0.012s
     4 |   2.3773 |    0.7123 |    0.7452 |    0.7200 |    0.010s
     5 |   2.2432 |    0.7238 |    0.8061 |    0.7363 |    0.010s
     6 |   1.7854 |    0.7322 |    0.7871 |    0.7492 |    0.012s
     7 |   1.2721 |    0.7404 |    0.7947 |    0.7618 |    0.010s
     8 |   1.1074 |    0.7482 |    0.7947 |    0.7621 |    0.011s
     9 |   1.1684 |    0.7521 |    0.7985 |    0.7622 |    0.011s
    10 |   1.2235 |    0.7576 |    0.8023 |    0.7616 |    0.009s
    11 |   1.2276 |    0.7623 |    0.8251 |    0.7645 |    0.010s
    12 |   1.0928 |    0.7667 |    0.8441 |    0.7685 |    0.014s
    13 |   0.8965 |    0.7709 |    0.8441 |    0.7705 |    0.019s
    14 |   0.8642 |    0.7724 |    0.8517 |    0.7709 |    0.010s
    15 |   0.8052 |    0.7714 |    0.8441 |    0.7704 |    0.010s
    16 |   0.8009 |    0.7708 |    0.8479 |    0.7705 |    0.010s
    17 |   0.7857 |    0.7708 |    0.8441 |    0.7710 |    0.009s
    18 |   0.7563 |    0.7709 |    0.8441 |    0.7740 |    0.011s
    19 |   0.7452 |    0.7715 |    0.8403 |    0.7786 |    0.010s
    20 |   0.6982 |    0.7716 |    0.8365 |    0.7836 |    0.008s
    21 |   0.6619 |    0.7755 |    0.8403 |    0.7881 |    0.010s
    22 |   0.6614 |    0.7795 |    0.8593 |    0.7925 |    0.013s
    23 |   0.6492 |    0.7834 |    0.8631 |    0.7968 |    0.012s
    24 |   0.6281 |    0.7886 |    0.8745 |    0.8020 |    0.011s
    25 |   0.6039 |    0.7947 |    0.8707 |    0.8081 |    0.013s
    26 |   0.6359 |    0.8030 |    0.8669 |    0.8128 |    0.011s
    27 |   0.6237 |    0.8096 |    0.8783 |    0.8174 |    0.010s
    28 |   0.5781 |    0.8163 |    0.8783 |    0.8217 |    0.018s
    29 |   0.5694 |    0.8234 |    0.8935 |    0.8263 |    0.011s
    30 |   0.5557 |    0.8299 |    0.8973 |    0.8317 |    0.011s
    31 |   0.5332 |    0.8349 |    0.9011 |    0.8370 |    0.011s
    32 |   0.5387 |    0.8392 |    0.8935 |    0.8418 |    0.011s
    33 |   0.5393 |    0.8430 |    0.8973 |    0.8466 |    0.010s
    34 |   0.5449 |    0.8466 |    0.8973 |    0.8516 |    0.011s
    35 |   0.5364 |    0.8508 |    0.9011 |    0.8562 |    0.009s
    36 |   0.5301 |    0.8554 |    0.9011 |    0.8608 |    0.011s
    37 |   0.5284 |    0.8593 |    0.9011 |    0.8658 |    0.010s
    38 |   0.5117 |    0.8630 |    0.9163 |    0.8710 |    0.010s
    39 |   0.5061 |    0.8666 |    0.9163 |    0.8764 |    0.011s
    40 |   0.5070 |    0.8698 |    0.9202 |    0.8824 |    0.011s
    41 |   0.4939 |    0.8726 |    0.9240 |    0.8870 |    0.010s
    42 |   0.4849 |    0.8749 |    0.9278 |    0.8905 |    0.010s
    43 |   0.5045 |    0.8769 |    0.9240 |    0.8939 |    0.020s
    44 |   0.5031 |    0.8798 |    0.9278 |    0.8967 |    0.011s
    45 |   0.4891 |    0.8831 |    0.9316 |    0.8993 |    0.011s
    46 |   0.4796 |    0.8863 |    0.9392 |    0.9017 |    0.010s
    47 |   0.4963 |    0.8889 |    0.9392 |    0.9040 |    0.010s
    48 |   0.4756 |    0.8910 |    0.9354 |    0.9062 |    0.011s
    49 |   0.4720 |    0.8928 |    0.9392 |    0.9082 |    0.011s
    50 |   0.4733 |    0.8937 |    0.9354 |    0.9097 |    0.009s
    51 |   0.4785 |    0.8943 |    0.9354 |    0.9109 |    0.009s
    52 |   0.4677 |    0.8946 |    0.9354 |    0.9120 |    0.008s
    53 |   0.4743 |    0.8950 |    0.9316 |    0.9129 |    0.010s
    54 |   0.4579 |    0.8958 |    0.9354 |    0.9138 |    0.010s
    55 |   0.4630 |    0.8964 |    0.9354 |    0.9149 |    0.011s
    56 |   0.4548 |    0.8975 |    0.9354 |    0.9160 |    0.011s
    57 |   0.4496 |    0.8996 |    0.9430 |    0.9170 |    0.010s
    58 |   0.4608 |    0.9015 |    0.9468 |    0.9182 |    0.016s
    59 |   0.4545 |    0.9038 |    0.9506 |    0.9192 |    0.010s
    60 |   0.4600 |    0.9065 |    0.9506 |    0.9201 |    0.010s
    61 |   0.4571 |    0.9084 |    0.9506 |    0.9210 |    0.010s
    62 |   0.4516 |    0.9098 |    0.9506 |    0.9218 |    0.011s
    63 |   0.4487 |    0.9108 |    0.9544 |    0.9224 |    0.011s
    64 |   0.4618 |    0.9112 |    0.9506 |    0.9230 |    0.010s
    65 |   0.4549 |    0.9113 |    0.9506 |    0.9238 |    0.009s
    66 |   0.4496 |    0.9110 |    0.9468 |    0.9249 |    0.010s
    67 |   0.4499 |    0.9110 |    0.9506 |    0.9259 |    0.011s
    68 |   0.4535 |    0.9111 |    0.9506 |    0.9269 |    0.010s
    69 |   0.4451 |    0.9113 |    0.9468 |    0.9279 |    0.009s
    70 |   0.4425 |    0.9115 |    0.9468 |    0.9286 |    0.011s
    71 |   0.4465 |    0.9116 |    0.9430 |    0.9293 |    0.009s
    72 |   0.4436 |    0.9119 |    0.9430 |    0.9301 |    0.010s
    73 |   0.4417 |    0.9122 |    0.9392 |    0.9308 |    0.021s
    74 |   0.4502 |    0.9129 |    0.9430 |    0.9315 |    0.010s
    75 |   0.4482 |    0.9134 |    0.9354 |    0.9321 |    0.010s
    76 |   0.4461 |    0.9137 |    0.9392 |    0.9327 |    0.009s
    77 |   0.4295 |    0.9143 |    0.9392 |    0.9334 |    0.009s
    78 |   0.4364 |    0.9147 |    0.9392 |    0.9340 |    0.011s
    79 |   0.4329 |    0.9149 |    0.9392 |    0.9345 |    0.011s
    80 |   0.4387 |    0.9152 |    0.9392 |    0.9350 |    0.009s
    81 |   0.4372 |    0.9153 |    0.9392 |    0.9354 |    0.010s
    82 |   0.4348 |    0.9154 |    0.9392 |    0.9358 |    0.009s
    83 |   0.4239 |    0.9159 |    0.9392 |    0.9360 |    0.010s
    84 |   0.4400 |    0.9171 |    0.9392 |    0.9366 |    0.009s
    85 |   0.4380 |    0.9185 |    0.9430 |    0.9371 |    0.011s
    86 |   0.4400 |    0.9197 |    0.9506 |    0.9373 |    0.011s
    87 |   0.4364 |    0.9201 |    0.9468 |    0.9374 |    0.010s
    88 |   0.4362 |    0.9200 |    0.9430 |    0.9377 |    0.011s
    89 |   0.4277 |    0.9195 |    0.9430 |    0.9378 |    0.009s
    90 |   0.4345 |    0.9187 |    0.9430 |    0.9379 |    0.010s
    91 |   0.4244 |    0.9184 |    0.9468 |    0.9380 |    0.010s
    92 |   0.4345 |    0.9184 |    0.9468 |    0.9380 |    0.009s
    93 |   0.4341 |    0.9190 |    0.9468 |    0.9381 |    0.011s
    94 |   0.4354 |    0.9197 |    0.9468 |    0.9381 |    0.010s
    95 |   0.4345 |    0.9207 |    0.9506 |    0.9383 |    0.009s
    96 |   0.4284 |    0.9216 |    0.9544 |    0.9385 |    0.011s
    97 |   0.4290 |    0.9226 |    0.9544 |    0.9388 |    0.010s
    98 |   0.4230 |    0.9234 |    0.9544 |    0.9391 |    0.009s
    99 |   0.4205 |    0.9245 |    0.9582 |    0.9396 |    0.009s
   100 |   0.4202 |    0.9253 |    0.9582 |    0.9398 |    0.010s
------------------------------------------------------------------------------
【结果汇总】
  最佳验证 AUC      : 0.9253  (第 100 轮)
  对应的测试 AUC    : 0.9398
  对应的测试 Hits@50: 0.9753  (随机猜约 0.495)
  训练总耗时        : 1.30s / 整体墙钟 2.50s
  平均每轮训练耗时  : 0.01s (每轮 1 次参数更新)
  评估累计耗时      : 0.44s
结果已追加保存到：D:\PHD\博一\入学任务\任务二_链路预测\results\results.jsonl
