==============================================================================
任务二 链路预测 | 数据集=Cora 模型=GraphSAGE 训练方式=sample 解码器=dot
超参数：lr=0.01, layers=2, hidden=128, emb_dim=64, dropout=0.5, epochs=100
==============================================================================
数据划分：Cora: 节点=2708, 训练边=4488, 验证边=263, 测试边=527, 消息传递边=8976, 每个测试正样本配 100 个负样本
模型参数量：383,680（编码器 383,680 + 解码器 0）
采样设置：batch_size=256, num_neighbors=[10, 10], 种子节点=2618, 每轮 batch 数=11
------------------------------------------------------------------------------
 Epoch |     Loss |   Val AUC |  Val H@50 |  Test AUC |      时间/轮
------------------------------------------------------------------------------
     1 |   3.1913 |    0.7112 |    0.7605 |    0.6931 |    0.495s
     2 |   0.8431 |    0.7268 |    0.7795 |    0.7065 |    0.243s
     3 |   0.7093 |    0.7679 |    0.8441 |    0.7331 |    0.244s
     4 |   0.6065 |    0.7694 |    0.8289 |    0.7496 |    0.235s
     5 |   0.6896 |    0.7860 |    0.8669 |    0.7664 |    0.236s
     6 |   0.6216 |    0.7883 |    0.8479 |    0.7794 |    0.241s
     7 |   0.5836 |    0.7843 |    0.8593 |    0.7833 |    0.255s
     8 |   0.5962 |    0.7880 |    0.8593 |    0.7960 |    0.231s
     9 |   0.5648 |    0.7996 |    0.8783 |    0.7989 |    0.229s
    10 |   0.5511 |    0.7959 |    0.8669 |    0.7929 |    0.238s
    11 |   0.5669 |    0.8031 |    0.8821 |    0.8061 |    0.231s
    12 |   0.5926 |    0.8163 |    0.8897 |    0.8195 |    0.230s
    13 |   0.5407 |    0.8229 |    0.9163 |    0.8170 |    0.223s
    14 |   0.5338 |    0.8328 |    0.9125 |    0.8239 |    0.214s
    15 |   0.5540 |    0.8266 |    0.9087 |    0.8208 |    0.223s
    16 |   0.5184 |    0.8290 |    0.9049 |    0.8122 |    0.221s
    17 |   0.5524 |    0.8107 |    0.8783 |    0.8032 |    0.216s
    18 |   0.5555 |    0.8054 |    0.8859 |    0.7983 |    0.219s
    19 |   0.5362 |    0.8036 |    0.8707 |    0.8055 |    0.217s
    20 |   0.5212 |    0.8017 |    0.8593 |    0.8099 |    0.198s
    21 |   0.5143 |    0.8115 |    0.8707 |    0.8215 |    0.220s
    22 |   0.4980 |    0.8232 |    0.8897 |    0.8241 |    0.220s
    23 |   0.5224 |    0.8192 |    0.8783 |    0.8326 |    0.215s
    24 |   0.5149 |    0.8243 |    0.8821 |    0.8296 |    0.214s
    25 |   0.5215 |    0.8229 |    0.8973 |    0.8181 |    0.214s
    26 |   0.5569 |    0.8294 |    0.9049 |    0.8224 |    0.243s
    27 |   0.4975 |    0.8274 |    0.8973 |    0.8192 |    0.313s
    28 |   0.5692 |    0.8173 |    0.9011 |    0.8123 |    0.226s
    29 |   0.5085 |    0.8163 |    0.9087 |    0.8114 |    0.227s
    30 |   0.5159 |    0.8185 |    0.8973 |    0.8191 |    0.223s
    31 |   0.5051 |    0.8212 |    0.8973 |    0.8209 |    0.222s
    32 |   0.5196 |    0.8226 |    0.8935 |    0.8174 |    0.269s
    33 |   0.4929 |    0.8281 |    0.9011 |    0.8200 |    0.241s
    34 |   0.5156 |    0.8219 |    0.8783 |    0.8171 |    0.240s
    35 |   0.5007 |    0.8295 |    0.8935 |    0.8173 |    0.223s
    36 |   0.5299 |    0.8356 |    0.8973 |    0.8224 |    0.221s
    37 |   0.5194 |    0.8330 |    0.8859 |    0.8212 |    0.222s
    38 |   0.5030 |    0.8321 |    0.8935 |    0.8260 |    0.209s
    39 |   0.5087 |    0.8407 |    0.8935 |    0.8335 |    0.239s
    40 |   0.5374 |    0.8436 |    0.9240 |    0.8365 |    0.240s
    41 |   0.4994 |    0.8472 |    0.9278 |    0.8390 |    0.232s
    42 |   0.5243 |    0.8454 |    0.9087 |    0.8417 |    0.234s
    43 |   0.5153 |    0.8436 |    0.8935 |    0.8389 |    0.234s
    44 |   0.4977 |    0.8399 |    0.8897 |    0.8339 |    0.220s
    45 |   0.4883 |    0.8410 |    0.9049 |    0.8378 |    0.233s
    46 |   0.4997 |    0.8461 |    0.8973 |    0.8381 |    0.241s
    47 |   0.4887 |    0.8302 |    0.8859 |    0.8322 |    0.225s
    48 |   0.5053 |    0.8353 |    0.8821 |    0.8331 |    0.240s
    49 |   0.5327 |    0.8372 |    0.9049 |    0.8392 |    0.238s
    50 |   0.4996 |    0.8314 |    0.8821 |    0.8343 |    0.238s
    51 |   0.5004 |    0.8360 |    0.8935 |    0.8331 |    0.239s
    52 |   0.5077 |    0.8317 |    0.8897 |    0.8393 |    0.232s
    53 |   0.5121 |    0.8342 |    0.8707 |    0.8397 |    0.233s
    54 |   0.4875 |    0.8405 |    0.8935 |    0.8473 |    0.238s
    55 |   0.4960 |    0.8397 |    0.9087 |    0.8411 |    0.244s
    56 |   0.4909 |    0.8523 |    0.9087 |    0.8404 |    0.230s
    57 |   0.4961 |    0.8531 |    0.9087 |    0.8393 |    0.238s
    58 |   0.4931 |    0.8488 |    0.9011 |    0.8379 |    0.241s
    59 |   0.4908 |    0.8504 |    0.9087 |    0.8421 |    0.221s
    60 |   0.4762 |    0.8584 |    0.9278 |    0.8481 |    0.241s
    61 |   0.5291 |    0.8568 |    0.9240 |    0.8492 |    0.196s
    62 |   0.5101 |    0.8431 |    0.9125 |    0.8397 |    0.182s
    63 |   0.5088 |    0.8491 |    0.9163 |    0.8445 |    0.179s
    64 |   0.5124 |    0.8550 |    0.9202 |    0.8459 |    0.162s
    65 |   0.5148 |    0.8443 |    0.9163 |    0.8401 |    0.154s
    66 |   0.5148 |    0.8584 |    0.9354 |    0.8560 |    0.162s
    67 |   0.5057 |    0.8552 |    0.9278 |    0.8558 |    0.153s
    68 |   0.4983 |    0.8479 |    0.9087 |    0.8536 |    0.161s
    69 |   0.4995 |    0.8493 |    0.9125 |    0.8462 |    0.164s
    70 |   0.5308 |    0.8450 |    0.9202 |    0.8523 |    0.149s
    71 |   0.5063 |    0.8418 |    0.9163 |    0.8448 |    0.164s
    72 |   0.5048 |    0.8316 |    0.9202 |    0.8473 |    0.160s
    73 |   0.5195 |    0.8401 |    0.8897 |    0.8497 |    0.161s
    74 |   0.4743 |    0.8483 |    0.9049 |    0.8523 |    0.160s
    75 |   0.4946 |    0.8452 |    0.9049 |    0.8513 |    0.161s
    76 |   0.5020 |    0.8416 |    0.8973 |    0.8539 |    0.148s
    77 |   0.5105 |    0.8390 |    0.8935 |    0.8499 |    0.157s
    78 |   0.5129 |    0.8507 |    0.9011 |    0.8649 |    0.166s
    79 |   0.4679 |    0.8539 |    0.9125 |    0.8659 |    0.157s
    80 |   0.5365 |    0.8560 |    0.9049 |    0.8792 |    0.169s
    81 |   0.5260 |    0.8532 |    0.9163 |    0.8716 |    0.173s
    82 |   0.5139 |    0.8399 |    0.9202 |    0.8586 |    0.179s
    83 |   0.5089 |    0.8435 |    0.9316 |    0.8626 |    0.183s
    84 |   0.4942 |    0.8408 |    0.9392 |    0.8660 |    0.187s
    85 |   0.5105 |    0.8359 |    0.9125 |    0.8655 |    0.187s
    86 |   0.5058 |    0.8304 |    0.9087 |    0.8526 |    0.284s
    87 |   0.5259 |    0.8395 |    0.8973 |    0.8588 |    0.202s
    88 |   0.4845 |    0.8456 |    0.9087 |    0.8630 |    0.186s
    89 |   0.4971 |    0.8388 |    0.9049 |    0.8579 |    0.184s
    90 |   0.5159 |    0.8420 |    0.8973 |    0.8590 |    0.215s
    91 |   0.5466 |    0.8544 |    0.9087 |    0.8658 |    0.230s
    92 |   0.5142 |    0.8416 |    0.9125 |    0.8500 |    0.181s
    93 |   0.4630 |    0.8433 |    0.9125 |    0.8469 |    0.183s
    94 |   0.5259 |    0.8407 |    0.9049 |    0.8497 |    0.235s
    95 |   0.5051 |    0.8494 |    0.9125 |    0.8556 |    0.191s
    96 |   0.5023 |    0.8520 |    0.9240 |    0.8624 |    0.172s
    97 |   0.4988 |    0.8465 |    0.8973 |    0.8585 |    0.175s
    98 |   0.4966 |    0.8523 |    0.9087 |    0.8657 |    0.177s
    99 |   0.4953 |    0.8515 |    0.8973 |    0.8688 |    0.180s
   100 |   0.4881 |    0.8573 |    0.9049 |    0.8727 |    0.200s
------------------------------------------------------------------------------
【结果汇总】
  最佳验证 AUC      : 0.8584  (第 66 轮)
  对应的测试 AUC    : 0.8560
  对应的测试 Hits@50: 0.9184  (随机猜约 0.495)
  训练总耗时        : 21.34s / 整体墙钟 22.40s
  平均每轮训练耗时  : 0.21s (每轮 11 次参数更新)
  评估累计耗时      : 0.22s
结果已追加保存到：D:\PHD\博一\入学任务\任务二_链路预测\results\results.jsonl
