==============================================================================
任务二 链路预测 | 数据集=Cora 模型=GAT 训练方式=sample 解码器=dot
超参数：lr=0.01, layers=2, hidden=128, emb_dim=64, dropout=0.5, epochs=100
==============================================================================
数据划分：Cora: 节点=2708, 训练边=4488, 验证边=263, 测试边=527, 消息传递边=8976, 每个测试正样本配 100 个负样本
模型参数量：192,448（编码器 192,448 + 解码器 0）
采样设置：batch_size=256, num_neighbors=[10, 10], 种子节点=2618, 每轮 batch 数=11
------------------------------------------------------------------------------
 Epoch |     Loss |   Val AUC |  Val H@50 |  Test AUC |      时间/轮
------------------------------------------------------------------------------
     1 |   2.0811 |    0.7390 |    0.7871 |    0.7533 |    3.398s
     2 |   1.2389 |    0.7812 |    0.8327 |    0.7979 |    0.224s
     3 |   1.1466 |    0.8027 |    0.8745 |    0.8290 |    0.222s
     4 |   0.9559 |    0.8072 |    0.8783 |    0.8243 |    0.229s
     5 |   0.9440 |    0.8193 |    0.8935 |    0.8350 |    0.199s
     6 |   0.8604 |    0.8049 |    0.8593 |    0.8223 |    0.230s
     7 |   0.8138 |    0.8021 |    0.8707 |    0.8266 |    0.221s
     8 |   0.7844 |    0.8016 |    0.8669 |    0.8122 |    0.220s
     9 |   0.7437 |    0.8205 |    0.8821 |    0.8284 |    0.213s
    10 |   0.7467 |    0.8212 |    0.8821 |    0.8286 |    0.224s
    11 |   0.7631 |    0.8128 |    0.8783 |    0.8325 |    0.225s
    12 |   0.6806 |    0.8091 |    0.8783 |    0.8391 |    0.225s
    13 |   0.6341 |    0.8080 |    0.8859 |    0.8394 |    0.230s
    14 |   0.6690 |    0.8025 |    0.8517 |    0.8397 |    0.210s
    15 |   0.5995 |    0.8080 |    0.8631 |    0.8468 |    0.246s
    16 |   0.6180 |    0.8155 |    0.8783 |    0.8547 |    0.272s
    17 |   0.5926 |    0.8203 |    0.8859 |    0.8579 |    0.216s
    18 |   0.6303 |    0.8250 |    0.8859 |    0.8623 |    0.231s
    19 |   0.6161 |    0.8275 |    0.8745 |    0.8629 |    0.226s
    20 |   0.5857 |    0.8371 |    0.8783 |    0.8728 |    0.218s
    21 |   0.5896 |    0.8367 |    0.8897 |    0.8695 |    0.222s
    22 |   0.5592 |    0.8358 |    0.8859 |    0.8733 |    0.250s
    23 |   0.5887 |    0.8300 |    0.8707 |    0.8585 |    0.223s
    24 |   0.6272 |    0.8338 |    0.8973 |    0.8506 |    0.232s
    25 |   0.5999 |    0.8441 |    0.8859 |    0.8570 |    0.234s
    26 |   0.6002 |    0.8481 |    0.9087 |    0.8556 |    0.220s
    27 |   0.6100 |    0.8439 |    0.9087 |    0.8563 |    0.228s
    28 |   0.6161 |    0.8532 |    0.9125 |    0.8690 |    0.225s
    29 |   0.5707 |    0.8582 |    0.9278 |    0.8670 |    0.216s
    30 |   0.5734 |    0.8609 |    0.9163 |    0.8764 |    0.223s
    31 |   0.5865 |    0.8613 |    0.9240 |    0.8797 |    0.220s
    32 |   0.5963 |    0.8626 |    0.9163 |    0.8766 |    0.219s
    33 |   0.5479 |    0.8601 |    0.9240 |    0.8798 |    0.228s
    34 |   0.5483 |    0.8607 |    0.9240 |    0.8812 |    0.252s
    35 |   0.5674 |    0.8601 |    0.9202 |    0.8811 |    0.223s
    36 |   0.6096 |    0.8606 |    0.9125 |    0.8879 |    0.221s
    37 |   0.5523 |    0.8654 |    0.9163 |    0.8891 |    0.214s
    38 |   0.5433 |    0.8730 |    0.9240 |    0.8922 |    0.237s
    39 |   0.5537 |    0.8748 |    0.9392 |    0.8914 |    0.207s
    40 |   0.5928 |    0.8773 |    0.9392 |    0.8914 |    0.223s
    41 |   0.5701 |    0.8672 |    0.9240 |    0.8874 |    0.210s
    42 |   0.5470 |    0.8721 |    0.9240 |    0.8911 |    0.208s
    43 |   0.5321 |    0.8713 |    0.9316 |    0.8941 |    0.213s
    44 |   0.6029 |    0.8775 |    0.9354 |    0.8928 |    0.212s
    45 |   0.5869 |    0.8723 |    0.9468 |    0.8844 |    0.212s
    46 |   0.5596 |    0.8746 |    0.9468 |    0.8867 |    0.214s
    47 |   0.5852 |    0.8767 |    0.9506 |    0.8865 |    0.217s
    48 |   0.5604 |    0.8813 |    0.9544 |    0.8923 |    0.204s
    49 |   0.5261 |    0.8875 |    0.9544 |    0.8935 |    0.230s
    50 |   0.5591 |    0.8913 |    0.9430 |    0.8963 |    0.311s
    51 |   0.5666 |    0.8872 |    0.9392 |    0.8955 |    0.239s
    52 |   0.5221 |    0.8924 |    0.9544 |    0.9019 |    0.251s
    53 |   0.5392 |    0.8912 |    0.9582 |    0.9027 |    0.229s
    54 |   0.5667 |    0.8867 |    0.9468 |    0.9038 |    0.243s
    55 |   0.5599 |    0.8824 |    0.9392 |    0.9014 |    0.262s
    56 |   0.5557 |    0.8801 |    0.9316 |    0.9000 |    0.264s
    57 |   0.5606 |    0.8815 |    0.9316 |    0.8990 |    0.233s
    58 |   0.5687 |    0.8850 |    0.9430 |    0.8946 |    0.228s
    59 |   0.5779 |    0.8741 |    0.9392 |    0.8863 |    0.272s
    60 |   0.5793 |    0.8768 |    0.9392 |    0.8902 |    0.236s
    61 |   0.5487 |    0.8851 |    0.9506 |    0.8995 |    0.222s
    62 |   0.5450 |    0.8715 |    0.9506 |    0.8785 |    0.224s
    63 |   0.5487 |    0.8851 |    0.9582 |    0.8911 |    0.225s
    64 |   0.5241 |    0.8851 |    0.9582 |    0.8943 |    0.214s
    65 |   0.5571 |    0.8887 |    0.9658 |    0.8919 |    0.236s
    66 |   0.6009 |    0.8841 |    0.9620 |    0.8837 |    0.225s
    67 |   0.5839 |    0.8793 |    0.9544 |    0.8830 |    0.223s
    68 |   0.5449 |    0.8953 |    0.9696 |    0.8995 |    0.204s
    69 |   0.5732 |    0.8977 |    0.9696 |    0.8994 |    0.219s
    70 |   0.5452 |    0.8633 |    0.9392 |    0.8796 |    0.218s
    71 |   0.5378 |    0.8718 |    0.9430 |    0.8888 |    0.239s
    72 |   0.5451 |    0.8738 |    0.9392 |    0.8926 |    0.217s
    73 |   0.5453 |    0.8802 |    0.9392 |    0.8940 |    0.211s
    74 |   0.5438 |    0.8887 |    0.9582 |    0.8999 |    0.210s
    75 |   0.5436 |    0.8846 |    0.9392 |    0.9004 |    0.222s
    76 |   0.5917 |    0.8967 |    0.9658 |    0.9039 |    0.217s
    77 |   0.5610 |    0.8837 |    0.9544 |    0.9002 |    0.230s
    78 |   0.6223 |    0.8853 |    0.9430 |    0.8993 |    0.233s
    79 |   0.6523 |    0.8604 |    0.9240 |    0.8765 |    0.201s
    80 |   0.5774 |    0.8442 |    0.9087 |    0.8759 |    0.232s
    81 |   0.5875 |    0.8575 |    0.9163 |    0.8805 |    0.196s
    82 |   0.5877 |    0.8697 |    0.9278 |    0.8880 |    0.210s
    83 |   0.5526 |    0.8684 |    0.9202 |    0.8911 |    0.216s
    84 |   0.5610 |    0.8668 |    0.9202 |    0.8904 |    0.213s
    85 |   0.5570 |    0.8619 |    0.9163 |    0.8885 |    0.195s
    86 |   0.5652 |    0.8743 |    0.9316 |    0.8962 |    0.209s
    87 |   0.5338 |    0.8755 |    0.9316 |    0.8983 |    0.228s
    88 |   0.5798 |    0.8705 |    0.9316 |    0.8848 |    0.207s
    89 |   0.6132 |    0.8753 |    0.9430 |    0.8897 |    0.211s
    90 |   0.5502 |    0.8711 |    0.9202 |    0.8884 |    0.216s
    91 |   0.6018 |    0.8768 |    0.9430 |    0.8882 |    0.212s
    92 |   0.5480 |    0.8857 |    0.9430 |    0.8864 |    0.215s
    93 |   0.5655 |    0.8866 |    0.9468 |    0.8870 |    0.220s
    94 |   0.5487 |    0.8853 |    0.9468 |    0.8871 |    0.283s
    95 |   0.5745 |    0.8941 |    0.9468 |    0.8925 |    0.252s
    96 |   0.6040 |    0.8873 |    0.9468 |    0.8901 |    0.236s
    97 |   0.5465 |    0.8851 |    0.9544 |    0.8901 |    0.229s
    98 |   0.5700 |    0.8845 |    0.9468 |    0.8871 |    0.209s
    99 |   0.5574 |    0.8875 |    0.9468 |    0.8873 |    0.215s
   100 |   0.5787 |    0.8913 |    0.9468 |    0.8942 |    0.222s
------------------------------------------------------------------------------
【结果汇总】
  最佳验证 AUC      : 0.8977  (第 69 轮)
  对应的测试 AUC    : 0.8994
  对应的测试 Hits@50: 0.9620  (随机猜约 0.495)
  训练总耗时        : 25.70s / 整体墙钟 27.50s
  平均每轮训练耗时  : 0.23s (每轮 11 次参数更新)
  评估累计耗时      : 0.76s
结果已追加保存到：D:\PHD\博一\入学任务\任务二_链路预测\results\results.jsonl
