==============================================================================
任务二 链路预测 | 数据集=Cora 模型=GIN 训练方式=full 解码器=dot
超参数：lr=0.01, layers=2, hidden=128, emb_dim=64, dropout=0.5, epochs=100
==============================================================================
数据划分：Cora: 节点=2708, 训练边=4488, 验证边=263, 测试边=527, 消息传递边=8976, 每个测试正样本配 100 个负样本
模型参数量：212,738（编码器 212,738 + 解码器 0）
全图训练：每个 epoch 给全部 4488 条训练边打分
------------------------------------------------------------------------------
 Epoch |     Loss |   Val AUC |  Val H@50 |  Test AUC |      时间/轮
------------------------------------------------------------------------------
     1 |  12.2657 |    0.5901 |    0.6312 |    0.6088 |    0.239s
     2 |  24.5908 |    0.5905 |    0.6198 |    0.6067 |    0.009s
     3 |   6.7846 |    0.6099 |    0.6540 |    0.6137 |    0.009s
     4 |   0.8768 |    0.1869 |    0.0380 |    0.1870 |    0.011s
     5 |   0.7240 |    0.1036 |    0.0228 |    0.1024 |    0.020s
     6 |   0.6992 |    0.1005 |    0.0228 |    0.1007 |    0.009s
     7 |   0.7047 |    0.1017 |    0.0190 |    0.0987 |    0.010s
     8 |   0.7028 |    0.0974 |    0.0152 |    0.0904 |    0.009s
     9 |   0.7044 |    0.0817 |    0.0114 |    0.0797 |    0.011s
    10 |   0.7046 |    0.0674 |    0.0114 |    0.0586 |    0.008s
    11 |   0.7041 |    0.0353 |    0.0000 |    0.0334 |    0.008s
    12 |   0.7044 |    0.0201 |    0.0000 |    0.0192 |    0.009s
    13 |   0.7043 |    0.0075 |    0.0000 |    0.0070 |    0.009s
    14 |   0.7042 |    0.0042 |    0.0038 |    0.0083 |    0.009s
    15 |   0.7039 |    0.0038 |    0.0038 |    0.0132 |    0.008s
    16 |   0.7037 |    0.0038 |    0.0038 |    0.0095 |    0.010s
    17 |   0.7036 |    0.0065 |    0.0038 |    0.0104 |    0.010s
    18 |   0.7034 |    0.0013 |    0.0000 |    0.0053 |    0.008s
    19 |   0.7032 |    0.0013 |    0.0000 |    0.0015 |    0.010s
    20 |   0.7030 |    0.0013 |    0.0000 |    0.0015 |    0.009s
    21 |   0.7027 |    0.0000 |    0.0000 |    0.0000 |    0.009s
    22 |   0.7024 |    0.0000 |    0.0000 |    0.0000 |    0.009s
    23 |   0.7023 |    0.0025 |    0.0000 |    0.0028 |    0.009s
    24 |   0.7020 |    0.0025 |    0.0000 |    0.0028 |    0.012s
    25 |   0.7018 |    0.0000 |    0.0000 |    0.0000 |    0.009s
    26 |   0.7015 |    0.0000 |    0.0000 |    0.0000 |    0.010s
    27 |   0.7013 |    0.0000 |    0.0000 |    0.0000 |    0.009s
    28 |   0.7011 |    0.0000 |    0.0000 |    0.0000 |    0.008s
    29 |   0.7009 |    0.0000 |    0.0000 |    0.0000 |    0.010s
    30 |   0.7006 |    0.0000 |    0.0000 |    0.0000 |    0.009s
    31 |   0.6991 |    0.0000 |    0.0000 |    0.0000 |    0.010s
    32 |   0.7001 |    0.0000 |    0.0000 |    0.0000 |    0.012s
    33 |   0.6999 |    0.0000 |    0.0000 |    0.0000 |    0.010s
    34 |   0.7010 |    0.0005 |    0.0000 |    0.0008 |    0.009s
    35 |   0.6995 |    0.0005 |    0.0000 |    0.0008 |    0.010s
    36 |   0.6993 |    0.0005 |    0.0000 |    0.0008 |    0.010s
    37 |   0.6991 |    0.0005 |    0.0000 |    0.0008 |    0.010s
    38 |   0.6988 |    0.0000 |    0.0000 |    0.0000 |    0.009s
    39 |   0.6987 |    0.0000 |    0.0000 |    0.0000 |    0.010s
    40 |   0.6985 |    0.0000 |    0.0000 |    0.0000 |    0.009s
    41 |   0.6983 |    0.0000 |    0.0000 |    0.0000 |    0.009s
    42 |   0.6981 |    0.0000 |    0.0000 |    0.0000 |    0.008s
    43 |   0.6980 |    0.0000 |    0.0000 |    0.0000 |    0.014s
    44 |   0.6978 |    0.0000 |    0.0000 |    0.0000 |    0.016s
    45 |   0.6977 |    0.0000 |    0.0000 |    0.0000 |    0.016s
    46 |   0.6975 |    0.0000 |    0.0000 |    0.0000 |    0.010s
    47 |   0.6974 |    0.0000 |    0.0000 |    0.0000 |    0.010s
    48 |   0.6972 |    0.0000 |    0.0000 |    0.0000 |    0.010s
    49 |   0.6971 |    0.0000 |    0.0000 |    0.0000 |    0.010s
    50 |   0.6970 |    0.0000 |    0.0000 |    0.0000 |    0.011s
    51 |   0.6969 |    0.0000 |    0.0000 |    0.0000 |    0.009s
    52 |   0.6968 |    0.0000 |    0.0000 |    0.0000 |    0.010s
    53 |   0.6966 |    0.0000 |    0.0000 |    0.0000 |    0.010s
    54 |   0.6965 |    0.0000 |    0.0000 |    0.0000 |    0.009s
    55 |   0.6964 |    0.0000 |    0.0000 |    0.0000 |    0.008s
    56 |   0.6963 |    0.0000 |    0.0000 |    0.0000 |    0.010s
    57 |   0.6962 |    0.0000 |    0.0000 |    0.0000 |    0.011s
    58 |   0.6961 |    0.0000 |    0.0000 |    0.0000 |    0.011s
    59 |   0.6960 |    0.0000 |    0.0000 |    0.0000 |    0.011s
    60 |   0.6960 |    0.0000 |    0.0000 |    0.0000 |    0.009s
    61 |   0.6959 |    0.0000 |    0.0000 |    0.0000 |    0.010s
    62 |   0.6958 |    0.0000 |    0.0000 |    0.0000 |    0.009s
    63 |   0.6957 |    0.0000 |    0.0000 |    0.0000 |    0.009s
    64 |   0.6957 |    0.0000 |    0.0000 |    0.0000 |    0.009s
    65 |   0.6956 |    0.0000 |    0.0000 |    0.0000 |    0.016s
    66 |   0.6955 |    0.0000 |    0.0000 |    0.0000 |    0.009s
    67 |   0.6955 |    0.0000 |    0.0000 |    0.0000 |    0.009s
    68 |   0.6954 |    0.0000 |    0.0000 |    0.0000 |    0.009s
    69 |   0.6954 |    0.0000 |    0.0000 |    0.0000 |    0.008s
    70 |   0.6953 |    0.0000 |    0.0000 |    0.0000 |    0.009s
    71 |   0.6952 |    0.0000 |    0.0000 |    0.0000 |    0.009s
    72 |   0.6952 |    0.0000 |    0.0000 |    0.0000 |    0.012s
    73 |   0.6951 |    0.0000 |    0.0000 |    0.0000 |    0.009s
    74 |   0.6961 |    0.0000 |    0.0000 |    0.0000 |    0.010s
    75 |   0.6950 |    0.0000 |    0.0000 |    0.0000 |    0.009s
    76 |   0.6950 |    0.0000 |    0.0000 |    0.0000 |    0.009s
    77 |   0.6948 |    0.0000 |    0.0000 |    0.0000 |    0.008s
    78 |   0.6949 |    0.0000 |    0.0000 |    0.0000 |    0.010s
    79 |   0.6949 |    0.0000 |    0.0000 |    0.0000 |    0.010s
    80 |   0.6948 |    0.0000 |    0.0000 |    0.0000 |    0.010s
    81 |   0.6948 |    0.0000 |    0.0000 |    0.0000 |    0.010s
    82 |   0.6947 |    0.0000 |    0.0000 |    0.0000 |    0.008s
    83 |   0.6948 |    0.0000 |    0.0000 |    0.0000 |    0.010s
    84 |   0.6947 |    0.0000 |    0.0000 |    0.0000 |    0.010s
    85 |   0.6946 |    0.0000 |    0.0000 |    0.0000 |    0.015s
    86 |   0.6946 |    0.0000 |    0.0000 |    0.0000 |    0.011s
    87 |   0.6946 |    0.0000 |    0.0000 |    0.0000 |    0.010s
    88 |   0.6945 |    0.0000 |    0.0000 |    0.0000 |    0.009s
    89 |   0.6945 |    0.0000 |    0.0000 |    0.0000 |    0.009s
    90 |   0.6945 |    0.0000 |    0.0000 |    0.0000 |    0.009s
    91 |   0.6945 |    0.0000 |    0.0000 |    0.0000 |    0.009s
    92 |   0.6944 |    0.0000 |    0.0000 |    0.0000 |    0.011s
    93 |   0.6944 |    0.0000 |    0.0000 |    0.0000 |    0.009s
    94 |   0.6944 |    0.0000 |    0.0000 |    0.0000 |    0.010s
    95 |   0.6944 |    0.0000 |    0.0000 |    0.0000 |    0.009s
    96 |   0.6943 |    0.0000 |    0.0000 |    0.0000 |    0.009s
    97 |   0.6943 |    0.0000 |    0.0000 |    0.0000 |    0.009s
    98 |   0.6943 |    0.0000 |    0.0000 |    0.0000 |    0.010s
    99 |   0.6943 |    0.0000 |    0.0000 |    0.0000 |    0.009s
   100 |   0.6942 |    0.0000 |    0.0000 |    0.0000 |    0.009s
------------------------------------------------------------------------------
【结果汇总】
  最佳验证 AUC      : 0.6099  (第 3 轮)
  对应的测试 AUC    : 0.6137
  对应的测试 Hits@50: 0.6395  (随机猜约 0.495)
  训练总耗时        : 1.21s / 整体墙钟 2.08s
  平均每轮训练耗时  : 0.01s (每轮 1 次参数更新)
  评估累计耗时      : 0.19s
结果已追加保存到：D:\PHD\博一\入学任务\任务二_链路预测\results\results.jsonl
