==============================================================================
任务二 链路预测 | 数据集=Cora 模型=GCN 训练方式=sample 解码器=dot
超参数：lr=0.01, layers=2, hidden=128, emb_dim=64, dropout=0.5, epochs=15
==============================================================================
数据划分：Cora: 节点=2708, 训练边=4488, 验证边=263, 测试边=527, 消息传递边=8976, 每个测试正样本配 100 个负样本
模型参数量：192,064（编码器 192,064 + 解码器 0）
采样设置：batch_size=256, num_neighbors=[10, 10], 种子节点=2618, 每轮 batch 数=11
------------------------------------------------------------------------------
 Epoch |     Loss |   Val AUC |  Val H@50 |  Test AUC |      时间/轮
------------------------------------------------------------------------------
==============================================================================
任务二 链路预测 | 数据集=Cora 模型=GCN 训练方式=sample 解码器=dot
超参数：lr=0.01, layers=2, hidden=128, emb_dim=64, dropout=0.5, epochs=20
==============================================================================
数据划分：Cora: 节点=2708, 训练边=4488, 验证边=263, 测试边=527, 消息传递边=8976, 每个测试正样本配 100 个负样本
模型参数量：192,064（编码器 192,064 + 解码器 0）
采样设置：batch_size=256, num_neighbors=[10, 10], 种子节点=2618, 每轮 batch 数=11
------------------------------------------------------------------------------
 Epoch |     Loss |   Val AUC |  Val H@50 |  Test AUC |      时间/轮
------------------------------------------------------------------------------
     1 |   1.5199 |    0.8473 |    0.9202 |    0.8331 |    0.402s
     2 |   1.1492 |    0.8403 |    0.9049 |    0.8425 |    0.180s
     3 |   1.0503 |    0.8351 |    0.8897 |    0.8488 |    0.170s
     4 |   0.8537 |    0.8359 |    0.9049 |    0.8537 |    0.181s
     5 |   0.6414 |    0.8499 |    0.8973 |    0.8620 |    0.180s
     6 |   0.5637 |    0.8469 |    0.8973 |    0.8622 |    0.188s
     7 |   0.4905 |    0.8563 |    0.8973 |    0.8699 |    0.176s
     8 |   0.5196 |    0.8585 |    0.9011 |    0.8767 |    0.184s
     9 |   0.5543 |    0.8803 |    0.9316 |    0.8862 |    0.190s
    10 |   0.5161 |    0.8857 |    0.9316 |    0.8833 |    0.165s
    11 |   0.4808 |    0.8901 |    0.9354 |    0.8852 |    0.178s
    12 |   0.4499 |    0.8895 |    0.9468 |    0.8881 |    0.177s
    13 |   0.4875 |    0.8949 |    0.9316 |    0.8881 |    0.170s
    14 |   0.4595 |    0.8933 |    0.9430 |    0.8830 |    0.184s
    15 |   0.4842 |    0.8933 |    0.9506 |    0.8807 |    0.166s
    16 |   0.4571 |    0.8936 |    0.9468 |    0.8817 |    0.154s
    17 |   0.4862 |    0.8980 |    0.9430 |    0.8950 |    0.172s
    18 |   0.4900 |    0.8978 |    0.9392 |    0.8833 |    0.172s
    19 |   0.4748 |    0.8996 |    0.9392 |    0.8925 |    0.165s
    20 |   0.4640 |    0.9004 |    0.9544 |    0.8879 |    0.170s
------------------------------------------------------------------------------
【结果汇总】
  最佳验证 AUC      : 0.9004  (第 20 轮)
  对应的测试 AUC    : 0.8879
  对应的测试 Hits@50: 0.9355  (随机猜约 0.495)
  训练总耗时        : 3.72s / 整体墙钟 3.96s
  平均每轮训练耗时  : 0.17s (每轮 11 次参数更新)
  评估累计耗时      : 0.10s
结果已追加保存到：D:\PHD\博一\入学任务\任务二_链路预测\results\results.jsonl
==============================================================================
任务二 链路预测 | 数据集=Cora 模型=GCN 训练方式=sample 解码器=dot
超参数：lr=0.01, layers=2, hidden=128, emb_dim=64, dropout=0.5, epochs=100
==============================================================================
数据划分：Cora: 节点=2708, 训练边=4488, 验证边=263, 测试边=527, 消息传递边=8976, 每个测试正样本配 100 个负样本
模型参数量：192,064（编码器 192,064 + 解码器 0）
采样设置：batch_size=256, num_neighbors=[10, 10], 种子节点=2618, 每轮 batch 数=11
------------------------------------------------------------------------------
 Epoch |     Loss |   Val AUC |  Val H@50 |  Test AUC |      时间/轮
------------------------------------------------------------------------------
     1 |   1.5199 |    0.8470 |    0.9202 |    0.8327 |    0.456s
     2 |   1.1492 |    0.8406 |    0.9049 |    0.8428 |    0.194s
     3 |   1.0503 |    0.8353 |    0.8897 |    0.8488 |    0.195s
     4 |   0.8537 |    0.8359 |    0.9049 |    0.8537 |    0.237s
     5 |   0.6414 |    0.8499 |    0.8973 |    0.8620 |    0.231s
     6 |   0.5637 |    0.8469 |    0.8973 |    0.8622 |    0.220s
     7 |   0.4905 |    0.8563 |    0.8973 |    0.8699 |    0.208s
     8 |   0.5196 |    0.8585 |    0.9011 |    0.8767 |    0.192s
     9 |   0.5543 |    0.8803 |    0.9316 |    0.8862 |    0.194s
    10 |   0.5161 |    0.8857 |    0.9316 |    0.8833 |    0.189s
    11 |   0.4808 |    0.8901 |    0.9354 |    0.8852 |    0.210s
    12 |   0.4499 |    0.8895 |    0.9468 |    0.8881 |    0.240s
    13 |   0.4875 |    0.8949 |    0.9316 |    0.8881 |    0.187s
    14 |   0.4595 |    0.8933 |    0.9430 |    0.8830 |    0.213s
    15 |   0.4842 |    0.8933 |    0.9506 |    0.8807 |    0.217s
    16 |   0.4571 |    0.8936 |    0.9468 |    0.8817 |    0.200s
    17 |   0.4862 |    0.8980 |    0.9430 |    0.8950 |    0.196s
    18 |   0.4900 |    0.8977 |    0.9392 |    0.8833 |    0.193s
    19 |   0.4748 |    0.8996 |    0.9392 |    0.8925 |    0.208s
    20 |   0.4640 |    0.9004 |    0.9544 |    0.8879 |    0.195s
    21 |   0.4543 |    0.8965 |    0.9582 |    0.8902 |    0.179s
    22 |   0.4791 |    0.8912 |    0.9354 |    0.8829 |    0.202s
    23 |   0.5194 |    0.8988 |    0.9582 |    0.8947 |    0.201s
    24 |   0.4869 |    0.8915 |    0.9468 |    0.8883 |    0.180s
    25 |   0.4529 |    0.9024 |    0.9544 |    0.8984 |    0.183s
    26 |   0.4940 |    0.9007 |    0.9468 |    0.9047 |    0.182s
    27 |   0.4519 |    0.8997 |    0.9430 |    0.9017 |    0.170s
    28 |   0.4533 |    0.9015 |    0.9392 |    0.8992 |    0.174s
    29 |   0.4555 |    0.9054 |    0.9620 |    0.8976 |    0.185s
    30 |   0.4535 |    0.9092 |    0.9620 |    0.8954 |    0.176s
    31 |   0.4673 |    0.9092 |    0.9620 |    0.8898 |    0.195s
    32 |   0.4874 |    0.8946 |    0.9468 |    0.8837 |    0.183s
    33 |   0.4554 |    0.8911 |    0.9354 |    0.8835 |    0.199s
    34 |   0.4462 |    0.9030 |    0.9430 |    0.8909 |    0.324s
    35 |   0.4399 |    0.9123 |    0.9582 |    0.8916 |    0.194s
    36 |   0.4688 |    0.9034 |    0.9468 |    0.8938 |    0.200s
    37 |   0.4473 |    0.8873 |    0.9240 |    0.8892 |    0.199s
    38 |   0.4646 |    0.8905 |    0.9468 |    0.8926 |    0.200s
    39 |   0.4658 |    0.8918 |    0.9316 |    0.8915 |    0.184s
    40 |   0.4616 |    0.8907 |    0.9240 |    0.8977 |    0.183s
    41 |   0.4496 |    0.8884 |    0.9087 |    0.9021 |    0.189s
    42 |   0.4331 |    0.8931 |    0.9163 |    0.9027 |    0.189s
    43 |   0.4474 |    0.8996 |    0.9316 |    0.8999 |    0.188s
    44 |   0.4326 |    0.9054 |    0.9468 |    0.9015 |    0.194s
    45 |   0.4441 |    0.9014 |    0.9430 |    0.8988 |    0.184s
    46 |   0.4879 |    0.9032 |    0.9468 |    0.9003 |    0.185s
    47 |   0.4585 |    0.9065 |    0.9430 |    0.8972 |    0.188s
    48 |   0.4461 |    0.9053 |    0.9544 |    0.9016 |    0.190s
    49 |   0.4576 |    0.9157 |    0.9620 |    0.9051 |    0.203s
    50 |   0.4695 |    0.9134 |    0.9506 |    0.8993 |    0.177s
    51 |   0.4364 |    0.9086 |    0.9506 |    0.8994 |    0.191s
    52 |   0.4459 |    0.9100 |    0.9544 |    0.9039 |    0.238s
    53 |   0.4426 |    0.9132 |    0.9620 |    0.9041 |    0.196s
    54 |   0.4346 |    0.9078 |    0.9506 |    0.9024 |    0.194s
    55 |   0.4716 |    0.9019 |    0.9354 |    0.9015 |    0.191s
    56 |   0.4302 |    0.8986 |    0.9430 |    0.9049 |    0.188s
    57 |   0.4627 |    0.8952 |    0.9430 |    0.9039 |    0.186s
    58 |   0.4651 |    0.8999 |    0.9582 |    0.8973 |    0.189s
    59 |   0.4343 |    0.9092 |    0.9582 |    0.9002 |    0.191s
    60 |   0.4520 |    0.9090 |    0.9506 |    0.9042 |    0.180s
    61 |   0.4509 |    0.9030 |    0.9430 |    0.9029 |    0.217s
    62 |   0.4394 |    0.9138 |    0.9506 |    0.9033 |    0.187s
    63 |   0.4338 |    0.9166 |    0.9620 |    0.9054 |    0.193s
    64 |   0.4304 |    0.9121 |    0.9544 |    0.9040 |    0.190s
    65 |   0.4571 |    0.9001 |    0.9430 |    0.8997 |    0.198s
    66 |   0.4457 |    0.8954 |    0.9240 |    0.8969 |    0.185s
    67 |   0.4496 |    0.8975 |    0.9430 |    0.9055 |    0.197s
    68 |   0.4668 |    0.8754 |    0.9202 |    0.8878 |    0.202s
    69 |   0.4679 |    0.8722 |    0.9163 |    0.8714 |    0.187s
    70 |   0.4898 |    0.8859 |    0.9354 |    0.8827 |    0.191s
    71 |   0.4324 |    0.8875 |    0.9430 |    0.8831 |    0.180s
    72 |   0.4657 |    0.8920 |    0.9468 |    0.8842 |    0.174s
    73 |   0.4374 |    0.8946 |    0.9316 |    0.8802 |    0.179s
    74 |   0.4385 |    0.8971 |    0.9316 |    0.8932 |    0.183s
    75 |   0.4418 |    0.9016 |    0.9468 |    0.8937 |    0.192s
    76 |   0.4673 |    0.8958 |    0.9354 |    0.8914 |    0.169s
    77 |   0.4277 |    0.9017 |    0.9392 |    0.8945 |    0.188s
    78 |   0.4517 |    0.9030 |    0.9430 |    0.9011 |    0.179s
    79 |   0.4626 |    0.9058 |    0.9506 |    0.8976 |    0.189s
    80 |   0.4636 |    0.9053 |    0.9468 |    0.9013 |    0.163s
    81 |   0.4374 |    0.9115 |    0.9506 |    0.9040 |    0.172s
    82 |   0.4701 |    0.9159 |    0.9620 |    0.9101 |    0.179s
    83 |   0.4733 |    0.9096 |    0.9582 |    0.8987 |    0.177s
    84 |   0.4587 |    0.9045 |    0.9506 |    0.9004 |    0.175s
    85 |   0.4466 |    0.9045 |    0.9430 |    0.9017 |    0.160s
    86 |   0.4393 |    0.9016 |    0.9392 |    0.9006 |    0.177s
    87 |   0.4512 |    0.8955 |    0.9354 |    0.8961 |    0.171s
    88 |   0.4556 |    0.8958 |    0.9316 |    0.8931 |    0.188s
    89 |   0.5104 |    0.8945 |    0.9278 |    0.8842 |    0.178s
    90 |   0.4995 |    0.8724 |    0.9202 |    0.8702 |    0.181s
    91 |   0.4654 |    0.8803 |    0.9202 |    0.8805 |    0.192s
    92 |   0.4890 |    0.8762 |    0.9125 |    0.8784 |    0.182s
    93 |   0.5046 |    0.8772 |    0.9049 |    0.8830 |    0.183s
    94 |   0.5440 |    0.8798 |    0.9316 |    0.8878 |    0.190s
    95 |   0.5354 |    0.8751 |    0.9240 |    0.8705 |    0.191s
    96 |   0.5089 |    0.8916 |    0.9354 |    0.8899 |    0.183s
    97 |   0.4713 |    0.8913 |    0.9354 |    0.8890 |    0.174s
    98 |   0.4689 |    0.8865 |    0.9202 |    0.8902 |    0.182s
    99 |   0.4796 |    0.8963 |    0.9278 |    0.8947 |    0.178s
   100 |   0.4752 |    0.8929 |    0.9202 |    0.8984 |    0.182s
------------------------------------------------------------------------------
【结果汇总】
  最佳验证 AUC      : 0.9166  (第 63 轮)
  对应的测试 AUC    : 0.9054
  对应的测试 Hits@50: 0.9602  (随机猜约 0.495)
  训练总耗时        : 19.43s / 整体墙钟 20.61s
  平均每轮训练耗时  : 0.19s (每轮 11 次参数更新)
  评估累计耗时      : 0.45s
结果已追加保存到：D:\PHD\博一\入学任务\任务二_链路预测\results\results.jsonl
