==============================================================================
任务二 链路预测 | 数据集=Flickr 模型=GraphSAGE 训练方式=full 解码器=dot
超参数：lr=0.01, layers=2, hidden=128, emb_dim=64, dropout=0.5, epochs=100
==============================================================================
数据划分：Flickr: 节点=89250, 训练边=382398, 验证边=22493, 测试边=44987, 消息传递边=764796, 每个测试正样本配 100 个负样本
模型参数量：144,832（编码器 144,832 + 解码器 0）
全图训练：每个 epoch 给全部 382398 条训练边打分
------------------------------------------------------------------------------
 Epoch |     Loss |   Val AUC |  Val H@50 |  Test AUC |      时间/轮
------------------------------------------------------------------------------
     5 |   5.3337 |    0.4877 |    0.4743 |    0.4861 |    0.034s
    10 |   1.0060 |    0.4952 |    0.4824 |    0.4930 |    0.033s
    15 |   0.8750 |    0.5017 |    0.4933 |    0.4995 |    0.033s
    20 |   0.8838 |    0.4945 |    0.4841 |    0.4904 |    0.034s
    25 |   0.7444 |    0.5167 |    0.5099 |    0.5118 |    0.034s
    30 |   0.7118 |    0.5250 |    0.5186 |    0.5208 |    0.037s
    35 |   0.6982 |    0.5376 |    0.5361 |    0.5328 |    0.036s
    40 |   0.6700 |    0.5575 |    0.5690 |    0.5523 |    0.036s
    45 |   0.6596 |    0.5779 |    0.6021 |    0.5730 |    0.034s
    50 |   0.6494 |    0.5961 |    0.6281 |    0.5926 |    0.034s
    55 |   0.6381 |    0.6084 |    0.6454 |    0.6065 |    0.034s
    60 |   0.6302 |    0.6145 |    0.6523 |    0.6140 |    0.033s
    65 |   0.6236 |    0.6193 |    0.6612 |    0.6198 |    0.033s
    70 |   0.6190 |    0.6268 |    0.6721 |    0.6280 |    0.033s
    75 |   0.6144 |    0.6369 |    0.6873 |    0.6387 |    0.033s
    80 |   0.6103 |    0.6446 |    0.6984 |    0.6463 |    0.034s
    85 |   0.6035 |    0.6482 |    0.7003 |    0.6496 |    0.034s
    90 |   0.5991 |    0.6496 |    0.7000 |    0.6508 |    0.033s
    95 |   0.5941 |    0.6508 |    0.7004 |    0.6518 |    0.033s
   100 |   0.5922 |    0.6553 |    0.7053 |    0.6562 |    0.033s
------------------------------------------------------------------------------
【结果汇总】
  最佳验证 AUC      : 0.6553  (第 100 轮)
  对应的测试 AUC    : 0.6562
  对应的测试 Hits@50: 0.7083  (随机猜约 0.495)
  训练总耗时        : 3.58s / 整体墙钟 6.70s
  平均每轮训练耗时  : 0.03s (每轮 1 次参数更新)
  评估累计耗时      : 0.07s
结果已追加保存到：D:\PHD\博一\入学任务\graph_beginner-main\任务二_链路预测\results\results.jsonl
