==============================================================================
任务二 链路预测 | 数据集=Flickr 模型=GAT 训练方式=full 解码器=dot
超参数：lr=0.01, layers=2, hidden=128, emb_dim=64, dropout=0.5, epochs=100
==============================================================================
数据划分：Flickr: 节点=89250, 训练边=382398, 验证边=22493, 测试边=44987, 消息传递边=764796, 每个测试正样本配 100 个负样本
模型参数量：73,024（编码器 73,024 + 解码器 0）
全图训练：每个 epoch 给全部 382398 条训练边打分
------------------------------------------------------------------------------
 Epoch |     Loss |   Val AUC |  Val H@50 |  Test AUC |      时间/轮
------------------------------------------------------------------------------
     5 |   1.9820 |    0.4817 |    0.4636 |    0.4775 |    0.022s
    10 |   1.2048 |    0.4544 |    0.4220 |    0.4512 |    0.021s
    15 |   0.9949 |    0.4531 |    0.4217 |    0.4506 |    0.022s
    20 |   0.8766 |    0.4715 |    0.4499 |    0.4683 |    0.021s
    25 |   0.8000 |    0.5335 |    0.5546 |    0.5319 |    0.023s
    30 |   0.7551 |    0.5701 |    0.6098 |    0.5705 |    0.022s
    35 |   0.7316 |    0.5759 |    0.6172 |    0.5764 |    0.022s
    40 |   0.7133 |    0.5787 |    0.6191 |    0.5793 |    0.023s
    45 |   0.7067 |    0.5796 |    0.6194 |    0.5808 |    0.021s
    50 |   0.7002 |    0.5794 |    0.6178 |    0.5810 |    0.021s
    55 |   0.6929 |    0.5797 |    0.6180 |    0.5814 |    0.021s
    60 |   0.6894 |    0.5784 |    0.6115 |    0.5804 |    0.021s
    65 |   0.6916 |    0.5780 |    0.6100 |    0.5802 |    0.023s
    70 |   0.6898 |    0.5790 |    0.6110 |    0.5813 |    0.022s
    75 |   0.6871 |    0.5799 |    0.6116 |    0.5823 |    0.022s
    80 |   0.6825 |    0.5809 |    0.6128 |    0.5833 |    0.022s
    85 |   0.6840 |    0.5815 |    0.6128 |    0.5838 |    0.023s
    90 |   0.6819 |    0.5826 |    0.6143 |    0.5849 |    0.022s
    95 |   0.6803 |    0.5838 |    0.6152 |    0.5860 |    0.022s
   100 |   0.6812 |    0.5863 |    0.6173 |    0.5885 |    0.021s
------------------------------------------------------------------------------
【结果汇总】
  最佳验证 AUC      : 0.5863  (第 100 轮)
  对应的测试 AUC    : 0.5885
  对应的测试 Hits@50: 0.6218  (随机猜约 0.495)
  训练总耗时        : 3.32s / 整体墙钟 7.77s
  平均每轮训练耗时  : 0.03s (每轮 1 次参数更新)
  评估累计耗时      : 0.40s
结果已追加保存到：D:\PHD\博一\入学任务\graph_beginner-main\任务二_链路预测\results\results.jsonl
