==============================================================================
任务二 链路预测 | 数据集=Flickr 模型=GIN 训练方式=sample 解码器=dot
超参数：lr=0.01, layers=2, hidden=128, emb_dim=64, dropout=0.5, epochs=100
==============================================================================
数据划分：Flickr: 节点=89250, 训练边=382398, 验证边=22493, 测试边=44987, 消息传递边=764796, 每个测试正样本配 100 个负样本
模型参数量：93,314（编码器 93,314 + 解码器 0）
采样设置：batch_size=4096, num_neighbors=[10, 10], 种子节点=89246, 每轮 batch 数=22
------------------------------------------------------------------------------
 Epoch |     Loss |   Val AUC |  Val H@50 |  Test AUC |      时间/轮
------------------------------------------------------------------------------
     5 |   0.6975 |    0.0005 |    0.0005 |    0.0005 |    3.133s
    10 |   0.6942 |    0.0005 |    0.0005 |    0.0005 |    3.092s
    15 |   0.6936 |    0.0004 |    0.0004 |    0.0003 |    3.125s
    20 |   0.6933 |    0.0004 |    0.0004 |    0.0003 |    3.111s
    25 |   0.6933 |    0.0004 |    0.0004 |    0.0003 |    3.115s
    30 |   0.6932 |    0.0004 |    0.0004 |    0.0003 |    3.126s
    35 |   0.6932 |    0.0004 |    0.0004 |    0.0003 |    3.111s
    40 |   0.6932 |    0.0004 |    0.0004 |    0.0004 |    3.132s
    45 |   0.6932 |    0.0005 |    0.0005 |    0.0005 |    3.094s
    50 |   0.6932 |    0.0004 |    0.0004 |    0.0003 |    3.103s
    55 |   0.6932 |    0.0012 |    0.0004 |    0.0011 |    3.121s
    60 |   0.6932 |    0.0028 |    0.0004 |    0.0027 |    3.118s
    65 |   0.6932 |    0.0005 |    0.0005 |    0.0006 |    3.106s
    70 |   0.6932 |    0.0004 |    0.0004 |    0.0003 |    3.122s
    75 |   0.6932 |    0.0004 |    0.0004 |    0.0003 |    3.111s
    80 |   0.6932 |    0.0004 |    0.0004 |    0.0003 |    3.222s
    85 |   0.6931 |    0.0004 |    0.0004 |    0.0003 |    3.111s
    90 |   0.6931 |    0.0004 |    0.0004 |    0.0003 |    3.094s
    95 |   0.6931 |    0.0004 |    0.0004 |    0.0003 |    3.114s
   100 |   0.6931 |    0.0004 |    0.0004 |    0.0003 |    3.090s
------------------------------------------------------------------------------
【结果汇总】
  最佳验证 AUC      : 0.0028  (第 60 轮)
  对应的测试 AUC    : 0.0027
  对应的测试 Hits@50: 0.0003  (随机猜约 0.495)
  训练总耗时        : 5m11.5s / 整体墙钟 5m13.2s
  平均每轮训练耗时  : 3.11s (每轮 22 次参数更新)
  评估累计耗时      : 0.03s
结果已追加保存到：D:\PHD\博一\入学任务\graph_beginner-main\任务二_链路预测\results\results.jsonl
