==============================================================================
任务二 链路预测 | 数据集=Flickr 模型=GCN 训练方式=sample 解码器=dot
超参数：lr=0.01, layers=2, hidden=128, emb_dim=64, dropout=0.5, epochs=100
==============================================================================
数据划分：Flickr: 节点=89250, 训练边=382398, 验证边=22493, 测试边=44987, 消息传递边=764796, 每个测试正样本配 100 个负样本
模型参数量：72,640（编码器 72,640 + 解码器 0）
采样设置：batch_size=4096, num_neighbors=[10, 10], 种子节点=89246, 每轮 batch 数=22
------------------------------------------------------------------------------
 Epoch |     Loss |   Val AUC |  Val H@50 |  Test AUC |      时间/轮
------------------------------------------------------------------------------
     5 |   0.5843 |    0.8283 |    0.8839 |    0.8291 |    8.043s
    10 |   0.5382 |    0.8356 |    0.8989 |    0.8352 |    4.900s
==============================================================================
任务二 链路预测 | 数据集=Flickr 模型=GCN 训练方式=sample 解码器=dot
超参数：lr=0.01, layers=2, hidden=128, emb_dim=64, dropout=0.5, epochs=100
==============================================================================
数据划分：Flickr: 节点=89250, 训练边=382398, 验证边=22493, 测试边=44987, 消息传递边=764796, 每个测试正样本配 100 个负样本
模型参数量：72,640（编码器 72,640 + 解码器 0）
采样设置：batch_size=4096, num_neighbors=[10, 10], 种子节点=89246, 每轮 batch 数=22
------------------------------------------------------------------------------
 Epoch |     Loss |   Val AUC |  Val H@50 |  Test AUC |      时间/轮
------------------------------------------------------------------------------
     5 |   0.5846 |    0.8283 |    0.8833 |    0.8292 |    6.328s
    10 |   0.5384 |    0.8336 |    0.8979 |    0.8325 |    3.150s
    15 |   0.5190 |    0.8338 |    0.8936 |    0.8324 |    3.078s
    20 |   0.5033 |    0.8189 |    0.8812 |    0.8157 |    3.092s
    25 |   0.4956 |    0.8347 |    0.9008 |    0.8335 |    3.126s
    30 |   0.4939 |    0.8293 |    0.8884 |    0.8283 |    3.109s
    35 |   0.4869 |    0.8242 |    0.8893 |    0.8219 |    3.145s
==============================================================================
任务二 链路预测 | 数据集=Flickr 模型=GCN 训练方式=sample 解码器=dot
超参数：lr=0.01, layers=2, hidden=128, emb_dim=64, dropout=0.5, epochs=100
==============================================================================
数据划分：Flickr: 节点=89250, 训练边=382398, 验证边=22493, 测试边=44987, 消息传递边=764796, 每个测试正样本配 100 个负样本
模型参数量：72,640（编码器 72,640 + 解码器 0）
采样设置：batch_size=4096, num_neighbors=[10, 10], 种子节点=89246, 每轮 batch 数=22
------------------------------------------------------------------------------
 Epoch |     Loss |   Val AUC |  Val H@50 |  Test AUC |      时间/轮
------------------------------------------------------------------------------
     5 |   0.5845 |    0.8278 |    0.8825 |    0.8287 |    3.126s
    10 |   0.5393 |    0.8318 |    0.8948 |    0.8309 |    3.080s
    15 |   0.5178 |    0.8324 |    0.8952 |    0.8304 |    3.094s
    20 |   0.5036 |    0.8244 |    0.8889 |    0.8219 |    3.146s
    25 |   0.4987 |    0.8308 |    0.8964 |    0.8289 |    3.074s
    30 |   0.4920 |    0.8363 |    0.8987 |    0.8349 |    3.038s
    35 |   0.4879 |    0.8326 |    0.9010 |    0.8309 |    3.127s
    40 |   0.4904 |    0.8269 |    0.8941 |    0.8252 |    3.063s
    45 |   0.4862 |    0.8269 |    0.8938 |    0.8245 |    3.060s
    50 |   0.4850 |    0.8293 |    0.8964 |    0.8279 |    3.109s
    55 |   0.4818 |    0.8271 |    0.8937 |    0.8258 |    3.093s
    60 |   0.4815 |    0.8195 |    0.8833 |    0.8182 |    3.066s
    65 |   0.4792 |    0.8207 |    0.8843 |    0.8193 |    3.103s
    70 |   0.4832 |    0.8269 |    0.8837 |    0.8267 |    3.104s
    75 |   0.4826 |    0.8235 |    0.8884 |    0.8226 |    3.112s
    80 |   0.4782 |    0.8171 |    0.8806 |    0.8154 |    3.116s
    85 |   0.4788 |    0.8144 |    0.8785 |    0.8135 |    3.097s
    90 |   0.4787 |    0.8223 |    0.8878 |    0.8209 |    3.064s
    95 |   0.4777 |    0.8126 |    0.8733 |    0.8116 |    3.075s
   100 |   0.4830 |    0.8149 |    0.8728 |    0.8127 |    3.030s
------------------------------------------------------------------------------
【结果汇总】
  最佳验证 AUC      : 0.8363  (第 30 轮)
  对应的测试 AUC    : 0.8349
  对应的测试 Hits@50: 0.9002  (随机猜约 0.495)
  训练总耗时        : 5m9.5s / 整体墙钟 5m10.7s
  平均每轮训练耗时  : 3.09s (每轮 22 次参数更新)
  评估累计耗时      : 0.22s
结果已追加保存到：D:\PHD\博一\入学任务\graph_beginner-main\任务二_链路预测\results\results.jsonl
