==============================================================================
任务二 链路预测 | 数据集=Flickr 模型=GraphSAGE 训练方式=sample 解码器=dot
超参数：lr=0.01, layers=2, hidden=128, emb_dim=64, dropout=0.5, epochs=100
==============================================================================
数据划分：Flickr: 节点=89250, 训练边=382398, 验证边=22493, 测试边=44987, 消息传递边=764796, 每个测试正样本配 100 个负样本
模型参数量：144,832（编码器 144,832 + 解码器 0）
采样设置：batch_size=4096, num_neighbors=[10, 10], 种子节点=89246, 每轮 batch 数=22
------------------------------------------------------------------------------
 Epoch |     Loss |   Val AUC |  Val H@50 |  Test AUC |      时间/轮
------------------------------------------------------------------------------
     5 |   0.6719 |    0.5439 |    0.5572 |    0.5438 |    6.476s
    10 |   0.6511 |    0.5734 |    0.5936 |    0.5724 |    6.241s
    15 |   0.6311 |    0.5944 |    0.6302 |    0.5933 |    6.478s
    20 |   0.6188 |    0.6086 |    0.6452 |    0.6077 |    6.466s
    25 |   0.6099 |    0.6037 |    0.6385 |    0.6032 |    6.512s
    30 |   0.6043 |    0.5956 |    0.6226 |    0.5951 |    5.311s
    35 |   0.5890 |    0.6235 |    0.6578 |    0.6205 |    6.521s
    40 |   0.5822 |    0.6336 |    0.6785 |    0.6317 |    6.664s
    45 |   0.5762 |    0.6255 |    0.6712 |    0.6243 |    6.284s
    50 |   0.5717 |    0.6138 |    0.6500 |    0.6134 |    6.401s
    55 |   0.5728 |    0.6402 |    0.6880 |    0.6397 |    6.543s
    60 |   0.5595 |    0.6242 |    0.6739 |    0.6264 |    3.087s
    65 |   0.5621 |    0.6302 |    0.6731 |    0.6303 |    3.103s
    70 |   0.5582 |    0.6256 |    0.6622 |    0.6234 |    3.087s
    75 |   0.5624 |    0.6414 |    0.6970 |    0.6406 |    3.102s
    80 |   0.5566 |    0.6079 |    0.6480 |    0.6080 |    3.105s
    85 |   0.5521 |    0.6296 |    0.6655 |    0.6290 |    3.092s
    90 |   0.5486 |    0.6326 |    0.6775 |    0.6313 |    3.074s
    95 |   0.5481 |    0.6268 |    0.6752 |    0.6273 |    3.091s
   100 |   0.5500 |    0.6379 |    0.6837 |    0.6371 |    3.086s
------------------------------------------------------------------------------
【结果汇总】
  最佳验证 AUC      : 0.6414  (第 75 轮)
  对应的测试 AUC    : 0.6406
  对应的测试 Hits@50: 0.6946  (随机猜约 0.495)
  训练总耗时        : 8m5.4s / 整体墙钟 8m7.2s
  平均每轮训练耗时  : 4.84s (每轮 22 次参数更新)
  评估累计耗时      : 0.05s
结果已追加保存到：D:\PHD\博一\入学任务\graph_beginner-main\任务二_链路预测\results\results.jsonl
