==============================================================================
任务二 链路预测 | 数据集=Flickr 模型=GAT 训练方式=sample 解码器=dot
超参数：lr=0.01, layers=2, hidden=128, emb_dim=64, dropout=0.5, epochs=100
==============================================================================
数据划分：Flickr: 节点=89250, 训练边=382398, 验证边=22493, 测试边=44987, 消息传递边=764796, 每个测试正样本配 100 个负样本
模型参数量：73,024（编码器 73,024 + 解码器 0）
采样设置：batch_size=4096, num_neighbors=[10, 10], 种子节点=89246, 每轮 batch 数=22
------------------------------------------------------------------------------
 Epoch |     Loss |   Val AUC |  Val H@50 |  Test AUC |      时间/轮
------------------------------------------------------------------------------
     5 |   0.6618 |    0.5399 |    0.5515 |    0.5425 |    3.120s
    10 |   0.6490 |    0.5948 |    0.6350 |    0.5955 |    3.128s
    15 |   0.6380 |    0.6255 |    0.6630 |    0.6249 |    3.140s
    20 |   0.6363 |    0.6427 |    0.7011 |    0.6423 |    3.132s
    25 |   0.6364 |    0.6353 |    0.6822 |    0.6348 |    3.101s
    30 |   0.6316 |    0.6119 |    0.6448 |    0.6117 |    3.108s
    35 |   0.6337 |    0.6035 |    0.6380 |    0.6055 |    3.195s
    40 |   0.6360 |    0.6585 |    0.7060 |    0.6581 |    3.182s
    45 |   0.6332 |    0.6450 |    0.6927 |    0.6420 |    3.161s
    50 |   0.6346 |    0.5940 |    0.6098 |    0.5924 |    3.167s
    55 |   0.6323 |    0.5747 |    0.5770 |    0.5720 |    3.158s
    60 |   0.6375 |    0.6234 |    0.6550 |    0.6214 |    3.518s
    65 |   0.6348 |    0.5778 |    0.5900 |    0.5775 |    6.664s
    70 |   0.6335 |    0.5673 |    0.5685 |    0.5718 |    4.661s
    75 |   0.6362 |    0.5565 |    0.5637 |    0.5550 |    7.339s
    80 |   0.6322 |    0.6158 |    0.6573 |    0.6187 |    6.448s
    85 |   0.6362 |    0.5821 |    0.5866 |    0.5779 |    6.593s
    90 |   0.6347 |    0.6312 |    0.6766 |    0.6325 |    6.454s
    95 |   0.6378 |    0.6000 |    0.6308 |    0.5956 |    6.042s
   100 |   0.6345 |    0.6265 |    0.6691 |    0.6289 |    6.492s
------------------------------------------------------------------------------
【结果汇总】
  最佳验证 AUC      : 0.6585  (第 40 轮)
  对应的测试 AUC    : 0.6581
  对应的测试 Hits@50: 0.7083  (随机猜约 0.495)
  训练总耗时        : 7m13.4s / 整体墙钟 7m15.1s
  平均每轮训练耗时  : 4.33s (每轮 22 次参数更新)
  评估累计耗时      : 0.47s
结果已追加保存到：D:\PHD\博一\入学任务\graph_beginner-main\任务二_链路预测\results\results.jsonl
