==============================================================================
任务二 链路预测 | 数据集=Flickr 模型=GCN 训练方式=full 解码器=dot
超参数：lr=0.01, layers=2, hidden=128, emb_dim=64, dropout=0.5, epochs=100
==============================================================================
数据划分：Flickr: 节点=89250, 训练边=382398, 验证边=22493, 测试边=44987, 消息传递边=764796, 每个测试正样本配 100 个负样本
模型参数量：72,640（编码器 72,640 + 解码器 0）
全图训练：每个 epoch 给全部 382398 条训练边打分
------------------------------------------------------------------------------
 Epoch |     Loss |   Val AUC |  Val H@50 |  Test AUC |      时间/轮
------------------------------------------------------------------------------
     5 |   4.1413 |    0.7681 |    0.8066 |    0.7636 |    0.022s
    10 |   1.9197 |    0.6456 |    0.6687 |    0.6430 |    0.026s
    15 |   1.4451 |    0.6540 |    0.6659 |    0.6490 |    2.697s
    20 |   0.9152 |    0.6077 |    0.6146 |    0.6020 |    3.663s
    25 |   0.7315 |    0.7308 |    0.7494 |    0.7258 |    0.022s
    30 |   0.6654 |    0.7448 |    0.7718 |    0.7407 |    0.021s
    35 |   0.6158 |    0.7444 |    0.7728 |    0.7411 |    0.022s
    40 |   0.6082 |    0.7764 |    0.8156 |    0.7738 |    0.033s
    45 |   0.6037 |    0.7776 |    0.8149 |    0.7760 |    0.021s
    50 |   0.5941 |    0.7863 |    0.8310 |    0.7843 |    0.023s
    55 |   0.5891 |    0.7844 |    0.8324 |    0.7823 |    0.023s
    60 |   0.5858 |    0.7878 |    0.8380 |    0.7853 |    3.022s
    65 |   0.5852 |    0.7934 |    0.8434 |    0.7911 |    0.025s
    70 |   0.5829 |    0.7938 |    0.8427 |    0.7919 |    0.026s
    75 |   0.5785 |    0.7909 |    0.8407 |    0.7891 |    0.022s
    80 |   0.5769 |    0.7901 |    0.8375 |    0.7885 |    3.067s
    85 |   0.5757 |    0.7927 |    0.8419 |    0.7910 |    0.026s
    90 |   0.5741 |    0.7917 |    0.8410 |    0.7902 |    0.024s
    95 |   0.5709 |    0.7880 |    0.8347 |    0.7865 |    0.019s
   100 |   0.5687 |    0.7969 |    0.8470 |    0.7953 |    0.030s
------------------------------------------------------------------------------
【结果汇总】
  最佳验证 AUC      : 0.7969  (第 100 轮)
  对应的测试 AUC    : 0.7953
  对应的测试 Hits@50: 0.8456  (随机猜约 0.495)
  训练总耗时        : 1m12.0s / 整体墙钟 2m21.3s
  平均每轮训练耗时  : 0.56s (每轮 1 次参数更新)
  评估累计耗时      : 0.33s
结果已追加保存到：D:\PHD\博一\入学任务\任务二_链路预测\results\results.jsonl
