==============================================================================
任务二 链路预测 | 数据集=Flickr 模型=GIN 训练方式=full 解码器=dot
超参数：lr=0.01, layers=2, hidden=128, emb_dim=64, dropout=0.5, epochs=100
==============================================================================
数据划分：Flickr: 节点=89250, 训练边=382398, 验证边=22493, 测试边=44987, 消息传递边=764796, 每个测试正样本配 100 个负样本
模型参数量：93,314（编码器 93,314 + 解码器 0）
全图训练：每个 epoch 给全部 382398 条训练边打分
------------------------------------------------------------------------------
 Epoch |     Loss |   Val AUC |  Val H@50 |  Test AUC |      时间/轮
------------------------------------------------------------------------------
     5 |  11.2516 |    0.0016 |    0.0016 |    0.0014 |    0.030s
    10 |   0.7629 |    0.0001 |    0.0000 |    0.0001 |    0.030s
    15 |   0.7160 |    0.0000 |    0.0000 |    0.0000 |    0.031s
    20 |   0.7157 |    0.0000 |    0.0000 |    0.0000 |    0.031s
    25 |   0.7165 |    0.0000 |    0.0000 |    0.0000 |    0.030s
    30 |   0.7167 |    0.0000 |    0.0000 |    0.0000 |    0.030s
    35 |   0.7164 |    0.0000 |    0.0000 |    0.0000 |    0.031s
    40 |   0.7157 |    0.0000 |    0.0000 |    0.0000 |    0.030s
    45 |   0.7149 |    0.0000 |    0.0000 |    0.0000 |    0.030s
    50 |   0.7140 |    0.0000 |    0.0000 |    0.0000 |    0.030s
    55 |   0.7130 |    0.0000 |    0.0000 |    0.0000 |    0.030s
    60 |   0.7121 |    0.0000 |    0.0000 |    0.0000 |    0.030s
    65 |   0.7112 |    0.0000 |    0.0000 |    0.0000 |    0.031s
    70 |   0.7104 |    0.0000 |    0.0000 |    0.0000 |    0.031s
    75 |   0.7096 |    0.0000 |    0.0000 |    0.0000 |    0.030s
    80 |   0.7089 |    0.0000 |    0.0000 |    0.0000 |    0.029s
    85 |   0.7082 |    0.0000 |    0.0000 |    0.0000 |    0.030s
    90 |   0.7075 |    0.0000 |    0.0000 |    0.0000 |    0.030s
    95 |   0.7069 |    0.0000 |    0.0000 |    0.0000 |    0.030s
   100 |   0.7063 |    0.0000 |    0.0000 |    0.0000 |    0.030s
------------------------------------------------------------------------------
【结果汇总】
  最佳验证 AUC      : 0.0016  (第 5 轮)
  对应的测试 AUC    : 0.0014
  对应的测试 Hits@50: 0.0014  (随机猜约 0.495)
  训练总耗时        : 3.15s / 整体墙钟 6.38s
  平均每轮训练耗时  : 0.03s (每轮 1 次参数更新)
  评估累计耗时      : 0.03s
结果已追加保存到：D:\PHD\博一\入学任务\graph_beginner-main\任务二_链路预测\results\results.jsonl
